[LAST_CMAKE] cmake -DUSE_CUDA=ON -DUSE_NCCL=ON .. && make -j
[COMMAND] ./gpt2 --input_bin /data/shared/InfiniTrain-dev/data/llmc/gpt2/tinyshakespeare/tiny_shakespeare_train.bin --llmc_filepath /data/shared/InfiniTrain-dev/data/llmc/gpt2/gpt2_124M.bin --device cuda --dtype=bfloat16 --nthread_per_process=8 --num_iteration=10 --batch_size=10 --total_batch_size=5120 --pipeline_parallel=8 --lora_rank=16 --lora_alpha=32.0 --lora_target_modules=c_attn,attn.c_proj,c_fc
===== LoRA Model Summary (Rank 4) ======
Total parameters:     7223040
Trainable parameters: 135168 (1.87135%)
Frozen parameters:    7087872
========================================
===== LoRA Model Summary (Rank 5) ======
Total parameters:     7223040
Trainable parameters: 135168 (1.87135%)
Frozen parameters:    7087872
========================================
===== LoRA Model Summary (Rank 6) ======
Total parameters:     7223040
Trainable parameters: 135168 (1.87135%)
Frozen parameters:    7087872
========================================
===== LoRA Model Summary (Rank 3) ======
Total parameters:     14446080
Trainable parameters: 270336 (1.87135%)
Frozen parameters:    14175744
========================================
===== LoRA Model Summary (Rank 1) ======
Total parameters:     14446080
Trainable parameters: 270336 (1.87135%)
Frozen parameters:    14175744
========================================
===== LoRA Model Summary (Rank 2) ======
Total parameters:     14446080
Trainable parameters: 270336 (1.87135%)
Frozen parameters:    14175744
========================================
===== LoRA Model Summary (Rank 0) ======
Total parameters:     53829888
Trainable parameters: 270336 (0.502204%)
Frozen parameters:    53559552
========================================
===== LoRA Model Summary (Rank 7) ======
Total parameters:     45821952
Trainable parameters: 135168 (0.294985%)
Frozen parameters:    45686784
========================================
E20260410 13:18:45.942823 140586224951296 main.cc:419] step    1/10 | train loss 5.213315 | lr 1.00e-04 | (515.35 ms | 9935 tok/s | peak used:  1892 MB | peak reserved:  1984 MB, DP=1, TP=1, SP=1, PP=8)
E20260410 13:18:46.245300 140586224951296 main.cc:419] step    2/10 | train loss 5.138784 | lr 1.00e-04 | (302.03 ms | 16952 tok/s | peak used:  1922 MB | peak reserved:  2400 MB, DP=1, TP=1, SP=1, PP=8)
E20260410 13:18:46.377749 140586224951296 main.cc:419] step    3/10 | train loss 5.074615 | lr 1.00e-04 | (132.35 ms | 38684 tok/s | peak used:  1952 MB | peak reserved:  2688 MB, DP=1, TP=1, SP=1, PP=8)
E20260410 13:18:46.493092 140586224951296 main.cc:419] step    4/10 | train loss 4.766593 | lr 1.00e-04 | (115.29 ms | 44410 tok/s | peak used:  1982 MB | peak reserved:  2976 MB, DP=1, TP=1, SP=1, PP=8)
E20260410 13:18:46.596680 140586224951296 main.cc:419] step    5/10 | train loss 4.896242 | lr 1.00e-04 | (103.50 ms | 49467 tok/s | peak used:  2012 MB | peak reserved:  3328 MB, DP=1, TP=1, SP=1, PP=8)
E20260410 13:18:46.699117 140586224951296 main.cc:419] step    6/10 | train loss 4.875855 | lr 1.00e-04 | (102.39 ms | 50006 tok/s | peak used:  2042 MB | peak reserved:  3712 MB, DP=1, TP=1, SP=1, PP=8)
E20260410 13:18:46.800266 140586224951296 main.cc:419] step    7/10 | train loss 4.961971 | lr 1.00e-04 | (101.10 ms | 50643 tok/s | peak used:  2072 MB | peak reserved:  3968 MB, DP=1, TP=1, SP=1, PP=8)
E20260410 13:18:46.902819 140586224951296 main.cc:419] step    8/10 | train loss 4.919130 | lr 1.00e-04 | (102.50 ms | 49950 tok/s | peak used:  2102 MB | peak reserved:  4320 MB, DP=1, TP=1, SP=1, PP=8)
E20260410 13:18:47.003243 140586224951296 main.cc:419] step    9/10 | train loss 4.959034 | lr 1.00e-04 | (100.38 ms | 51008 tok/s | peak used:  2132 MB | peak reserved:  4704 MB, DP=1, TP=1, SP=1, PP=8)
E20260410 13:18:47.095889 140586224951296 main.cc:419] step   10/10 | train loss 5.021832 | lr 1.00e-04 | (92.60 ms | 55293 tok/s | peak used:  2162 MB | peak reserved:  5120 MB, DP=1, TP=1, SP=1, PP=8)
