[LAST_CMAKE] cmake -DUSE_CUDA=ON -DUSE_NCCL=ON .. && make -j
[COMMAND] ./gpt2 --input_bin /data/shared/InfiniTrain-dev/data/llmc/gpt2/tinyshakespeare/tiny_shakespeare_train.bin --llmc_filepath /data/shared/InfiniTrain-dev/data/llmc/gpt2/gpt2_124M.bin --device cuda --dtype=float32 --nthread_per_process=8 --num_iteration=10 --batch_size=40 --total_batch_size=5120 --tensor_parallel=2 --sequence_parallel=true --pipeline_parallel=2 --virtual_pipeline_parallel=2 --lora_rank=4 --lora_alpha=8.0 --lora_target_modules=c_fc,c_proj
===== LoRA Model Summary (Rank 3) ======
Total parameters:     41518848
Trainable parameters: 138240 (0.332957%)
Frozen parameters:    41380608
========================================
===== LoRA Model Summary (Rank 2) ======
Total parameters:     41518848
Trainable parameters: 138240 (0.332957%)
Frozen parameters:    41380608
========================================
===== LoRA Model Summary (Rank 1) ======
Total parameters:     41518848
Trainable parameters: 138240 (0.332957%)
Frozen parameters:    41380608
========================================
===== LoRA Model Summary (Rank 0) ======
Total parameters:     41518848
Trainable parameters: 138240 (0.332957%)
Frozen parameters:    41380608
========================================
===== LoRA Model Summary (Rank 4) ======
Total parameters:     40733952
Trainable parameters: 138240 (0.339373%)
Frozen parameters:    40595712
========================================
===== LoRA Model Summary (Rank 5) ======
Total parameters:     40733952
Trainable parameters: 138240 (0.339373%)
Frozen parameters:    40595712
========================================
===== LoRA Model Summary (Rank 7) ======
Total parameters:     40733952
Trainable parameters: 138240 (0.339373%)
Frozen parameters:    40595712
========================================
===== LoRA Model Summary (Rank 6) ======
Total parameters:     40733952
Trainable parameters: 138240 (0.339373%)
Frozen parameters:    40595712
========================================
E20260410 13:19:50.767842 139813869035520 main.cc:419] step    1/10 | train loss 5.219545 | lr 1.00e-04 | (295.47 ms | 17329 tok/s | peak used:  2224 MB | peak reserved:  2400 MB, DP=2, TP=2, SP=2, PP=2)
E20260410 13:19:50.883513 139813869035520 main.cc:419] step    2/10 | train loss 5.143066 | lr 1.00e-04 | (114.81 ms | 44596 tok/s | peak used:  2239 MB | peak reserved:  2592 MB, DP=2, TP=2, SP=2, PP=2)
E20260410 13:19:50.985061 139813869035520 main.cc:419] step    3/10 | train loss 5.074582 | lr 1.00e-04 | (101.48 ms | 50453 tok/s | peak used:  2254 MB | peak reserved:  2592 MB, DP=2, TP=2, SP=2, PP=2)
E20260410 13:19:51.085388 139813869035520 main.cc:419] step    4/10 | train loss 4.774487 | lr 1.00e-04 | (100.28 ms | 51057 tok/s | peak used:  2269 MB | peak reserved:  2592 MB, DP=2, TP=2, SP=2, PP=2)
E20260410 13:19:51.185959 139813869035520 main.cc:419] step    5/10 | train loss 4.900569 | lr 1.00e-04 | (100.53 ms | 50932 tok/s | peak used:  2284 MB | peak reserved:  2592 MB, DP=2, TP=2, SP=2, PP=2)
E20260410 13:19:51.286905 139813869035520 main.cc:419] step    6/10 | train loss 4.886535 | lr 1.00e-04 | (100.90 ms | 50743 tok/s | peak used:  2299 MB | peak reserved:  2624 MB, DP=2, TP=2, SP=2, PP=2)
E20260410 13:19:51.387593 139813869035520 main.cc:419] step    7/10 | train loss 4.977926 | lr 1.00e-04 | (100.64 ms | 50873 tok/s | peak used:  2314 MB | peak reserved:  2624 MB, DP=2, TP=2, SP=2, PP=2)
E20260410 13:19:51.489982 139813869035520 main.cc:419] step    8/10 | train loss 4.925604 | lr 1.00e-04 | (102.34 ms | 50027 tok/s | peak used:  2329 MB | peak reserved:  2656 MB, DP=2, TP=2, SP=2, PP=2)
E20260410 13:19:51.592003 139813869035520 main.cc:419] step    9/10 | train loss 4.957034 | lr 1.00e-04 | (101.98 ms | 50208 tok/s | peak used:  2344 MB | peak reserved:  2688 MB, DP=2, TP=2, SP=2, PP=2)
E20260410 13:19:51.693670 139813869035520 main.cc:419] step   10/10 | train loss 5.033343 | lr 1.00e-04 | (101.62 ms | 50383 tok/s | peak used:  2359 MB | peak reserved:  2688 MB, DP=2, TP=2, SP=2, PP=2)
