[LAST_CMAKE] cmake -DUSE_CUDA=ON -DUSE_NCCL=ON .. && make -j
[COMMAND] ./gpt2 --input_bin /data/shared/InfiniTrain-dev/data/llmc/gpt2/tinyshakespeare/tiny_shakespeare_train.bin --llmc_filepath /data/shared/InfiniTrain-dev/data/llmc/gpt2/gpt2_124M.bin --device cuda --dtype=bfloat16 --nthread_per_process=4 --num_iteration=10 --batch_size=10 --total_batch_size=5120 --pipeline_parallel=4 --virtual_pipeline_parallel=2 --lora_rank=16 --lora_alpha=32.0 --lora_target_modules=c_attn,c_proj
===== LoRA Model Summary (Rank 2) ======
Total parameters:     21669120
Trainable parameters: 405504 (1.87135%)
Frozen parameters:    21263616
========================================
===== LoRA Model Summary (Rank 1) ======
Total parameters:     21669120
Trainable parameters: 405504 (1.87135%)
Frozen parameters:    21263616
========================================
===== LoRA Model Summary (Rank 0) ======
Total parameters:     61052928
Trainable parameters: 405504 (0.664184%)
Frozen parameters:    60647424
========================================
===== LoRA Model Summary (Rank 3) ======
Total parameters:     60268032
Trainable parameters: 405504 (0.672834%)
Frozen parameters:    59862528
========================================
E20260410 13:19:29.850174 140641522671616 main.cc:419] step    1/10 | train loss 5.213315 | lr 1.00e-04 | (309.41 ms | 16548 tok/s | peak used:  2784 MB | peak reserved:  2912 MB, DP=1, TP=1, SP=1, PP=4)
E20260410 13:19:29.988730 140641522671616 main.cc:419] step    2/10 | train loss 5.138343 | lr 1.00e-04 | (137.90 ms | 37128 tok/s | peak used:  2844 MB | peak reserved:  3424 MB, DP=1, TP=1, SP=1, PP=4)
E20260410 13:19:30.090806 140641522671616 main.cc:419] step    3/10 | train loss 5.071633 | lr 1.00e-04 | (102.01 ms | 50190 tok/s | peak used:  2904 MB | peak reserved:  3584 MB, DP=1, TP=1, SP=1, PP=4)
E20260410 13:19:30.184349 140641522671616 main.cc:419] step    4/10 | train loss 4.766954 | lr 1.00e-04 | (92.77 ms | 55190 tok/s | peak used:  2964 MB | peak reserved:  4096 MB, DP=1, TP=1, SP=1, PP=4)
E20260410 13:19:30.278033 140641522671616 main.cc:419] step    5/10 | train loss 4.898321 | lr 1.00e-04 | (93.63 ms | 54681 tok/s | peak used:  3024 MB | peak reserved:  4544 MB, DP=1, TP=1, SP=1, PP=4)
E20260410 13:19:30.374293 140641522671616 main.cc:419] step    6/10 | train loss 4.875345 | lr 1.00e-04 | (96.21 ms | 53215 tok/s | peak used:  3084 MB | peak reserved:  5056 MB, DP=1, TP=1, SP=1, PP=4)
E20260410 13:19:30.467961 140641522671616 main.cc:419] step    7/10 | train loss 4.962422 | lr 1.00e-04 | (93.62 ms | 54691 tok/s | peak used:  3144 MB | peak reserved:  5472 MB, DP=1, TP=1, SP=1, PP=4)
E20260410 13:19:30.563683 140641522671616 main.cc:419] step    8/10 | train loss 4.918651 | lr 1.00e-04 | (95.67 ms | 53515 tok/s | peak used:  3204 MB | peak reserved:  5920 MB, DP=1, TP=1, SP=1, PP=4)
E20260410 13:19:30.657662 140641522671616 main.cc:419] step    9/10 | train loss 4.957631 | lr 1.00e-04 | (93.93 ms | 54508 tok/s | peak used:  3264 MB | peak reserved:  6400 MB, DP=1, TP=1, SP=1, PP=4)
E20260410 13:19:30.752628 140641522671616 main.cc:419] step   10/10 | train loss 5.023508 | lr 1.00e-04 | (94.92 ms | 53941 tok/s | peak used:  3324 MB | peak reserved:  6880 MB, DP=1, TP=1, SP=1, PP=4)
