[LAST_CMAKE] cmake -DUSE_CUDA=ON -DUSE_NCCL=ON -DPROFILE_MODE=ON .. && make -j
[COMMAND] ./gpt2 --input_bin /data/shared/InfiniTrain-dev/data/llmc/gpt2/tinyshakespeare/tiny_shakespeare_train.bin --llmc_filepath /data/shared/InfiniTrain-dev/data/llmc/gpt2/gpt2_124M.bin --device cuda --dtype=float32 --nthread_per_process=8 --num_iteration=10 --batch_size=10 --total_batch_size=5120 --pipeline_parallel=8 --lora_rank=4 --lora_alpha=8.0 --lora_target_modules=c_attn,attn.c_proj,c_fc
===== LoRA Model Summary (Rank 6) ======
Total parameters:     7121664
Trainable parameters: 33792 (0.474496%)
Frozen parameters:    7087872
========================================
===== LoRA Model Summary (Rank 5) ======
Total parameters:     7121664
Trainable parameters: 33792 (0.474496%)
Frozen parameters:    7087872
========================================
===== LoRA Model Summary (Rank 4) ======
Total parameters:     7121664
Trainable parameters: 33792 (0.474496%)
Frozen parameters:    7087872
========================================
===== LoRA Model Summary (Rank 1) ======
Total parameters:     14243328
Trainable parameters: 67584 (0.474496%)
Frozen parameters:    14175744
========================================
===== LoRA Model Summary (Rank 3) ======
Total parameters:     14243328
Trainable parameters: 67584 (0.474496%)
Frozen parameters:    14175744
========================================
===== LoRA Model Summary (Rank 2) ======
Total parameters:     14243328
Trainable parameters: 67584 (0.474496%)
Frozen parameters:    14175744
========================================
===== LoRA Model Summary (Rank 7) ======
Total parameters:     45720576
Trainable parameters: 33792 (0.0739098%)
Frozen parameters:    45686784
========================================
===== LoRA Model Summary (Rank 0) ======
Total parameters:     53627136
Trainable parameters: 67584 (0.126026%)
Frozen parameters:    53559552
========================================
E20260605 03:13:41.370271 139684632035328 main.cc:420] step    1/10 | train loss 5.219545 | lr 1.00e-04 | (607.25 ms | 8431 tok/s | peak used:  1675 MB | peak reserved:  1728 MB, DP=1, TP=1, SP=1, PP=8)
E20260605 03:13:41.889471 139684632035328 main.cc:420] step    2/10 | train loss 5.143064 | lr 1.00e-04 | (518.85 ms | 9868 tok/s | peak used:  1675 MB | peak reserved:  1728 MB, DP=1, TP=1, SP=1, PP=8)
E20260605 03:13:42.172361 139684632035328 main.cc:420] step    3/10 | train loss 5.074578 | lr 1.00e-04 | (282.81 ms | 18104 tok/s | peak used:  1675 MB | peak reserved:  1728 MB, DP=1, TP=1, SP=1, PP=8)
E20260605 03:13:42.468527 139684632035328 main.cc:420] step    4/10 | train loss 4.774480 | lr 1.00e-04 | (296.11 ms | 17291 tok/s | peak used:  1675 MB | peak reserved:  1728 MB, DP=1, TP=1, SP=1, PP=8)
E20260605 03:13:42.751541 139684632035328 main.cc:420] step    5/10 | train loss 4.900561 | lr 1.00e-04 | (282.95 ms | 18095 tok/s | peak used:  1675 MB | peak reserved:  1728 MB, DP=1, TP=1, SP=1, PP=8)
E20260605 03:13:43.036465 139684632035328 main.cc:420] step    6/10 | train loss 4.886525 | lr 1.00e-04 | (284.88 ms | 17972 tok/s | peak used:  1675 MB | peak reserved:  1728 MB, DP=1, TP=1, SP=1, PP=8)
E20260605 03:13:43.351336 139684632035328 main.cc:420] step    7/10 | train loss 4.977913 | lr 1.00e-04 | (314.83 ms | 16263 tok/s | peak used:  1675 MB | peak reserved:  1728 MB, DP=1, TP=1, SP=1, PP=8)
E20260605 03:13:43.633357 139684632035328 main.cc:420] step    8/10 | train loss 4.925584 | lr 1.00e-04 | (281.98 ms | 18157 tok/s | peak used:  1675 MB | peak reserved:  1728 MB, DP=1, TP=1, SP=1, PP=8)
E20260605 03:13:43.917041 139684632035328 main.cc:420] step    9/10 | train loss 4.957021 | lr 1.00e-04 | (283.64 ms | 18051 tok/s | peak used:  1675 MB | peak reserved:  1728 MB, DP=1, TP=1, SP=1, PP=8)
E20260605 03:13:44.201168 139684632035328 main.cc:420] step   10/10 | train loss 5.033323 | lr 1.00e-04 | (284.08 ms | 18023 tok/s | peak used:  1675 MB | peak reserved:  1728 MB, DP=1, TP=1, SP=1, PP=8)
