[LAST_CMAKE] cmake -DBUILD_TEST=ON -DUSE_CUDA=ON -DUSE_NCCL=ON .. && make -j
[COMMAND] ./gpt2 --input_bin /data/shared/InfiniTrain-dev/data/llmc/gpt2/tinyshakespeare/tiny_shakespeare_train.bin --llmc_filepath /data/shared/InfiniTrain-dev/data/llmc/gpt2/gpt2_124M.bin --device cuda --dtype=float32 --nthread_per_process=8 --num_iteration=10 --batch_size=40 --total_batch_size=5120 --tensor_parallel=4 --sequence_parallel=true --lora_rank=4 --lora_alpha=8.0 --lora_target_modules=attn.c_proj,c_fc,c_proj
===== LoRA Model Summary (Rank 2) ======
Total parameters:     41603328
Trainable parameters: 193536 (0.465194%)
Frozen parameters:    41409792
========================================
===== LoRA Model Summary (Rank 3) ======
Total parameters:     41603328
Trainable parameters: 193536 (0.465194%)
Frozen parameters:    41409792
========================================
===== LoRA Model Summary (Rank 6) ======
Total parameters:     41603328
Trainable parameters: 193536 (0.465194%)
Frozen parameters:    41409792
========================================
===== LoRA Model Summary (Rank 0) ======
Total parameters:     41603328
Trainable parameters: 193536 (0.465194%)
Frozen parameters:    41409792
========================================
===== LoRA Model Summary (Rank 4) ======
Total parameters:     41603328
Trainable parameters: 193536 (0.465194%)
Frozen parameters:    41409792
========================================
===== LoRA Model Summary (Rank 1) ======
Total parameters:     41603328
Trainable parameters: 193536 (0.465194%)
Frozen parameters:    41409792
========================================
===== LoRA Model Summary (Rank 7) ======
Total parameters:     41603328
Trainable parameters: 193536 (0.465194%)
Frozen parameters:    41409792
========================================
===== LoRA Model Summary (Rank 5) ======
Total parameters:     41603328
Trainable parameters: 193536 (0.465194%)
Frozen parameters:    41409792
========================================
E20260605 02:36:39.451364 139993175547904 main.cc:420] step    1/10 | train loss 5.219545 | lr 1.00e-04 | (486.42 ms | 10526 tok/s | peak used:  1671 MB | peak reserved:  1824 MB, DP=2, TP=4, SP=4, PP=1)
E20260605 02:36:39.636885 139993175547904 main.cc:420] step    2/10 | train loss 5.143059 | lr 1.00e-04 | (184.86 ms | 27697 tok/s | peak used:  1671 MB | peak reserved:  1888 MB, DP=2, TP=4, SP=4, PP=1)
E20260605 02:36:39.801407 139993175547904 main.cc:420] step    3/10 | train loss 5.074570 | lr 1.00e-04 | (164.43 ms | 31139 tok/s | peak used:  1671 MB | peak reserved:  1920 MB, DP=2, TP=4, SP=4, PP=1)
E20260605 02:36:39.955324 139993175547904 main.cc:420] step    4/10 | train loss 4.774470 | lr 1.00e-04 | (153.84 ms | 33281 tok/s | peak used:  1671 MB | peak reserved:  1920 MB, DP=2, TP=4, SP=4, PP=1)
E20260605 02:36:40.104558 139993175547904 main.cc:420] step    5/10 | train loss 4.900544 | lr 1.00e-04 | (149.17 ms | 34324 tok/s | peak used:  1671 MB | peak reserved:  1920 MB, DP=2, TP=4, SP=4, PP=1)
E20260605 02:36:40.249416 139993175547904 main.cc:420] step    6/10 | train loss 4.886502 | lr 1.00e-04 | (144.80 ms | 35359 tok/s | peak used:  1671 MB | peak reserved:  1920 MB, DP=2, TP=4, SP=4, PP=1)
E20260605 02:36:40.394511 139993175547904 main.cc:420] step    7/10 | train loss 4.977886 | lr 1.00e-04 | (145.04 ms | 35301 tok/s | peak used:  1671 MB | peak reserved:  1920 MB, DP=2, TP=4, SP=4, PP=1)
E20260605 02:36:40.538503 139993175547904 main.cc:420] step    8/10 | train loss 4.925550 | lr 1.00e-04 | (143.93 ms | 35572 tok/s | peak used:  1671 MB | peak reserved:  1920 MB, DP=2, TP=4, SP=4, PP=1)
E20260605 02:36:40.682459 139993175547904 main.cc:420] step    9/10 | train loss 4.956982 | lr 1.00e-04 | (143.89 ms | 35582 tok/s | peak used:  1671 MB | peak reserved:  1920 MB, DP=2, TP=4, SP=4, PP=1)
E20260605 02:36:40.825189 139993175547904 main.cc:420] step   10/10 | train loss 5.033280 | lr 1.00e-04 | (142.67 ms | 35887 tok/s | peak used:  1671 MB | peak reserved:  1920 MB, DP=2, TP=4, SP=4, PP=1)
