[LAST_CMAKE] cmake -DUSE_CUDA=ON -DUSE_NCCL=ON -DPROFILE_MODE=ON .. && make -j
[COMMAND] ./gpt2 --input_bin /data/shared/InfiniTrain-dev/data/llmc/gpt2/tinyshakespeare/tiny_shakespeare_train.bin --llmc_filepath /data/shared/InfiniTrain-dev/data/llmc/gpt2/gpt2_124M.bin --device cuda --dtype=float32 --nthread_per_process=4 --num_iteration=10 --batch_size=10 --total_batch_size=5120 --pipeline_parallel=4 --virtual_pipeline_parallel=2 --lora_rank=4 --lora_alpha=8.0 --lora_target_modules=c_attn,c_proj
===== LoRA Model Summary (Rank 1) ======
Total parameters:     21364992
Trainable parameters: 101376 (0.474496%)
Frozen parameters:    21263616
========================================
===== LoRA Model Summary (Rank 2) ======
Total parameters:     21364992
Trainable parameters: 101376 (0.474496%)
Frozen parameters:    21263616
========================================
===== LoRA Model Summary (Rank 0) ======
Total parameters:     60748800
Trainable parameters: 101376 (0.166877%)
Frozen parameters:    60647424
========================================
===== LoRA Model Summary (Rank 3) ======
Total parameters:     59963904
Trainable parameters: 101376 (0.169062%)
Frozen parameters:    59862528
========================================
E20260605 03:14:56.715738 139626433998848 main.cc:420] step    1/10 | train loss 5.219545 | lr 1.00e-04 | (470.04 ms | 10893 tok/s | peak used:  2638 MB | peak reserved:  2688 MB, DP=1, TP=1, SP=1, PP=4)
E20260605 03:14:57.097986 139626433998848 main.cc:420] step    2/10 | train loss 5.143067 | lr 1.00e-04 | (381.84 ms | 13409 tok/s | peak used:  2638 MB | peak reserved:  2688 MB, DP=1, TP=1, SP=1, PP=4)
E20260605 03:14:57.442919 139626433998848 main.cc:420] step    3/10 | train loss 5.074584 | lr 1.00e-04 | (344.87 ms | 14846 tok/s | peak used:  2638 MB | peak reserved:  2688 MB, DP=1, TP=1, SP=1, PP=4)
E20260605 03:14:57.805525 139626433998848 main.cc:420] step    4/10 | train loss 4.774490 | lr 1.00e-04 | (362.56 ms | 14122 tok/s | peak used:  2638 MB | peak reserved:  2688 MB, DP=1, TP=1, SP=1, PP=4)
E20260605 03:14:58.151740 139626433998848 main.cc:420] step    5/10 | train loss 4.900574 | lr 1.00e-04 | (346.17 ms | 14790 tok/s | peak used:  2638 MB | peak reserved:  2688 MB, DP=1, TP=1, SP=1, PP=4)
E20260605 03:14:58.500169 139626433998848 main.cc:420] step    6/10 | train loss 4.886542 | lr 1.00e-04 | (348.39 ms | 14696 tok/s | peak used:  2638 MB | peak reserved:  2688 MB, DP=1, TP=1, SP=1, PP=4)
E20260605 03:14:58.871680 139626433998848 main.cc:420] step    7/10 | train loss 4.977936 | lr 1.00e-04 | (371.47 ms | 13783 tok/s | peak used:  2638 MB | peak reserved:  2688 MB, DP=1, TP=1, SP=1, PP=4)
E20260605 03:14:59.218863 139626433998848 main.cc:420] step    8/10 | train loss 4.925617 | lr 1.00e-04 | (347.14 ms | 14749 tok/s | peak used:  2638 MB | peak reserved:  2688 MB, DP=1, TP=1, SP=1, PP=4)
E20260605 03:14:59.563870 139626433998848 main.cc:420] step    9/10 | train loss 4.957046 | lr 1.00e-04 | (344.97 ms | 14842 tok/s | peak used:  2638 MB | peak reserved:  2688 MB, DP=1, TP=1, SP=1, PP=4)
E20260605 03:14:59.910206 139626433998848 main.cc:420] step   10/10 | train loss 5.033356 | lr 1.00e-04 | (346.29 ms | 14785 tok/s | peak used:  2638 MB | peak reserved:  2688 MB, DP=1, TP=1, SP=1, PP=4)
