[LAST_CMAKE] cmake -DUSE_CUDA=ON -DUSE_NCCL=ON -DBUILD_TEST=ON -DPROFILE_MODE=OFF .. && make -j
[RUN_METADATA] /home/jiyiming/code/InfiniTrain_checkpoint/scripts/20260825/feat_checkpoint-consumed-micro-batches_48ca7e4/logs/run_metadata.log
[RUN_STARTED_AT] 2026-08-25 04:46:44
[GIT_BRANCH] feat/checkpoint-consumed-micro-batches
[GIT_COMMIT] 48ca7e4e4ccae8661691cf6f439d1be29dad2b1d
[GIT_COMMIT_SHORT] 48ca7e4
[COMMAND] ./gpt2 --input_bin /data1/shared/InfiniTrain-dev/data/llmc/gpt2/tinyshakespeare/tiny_shakespeare_train.bin --llmc_filepath /data1/shared/InfiniTrain-dev/data/llmc/gpt2/gpt2_124M.bin --device cuda --nthread_per_process 8 --num_iteration 50 --save_interval 10 --batch_size 40 --total_batch_size 5120 --tensor_parallel 2 --sequence_parallel true --pipeline_parallel 2 --virtual_pipeline_parallel 2 --load /data1/ckpt/3d_ddp2_tp2_pp2_no_resume/gpt2/no_resume/checkpoint_step_000030 --save /data1/ckpt/3d_tp2_pp2_resume/gpt2/resume --max_checkpoint_keep 5
E20260825 05:31:39.698226 140217054363648 checkpoint.cc:239] [CKPT] Load done: global_step=30, consumed_train_samples=2400, topology(ddp,tp,sp,pp)=(2,2,2,2)
E20260825 05:31:39.909126 140217121476608 checkpoint.cc:239] [CKPT] Load done: global_step=30, consumed_train_samples=2400, topology(ddp,tp,sp,pp)=(2,2,2,2)
E20260825 05:31:39.929940 140216857784320 checkpoint.cc:239] [CKPT] Load done: global_step=30, consumed_train_samples=2400, topology(ddp,tp,sp,pp)=(2,2,2,2)
E20260825 05:31:39.978530 140216723558400 checkpoint.cc:239] [CKPT] Load done: global_step=30, consumed_train_samples=2400, topology(ddp,tp,sp,pp)=(2,2,2,2)
E20260825 05:31:40.053115 140216656445440 checkpoint.cc:239] [CKPT] Load done: global_step=30, consumed_train_samples=2400, topology(ddp,tp,sp,pp)=(2,2,2,2)
E20260825 05:31:40.097089 140216790671360 checkpoint.cc:239] [CKPT] Load done: global_step=30, consumed_train_samples=2400, topology(ddp,tp,sp,pp)=(2,2,2,2)
E20260825 05:31:40.240366 140216589332480 checkpoint.cc:239] [CKPT] Load done: global_step=30, consumed_train_samples=2400, topology(ddp,tp,sp,pp)=(2,2,2,2)
E20260825 05:31:40.245452 140216522219520 checkpoint.cc:239] [CKPT] Load done: global_step=30, consumed_train_samples=2400, topology(ddp,tp,sp,pp)=(2,2,2,2)
E20260825 05:31:41.010157 140216522219520 main.cc:529] step   31/50 | train loss 4.646862 | lr 1.00e-04 | (764.64 ms | 6696 tok/s | peak used:  2342 MB | peak reserved:  2432 MB, DP=2, TP=2, SP=2, PP=2)
E20260825 05:31:41.132947 140216522219520 main.cc:529] step   32/50 | train loss 4.360770 | lr 1.00e-04 | (122.69 ms | 41731 tok/s | peak used:  2342 MB | peak reserved:  2528 MB, DP=2, TP=2, SP=2, PP=2)
E20260825 05:31:41.256151 140216522219520 main.cc:529] step   33/50 | train loss 4.689915 | lr 1.00e-04 | (123.13 ms | 41583 tok/s | peak used:  2342 MB | peak reserved:  2528 MB, DP=2, TP=2, SP=2, PP=2)
E20260825 05:31:41.372164 140216522219520 main.cc:529] step   34/50 | train loss 4.652094 | lr 1.00e-04 | (115.95 ms | 44158 tok/s | peak used:  2342 MB | peak reserved:  2528 MB, DP=2, TP=2, SP=2, PP=2)
E20260825 05:31:41.489283 140216522219520 main.cc:529] step   35/50 | train loss 4.543900 | lr 1.00e-04 | (117.05 ms | 43742 tok/s | peak used:  2342 MB | peak reserved:  2528 MB, DP=2, TP=2, SP=2, PP=2)
E20260825 05:31:41.605296 140216522219520 main.cc:529] step   36/50 | train loss 4.832331 | lr 1.00e-04 | (115.95 ms | 44156 tok/s | peak used:  2342 MB | peak reserved:  2528 MB, DP=2, TP=2, SP=2, PP=2)
E20260825 05:31:41.721254 140216522219520 main.cc:529] step   37/50 | train loss 4.862926 | lr 1.00e-04 | (115.90 ms | 44175 tok/s | peak used:  2342 MB | peak reserved:  2528 MB, DP=2, TP=2, SP=2, PP=2)
E20260825 05:31:41.838438 140216522219520 main.cc:529] step   38/50 | train loss 4.823746 | lr 1.00e-04 | (117.13 ms | 43712 tok/s | peak used:  2342 MB | peak reserved:  2528 MB, DP=2, TP=2, SP=2, PP=2)
E20260825 05:31:41.954274 140216522219520 main.cc:529] step   39/50 | train loss 4.853215 | lr 1.00e-04 | (115.78 ms | 44223 tok/s | peak used:  2342 MB | peak reserved:  2528 MB, DP=2, TP=2, SP=2, PP=2)
E20260825 05:31:42.070945 140216522219520 main.cc:529] step   40/50 | train loss 4.824492 | lr 1.00e-04 | (116.61 ms | 43906 tok/s | peak used:  2342 MB | peak reserved:  2528 MB, DP=2, TP=2, SP=2, PP=2)
E20260825 05:31:42.335660 140216656445440 checkpoint.cc:206] [CKPT] Save done: dir="/data1/ckpt/3d_tp2_pp2_resume/gpt2/resume/checkpoint_step_000040/rank_000005"
E20260825 05:31:42.362777 140216589332480 checkpoint.cc:206] [CKPT] Save done: dir="/data1/ckpt/3d_tp2_pp2_resume/gpt2/resume/checkpoint_step_000040/rank_000006"
E20260825 05:31:42.378626 140216723558400 checkpoint.cc:206] [CKPT] Save done: dir="/data1/ckpt/3d_tp2_pp2_resume/gpt2/resume/checkpoint_step_000040/rank_000004"
E20260825 05:31:42.389767 140216790671360 checkpoint.cc:206] [CKPT] Save done: dir="/data1/ckpt/3d_tp2_pp2_resume/gpt2/resume/checkpoint_step_000040/rank_000003"
E20260825 05:31:42.392403 140216522219520 checkpoint.cc:206] [CKPT] Save done: dir="/data1/ckpt/3d_tp2_pp2_resume/gpt2/resume/checkpoint_step_000040/rank_000007"
E20260825 05:31:42.396031 140216857784320 checkpoint.cc:206] [CKPT] Save done: dir="/data1/ckpt/3d_tp2_pp2_resume/gpt2/resume/checkpoint_step_000040/rank_000002"
E20260825 05:31:42.398376 140217054363648 checkpoint.cc:206] [CKPT] Save done: dir="/data1/ckpt/3d_tp2_pp2_resume/gpt2/resume/checkpoint_step_000040/rank_000001"
E20260825 05:31:42.406622 140217121476608 checkpoint.cc:206] [CKPT] Save done: dir="/data1/ckpt/3d_tp2_pp2_resume/gpt2/resume/checkpoint_step_000040/rank_000000"
E20260825 05:31:42.503305 140216522219520 main.cc:529] step   41/50 | train loss 4.772593 | lr 1.00e-04 | (110.86 ms | 46184 tok/s | peak used:  2342 MB | peak reserved:  2528 MB, DP=2, TP=2, SP=2, PP=2)
E20260825 05:31:42.617585 140216522219520 main.cc:529] step   42/50 | train loss 4.772711 | lr 1.00e-04 | (114.22 ms | 44826 tok/s | peak used:  2342 MB | peak reserved:  2528 MB, DP=2, TP=2, SP=2, PP=2)
E20260825 05:31:42.731858 140216522219520 main.cc:529] step   43/50 | train loss 4.795121 | lr 1.00e-04 | (114.22 ms | 44826 tok/s | peak used:  2342 MB | peak reserved:  2528 MB, DP=2, TP=2, SP=2, PP=2)
E20260825 05:31:42.845746 140216522219520 main.cc:529] step   44/50 | train loss 4.681509 | lr 1.00e-04 | (113.83 ms | 44978 tok/s | peak used:  2342 MB | peak reserved:  2528 MB, DP=2, TP=2, SP=2, PP=2)
E20260825 05:31:42.966671 140216522219520 main.cc:529] step   45/50 | train loss 4.522457 | lr 1.00e-04 | (120.87 ms | 42359 tok/s | peak used:  2342 MB | peak reserved:  2528 MB, DP=2, TP=2, SP=2, PP=2)
E20260825 05:31:43.087829 140216522219520 main.cc:529] step   46/50 | train loss 4.545523 | lr 1.00e-04 | (121.11 ms | 42276 tok/s | peak used:  2342 MB | peak reserved:  2528 MB, DP=2, TP=2, SP=2, PP=2)
E20260825 05:31:43.202416 140216522219520 main.cc:529] step   47/50 | train loss 4.618790 | lr 1.00e-04 | (114.52 ms | 44708 tok/s | peak used:  2342 MB | peak reserved:  2528 MB, DP=2, TP=2, SP=2, PP=2)
E20260825 05:31:43.321781 140216522219520 main.cc:529] step   48/50 | train loss 4.626948 | lr 1.00e-04 | (119.31 ms | 42913 tok/s | peak used:  2342 MB | peak reserved:  2528 MB, DP=2, TP=2, SP=2, PP=2)
E20260825 05:31:43.437725 140216522219520 main.cc:529] step   49/50 | train loss 4.614968 | lr 1.00e-04 | (115.89 ms | 44178 tok/s | peak used:  2342 MB | peak reserved:  2528 MB, DP=2, TP=2, SP=2, PP=2)
E20260825 05:31:43.550333 140216522219520 main.cc:529] step   50/50 | train loss 4.526660 | lr 1.00e-04 | (112.54 ms | 45495 tok/s | peak used:  2342 MB | peak reserved:  2528 MB, DP=2, TP=2, SP=2, PP=2)
E20260825 05:31:43.828261 140216723558400 checkpoint.cc:206] [CKPT] Save done: dir="/data1/ckpt/3d_tp2_pp2_resume/gpt2/resume/checkpoint_step_000050/rank_000004"
E20260825 05:31:43.842536 140216589332480 checkpoint.cc:206] [CKPT] Save done: dir="/data1/ckpt/3d_tp2_pp2_resume/gpt2/resume/checkpoint_step_000050/rank_000006"
E20260825 05:31:43.865492 140216857784320 checkpoint.cc:206] [CKPT] Save done: dir="/data1/ckpt/3d_tp2_pp2_resume/gpt2/resume/checkpoint_step_000050/rank_000002"
E20260825 05:31:43.878514 140217121476608 checkpoint.cc:206] [CKPT] Save done: dir="/data1/ckpt/3d_tp2_pp2_resume/gpt2/resume/checkpoint_step_000050/rank_000000"
E20260825 05:31:43.887358 140216656445440 checkpoint.cc:206] [CKPT] Save done: dir="/data1/ckpt/3d_tp2_pp2_resume/gpt2/resume/checkpoint_step_000050/rank_000005"
E20260825 05:31:43.907182 140217054363648 checkpoint.cc:206] [CKPT] Save done: dir="/data1/ckpt/3d_tp2_pp2_resume/gpt2/resume/checkpoint_step_000050/rank_000001"
E20260825 05:31:43.909296 140216522219520 checkpoint.cc:206] [CKPT] Save done: dir="/data1/ckpt/3d_tp2_pp2_resume/gpt2/resume/checkpoint_step_000050/rank_000007"
E20260825 05:31:43.916813 140216790671360 checkpoint.cc:206] [CKPT] Save done: dir="/data1/ckpt/3d_tp2_pp2_resume/gpt2/resume/checkpoint_step_000050/rank_000003"
