[LAST_CMAKE] cmake -DUSE_CUDA=ON -DUSE_NCCL=ON -DBUILD_TEST=ON -DPROFILE_MODE=OFF .. && make -j
[RUN_METADATA] /home/jiyiming/code/InfiniTrain_checkpoint/scripts/20260825/feat_checkpoint-consumed-micro-batches_48ca7e4/logs/run_metadata.log
[RUN_STARTED_AT] 2026-08-25 04:46:44
[GIT_BRANCH] feat/checkpoint-consumed-micro-batches
[GIT_COMMIT] 48ca7e4e4ccae8661691cf6f439d1be29dad2b1d
[GIT_COMMIT_SHORT] 48ca7e4
[COMMAND] ./gpt2 --input_bin /data1/shared/InfiniTrain-dev/data/llmc/gpt2/tinyshakespeare/tiny_shakespeare_train.bin --llmc_filepath /data1/shared/InfiniTrain-dev/data/llmc/gpt2/gpt2_124M.bin --device cuda --num_iteration 50 --save_interval 10 --save /data1/ckpt/no_resume/gpt2/no_resume
E20260825 05:22:42.880172 139902746349568 main.cc:529] step    1/50 | train loss 5.356189 | lr 1.00e-04 | (77.03 ms | 3323 tok/s | peak used:  1422 MB | peak reserved:  1504 MB, DP=1, TP=1, SP=1, PP=1)
E20260825 05:22:42.912449 139902746349568 main.cc:529] step    2/50 | train loss 5.060791 | lr 1.00e-04 | (31.53 ms | 8118 tok/s | peak used:  1422 MB | peak reserved:  1536 MB, DP=1, TP=1, SP=1, PP=1)
E20260825 05:22:42.944038 139902746349568 main.cc:529] step    3/50 | train loss 4.860479 | lr 1.00e-04 | (31.55 ms | 8115 tok/s | peak used:  1422 MB | peak reserved:  1536 MB, DP=1, TP=1, SP=1, PP=1)
E20260825 05:22:42.972946 139902746349568 main.cc:529] step    4/50 | train loss 4.961460 | lr 1.00e-04 | (28.87 ms | 8867 tok/s | peak used:  1422 MB | peak reserved:  1536 MB, DP=1, TP=1, SP=1, PP=1)
E20260825 05:22:43.001182 139902746349568 main.cc:529] step    5/50 | train loss 4.888361 | lr 1.00e-04 | (28.20 ms | 9078 tok/s | peak used:  1422 MB | peak reserved:  1536 MB, DP=1, TP=1, SP=1, PP=1)
E20260825 05:22:43.029443 139902746349568 main.cc:529] step    6/50 | train loss 5.099513 | lr 1.00e-04 | (28.22 ms | 9070 tok/s | peak used:  1422 MB | peak reserved:  1536 MB, DP=1, TP=1, SP=1, PP=1)
E20260825 05:22:43.057718 139902746349568 main.cc:529] step    7/50 | train loss 4.860971 | lr 1.00e-04 | (28.24 ms | 9066 tok/s | peak used:  1422 MB | peak reserved:  1536 MB, DP=1, TP=1, SP=1, PP=1)
E20260825 05:22:43.086016 139902746349568 main.cc:529] step    8/50 | train loss 4.945638 | lr 1.00e-04 | (28.26 ms | 9059 tok/s | peak used:  1422 MB | peak reserved:  1536 MB, DP=1, TP=1, SP=1, PP=1)
E20260825 05:22:43.114281 139902746349568 main.cc:529] step    9/50 | train loss 5.121746 | lr 1.00e-04 | (28.22 ms | 9070 tok/s | peak used:  1422 MB | peak reserved:  1536 MB, DP=1, TP=1, SP=1, PP=1)
E20260825 05:22:43.142543 139902746349568 main.cc:529] step   10/50 | train loss 5.271437 | lr 1.00e-04 | (28.23 ms | 9070 tok/s | peak used:  1422 MB | peak reserved:  1536 MB, DP=1, TP=1, SP=1, PP=1)
E20260825 05:22:43.868032 139902746349568 checkpoint.cc:206] [CKPT] Save done: dir="/data1/ckpt/no_resume/gpt2/no_resume/checkpoint_step_000010"
E20260825 05:22:43.896909 139902746349568 main.cc:529] step   11/50 | train loss 5.080355 | lr 1.00e-04 | (28.76 ms | 8903 tok/s | peak used:  1422 MB | peak reserved:  1536 MB, DP=1, TP=1, SP=1, PP=1)
E20260825 05:22:43.925183 139902746349568 main.cc:529] step   12/50 | train loss 4.641864 | lr 1.00e-04 | (28.23 ms | 9069 tok/s | peak used:  1422 MB | peak reserved:  1536 MB, DP=1, TP=1, SP=1, PP=1)
E20260825 05:22:43.953426 139902746349568 main.cc:529] step   13/50 | train loss 4.715222 | lr 1.00e-04 | (28.21 ms | 9076 tok/s | peak used:  1422 MB | peak reserved:  1536 MB, DP=1, TP=1, SP=1, PP=1)
E20260825 05:22:43.981680 139902746349568 main.cc:529] step   14/50 | train loss 4.858470 | lr 1.00e-04 | (28.22 ms | 9073 tok/s | peak used:  1422 MB | peak reserved:  1536 MB, DP=1, TP=1, SP=1, PP=1)
E20260825 05:22:44.009918 139902746349568 main.cc:529] step   15/50 | train loss 5.047506 | lr 1.00e-04 | (28.20 ms | 9078 tok/s | peak used:  1422 MB | peak reserved:  1536 MB, DP=1, TP=1, SP=1, PP=1)
E20260825 05:22:44.038156 139902746349568 main.cc:529] step   16/50 | train loss 4.796618 | lr 1.00e-04 | (28.20 ms | 9077 tok/s | peak used:  1422 MB | peak reserved:  1536 MB, DP=1, TP=1, SP=1, PP=1)
E20260825 05:22:44.066381 139902746349568 main.cc:529] step   17/50 | train loss 5.154049 | lr 1.00e-04 | (28.19 ms | 9081 tok/s | peak used:  1422 MB | peak reserved:  1536 MB, DP=1, TP=1, SP=1, PP=1)
E20260825 05:22:44.094624 139902746349568 main.cc:529] step   18/50 | train loss 5.009340 | lr 1.00e-04 | (28.20 ms | 9078 tok/s | peak used:  1422 MB | peak reserved:  1536 MB, DP=1, TP=1, SP=1, PP=1)
E20260825 05:22:44.122851 139902746349568 main.cc:529] step   19/50 | train loss 4.679073 | lr 1.00e-04 | (28.18 ms | 9084 tok/s | peak used:  1422 MB | peak reserved:  1536 MB, DP=1, TP=1, SP=1, PP=1)
E20260825 05:22:44.151117 139902746349568 main.cc:529] step   20/50 | train loss 4.473440 | lr 1.00e-04 | (28.22 ms | 9070 tok/s | peak used:  1422 MB | peak reserved:  1536 MB, DP=1, TP=1, SP=1, PP=1)
E20260825 05:22:44.874530 139902746349568 checkpoint.cc:206] [CKPT] Save done: dir="/data1/ckpt/no_resume/gpt2/no_resume/checkpoint_step_000020"
E20260825 05:22:44.903408 139902746349568 main.cc:529] step   21/50 | train loss 4.760532 | lr 1.00e-04 | (28.76 ms | 8900 tok/s | peak used:  1422 MB | peak reserved:  1536 MB, DP=1, TP=1, SP=1, PP=1)
E20260825 05:22:44.931708 139902746349568 main.cc:529] step   22/50 | train loss 4.650720 | lr 1.00e-04 | (28.26 ms | 9060 tok/s | peak used:  1422 MB | peak reserved:  1536 MB, DP=1, TP=1, SP=1, PP=1)
E20260825 05:22:44.959948 139902746349568 main.cc:529] step   23/50 | train loss 4.868135 | lr 1.00e-04 | (28.20 ms | 9077 tok/s | peak used:  1422 MB | peak reserved:  1536 MB, DP=1, TP=1, SP=1, PP=1)
E20260825 05:22:44.988174 139902746349568 main.cc:529] step   24/50 | train loss 4.681738 | lr 1.00e-04 | (28.19 ms | 9081 tok/s | peak used:  1422 MB | peak reserved:  1536 MB, DP=1, TP=1, SP=1, PP=1)
E20260825 05:22:45.016446 139902746349568 main.cc:529] step   25/50 | train loss 4.585909 | lr 1.00e-04 | (28.23 ms | 9070 tok/s | peak used:  1422 MB | peak reserved:  1536 MB, DP=1, TP=1, SP=1, PP=1)
E20260825 05:22:45.044683 139902746349568 main.cc:529] step   26/50 | train loss 4.715929 | lr 1.00e-04 | (28.20 ms | 9078 tok/s | peak used:  1422 MB | peak reserved:  1536 MB, DP=1, TP=1, SP=1, PP=1)
E20260825 05:22:45.072919 139902746349568 main.cc:529] step   27/50 | train loss 4.356284 | lr 1.00e-04 | (28.20 ms | 9078 tok/s | peak used:  1422 MB | peak reserved:  1536 MB, DP=1, TP=1, SP=1, PP=1)
E20260825 05:22:45.101141 139902746349568 main.cc:529] step   28/50 | train loss 4.681598 | lr 1.00e-04 | (28.19 ms | 9083 tok/s | peak used:  1422 MB | peak reserved:  1536 MB, DP=1, TP=1, SP=1, PP=1)
E20260825 05:22:45.129372 139902746349568 main.cc:529] step   29/50 | train loss 4.828084 | lr 1.00e-04 | (28.19 ms | 9080 tok/s | peak used:  1422 MB | peak reserved:  1536 MB, DP=1, TP=1, SP=1, PP=1)
E20260825 05:22:45.157620 139902746349568 main.cc:529] step   30/50 | train loss 4.538360 | lr 1.00e-04 | (28.21 ms | 9076 tok/s | peak used:  1422 MB | peak reserved:  1536 MB, DP=1, TP=1, SP=1, PP=1)
E20260825 05:22:45.888911 139902746349568 checkpoint.cc:206] [CKPT] Save done: dir="/data1/ckpt/no_resume/gpt2/no_resume/checkpoint_step_000030"
E20260825 05:22:45.917807 139902746349568 main.cc:529] step   31/50 | train loss 4.773660 | lr 1.00e-04 | (28.77 ms | 8899 tok/s | peak used:  1422 MB | peak reserved:  1536 MB, DP=1, TP=1, SP=1, PP=1)
E20260825 05:22:45.946097 139902746349568 main.cc:529] step   32/50 | train loss 4.746777 | lr 1.00e-04 | (28.24 ms | 9064 tok/s | peak used:  1422 MB | peak reserved:  1536 MB, DP=1, TP=1, SP=1, PP=1)
E20260825 05:22:45.974321 139902746349568 main.cc:529] step   33/50 | train loss 4.573682 | lr 1.00e-04 | (28.19 ms | 9082 tok/s | peak used:  1422 MB | peak reserved:  1536 MB, DP=1, TP=1, SP=1, PP=1)
E20260825 05:22:46.002573 139902746349568 main.cc:529] step   34/50 | train loss 4.970090 | lr 1.00e-04 | (28.22 ms | 9073 tok/s | peak used:  1422 MB | peak reserved:  1536 MB, DP=1, TP=1, SP=1, PP=1)
E20260825 05:22:46.030803 139902746349568 main.cc:529] step   35/50 | train loss 5.018559 | lr 1.00e-04 | (28.20 ms | 9080 tok/s | peak used:  1422 MB | peak reserved:  1536 MB, DP=1, TP=1, SP=1, PP=1)
E20260825 05:22:46.059048 139902746349568 main.cc:529] step   36/50 | train loss 5.078459 | lr 1.00e-04 | (28.20 ms | 9078 tok/s | peak used:  1422 MB | peak reserved:  1536 MB, DP=1, TP=1, SP=1, PP=1)
E20260825 05:22:46.087315 139902746349568 main.cc:529] step   37/50 | train loss 5.006862 | lr 1.00e-04 | (28.23 ms | 9068 tok/s | peak used:  1422 MB | peak reserved:  1536 MB, DP=1, TP=1, SP=1, PP=1)
E20260825 05:22:46.115584 139902746349568 main.cc:529] step   38/50 | train loss 4.561945 | lr 1.00e-04 | (28.23 ms | 9067 tok/s | peak used:  1422 MB | peak reserved:  1536 MB, DP=1, TP=1, SP=1, PP=1)
E20260825 05:22:46.143829 139902746349568 main.cc:529] step   39/50 | train loss 4.825913 | lr 1.00e-04 | (28.20 ms | 9077 tok/s | peak used:  1422 MB | peak reserved:  1536 MB, DP=1, TP=1, SP=1, PP=1)
E20260825 05:22:46.172088 139902746349568 main.cc:529] step   40/50 | train loss 4.741746 | lr 1.00e-04 | (28.22 ms | 9070 tok/s | peak used:  1422 MB | peak reserved:  1536 MB, DP=1, TP=1, SP=1, PP=1)
E20260825 05:22:46.906864 139902746349568 checkpoint.cc:206] [CKPT] Save done: dir="/data1/ckpt/no_resume/gpt2/no_resume/checkpoint_step_000040"
E20260825 05:22:47.041194 139902746349568 main.cc:529] step   41/50 | train loss 4.772774 | lr 1.00e-04 | (30.06 ms | 8518 tok/s | peak used:  1422 MB | peak reserved:  1536 MB, DP=1, TP=1, SP=1, PP=1)
E20260825 05:22:47.070357 139902746349568 main.cc:529] step   42/50 | train loss 4.767108 | lr 1.00e-04 | (29.11 ms | 8795 tok/s | peak used:  1422 MB | peak reserved:  1536 MB, DP=1, TP=1, SP=1, PP=1)
E20260825 05:22:47.099318 139902746349568 main.cc:529] step   43/50 | train loss 4.435563 | lr 1.00e-04 | (28.90 ms | 8857 tok/s | peak used:  1422 MB | peak reserved:  1536 MB, DP=1, TP=1, SP=1, PP=1)
E20260825 05:22:47.128255 139902746349568 main.cc:529] step   44/50 | train loss 4.350803 | lr 1.00e-04 | (28.90 ms | 8859 tok/s | peak used:  1422 MB | peak reserved:  1536 MB, DP=1, TP=1, SP=1, PP=1)
E20260825 05:22:47.157224 139902746349568 main.cc:529] step   45/50 | train loss 4.476607 | lr 1.00e-04 | (28.93 ms | 8849 tok/s | peak used:  1422 MB | peak reserved:  1536 MB, DP=1, TP=1, SP=1, PP=1)
E20260825 05:22:47.186160 139902746349568 main.cc:529] step   46/50 | train loss 4.377407 | lr 1.00e-04 | (28.89 ms | 8860 tok/s | peak used:  1422 MB | peak reserved:  1536 MB, DP=1, TP=1, SP=1, PP=1)
E20260825 05:22:47.215061 139902746349568 main.cc:529] step   47/50 | train loss 4.606431 | lr 1.00e-04 | (28.86 ms | 8870 tok/s | peak used:  1422 MB | peak reserved:  1536 MB, DP=1, TP=1, SP=1, PP=1)
E20260825 05:22:47.243981 139902746349568 main.cc:529] step   48/50 | train loss 4.547576 | lr 1.00e-04 | (28.88 ms | 8864 tok/s | peak used:  1422 MB | peak reserved:  1536 MB, DP=1, TP=1, SP=1, PP=1)
E20260825 05:22:47.272910 139902746349568 main.cc:529] step   49/50 | train loss 4.762213 | lr 1.00e-04 | (28.89 ms | 8861 tok/s | peak used:  1422 MB | peak reserved:  1536 MB, DP=1, TP=1, SP=1, PP=1)
E20260825 05:22:47.301820 139902746349568 main.cc:529] step   50/50 | train loss 4.658838 | lr 1.00e-04 | (28.87 ms | 8867 tok/s | peak used:  1422 MB | peak reserved:  1536 MB, DP=1, TP=1, SP=1, PP=1)
E20260825 05:22:48.090344 139902746349568 checkpoint.cc:206] [CKPT] Save done: dir="/data1/ckpt/no_resume/gpt2/no_resume/checkpoint_step_000050"
