[LAST_CMAKE] cmake -DBUILD_TEST=ON -DUSE_CUDA=ON -DUSE_NCCL=ON .. && make -j
[COMMAND] ./gpt2 --input_bin /data/shared/InfiniTrain-dev/data/llmc/gpt2/tinyshakespeare/tiny_shakespeare_train.bin --llmc_filepath /data/shared/InfiniTrain-dev/data/llmc/gpt2/gpt2_124M.bin --device cuda --dtype bfloat16 --nthread_per_process 8 --num_iteration 10 --batch_size 40 --total_batch_size 5120 --tensor_parallel 4 --sequence_parallel true --zero_stage 2
E20260616 02:07:19.526296 140578708758528 main.cc:477] step    1/10 | train loss 5.206748 | lr 1.00e-04 | (667.06 ms | 7675 tok/s | peak used:  1576 MB | peak reserved:  1664 MB, DP=2, TP=4, SP=4, PP=1)
E20260616 02:07:19.685477 140578708758528 main.cc:477] step    2/10 | train loss 5.069801 | lr 1.00e-04 | (158.19 ms | 32366 tok/s | peak used:  1576 MB | peak reserved:  1728 MB, DP=2, TP=4, SP=4, PP=1)
E20260616 02:07:19.806049 140578708758528 main.cc:477] step    3/10 | train loss 4.988799 | lr 1.00e-04 | (120.48 ms | 42496 tok/s | peak used:  1576 MB | peak reserved:  1760 MB, DP=2, TP=4, SP=4, PP=1)
E20260616 02:07:19.915025 140578708758528 main.cc:477] step    4/10 | train loss 4.661766 | lr 1.00e-04 | (108.91 ms | 47013 tok/s | peak used:  1576 MB | peak reserved:  1824 MB, DP=2, TP=4, SP=4, PP=1)
E20260616 02:07:20.016692 140578708758528 main.cc:477] step    5/10 | train loss 4.761188 | lr 1.00e-04 | (101.61 ms | 50391 tok/s | peak used:  1576 MB | peak reserved:  1856 MB, DP=2, TP=4, SP=4, PP=1)
E20260616 02:07:20.114708 140578708758528 main.cc:477] step    6/10 | train loss 4.702367 | lr 1.00e-04 | (97.96 ms | 52266 tok/s | peak used:  1576 MB | peak reserved:  1920 MB, DP=2, TP=4, SP=4, PP=1)
E20260616 02:07:20.213172 140578708758528 main.cc:477] step    7/10 | train loss 4.752288 | lr 1.00e-04 | (98.41 ms | 52027 tok/s | peak used:  1576 MB | peak reserved:  1952 MB, DP=2, TP=4, SP=4, PP=1)
E20260616 02:07:20.312200 140578708758528 main.cc:477] step    8/10 | train loss 4.648721 | lr 1.00e-04 | (98.59 ms | 51934 tok/s | peak used:  1576 MB | peak reserved:  1984 MB, DP=2, TP=4, SP=4, PP=1)
E20260616 02:07:20.408851 140578708758528 main.cc:477] step    9/10 | train loss 4.768552 | lr 1.00e-04 | (96.60 ms | 53003 tok/s | peak used:  1576 MB | peak reserved:  2048 MB, DP=2, TP=4, SP=4, PP=1)
E20260616 02:07:20.506200 140578708758528 main.cc:477] step   10/10 | train loss 4.765539 | lr 1.00e-04 | (97.30 ms | 52622 tok/s | peak used:  1576 MB | peak reserved:  2080 MB, DP=2, TP=4, SP=4, PP=1)
E20260616 02:07:23.598334 140578842984448 checkpoint.cc:84] [CKPT] Save done: dir="./checkpoints/checkpoint_final/rank_000005"
E20260616 02:07:23.604265 140578910097408 checkpoint.cc:84] [CKPT] Save done: dir="./checkpoints/checkpoint_final/rank_000004"
E20260616 02:07:23.675204 140578775871488 checkpoint.cc:84] [CKPT] Save done: dir="./checkpoints/checkpoint_final/rank_000006"
E20260616 02:07:23.686041 140578977210368 checkpoint.cc:84] [CKPT] Save done: dir="./checkpoints/checkpoint_final/rank_000003"
E20260616 02:07:23.686242 140579262427136 checkpoint.cc:84] [CKPT] Save done: dir="./checkpoints/checkpoint_final/rank_000000"
E20260616 02:07:23.686363 140579195314176 checkpoint.cc:84] [CKPT] Save done: dir="./checkpoints/checkpoint_final/rank_000001"
E20260616 02:07:23.687202 140579044323328 checkpoint.cc:84] [CKPT] Save done: dir="./checkpoints/checkpoint_final/rank_000002"
E20260616 02:07:23.687659 140578708758528 checkpoint.cc:84] [CKPT] Save done: dir="./checkpoints/checkpoint_final/rank_000007"
