[LAST_CMAKE] cmake -DUSE_CUDA=ON -DUSE_NCCL=ON -DPROFILE_MODE=ON .. && make -j
[COMMAND] ./gpt2 --input_bin /data/shared/InfiniTrain-dev/data/llmc/gpt2/tinyshakespeare/tiny_shakespeare_train.bin --llmc_filepath /data/shared/InfiniTrain-dev/data/llmc/gpt2/gpt2_124M.bin --device cuda --dtype float32 --nthread_per_process 8 --num_iteration 10 --batch_size 40 --total_batch_size 5120 --tensor_parallel 4 --sequence_parallel true --zero_stage 2
E20260616 03:25:37.882223 140133642772480 main.cc:477] step    1/10 | train loss 5.219545 | lr 1.00e-04 | (835.26 ms | 6130 tok/s | peak used:  1696 MB | peak reserved:  1760 MB, DP=2, TP=4, SP=4, PP=1)
E20260616 03:25:38.344597 140133642772480 main.cc:477] step    2/10 | train loss 5.111685 | lr 1.00e-04 | (461.01 ms | 11106 tok/s | peak used:  1696 MB | peak reserved:  1760 MB, DP=2, TP=4, SP=4, PP=1)
E20260616 03:25:38.732391 140133642772480 main.cc:477] step    3/10 | train loss 5.023857 | lr 1.00e-04 | (387.41 ms | 13216 tok/s | peak used:  1696 MB | peak reserved:  1760 MB, DP=2, TP=4, SP=4, PP=1)
E20260616 03:25:39.086355 140133642772480 main.cc:477] step    4/10 | train loss 4.689398 | lr 1.00e-04 | (353.86 ms | 14469 tok/s | peak used:  1696 MB | peak reserved:  1760 MB, DP=2, TP=4, SP=4, PP=1)
E20260616 03:25:39.405551 140133642772480 main.cc:477] step    5/10 | train loss 4.801426 | lr 1.00e-04 | (319.10 ms | 16045 tok/s | peak used:  1696 MB | peak reserved:  1760 MB, DP=2, TP=4, SP=4, PP=1)
E20260616 03:25:39.772599 140133642772480 main.cc:477] step    6/10 | train loss 4.739564 | lr 1.00e-04 | (366.96 ms | 13953 tok/s | peak used:  1696 MB | peak reserved:  1760 MB, DP=2, TP=4, SP=4, PP=1)
E20260616 03:25:40.104616 140133642772480 main.cc:477] step    7/10 | train loss 4.798470 | lr 1.00e-04 | (331.92 ms | 15426 tok/s | peak used:  1696 MB | peak reserved:  1760 MB, DP=2, TP=4, SP=4, PP=1)
E20260616 03:25:40.404439 140133642772480 main.cc:477] step    8/10 | train loss 4.691421 | lr 1.00e-04 | (299.74 ms | 17082 tok/s | peak used:  1696 MB | peak reserved:  1760 MB, DP=2, TP=4, SP=4, PP=1)
E20260616 03:25:40.693762 140133642772480 main.cc:477] step    9/10 | train loss 4.799903 | lr 1.00e-04 | (289.24 ms | 17702 tok/s | peak used:  1696 MB | peak reserved:  1760 MB, DP=2, TP=4, SP=4, PP=1)
E20260616 03:25:40.977311 140133642772480 main.cc:477] step   10/10 | train loss 4.805707 | lr 1.00e-04 | (283.47 ms | 18062 tok/s | peak used:  1696 MB | peak reserved:  1760 MB, DP=2, TP=4, SP=4, PP=1)
E20260616 03:25:44.415485 140133844111360 checkpoint.cc:84] [CKPT] Save done: dir="./checkpoints/checkpoint_final/rank_000004"
E20260616 03:25:44.416512 140133978337280 checkpoint.cc:84] [CKPT] Save done: dir="./checkpoints/checkpoint_final/rank_000002"
E20260616 03:25:44.416595 140134141911040 checkpoint.cc:84] [CKPT] Save done: dir="./checkpoints/checkpoint_final/rank_000001"
E20260616 03:25:44.417784 140133642772480 checkpoint.cc:84] [CKPT] Save done: dir="./checkpoints/checkpoint_final/rank_000007"
E20260616 03:25:44.438215 140133709885440 checkpoint.cc:84] [CKPT] Save done: dir="./checkpoints/checkpoint_final/rank_000006"
E20260616 03:25:44.438416 140133776998400 checkpoint.cc:84] [CKPT] Save done: dir="./checkpoints/checkpoint_final/rank_000005"
E20260616 03:25:44.451170 140133911224320 checkpoint.cc:84] [CKPT] Save done: dir="./checkpoints/checkpoint_final/rank_000003"
E20260616 03:25:44.451321 140134209024000 checkpoint.cc:84] [CKPT] Save done: dir="./checkpoints/checkpoint_final/rank_000000"
