[LAST_CMAKE] cmake -DUSE_CUDA=ON -DUSE_NCCL=ON -DBUILD_TEST=ON -DPROFILE_MODE=OFF .. && make -j
[RUN_METADATA] /home/jiyiming/code/InfiniTrain_checkpoint/scripts/20260820/feat_named-parameters_ed83c8b/logs/run_metadata.log
[RUN_STARTED_AT] 2026-08-20 07:46:50
[GIT_BRANCH] feat/named-parameters
[GIT_COMMIT] ed83c8b3ea23ef3bfae3b14bf8e42ac1d4221825
[GIT_COMMIT_SHORT] ed83c8b
[COMMAND] ./gpt2 --input_bin /data1/shared/InfiniTrain-dev/data/llmc/gpt2/tinyshakespeare/tiny_shakespeare_train.bin --llmc_filepath /data1/shared/InfiniTrain-dev/data/llmc/gpt2/gpt2_124M.bin --device cuda --nthread_per_process 8 --num_iteration 50 --save_interval 10 --batch_size 40 --total_batch_size 5120 --tensor_parallel 2 --sequence_parallel true --pipeline_parallel 2 --virtual_pipeline_parallel 2 --save /data1/ckpt/3d_ddp2_tp2_pp2_no_resume/gpt2/no_resume --max_checkpoint_keep 5
E20260820 08:29:55.518218 140389730197504 main.cc:531] step    1/50 | train loss 5.219545 | lr 1.00e-04 | (842.35 ms | 6078 tok/s | peak used:  2342 MB | peak reserved:  2432 MB, DP=2, TP=2, SP=2, PP=2)
E20260820 08:29:55.641681 140389730197504 main.cc:531] step    2/50 | train loss 5.111401 | lr 1.00e-04 | (122.63 ms | 41752 tok/s | peak used:  2342 MB | peak reserved:  2528 MB, DP=2, TP=2, SP=2, PP=2)
E20260820 08:29:55.754964 140389730197504 main.cc:531] step    3/50 | train loss 5.023346 | lr 1.00e-04 | (113.21 ms | 45224 tok/s | peak used:  2342 MB | peak reserved:  2528 MB, DP=2, TP=2, SP=2, PP=2)
E20260820 08:29:55.866060 140389730197504 main.cc:531] step    4/50 | train loss 4.688690 | lr 1.00e-04 | (111.04 ms | 46109 tok/s | peak used:  2342 MB | peak reserved:  2528 MB, DP=2, TP=2, SP=2, PP=2)
E20260820 08:29:55.975595 140389730197504 main.cc:531] step    5/50 | train loss 4.800508 | lr 1.00e-04 | (109.48 ms | 46767 tok/s | peak used:  2342 MB | peak reserved:  2528 MB, DP=2, TP=2, SP=2, PP=2)
E20260820 08:29:56.086315 140389730197504 main.cc:531] step    6/50 | train loss 4.738533 | lr 1.00e-04 | (110.67 ms | 46265 tok/s | peak used:  2342 MB | peak reserved:  2528 MB, DP=2, TP=2, SP=2, PP=2)
E20260820 08:29:56.201323 140389730197504 main.cc:531] step    7/50 | train loss 4.797225 | lr 1.00e-04 | (114.94 ms | 44544 tok/s | peak used:  2342 MB | peak reserved:  2528 MB, DP=2, TP=2, SP=2, PP=2)
E20260820 08:29:56.312183 140389730197504 main.cc:531] step    8/50 | train loss 4.689702 | lr 1.00e-04 | (110.80 ms | 46208 tok/s | peak used:  2342 MB | peak reserved:  2528 MB, DP=2, TP=2, SP=2, PP=2)
E20260820 08:29:56.422750 140389730197504 main.cc:531] step    9/50 | train loss 4.798491 | lr 1.00e-04 | (110.52 ms | 46328 tok/s | peak used:  2342 MB | peak reserved:  2528 MB, DP=2, TP=2, SP=2, PP=2)
E20260820 08:29:56.534339 140389730197504 main.cc:531] step   10/50 | train loss 4.804093 | lr 1.00e-04 | (111.54 ms | 45902 tok/s | peak used:  2342 MB | peak reserved:  2528 MB, DP=2, TP=2, SP=2, PP=2)
E20260820 08:29:56.801578 140389797310464 checkpoint.cc:206] [CKPT] Save done: dir="/data1/ckpt/3d_ddp2_tp2_pp2_no_resume/gpt2/no_resume/checkpoint_step_000010/rank_000006"
E20260820 08:29:56.815210 140389864423424 checkpoint.cc:206] [CKPT] Save done: dir="/data1/ckpt/3d_ddp2_tp2_pp2_no_resume/gpt2/no_resume/checkpoint_step_000010/rank_000005"
E20260820 08:29:56.819168 140389730197504 checkpoint.cc:206] [CKPT] Save done: dir="/data1/ckpt/3d_ddp2_tp2_pp2_no_resume/gpt2/no_resume/checkpoint_step_000010/rank_000007"
E20260820 08:29:56.836488 140389931536384 checkpoint.cc:206] [CKPT] Save done: dir="/data1/ckpt/3d_ddp2_tp2_pp2_no_resume/gpt2/no_resume/checkpoint_step_000010/rank_000004"
E20260820 08:29:56.838513 140390260244480 checkpoint.cc:206] [CKPT] Save done: dir="/data1/ckpt/3d_ddp2_tp2_pp2_no_resume/gpt2/no_resume/checkpoint_step_000010/rank_000001"
E20260820 08:29:56.848248 140389998649344 checkpoint.cc:206] [CKPT] Save done: dir="/data1/ckpt/3d_ddp2_tp2_pp2_no_resume/gpt2/no_resume/checkpoint_step_000010/rank_000003"
E20260820 08:29:56.852166 140390327357440 checkpoint.cc:206] [CKPT] Save done: dir="/data1/ckpt/3d_ddp2_tp2_pp2_no_resume/gpt2/no_resume/checkpoint_step_000010/rank_000000"
E20260820 08:29:56.855926 140390065762304 checkpoint.cc:206] [CKPT] Save done: dir="/data1/ckpt/3d_ddp2_tp2_pp2_no_resume/gpt2/no_resume/checkpoint_step_000010/rank_000002"
E20260820 08:29:56.946677 140389730197504 main.cc:531] step   11/50 | train loss 4.598698 | lr 1.00e-04 | (127.47 ms | 40167 tok/s | peak used:  2342 MB | peak reserved:  2528 MB, DP=2, TP=2, SP=2, PP=2)
E20260820 08:29:57.057023 140389730197504 main.cc:531] step   12/50 | train loss 4.725383 | lr 1.00e-04 | (110.28 ms | 46428 tok/s | peak used:  2342 MB | peak reserved:  2528 MB, DP=2, TP=2, SP=2, PP=2)
E20260820 08:29:57.172560 140389730197504 main.cc:531] step   13/50 | train loss 4.811612 | lr 1.00e-04 | (115.49 ms | 44333 tok/s | peak used:  2342 MB | peak reserved:  2528 MB, DP=2, TP=2, SP=2, PP=2)
E20260820 08:29:57.293454 140389730197504 main.cc:531] step   14/50 | train loss 4.838651 | lr 1.00e-04 | (120.83 ms | 42372 tok/s | peak used:  2342 MB | peak reserved:  2528 MB, DP=2, TP=2, SP=2, PP=2)
E20260820 08:29:57.407471 140389730197504 main.cc:531] step   15/50 | train loss 4.827899 | lr 1.00e-04 | (113.97 ms | 44924 tok/s | peak used:  2342 MB | peak reserved:  2528 MB, DP=2, TP=2, SP=2, PP=2)
E20260820 08:29:57.528248 140389730197504 main.cc:531] step   16/50 | train loss 4.772853 | lr 1.00e-04 | (120.73 ms | 42409 tok/s | peak used:  2342 MB | peak reserved:  2528 MB, DP=2, TP=2, SP=2, PP=2)
E20260820 08:29:57.641248 140389730197504 main.cc:531] step   17/50 | train loss 4.783788 | lr 1.00e-04 | (112.95 ms | 45330 tok/s | peak used:  2342 MB | peak reserved:  2528 MB, DP=2, TP=2, SP=2, PP=2)
E20260820 08:29:57.755246 140389730197504 main.cc:531] step   18/50 | train loss 4.728649 | lr 1.00e-04 | (113.95 ms | 44933 tok/s | peak used:  2342 MB | peak reserved:  2528 MB, DP=2, TP=2, SP=2, PP=2)
E20260820 08:29:57.870473 140389730197504 main.cc:531] step   19/50 | train loss 4.661249 | lr 1.00e-04 | (115.18 ms | 44452 tok/s | peak used:  2342 MB | peak reserved:  2528 MB, DP=2, TP=2, SP=2, PP=2)
E20260820 08:29:57.984134 140389730197504 main.cc:531] step   20/50 | train loss 4.680491 | lr 1.00e-04 | (113.62 ms | 45064 tok/s | peak used:  2342 MB | peak reserved:  2528 MB, DP=2, TP=2, SP=2, PP=2)
E20260820 08:29:58.279923 140389730197504 checkpoint.cc:206] [CKPT] Save done: dir="/data1/ckpt/3d_ddp2_tp2_pp2_no_resume/gpt2/no_resume/checkpoint_step_000020/rank_000007"
E20260820 08:29:58.282087 140389797310464 checkpoint.cc:206] [CKPT] Save done: dir="/data1/ckpt/3d_ddp2_tp2_pp2_no_resume/gpt2/no_resume/checkpoint_step_000020/rank_000006"
E20260820 08:29:58.294683 140390327357440 checkpoint.cc:206] [CKPT] Save done: dir="/data1/ckpt/3d_ddp2_tp2_pp2_no_resume/gpt2/no_resume/checkpoint_step_000020/rank_000000"
E20260820 08:29:58.306015 140389998649344 checkpoint.cc:206] [CKPT] Save done: dir="/data1/ckpt/3d_ddp2_tp2_pp2_no_resume/gpt2/no_resume/checkpoint_step_000020/rank_000003"
E20260820 08:29:58.307122 140389864423424 checkpoint.cc:206] [CKPT] Save done: dir="/data1/ckpt/3d_ddp2_tp2_pp2_no_resume/gpt2/no_resume/checkpoint_step_000020/rank_000005"
E20260820 08:29:58.320665 140390065762304 checkpoint.cc:206] [CKPT] Save done: dir="/data1/ckpt/3d_ddp2_tp2_pp2_no_resume/gpt2/no_resume/checkpoint_step_000020/rank_000002"
E20260820 08:29:58.322365 140389931536384 checkpoint.cc:206] [CKPT] Save done: dir="/data1/ckpt/3d_ddp2_tp2_pp2_no_resume/gpt2/no_resume/checkpoint_step_000020/rank_000004"
E20260820 08:29:58.332773 140390260244480 checkpoint.cc:206] [CKPT] Save done: dir="/data1/ckpt/3d_ddp2_tp2_pp2_no_resume/gpt2/no_resume/checkpoint_step_000020/rank_000001"
E20260820 08:29:58.423684 140389730197504 main.cc:531] step   21/50 | train loss 4.837656 | lr 1.00e-04 | (143.69 ms | 35633 tok/s | peak used:  2342 MB | peak reserved:  2528 MB, DP=2, TP=2, SP=2, PP=2)
E20260820 08:29:58.536781 140389730197504 main.cc:531] step   22/50 | train loss 4.630062 | lr 1.00e-04 | (113.04 ms | 45296 tok/s | peak used:  2342 MB | peak reserved:  2528 MB, DP=2, TP=2, SP=2, PP=2)
E20260820 08:29:58.653172 140389730197504 main.cc:531] step   23/50 | train loss 4.748735 | lr 1.00e-04 | (116.34 ms | 44008 tok/s | peak used:  2342 MB | peak reserved:  2528 MB, DP=2, TP=2, SP=2, PP=2)
E20260820 08:29:58.766356 140389730197504 main.cc:531] step   24/50 | train loss 4.707980 | lr 1.00e-04 | (113.13 ms | 45259 tok/s | peak used:  2342 MB | peak reserved:  2528 MB, DP=2, TP=2, SP=2, PP=2)
E20260820 08:29:58.880203 140389730197504 main.cc:531] step   25/50 | train loss 4.495559 | lr 1.00e-04 | (113.79 ms | 44993 tok/s | peak used:  2342 MB | peak reserved:  2528 MB, DP=2, TP=2, SP=2, PP=2)
E20260820 08:29:58.999518 140389730197504 main.cc:531] step   26/50 | train loss 4.538972 | lr 1.00e-04 | (119.27 ms | 42929 tok/s | peak used:  2342 MB | peak reserved:  2528 MB, DP=2, TP=2, SP=2, PP=2)
E20260820 08:29:59.113921 140389730197504 main.cc:531] step   27/50 | train loss 4.641394 | lr 1.00e-04 | (114.34 ms | 44777 tok/s | peak used:  2342 MB | peak reserved:  2528 MB, DP=2, TP=2, SP=2, PP=2)
E20260820 08:29:59.232205 140389730197504 main.cc:531] step   28/50 | train loss 4.584627 | lr 1.00e-04 | (118.23 ms | 43305 tok/s | peak used:  2342 MB | peak reserved:  2528 MB, DP=2, TP=2, SP=2, PP=2)
E20260820 08:29:59.350618 140389730197504 main.cc:531] step   29/50 | train loss 4.503596 | lr 1.00e-04 | (118.36 ms | 43256 tok/s | peak used:  2342 MB | peak reserved:  2528 MB, DP=2, TP=2, SP=2, PP=2)
E20260820 08:29:59.468989 140389730197504 main.cc:531] step   30/50 | train loss 4.653382 | lr 1.00e-04 | (118.32 ms | 43271 tok/s | peak used:  2342 MB | peak reserved:  2528 MB, DP=2, TP=2, SP=2, PP=2)
E20260820 08:29:59.767496 140389730197504 checkpoint.cc:206] [CKPT] Save done: dir="/data1/ckpt/3d_ddp2_tp2_pp2_no_resume/gpt2/no_resume/checkpoint_step_000030/rank_000007"
E20260820 08:29:59.773295 140390065762304 checkpoint.cc:206] [CKPT] Save done: dir="/data1/ckpt/3d_ddp2_tp2_pp2_no_resume/gpt2/no_resume/checkpoint_step_000030/rank_000002"
E20260820 08:29:59.776569 140389797310464 checkpoint.cc:206] [CKPT] Save done: dir="/data1/ckpt/3d_ddp2_tp2_pp2_no_resume/gpt2/no_resume/checkpoint_step_000030/rank_000006"
E20260820 08:29:59.778800 140389931536384 checkpoint.cc:206] [CKPT] Save done: dir="/data1/ckpt/3d_ddp2_tp2_pp2_no_resume/gpt2/no_resume/checkpoint_step_000030/rank_000004"
E20260820 08:29:59.782766 140390260244480 checkpoint.cc:206] [CKPT] Save done: dir="/data1/ckpt/3d_ddp2_tp2_pp2_no_resume/gpt2/no_resume/checkpoint_step_000030/rank_000001"
E20260820 08:29:59.788955 140389864423424 checkpoint.cc:206] [CKPT] Save done: dir="/data1/ckpt/3d_ddp2_tp2_pp2_no_resume/gpt2/no_resume/checkpoint_step_000030/rank_000005"
E20260820 08:29:59.790447 140390327357440 checkpoint.cc:206] [CKPT] Save done: dir="/data1/ckpt/3d_ddp2_tp2_pp2_no_resume/gpt2/no_resume/checkpoint_step_000030/rank_000000"
E20260820 08:29:59.805452 140389998649344 checkpoint.cc:206] [CKPT] Save done: dir="/data1/ckpt/3d_ddp2_tp2_pp2_no_resume/gpt2/no_resume/checkpoint_step_000030/rank_000003"
E20260820 08:29:59.899881 140389730197504 main.cc:531] step   31/50 | train loss 4.646862 | lr 1.00e-04 | (132.31 ms | 38697 tok/s | peak used:  2342 MB | peak reserved:  2528 MB, DP=2, TP=2, SP=2, PP=2)
E20260820 08:30:00.016302 140389730197504 main.cc:531] step   32/50 | train loss 4.360770 | lr 1.00e-04 | (116.37 ms | 43999 tok/s | peak used:  2342 MB | peak reserved:  2528 MB, DP=2, TP=2, SP=2, PP=2)
E20260820 08:30:00.130927 140389730197504 main.cc:531] step   33/50 | train loss 4.689915 | lr 1.00e-04 | (114.57 ms | 44688 tok/s | peak used:  2342 MB | peak reserved:  2528 MB, DP=2, TP=2, SP=2, PP=2)
E20260820 08:30:00.246826 140389730197504 main.cc:531] step   34/50 | train loss 4.652094 | lr 1.00e-04 | (115.85 ms | 44195 tok/s | peak used:  2342 MB | peak reserved:  2528 MB, DP=2, TP=2, SP=2, PP=2)
E20260820 08:30:00.363687 140389730197504 main.cc:531] step   35/50 | train loss 4.543900 | lr 1.00e-04 | (116.81 ms | 43830 tok/s | peak used:  2342 MB | peak reserved:  2528 MB, DP=2, TP=2, SP=2, PP=2)
E20260820 08:30:00.480205 140389730197504 main.cc:531] step   36/50 | train loss 4.832331 | lr 1.00e-04 | (116.47 ms | 43959 tok/s | peak used:  2342 MB | peak reserved:  2528 MB, DP=2, TP=2, SP=2, PP=2)
E20260820 08:30:00.592919 140389730197504 main.cc:531] step   37/50 | train loss 4.862926 | lr 1.00e-04 | (112.66 ms | 45448 tok/s | peak used:  2342 MB | peak reserved:  2528 MB, DP=2, TP=2, SP=2, PP=2)
E20260820 08:30:00.711079 140389730197504 main.cc:531] step   38/50 | train loss 4.823745 | lr 1.00e-04 | (118.11 ms | 43348 tok/s | peak used:  2342 MB | peak reserved:  2528 MB, DP=2, TP=2, SP=2, PP=2)
E20260820 08:30:00.823128 140389730197504 main.cc:531] step   39/50 | train loss 4.853215 | lr 1.00e-04 | (112.00 ms | 45715 tok/s | peak used:  2342 MB | peak reserved:  2528 MB, DP=2, TP=2, SP=2, PP=2)
E20260820 08:30:00.939878 140389730197504 main.cc:531] step   40/50 | train loss 4.824492 | lr 1.00e-04 | (116.70 ms | 43872 tok/s | peak used:  2342 MB | peak reserved:  2528 MB, DP=2, TP=2, SP=2, PP=2)
E20260820 08:30:01.222596 140389797310464 checkpoint.cc:206] [CKPT] Save done: dir="/data1/ckpt/3d_ddp2_tp2_pp2_no_resume/gpt2/no_resume/checkpoint_step_000040/rank_000006"
E20260820 08:30:01.233963 140389931536384 checkpoint.cc:206] [CKPT] Save done: dir="/data1/ckpt/3d_ddp2_tp2_pp2_no_resume/gpt2/no_resume/checkpoint_step_000040/rank_000004"
E20260820 08:30:01.239943 140389730197504 checkpoint.cc:206] [CKPT] Save done: dir="/data1/ckpt/3d_ddp2_tp2_pp2_no_resume/gpt2/no_resume/checkpoint_step_000040/rank_000007"
E20260820 08:30:01.258841 140390260244480 checkpoint.cc:206] [CKPT] Save done: dir="/data1/ckpt/3d_ddp2_tp2_pp2_no_resume/gpt2/no_resume/checkpoint_step_000040/rank_000001"
E20260820 08:30:01.260299 140390065762304 checkpoint.cc:206] [CKPT] Save done: dir="/data1/ckpt/3d_ddp2_tp2_pp2_no_resume/gpt2/no_resume/checkpoint_step_000040/rank_000002"
E20260820 08:30:01.261309 140389864423424 checkpoint.cc:206] [CKPT] Save done: dir="/data1/ckpt/3d_ddp2_tp2_pp2_no_resume/gpt2/no_resume/checkpoint_step_000040/rank_000005"
E20260820 08:30:01.275540 140389998649344 checkpoint.cc:206] [CKPT] Save done: dir="/data1/ckpt/3d_ddp2_tp2_pp2_no_resume/gpt2/no_resume/checkpoint_step_000040/rank_000003"
E20260820 08:30:01.276483 140390327357440 checkpoint.cc:206] [CKPT] Save done: dir="/data1/ckpt/3d_ddp2_tp2_pp2_no_resume/gpt2/no_resume/checkpoint_step_000040/rank_000000"
E20260820 08:30:01.368608 140389730197504 main.cc:531] step   41/50 | train loss 4.772593 | lr 1.00e-04 | (128.59 ms | 39815 tok/s | peak used:  2342 MB | peak reserved:  2528 MB, DP=2, TP=2, SP=2, PP=2)
E20260820 08:30:01.483250 140389730197504 main.cc:531] step   42/50 | train loss 4.772711 | lr 1.00e-04 | (114.58 ms | 44683 tok/s | peak used:  2342 MB | peak reserved:  2528 MB, DP=2, TP=2, SP=2, PP=2)
E20260820 08:30:01.605254 140389730197504 main.cc:531] step   43/50 | train loss 4.795121 | lr 1.00e-04 | (121.95 ms | 41983 tok/s | peak used:  2342 MB | peak reserved:  2528 MB, DP=2, TP=2, SP=2, PP=2)
E20260820 08:30:01.721126 140389730197504 main.cc:531] step   44/50 | train loss 4.681509 | lr 1.00e-04 | (115.82 ms | 44207 tok/s | peak used:  2342 MB | peak reserved:  2528 MB, DP=2, TP=2, SP=2, PP=2)
E20260820 08:30:01.836751 140389730197504 main.cc:531] step   45/50 | train loss 4.522458 | lr 1.00e-04 | (115.58 ms | 44300 tok/s | peak used:  2342 MB | peak reserved:  2528 MB, DP=2, TP=2, SP=2, PP=2)
E20260820 08:30:01.949914 140389730197504 main.cc:531] step   46/50 | train loss 4.545523 | lr 1.00e-04 | (113.11 ms | 45265 tok/s | peak used:  2342 MB | peak reserved:  2528 MB, DP=2, TP=2, SP=2, PP=2)
E20260820 08:30:02.066626 140389730197504 main.cc:531] step   47/50 | train loss 4.618790 | lr 1.00e-04 | (116.65 ms | 43892 tok/s | peak used:  2342 MB | peak reserved:  2528 MB, DP=2, TP=2, SP=2, PP=2)
E20260820 08:30:02.182836 140389730197504 main.cc:531] step   48/50 | train loss 4.626948 | lr 1.00e-04 | (116.16 ms | 44077 tok/s | peak used:  2342 MB | peak reserved:  2528 MB, DP=2, TP=2, SP=2, PP=2)
E20260820 08:30:02.299136 140389730197504 main.cc:531] step   49/50 | train loss 4.614968 | lr 1.00e-04 | (116.25 ms | 44043 tok/s | peak used:  2342 MB | peak reserved:  2528 MB, DP=2, TP=2, SP=2, PP=2)
E20260820 08:30:02.412773 140389730197504 main.cc:531] step   50/50 | train loss 4.526660 | lr 1.00e-04 | (113.58 ms | 45080 tok/s | peak used:  2342 MB | peak reserved:  2528 MB, DP=2, TP=2, SP=2, PP=2)
E20260820 08:30:02.696834 140389797310464 checkpoint.cc:206] [CKPT] Save done: dir="/data1/ckpt/3d_ddp2_tp2_pp2_no_resume/gpt2/no_resume/checkpoint_step_000050/rank_000006"
E20260820 08:30:02.708369 140389931536384 checkpoint.cc:206] [CKPT] Save done: dir="/data1/ckpt/3d_ddp2_tp2_pp2_no_resume/gpt2/no_resume/checkpoint_step_000050/rank_000004"
E20260820 08:30:02.713708 140389730197504 checkpoint.cc:206] [CKPT] Save done: dir="/data1/ckpt/3d_ddp2_tp2_pp2_no_resume/gpt2/no_resume/checkpoint_step_000050/rank_000007"
E20260820 08:30:02.715114 140390065762304 checkpoint.cc:206] [CKPT] Save done: dir="/data1/ckpt/3d_ddp2_tp2_pp2_no_resume/gpt2/no_resume/checkpoint_step_000050/rank_000002"
E20260820 08:30:02.718705 140390327357440 checkpoint.cc:206] [CKPT] Save done: dir="/data1/ckpt/3d_ddp2_tp2_pp2_no_resume/gpt2/no_resume/checkpoint_step_000050/rank_000000"
E20260820 08:30:02.726785 140390260244480 checkpoint.cc:206] [CKPT] Save done: dir="/data1/ckpt/3d_ddp2_tp2_pp2_no_resume/gpt2/no_resume/checkpoint_step_000050/rank_000001"
E20260820 08:30:02.729094 140389998649344 checkpoint.cc:206] [CKPT] Save done: dir="/data1/ckpt/3d_ddp2_tp2_pp2_no_resume/gpt2/no_resume/checkpoint_step_000050/rank_000003"
E20260820 08:30:02.730421 140389864423424 checkpoint.cc:206] [CKPT] Save done: dir="/data1/ckpt/3d_ddp2_tp2_pp2_no_resume/gpt2/no_resume/checkpoint_step_000050/rank_000005"
