[LAST_CMAKE] cmake -DUSE_CUDA=ON -DUSE_NCCL=ON -DBUILD_TEST=ON -DPROFILE_MODE=OFF .. && make -j
[RUN_METADATA] /home/jiyiming/code/InfiniTrain/scripts/20260921/unknown_unknown/logs/run_metadata.log
[RUN_STARTED_AT] 2026-09-21 07:16:49
[GIT_BRANCH] unknown
[GIT_COMMIT] unknown
[GIT_COMMIT_SHORT] unknown
[COMMAND] ./gpt2 --input_bin /data1/shared/InfiniTrain-dev/data/llmc/gpt2/tinyshakespeare/tiny_shakespeare_train.bin --llmc_filepath /data1/shared/InfiniTrain-dev/data/llmc/gpt2/gpt2_124M.bin --device cuda --num_iteration=50 --save_interval=10 --save=/data1/ckpt/no_resume/gpt2/no_resume
E20260921 07:51:39.368543 140399184171008 main.cc:547] step    1/50 | train loss 5.356189 | lr 1.00e-04 | (103.87 ms | 2465 tok/s | peak used:  1422 MB | peak reserved:  1536 MB, DP=1, TP=1, SP=1, PP=1)
E20260921 07:51:39.401629 140399184171008 main.cc:547] step    2/50 | train loss 5.060537 | lr 1.00e-04 | (32.06 ms | 7985 tok/s | peak used:  1422 MB | peak reserved:  1568 MB, DP=1, TP=1, SP=1, PP=1)
E20260921 07:51:39.433733 140399184171008 main.cc:547] step    3/50 | train loss 4.860392 | lr 1.00e-04 | (32.06 ms | 7985 tok/s | peak used:  1422 MB | peak reserved:  1600 MB, DP=1, TP=1, SP=1, PP=1)
E20260921 07:51:39.465803 140399184171008 main.cc:547] step    4/50 | train loss 4.961350 | lr 1.00e-04 | (32.03 ms | 7993 tok/s | peak used:  1422 MB | peak reserved:  1600 MB, DP=1, TP=1, SP=1, PP=1)
E20260921 07:51:39.497866 140399184171008 main.cc:547] step    5/50 | train loss 4.888249 | lr 1.00e-04 | (32.02 ms | 7994 tok/s | peak used:  1422 MB | peak reserved:  1600 MB, DP=1, TP=1, SP=1, PP=1)
E20260921 07:51:39.529940 140399184171008 main.cc:547] step    6/50 | train loss 5.099221 | lr 1.00e-04 | (32.04 ms | 7991 tok/s | peak used:  1422 MB | peak reserved:  1600 MB, DP=1, TP=1, SP=1, PP=1)
E20260921 07:51:39.561348 140399184171008 main.cc:547] step    7/50 | train loss 4.860510 | lr 1.00e-04 | (31.37 ms | 8161 tok/s | peak used:  1422 MB | peak reserved:  1600 MB, DP=1, TP=1, SP=1, PP=1)
E20260921 07:51:39.590082 140399184171008 main.cc:547] step    8/50 | train loss 4.945080 | lr 1.00e-04 | (28.70 ms | 8921 tok/s | peak used:  1422 MB | peak reserved:  1600 MB, DP=1, TP=1, SP=1, PP=1)
E20260921 07:51:39.618816 140399184171008 main.cc:547] step    9/50 | train loss 5.121230 | lr 1.00e-04 | (28.70 ms | 8921 tok/s | peak used:  1422 MB | peak reserved:  1600 MB, DP=1, TP=1, SP=1, PP=1)
E20260921 07:51:39.647539 140399184171008 main.cc:547] step   10/50 | train loss 5.270922 | lr 1.00e-04 | (28.69 ms | 8925 tok/s | peak used:  1422 MB | peak reserved:  1600 MB, DP=1, TP=1, SP=1, PP=1)
E20260921 07:51:40.405069 140399184171008 checkpoint.cc:206] [CKPT] Save done: dir="/data1/ckpt/no_resume/gpt2/no_resume/checkpoint_step_000010"
E20260921 07:51:40.434430 140399184171008 main.cc:547] step   11/50 | train loss 5.079762 | lr 1.00e-04 | (29.24 ms | 8754 tok/s | peak used:  1422 MB | peak reserved:  1600 MB, DP=1, TP=1, SP=1, PP=1)
E20260921 07:51:40.463252 140399184171008 main.cc:547] step   12/50 | train loss 4.640815 | lr 1.00e-04 | (28.78 ms | 8895 tok/s | peak used:  1422 MB | peak reserved:  1600 MB, DP=1, TP=1, SP=1, PP=1)
E20260921 07:51:40.492002 140399184171008 main.cc:547] step   13/50 | train loss 4.714129 | lr 1.00e-04 | (28.71 ms | 8916 tok/s | peak used:  1422 MB | peak reserved:  1600 MB, DP=1, TP=1, SP=1, PP=1)
E20260921 07:51:40.520760 140399184171008 main.cc:547] step   14/50 | train loss 4.857727 | lr 1.00e-04 | (28.72 ms | 8914 tok/s | peak used:  1422 MB | peak reserved:  1600 MB, DP=1, TP=1, SP=1, PP=1)
E20260921 07:51:40.549490 140399184171008 main.cc:547] step   15/50 | train loss 5.046247 | lr 1.00e-04 | (28.69 ms | 8922 tok/s | peak used:  1422 MB | peak reserved:  1600 MB, DP=1, TP=1, SP=1, PP=1)
E20260921 07:51:40.578207 140399184171008 main.cc:547] step   16/50 | train loss 4.795307 | lr 1.00e-04 | (28.68 ms | 8926 tok/s | peak used:  1422 MB | peak reserved:  1600 MB, DP=1, TP=1, SP=1, PP=1)
E20260921 07:51:40.606933 140399184171008 main.cc:547] step   17/50 | train loss 5.152838 | lr 1.00e-04 | (28.69 ms | 8923 tok/s | peak used:  1422 MB | peak reserved:  1600 MB, DP=1, TP=1, SP=1, PP=1)
E20260921 07:51:40.635639 140399184171008 main.cc:547] step   18/50 | train loss 5.007977 | lr 1.00e-04 | (28.66 ms | 8932 tok/s | peak used:  1422 MB | peak reserved:  1600 MB, DP=1, TP=1, SP=1, PP=1)
E20260921 07:51:40.664351 140399184171008 main.cc:547] step   19/50 | train loss 4.678185 | lr 1.00e-04 | (28.66 ms | 8931 tok/s | peak used:  1422 MB | peak reserved:  1600 MB, DP=1, TP=1, SP=1, PP=1)
E20260921 07:51:40.693079 140399184171008 main.cc:547] step   20/50 | train loss 4.471813 | lr 1.00e-04 | (28.68 ms | 8926 tok/s | peak used:  1422 MB | peak reserved:  1600 MB, DP=1, TP=1, SP=1, PP=1)
E20260921 07:51:41.453316 140399184171008 checkpoint.cc:206] [CKPT] Save done: dir="/data1/ckpt/no_resume/gpt2/no_resume/checkpoint_step_000020"
E20260921 07:51:41.482649 140399184171008 main.cc:547] step   21/50 | train loss 4.759268 | lr 1.00e-04 | (29.23 ms | 8760 tok/s | peak used:  1422 MB | peak reserved:  1600 MB, DP=1, TP=1, SP=1, PP=1)
E20260921 07:51:41.511404 140399184171008 main.cc:547] step   22/50 | train loss 4.649652 | lr 1.00e-04 | (28.71 ms | 8917 tok/s | peak used:  1422 MB | peak reserved:  1600 MB, DP=1, TP=1, SP=1, PP=1)
E20260921 07:51:41.540124 140399184171008 main.cc:547] step   23/50 | train loss 4.867077 | lr 1.00e-04 | (28.68 ms | 8926 tok/s | peak used:  1422 MB | peak reserved:  1600 MB, DP=1, TP=1, SP=1, PP=1)
E20260921 07:51:41.568847 140399184171008 main.cc:547] step   24/50 | train loss 4.680347 | lr 1.00e-04 | (28.68 ms | 8925 tok/s | peak used:  1422 MB | peak reserved:  1600 MB, DP=1, TP=1, SP=1, PP=1)
E20260921 07:51:41.597607 140399184171008 main.cc:547] step   25/50 | train loss 4.584333 | lr 1.00e-04 | (28.71 ms | 8917 tok/s | peak used:  1422 MB | peak reserved:  1600 MB, DP=1, TP=1, SP=1, PP=1)
E20260921 07:51:41.626313 140399184171008 main.cc:547] step   26/50 | train loss 4.714128 | lr 1.00e-04 | (28.67 ms | 8930 tok/s | peak used:  1422 MB | peak reserved:  1600 MB, DP=1, TP=1, SP=1, PP=1)
E20260921 07:51:41.655021 140399184171008 main.cc:547] step   27/50 | train loss 4.354902 | lr 1.00e-04 | (28.67 ms | 8930 tok/s | peak used:  1422 MB | peak reserved:  1600 MB, DP=1, TP=1, SP=1, PP=1)
E20260921 07:51:41.683744 140399184171008 main.cc:547] step   28/50 | train loss 4.679759 | lr 1.00e-04 | (28.68 ms | 8925 tok/s | peak used:  1422 MB | peak reserved:  1600 MB, DP=1, TP=1, SP=1, PP=1)
E20260921 07:51:41.712488 140399184171008 main.cc:547] step   29/50 | train loss 4.827115 | lr 1.00e-04 | (28.71 ms | 8918 tok/s | peak used:  1422 MB | peak reserved:  1600 MB, DP=1, TP=1, SP=1, PP=1)
E20260921 07:51:41.741198 140399184171008 main.cc:547] step   30/50 | train loss 4.537294 | lr 1.00e-04 | (28.67 ms | 8929 tok/s | peak used:  1422 MB | peak reserved:  1600 MB, DP=1, TP=1, SP=1, PP=1)
E20260921 07:51:42.497861 140399184171008 checkpoint.cc:206] [CKPT] Save done: dir="/data1/ckpt/no_resume/gpt2/no_resume/checkpoint_step_000030"
E20260921 07:51:42.527170 140399184171008 main.cc:547] step   31/50 | train loss 4.772681 | lr 1.00e-04 | (29.19 ms | 8769 tok/s | peak used:  1422 MB | peak reserved:  1600 MB, DP=1, TP=1, SP=1, PP=1)
E20260921 07:51:42.555953 140399184171008 main.cc:547] step   32/50 | train loss 4.745453 | lr 1.00e-04 | (28.74 ms | 8908 tok/s | peak used:  1422 MB | peak reserved:  1600 MB, DP=1, TP=1, SP=1, PP=1)
E20260921 07:51:42.584703 140399184171008 main.cc:547] step   33/50 | train loss 4.572053 | lr 1.00e-04 | (28.71 ms | 8917 tok/s | peak used:  1422 MB | peak reserved:  1600 MB, DP=1, TP=1, SP=1, PP=1)
E20260921 07:51:42.613417 140399184171008 main.cc:547] step   34/50 | train loss 4.968211 | lr 1.00e-04 | (28.67 ms | 8928 tok/s | peak used:  1422 MB | peak reserved:  1600 MB, DP=1, TP=1, SP=1, PP=1)
E20260921 07:51:42.642136 140399184171008 main.cc:547] step   35/50 | train loss 5.016877 | lr 1.00e-04 | (28.68 ms | 8926 tok/s | peak used:  1422 MB | peak reserved:  1600 MB, DP=1, TP=1, SP=1, PP=1)
E20260921 07:51:42.670846 140399184171008 main.cc:547] step   36/50 | train loss 5.076681 | lr 1.00e-04 | (28.67 ms | 8928 tok/s | peak used:  1422 MB | peak reserved:  1600 MB, DP=1, TP=1, SP=1, PP=1)
E20260921 07:51:42.699585 140399184171008 main.cc:547] step   37/50 | train loss 5.004405 | lr 1.00e-04 | (28.70 ms | 8921 tok/s | peak used:  1422 MB | peak reserved:  1600 MB, DP=1, TP=1, SP=1, PP=1)
E20260921 07:51:42.728288 140399184171008 main.cc:547] step   38/50 | train loss 4.560109 | lr 1.00e-04 | (28.66 ms | 8931 tok/s | peak used:  1422 MB | peak reserved:  1600 MB, DP=1, TP=1, SP=1, PP=1)
E20260921 07:51:42.757032 140399184171008 main.cc:547] step   39/50 | train loss 4.824965 | lr 1.00e-04 | (28.70 ms | 8921 tok/s | peak used:  1422 MB | peak reserved:  1600 MB, DP=1, TP=1, SP=1, PP=1)
E20260921 07:51:42.785808 140399184171008 main.cc:547] step   40/50 | train loss 4.739438 | lr 1.00e-04 | (28.74 ms | 8908 tok/s | peak used:  1422 MB | peak reserved:  1600 MB, DP=1, TP=1, SP=1, PP=1)
E20260921 07:51:43.547065 140399184171008 checkpoint.cc:206] [CKPT] Save done: dir="/data1/ckpt/no_resume/gpt2/no_resume/checkpoint_step_000040"
E20260921 07:51:43.656041 140399184171008 main.cc:547] step   41/50 | train loss 4.771608 | lr 1.00e-04 | (29.40 ms | 8709 tok/s | peak used:  1422 MB | peak reserved:  1600 MB, DP=1, TP=1, SP=1, PP=1)
E20260921 07:51:43.684910 140399184171008 main.cc:547] step   42/50 | train loss 4.766147 | lr 1.00e-04 | (28.82 ms | 8883 tok/s | peak used:  1422 MB | peak reserved:  1600 MB, DP=1, TP=1, SP=1, PP=1)
E20260921 07:51:43.713648 140399184171008 main.cc:547] step   43/50 | train loss 4.433417 | lr 1.00e-04 | (28.69 ms | 8924 tok/s | peak used:  1422 MB | peak reserved:  1600 MB, DP=1, TP=1, SP=1, PP=1)
E20260921 07:51:43.742388 140399184171008 main.cc:547] step   44/50 | train loss 4.349253 | lr 1.00e-04 | (28.70 ms | 8919 tok/s | peak used:  1422 MB | peak reserved:  1600 MB, DP=1, TP=1, SP=1, PP=1)
E20260921 07:51:43.771113 140399184171008 main.cc:547] step   45/50 | train loss 4.474981 | lr 1.00e-04 | (28.69 ms | 8924 tok/s | peak used:  1422 MB | peak reserved:  1600 MB, DP=1, TP=1, SP=1, PP=1)
E20260921 07:51:43.799860 140399184171008 main.cc:547] step   46/50 | train loss 4.375554 | lr 1.00e-04 | (28.71 ms | 8917 tok/s | peak used:  1422 MB | peak reserved:  1600 MB, DP=1, TP=1, SP=1, PP=1)
E20260921 07:51:43.828575 140399184171008 main.cc:547] step   47/50 | train loss 4.604451 | lr 1.00e-04 | (28.67 ms | 8928 tok/s | peak used:  1422 MB | peak reserved:  1600 MB, DP=1, TP=1, SP=1, PP=1)
E20260921 07:51:43.857292 140399184171008 main.cc:547] step   48/50 | train loss 4.545735 | lr 1.00e-04 | (28.68 ms | 8927 tok/s | peak used:  1422 MB | peak reserved:  1600 MB, DP=1, TP=1, SP=1, PP=1)
E20260921 07:51:43.886043 140399184171008 main.cc:547] step   49/50 | train loss 4.759528 | lr 1.00e-04 | (28.71 ms | 8916 tok/s | peak used:  1422 MB | peak reserved:  1600 MB, DP=1, TP=1, SP=1, PP=1)
E20260921 07:51:43.914747 140399184171008 main.cc:547] step   50/50 | train loss 4.657005 | lr 1.00e-04 | (28.67 ms | 8930 tok/s | peak used:  1422 MB | peak reserved:  1600 MB, DP=1, TP=1, SP=1, PP=1)
E20260921 07:51:44.688916 140399184171008 checkpoint.cc:206] [CKPT] Save done: dir="/data1/ckpt/no_resume/gpt2/no_resume/checkpoint_step_000050"
