[LAST_CMAKE] cmake -DUSE_CUDA=ON -DUSE_NCCL=ON -DBUILD_TEST=ON -DPROFILE_MODE=OFF .. && make -j
[RUN_METADATA] /home/jiyiming/code/InfiniTrain/scripts/20260921/unknown_unknown/logs/run_metadata.log
[RUN_STARTED_AT] 2026-09-21 07:16:49
[GIT_BRANCH] unknown
[GIT_COMMIT] unknown
[GIT_COMMIT_SHORT] unknown
[COMMAND] ./gpt2 --input_bin /data1/shared/InfiniTrain-dev/data/llmc/gpt2/tinyshakespeare/tiny_shakespeare_train.bin --llmc_filepath /data1/shared/InfiniTrain-dev/data/llmc/gpt2/gpt2_124M.bin --device cuda --dtype=bfloat16 --num_iteration=50 --save_interval=10 --save=/data1/ckpt/bfloat16_no_resume/gpt2/no_resume
E20260921 07:55:14.954132 139678457835520 main.cc:547] step    1/50 | train loss 5.336104 | lr 1.00e-04 | (154.34 ms | 1659 tok/s | peak used:  1397 MB | peak reserved:  1536 MB, DP=1, TP=1, SP=1, PP=1)
E20260921 07:55:14.988214 139678457835520 main.cc:547] step    2/50 | train loss 5.025698 | lr 1.00e-04 | (33.14 ms | 7724 tok/s | peak used:  1397 MB | peak reserved:  1664 MB, DP=1, TP=1, SP=1, PP=1)
E20260921 07:55:15.026878 139678457835520 main.cc:547] step    3/50 | train loss 4.875177 | lr 1.00e-04 | (38.62 ms | 6628 tok/s | peak used:  1397 MB | peak reserved:  1792 MB, DP=1, TP=1, SP=1, PP=1)
E20260921 07:55:15.057337 139678457835520 main.cc:547] step    4/50 | train loss 4.926510 | lr 1.00e-04 | (30.42 ms | 8416 tok/s | peak used:  1397 MB | peak reserved:  1888 MB, DP=1, TP=1, SP=1, PP=1)
E20260921 07:55:15.087856 139678457835520 main.cc:547] step    5/50 | train loss 4.915473 | lr 1.00e-04 | (30.48 ms | 8399 tok/s | peak used:  1397 MB | peak reserved:  1920 MB, DP=1, TP=1, SP=1, PP=1)
E20260921 07:55:15.118228 139678457835520 main.cc:547] step    6/50 | train loss 5.058538 | lr 1.00e-04 | (30.34 ms | 8439 tok/s | peak used:  1397 MB | peak reserved:  2016 MB, DP=1, TP=1, SP=1, PP=1)
E20260921 07:55:15.148503 139678457835520 main.cc:547] step    7/50 | train loss 4.847563 | lr 1.00e-04 | (30.24 ms | 8466 tok/s | peak used:  1397 MB | peak reserved:  2080 MB, DP=1, TP=1, SP=1, PP=1)
E20260921 07:55:15.178910 139678457835520 main.cc:547] step    8/50 | train loss 4.891709 | lr 1.00e-04 | (30.37 ms | 8430 tok/s | peak used:  1397 MB | peak reserved:  2144 MB, DP=1, TP=1, SP=1, PP=1)
E20260921 07:55:15.208974 139678457835520 main.cc:547] step    9/50 | train loss 5.113058 | lr 1.00e-04 | (30.03 ms | 8526 tok/s | peak used:  1397 MB | peak reserved:  2144 MB, DP=1, TP=1, SP=1, PP=1)
E20260921 07:55:15.238989 139678457835520 main.cc:547] step   10/50 | train loss 5.214589 | lr 1.00e-04 | (29.98 ms | 8540 tok/s | peak used:  1397 MB | peak reserved:  2208 MB, DP=1, TP=1, SP=1, PP=1)
E20260921 07:55:15.966916 139678457835520 checkpoint.cc:206] [CKPT] Save done: dir="/data1/ckpt/bfloat16_no_resume/gpt2/no_resume/checkpoint_step_000010"
E20260921 07:55:16.006559 139678457835520 main.cc:547] step   11/50 | train loss 5.050707 | lr 1.00e-04 | (39.52 ms | 6478 tok/s | peak used:  1397 MB | peak reserved:  2336 MB, DP=1, TP=1, SP=1, PP=1)
E20260921 07:55:16.043599 139678457835520 main.cc:547] step   12/50 | train loss 4.639085 | lr 1.00e-04 | (36.99 ms | 6920 tok/s | peak used:  1397 MB | peak reserved:  2336 MB, DP=1, TP=1, SP=1, PP=1)
E20260921 07:55:16.075607 139678457835520 main.cc:547] step   13/50 | train loss 4.686928 | lr 1.00e-04 | (31.97 ms | 8008 tok/s | peak used:  1397 MB | peak reserved:  2336 MB, DP=1, TP=1, SP=1, PP=1)
E20260921 07:55:16.105899 139678457835520 main.cc:547] step   14/50 | train loss 4.840288 | lr 1.00e-04 | (30.25 ms | 8462 tok/s | peak used:  1397 MB | peak reserved:  2336 MB, DP=1, TP=1, SP=1, PP=1)
E20260921 07:55:16.142412 139678457835520 main.cc:547] step   15/50 | train loss 4.993493 | lr 1.00e-04 | (36.48 ms | 7018 tok/s | peak used:  1397 MB | peak reserved:  2336 MB, DP=1, TP=1, SP=1, PP=1)
E20260921 07:55:16.178888 139678457835520 main.cc:547] step   16/50 | train loss 4.749559 | lr 1.00e-04 | (36.44 ms | 7025 tok/s | peak used:  1397 MB | peak reserved:  2336 MB, DP=1, TP=1, SP=1, PP=1)
E20260921 07:55:16.209078 139678457835520 main.cc:547] step   17/50 | train loss 5.121212 | lr 1.00e-04 | (30.15 ms | 8490 tok/s | peak used:  1397 MB | peak reserved:  2336 MB, DP=1, TP=1, SP=1, PP=1)
E20260921 07:55:16.245102 139678457835520 main.cc:547] step   18/50 | train loss 4.962989 | lr 1.00e-04 | (35.98 ms | 7115 tok/s | peak used:  1397 MB | peak reserved:  2336 MB, DP=1, TP=1, SP=1, PP=1)
E20260921 07:55:16.274957 139678457835520 main.cc:547] step   19/50 | train loss 4.665699 | lr 1.00e-04 | (29.81 ms | 8588 tok/s | peak used:  1397 MB | peak reserved:  2336 MB, DP=1, TP=1, SP=1, PP=1)
E20260921 07:55:16.305176 139678457835520 main.cc:547] step   20/50 | train loss 4.409414 | lr 1.00e-04 | (30.18 ms | 8483 tok/s | peak used:  1397 MB | peak reserved:  2336 MB, DP=1, TP=1, SP=1, PP=1)
E20260921 07:55:17.015649 139678457835520 checkpoint.cc:206] [CKPT] Save done: dir="/data1/ckpt/bfloat16_no_resume/gpt2/no_resume/checkpoint_step_000020"
E20260921 07:55:17.046615 139678457835520 main.cc:547] step   21/50 | train loss 4.734009 | lr 1.00e-04 | (30.85 ms | 8299 tok/s | peak used:  1397 MB | peak reserved:  2336 MB, DP=1, TP=1, SP=1, PP=1)
E20260921 07:55:17.076688 139678457835520 main.cc:547] step   22/50 | train loss 4.644446 | lr 1.00e-04 | (30.03 ms | 8526 tok/s | peak used:  1397 MB | peak reserved:  2336 MB, DP=1, TP=1, SP=1, PP=1)
E20260921 07:55:17.106961 139678457835520 main.cc:547] step   23/50 | train loss 4.847941 | lr 1.00e-04 | (30.24 ms | 8467 tok/s | peak used:  1397 MB | peak reserved:  2336 MB, DP=1, TP=1, SP=1, PP=1)
E20260921 07:55:17.137139 139678457835520 main.cc:547] step   24/50 | train loss 4.653007 | lr 1.00e-04 | (30.14 ms | 8494 tok/s | peak used:  1397 MB | peak reserved:  2336 MB, DP=1, TP=1, SP=1, PP=1)
E20260921 07:55:17.176264 139678457835520 main.cc:547] step   25/50 | train loss 4.545983 | lr 1.00e-04 | (39.09 ms | 6549 tok/s | peak used:  1397 MB | peak reserved:  2336 MB, DP=1, TP=1, SP=1, PP=1)
E20260921 07:55:17.212701 139678457835520 main.cc:547] step   26/50 | train loss 4.676358 | lr 1.00e-04 | (36.40 ms | 7033 tok/s | peak used:  1397 MB | peak reserved:  2336 MB, DP=1, TP=1, SP=1, PP=1)
E20260921 07:55:17.255080 139678457835520 main.cc:547] step   27/50 | train loss 4.346560 | lr 1.00e-04 | (42.34 ms | 6046 tok/s | peak used:  1397 MB | peak reserved:  2336 MB, DP=1, TP=1, SP=1, PP=1)
E20260921 07:55:17.285444 139678457835520 main.cc:547] step   28/50 | train loss 4.646299 | lr 1.00e-04 | (30.33 ms | 8442 tok/s | peak used:  1397 MB | peak reserved:  2336 MB, DP=1, TP=1, SP=1, PP=1)
E20260921 07:55:17.321685 139678457835520 main.cc:547] step   29/50 | train loss 4.815675 | lr 1.00e-04 | (36.20 ms | 7071 tok/s | peak used:  1397 MB | peak reserved:  2336 MB, DP=1, TP=1, SP=1, PP=1)
E20260921 07:55:17.363693 139678457835520 main.cc:547] step   30/50 | train loss 4.521134 | lr 1.00e-04 | (41.97 ms | 6099 tok/s | peak used:  1397 MB | peak reserved:  2336 MB, DP=1, TP=1, SP=1, PP=1)
E20260921 07:55:18.071876 139678457835520 checkpoint.cc:206] [CKPT] Save done: dir="/data1/ckpt/bfloat16_no_resume/gpt2/no_resume/checkpoint_step_000030"
E20260921 07:55:18.102968 139678457835520 main.cc:547] step   31/50 | train loss 4.763886 | lr 1.00e-04 | (30.97 ms | 8265 tok/s | peak used:  1397 MB | peak reserved:  2336 MB, DP=1, TP=1, SP=1, PP=1)
E20260921 07:55:18.133120 139678457835520 main.cc:547] step   32/50 | train loss 4.748373 | lr 1.00e-04 | (30.11 ms | 8503 tok/s | peak used:  1397 MB | peak reserved:  2336 MB, DP=1, TP=1, SP=1, PP=1)
E20260921 07:55:18.163247 139678457835520 main.cc:547] step   33/50 | train loss 4.544286 | lr 1.00e-04 | (30.09 ms | 8508 tok/s | peak used:  1397 MB | peak reserved:  2368 MB, DP=1, TP=1, SP=1, PP=1)
E20260921 07:55:18.193688 139678457835520 main.cc:547] step   34/50 | train loss 4.949315 | lr 1.00e-04 | (30.40 ms | 8420 tok/s | peak used:  1397 MB | peak reserved:  2400 MB, DP=1, TP=1, SP=1, PP=1)
E20260921 07:55:18.223652 139678457835520 main.cc:547] step   35/50 | train loss 5.006222 | lr 1.00e-04 | (29.93 ms | 8554 tok/s | peak used:  1397 MB | peak reserved:  2432 MB, DP=1, TP=1, SP=1, PP=1)
E20260921 07:55:18.253605 139678457835520 main.cc:547] step   36/50 | train loss 5.063475 | lr 1.00e-04 | (29.92 ms | 8557 tok/s | peak used:  1397 MB | peak reserved:  2432 MB, DP=1, TP=1, SP=1, PP=1)
E20260921 07:55:18.283821 139678457835520 main.cc:547] step   37/50 | train loss 4.976031 | lr 1.00e-04 | (30.17 ms | 8486 tok/s | peak used:  1397 MB | peak reserved:  2432 MB, DP=1, TP=1, SP=1, PP=1)
E20260921 07:55:18.313978 139678457835520 main.cc:547] step   38/50 | train loss 4.534373 | lr 1.00e-04 | (30.12 ms | 8499 tok/s | peak used:  1397 MB | peak reserved:  2432 MB, DP=1, TP=1, SP=1, PP=1)
E20260921 07:55:18.344048 139678457835520 main.cc:547] step   39/50 | train loss 4.826632 | lr 1.00e-04 | (30.03 ms | 8526 tok/s | peak used:  1397 MB | peak reserved:  2432 MB, DP=1, TP=1, SP=1, PP=1)
E20260921 07:55:18.381189 139678457835520 main.cc:547] step   40/50 | train loss 4.726140 | lr 1.00e-04 | (37.10 ms | 6899 tok/s | peak used:  1397 MB | peak reserved:  2432 MB, DP=1, TP=1, SP=1, PP=1)
E20260921 07:55:19.073238 139678457835520 checkpoint.cc:206] [CKPT] Save done: dir="/data1/ckpt/bfloat16_no_resume/gpt2/no_resume/checkpoint_step_000040"
E20260921 07:55:19.186682 139678457835520 main.cc:547] step   41/50 | train loss 4.764121 | lr 1.00e-04 | (33.46 ms | 7650 tok/s | peak used:  1397 MB | peak reserved:  2432 MB, DP=1, TP=1, SP=1, PP=1)
E20260921 07:55:19.227143 139678457835520 main.cc:547] step   42/50 | train loss 4.726493 | lr 1.00e-04 | (40.40 ms | 6337 tok/s | peak used:  1397 MB | peak reserved:  2432 MB, DP=1, TP=1, SP=1, PP=1)
E20260921 07:55:19.261314 139678457835520 main.cc:547] step   43/50 | train loss 4.404695 | lr 1.00e-04 | (34.12 ms | 7503 tok/s | peak used:  1397 MB | peak reserved:  2432 MB, DP=1, TP=1, SP=1, PP=1)
E20260921 07:55:19.292486 139678457835520 main.cc:547] step   44/50 | train loss 4.315230 | lr 1.00e-04 | (31.13 ms | 8223 tok/s | peak used:  1397 MB | peak reserved:  2432 MB, DP=1, TP=1, SP=1, PP=1)
E20260921 07:55:19.323870 139678457835520 main.cc:547] step   45/50 | train loss 4.459292 | lr 1.00e-04 | (31.35 ms | 8167 tok/s | peak used:  1397 MB | peak reserved:  2432 MB, DP=1, TP=1, SP=1, PP=1)
E20260921 07:55:19.355602 139678457835520 main.cc:547] step   46/50 | train loss 4.348475 | lr 1.00e-04 | (31.70 ms | 8077 tok/s | peak used:  1397 MB | peak reserved:  2464 MB, DP=1, TP=1, SP=1, PP=1)
E20260921 07:55:19.387381 139678457835520 main.cc:547] step   47/50 | train loss 4.600980 | lr 1.00e-04 | (31.74 ms | 8065 tok/s | peak used:  1397 MB | peak reserved:  2464 MB, DP=1, TP=1, SP=1, PP=1)
E20260921 07:55:19.419124 139678457835520 main.cc:547] step   48/50 | train loss 4.510085 | lr 1.00e-04 | (31.71 ms | 8074 tok/s | peak used:  1397 MB | peak reserved:  2496 MB, DP=1, TP=1, SP=1, PP=1)
E20260921 07:55:19.450435 139678457835520 main.cc:547] step   49/50 | train loss 4.726105 | lr 1.00e-04 | (31.27 ms | 8186 tok/s | peak used:  1397 MB | peak reserved:  2496 MB, DP=1, TP=1, SP=1, PP=1)
E20260921 07:55:19.482131 139678457835520 main.cc:547] step   50/50 | train loss 4.650451 | lr 1.00e-04 | (31.66 ms | 8086 tok/s | peak used:  1397 MB | peak reserved:  2496 MB, DP=1, TP=1, SP=1, PP=1)
E20260921 07:55:20.247325 139678457835520 checkpoint.cc:206] [CKPT] Save done: dir="/data1/ckpt/bfloat16_no_resume/gpt2/no_resume/checkpoint_step_000050"
