[LAST_CMAKE] cmake -DUSE_CUDA=ON -DUSE_NCCL=ON -DBUILD_TEST=ON -DPROFILE_MODE=OFF .. && make -j
[RUN_METADATA] /home/jiyiming/code/InfiniTrain/scripts/20260921/unknown_unknown/logs/run_metadata.log
[RUN_STARTED_AT] 2026-09-21 07:16:49
[GIT_BRANCH] unknown
[GIT_COMMIT] unknown
[GIT_COMMIT_SHORT] unknown
[COMMAND] ./gpt2 --input_bin /data1/shared/InfiniTrain-dev/data/llmc/gpt2/tinyshakespeare/tiny_shakespeare_train.bin --llmc_filepath /data1/shared/InfiniTrain-dev/data/llmc/gpt2/gpt2_124M.bin --device cuda --dtype=bfloat16 --num_iteration=50 --save_interval=10 --load=/data1/ckpt/bfloat16_no_resume/gpt2/no_resume/checkpoint_step_000030 --save=/data1/ckpt/bfloat16_resume/gpt2/resume
E20260921 07:57:28.920984 140189032558592 checkpoint.cc:239] [CKPT] Load done: global_step=30, consumed_train_samples=120, topology(ddp,tp,sp,pp)=(1,1,1,1)
E20260921 07:57:29.062150 140189032558592 main.cc:547] step   31/50 | train loss 4.763886 | lr 1.00e-04 | (140.26 ms | 1825 tok/s | peak used:  1397 MB | peak reserved:  1536 MB, DP=1, TP=1, SP=1, PP=1)
E20260921 07:57:29.092562 140189032558592 main.cc:547] step   32/50 | train loss 4.748373 | lr 1.00e-04 | (30.33 ms | 8441 tok/s | peak used:  1397 MB | peak reserved:  1664 MB, DP=1, TP=1, SP=1, PP=1)
E20260921 07:57:29.122838 140189032558592 main.cc:547] step   33/50 | train loss 4.544286 | lr 1.00e-04 | (30.24 ms | 8467 tok/s | peak used:  1397 MB | peak reserved:  1824 MB, DP=1, TP=1, SP=1, PP=1)
E20260921 07:57:29.153051 140189032558592 main.cc:547] step   34/50 | train loss 4.949315 | lr 1.00e-04 | (30.18 ms | 8484 tok/s | peak used:  1397 MB | peak reserved:  1920 MB, DP=1, TP=1, SP=1, PP=1)
E20260921 07:57:29.183311 140189032558592 main.cc:547] step   35/50 | train loss 5.006222 | lr 1.00e-04 | (30.22 ms | 8470 tok/s | peak used:  1397 MB | peak reserved:  1952 MB, DP=1, TP=1, SP=1, PP=1)
E20260921 07:57:29.213680 140189032558592 main.cc:547] step   36/50 | train loss 5.063475 | lr 1.00e-04 | (30.32 ms | 8444 tok/s | peak used:  1397 MB | peak reserved:  2016 MB, DP=1, TP=1, SP=1, PP=1)
E20260921 07:57:29.243863 140189032558592 main.cc:547] step   37/50 | train loss 4.976031 | lr 1.00e-04 | (30.15 ms | 8492 tok/s | peak used:  1397 MB | peak reserved:  2144 MB, DP=1, TP=1, SP=1, PP=1)
E20260921 07:57:29.274226 140189032558592 main.cc:547] step   38/50 | train loss 4.534373 | lr 1.00e-04 | (30.33 ms | 8442 tok/s | peak used:  1397 MB | peak reserved:  2208 MB, DP=1, TP=1, SP=1, PP=1)
E20260921 07:57:29.304388 140189032558592 main.cc:547] step   39/50 | train loss 4.826632 | lr 1.00e-04 | (30.12 ms | 8498 tok/s | peak used:  1397 MB | peak reserved:  2240 MB, DP=1, TP=1, SP=1, PP=1)
E20260921 07:57:29.334373 140189032558592 main.cc:547] step   40/50 | train loss 4.726140 | lr 1.00e-04 | (29.95 ms | 8549 tok/s | peak used:  1397 MB | peak reserved:  2272 MB, DP=1, TP=1, SP=1, PP=1)
E20260921 07:57:30.044042 140189032558592 checkpoint.cc:206] [CKPT] Save done: dir="/data1/ckpt/bfloat16_resume/gpt2/resume/checkpoint_step_000040"
E20260921 07:57:30.081187 140189032558592 main.cc:547] step   41/50 | train loss 4.764121 | lr 1.00e-04 | (37.03 ms | 6914 tok/s | peak used:  1397 MB | peak reserved:  2272 MB, DP=1, TP=1, SP=1, PP=1)
E20260921 07:57:30.112015 140189032558592 main.cc:547] step   42/50 | train loss 4.726493 | lr 1.00e-04 | (30.78 ms | 8318 tok/s | peak used:  1397 MB | peak reserved:  2272 MB, DP=1, TP=1, SP=1, PP=1)
E20260921 07:57:30.156882 140189032558592 main.cc:547] step   43/50 | train loss 4.404695 | lr 1.00e-04 | (44.83 ms | 5711 tok/s | peak used:  1397 MB | peak reserved:  2272 MB, DP=1, TP=1, SP=1, PP=1)
E20260921 07:57:30.186806 140189032558592 main.cc:547] step   44/50 | train loss 4.315230 | lr 1.00e-04 | (29.88 ms | 8567 tok/s | peak used:  1397 MB | peak reserved:  2272 MB, DP=1, TP=1, SP=1, PP=1)
E20260921 07:57:30.217948 140189032558592 main.cc:547] step   45/50 | train loss 4.466975 | lr 1.00e-04 | (31.10 ms | 8231 tok/s | peak used:  1397 MB | peak reserved:  2272 MB, DP=1, TP=1, SP=1, PP=1)
E20260921 07:57:30.248171 140189032558592 main.cc:547] step   46/50 | train loss 4.346898 | lr 1.00e-04 | (30.18 ms | 8481 tok/s | peak used:  1397 MB | peak reserved:  2304 MB, DP=1, TP=1, SP=1, PP=1)
E20260921 07:57:30.278449 140189032558592 main.cc:547] step   47/50 | train loss 4.603442 | lr 1.00e-04 | (30.23 ms | 8468 tok/s | peak used:  1397 MB | peak reserved:  2304 MB, DP=1, TP=1, SP=1, PP=1)
E20260921 07:57:30.308583 140189032558592 main.cc:547] step   48/50 | train loss 4.504743 | lr 1.00e-04 | (30.10 ms | 8506 tok/s | peak used:  1397 MB | peak reserved:  2304 MB, DP=1, TP=1, SP=1, PP=1)
E20260921 07:57:30.338457 140189032558592 main.cc:547] step   49/50 | train loss 4.736437 | lr 1.00e-04 | (29.83 ms | 8582 tok/s | peak used:  1397 MB | peak reserved:  2304 MB, DP=1, TP=1, SP=1, PP=1)
E20260921 07:57:30.368686 140189032558592 main.cc:547] step   50/50 | train loss 4.655238 | lr 1.00e-04 | (30.19 ms | 8479 tok/s | peak used:  1397 MB | peak reserved:  2368 MB, DP=1, TP=1, SP=1, PP=1)
E20260921 07:57:31.085671 140189032558592 checkpoint.cc:206] [CKPT] Save done: dir="/data1/ckpt/bfloat16_resume/gpt2/resume/checkpoint_step_000050"
