[LAST_CMAKE] cmake -DUSE_CUDA=ON -DUSE_NCCL=ON -DBUILD_TEST=ON -DPROFILE_MODE=OFF .. && make -j
[RUN_METADATA] /home/jiyiming/code/InfiniTrain/scripts/20260921/unknown_unknown/logs/run_metadata.log
[RUN_STARTED_AT] 2026-09-21 07:16:49
[GIT_BRANCH] unknown
[GIT_COMMIT] unknown
[GIT_COMMIT_SHORT] unknown
[COMMAND] ./gpt2 --input_bin /data1/shared/InfiniTrain-dev/data/llmc/gpt2/tinyshakespeare/tiny_shakespeare_train.bin --llmc_filepath /data1/shared/InfiniTrain-dev/data/llmc/gpt2/gpt2_124M.bin --device cuda --nthread_per_process=8 --num_iteration=50 --save_interval=10 --batch_size=40 --total_batch_size=5120 --tensor_parallel=2 --sequence_parallel=true --pipeline_parallel=2 --virtual_pipeline_parallel=2 --save=/data1/ckpt/3d_ddp2_tp2_pp2_no_resume/gpt2/no_resume --max_checkpoint_keep=5
E20260921 07:58:46.686960 139779173752832 main.cc:547] step    1/50 | train loss 5.219545 | lr 1.00e-04 | (837.55 ms | 6113 tok/s | peak used:  2342 MB | peak reserved:  2464 MB, DP=2, TP=2, SP=2, PP=2)
E20260921 07:58:46.815321 139779173752832 main.cc:547] step    2/50 | train loss 5.111315 | lr 1.00e-04 | (127.31 ms | 40218 tok/s | peak used:  2342 MB | peak reserved:  2560 MB, DP=2, TP=2, SP=2, PP=2)
E20260921 07:58:46.941428 139779173752832 main.cc:547] step    3/50 | train loss 5.023197 | lr 1.00e-04 | (126.05 ms | 40620 tok/s | peak used:  2342 MB | peak reserved:  2560 MB, DP=2, TP=2, SP=2, PP=2)
E20260921 07:58:47.054572 139779173752832 main.cc:547] step    4/50 | train loss 4.688462 | lr 1.00e-04 | (113.09 ms | 45272 tok/s | peak used:  2342 MB | peak reserved:  2560 MB, DP=2, TP=2, SP=2, PP=2)
E20260921 07:58:47.168112 139779173752832 main.cc:547] step    5/50 | train loss 4.800189 | lr 1.00e-04 | (113.49 ms | 45114 tok/s | peak used:  2342 MB | peak reserved:  2560 MB, DP=2, TP=2, SP=2, PP=2)
E20260921 07:58:47.281502 139779173752832 main.cc:547] step    6/50 | train loss 4.738170 | lr 1.00e-04 | (113.33 ms | 45177 tok/s | peak used:  2342 MB | peak reserved:  2560 MB, DP=2, TP=2, SP=2, PP=2)
E20260921 07:58:47.395222 139779173752832 main.cc:547] step    7/50 | train loss 4.796781 | lr 1.00e-04 | (113.65 ms | 45052 tok/s | peak used:  2342 MB | peak reserved:  2560 MB, DP=2, TP=2, SP=2, PP=2)
E20260921 07:58:47.510164 139779173752832 main.cc:547] step    8/50 | train loss 4.689087 | lr 1.00e-04 | (114.90 ms | 44562 tok/s | peak used:  2342 MB | peak reserved:  2560 MB, DP=2, TP=2, SP=2, PP=2)
E20260921 07:58:47.631930 139779173752832 main.cc:547] step    9/50 | train loss 4.797917 | lr 1.00e-04 | (121.72 ms | 42065 tok/s | peak used:  2342 MB | peak reserved:  2560 MB, DP=2, TP=2, SP=2, PP=2)
E20260921 07:58:47.745573 139779173752832 main.cc:547] step   10/50 | train loss 4.803396 | lr 1.00e-04 | (113.59 ms | 45074 tok/s | peak used:  2342 MB | peak reserved:  2560 MB, DP=2, TP=2, SP=2, PP=2)
E20260921 07:58:48.031874 139779240865792 checkpoint.cc:206] [CKPT] Save done: dir="/data1/ckpt/3d_ddp2_tp2_pp2_no_resume/gpt2/no_resume/checkpoint_step_000010/rank_000006"
E20260921 07:58:48.036399 139779375091712 checkpoint.cc:206] [CKPT] Save done: dir="/data1/ckpt/3d_ddp2_tp2_pp2_no_resume/gpt2/no_resume/checkpoint_step_000010/rank_000004"
E20260921 07:58:48.038350 139779647356928 checkpoint.cc:206] [CKPT] Save done: dir="/data1/ckpt/3d_ddp2_tp2_pp2_no_resume/gpt2/no_resume/checkpoint_step_000010/rank_000001"
E20260921 07:58:48.039802 139779307978752 checkpoint.cc:206] [CKPT] Save done: dir="/data1/ckpt/3d_ddp2_tp2_pp2_no_resume/gpt2/no_resume/checkpoint_step_000010/rank_000005"
E20260921 07:58:48.055053 139779173752832 checkpoint.cc:206] [CKPT] Save done: dir="/data1/ckpt/3d_ddp2_tp2_pp2_no_resume/gpt2/no_resume/checkpoint_step_000010/rank_000007"
E20260921 07:58:48.073262 139779509317632 checkpoint.cc:206] [CKPT] Save done: dir="/data1/ckpt/3d_ddp2_tp2_pp2_no_resume/gpt2/no_resume/checkpoint_step_000010/rank_000002"
E20260921 07:58:48.077864 139779442204672 checkpoint.cc:206] [CKPT] Save done: dir="/data1/ckpt/3d_ddp2_tp2_pp2_no_resume/gpt2/no_resume/checkpoint_step_000010/rank_000003"
E20260921 07:58:48.081551 139779714469888 checkpoint.cc:206] [CKPT] Save done: dir="/data1/ckpt/3d_ddp2_tp2_pp2_no_resume/gpt2/no_resume/checkpoint_step_000010/rank_000000"
E20260921 07:58:48.174774 139779173752832 main.cc:547] step   11/50 | train loss 4.597944 | lr 1.00e-04 | (119.66 ms | 42789 tok/s | peak used:  2342 MB | peak reserved:  2560 MB, DP=2, TP=2, SP=2, PP=2)
E20260921 07:58:48.290352 139779173752832 main.cc:547] step   12/50 | train loss 4.724608 | lr 1.00e-04 | (115.51 ms | 44327 tok/s | peak used:  2342 MB | peak reserved:  2560 MB, DP=2, TP=2, SP=2, PP=2)
E20260921 07:58:48.404395 139779173752832 main.cc:547] step   13/50 | train loss 4.810929 | lr 1.00e-04 | (113.99 ms | 44916 tok/s | peak used:  2342 MB | peak reserved:  2560 MB, DP=2, TP=2, SP=2, PP=2)
E20260921 07:58:48.523179 139779173752832 main.cc:547] step   14/50 | train loss 4.837930 | lr 1.00e-04 | (118.72 ms | 43126 tok/s | peak used:  2342 MB | peak reserved:  2560 MB, DP=2, TP=2, SP=2, PP=2)
E20260921 07:58:48.639023 139779173752832 main.cc:547] step   15/50 | train loss 4.827017 | lr 1.00e-04 | (115.79 ms | 44217 tok/s | peak used:  2342 MB | peak reserved:  2560 MB, DP=2, TP=2, SP=2, PP=2)
E20260921 07:58:48.751771 139779173752832 main.cc:547] step   16/50 | train loss 4.771919 | lr 1.00e-04 | (112.70 ms | 45430 tok/s | peak used:  2342 MB | peak reserved:  2560 MB, DP=2, TP=2, SP=2, PP=2)
E20260921 07:58:48.865910 139779173752832 main.cc:547] step   17/50 | train loss 4.782903 | lr 1.00e-04 | (114.09 ms | 44878 tok/s | peak used:  2342 MB | peak reserved:  2560 MB, DP=2, TP=2, SP=2, PP=2)
E20260921 07:58:48.979311 139779173752832 main.cc:547] step   18/50 | train loss 4.727720 | lr 1.00e-04 | (113.35 ms | 45169 tok/s | peak used:  2342 MB | peak reserved:  2560 MB, DP=2, TP=2, SP=2, PP=2)
E20260921 07:58:49.093415 139779173752832 main.cc:547] step   19/50 | train loss 4.660032 | lr 1.00e-04 | (114.06 ms | 44890 tok/s | peak used:  2342 MB | peak reserved:  2560 MB, DP=2, TP=2, SP=2, PP=2)
E20260921 07:58:49.210860 139779173752832 main.cc:547] step   20/50 | train loss 4.679314 | lr 1.00e-04 | (117.40 ms | 43612 tok/s | peak used:  2342 MB | peak reserved:  2560 MB, DP=2, TP=2, SP=2, PP=2)
E20260921 07:58:49.504354 139779509317632 checkpoint.cc:206] [CKPT] Save done: dir="/data1/ckpt/3d_ddp2_tp2_pp2_no_resume/gpt2/no_resume/checkpoint_step_000020/rank_000002"
E20260921 07:58:49.504861 139779240865792 checkpoint.cc:206] [CKPT] Save done: dir="/data1/ckpt/3d_ddp2_tp2_pp2_no_resume/gpt2/no_resume/checkpoint_step_000020/rank_000006"
E20260921 07:58:49.506459 139779647356928 checkpoint.cc:206] [CKPT] Save done: dir="/data1/ckpt/3d_ddp2_tp2_pp2_no_resume/gpt2/no_resume/checkpoint_step_000020/rank_000001"
E20260921 07:58:49.507275 139779307978752 checkpoint.cc:206] [CKPT] Save done: dir="/data1/ckpt/3d_ddp2_tp2_pp2_no_resume/gpt2/no_resume/checkpoint_step_000020/rank_000005"
E20260921 07:58:49.508976 139779375091712 checkpoint.cc:206] [CKPT] Save done: dir="/data1/ckpt/3d_ddp2_tp2_pp2_no_resume/gpt2/no_resume/checkpoint_step_000020/rank_000004"
E20260921 07:58:49.520213 139779173752832 checkpoint.cc:206] [CKPT] Save done: dir="/data1/ckpt/3d_ddp2_tp2_pp2_no_resume/gpt2/no_resume/checkpoint_step_000020/rank_000007"
E20260921 07:58:49.529381 139779442204672 checkpoint.cc:206] [CKPT] Save done: dir="/data1/ckpt/3d_ddp2_tp2_pp2_no_resume/gpt2/no_resume/checkpoint_step_000020/rank_000003"
E20260921 07:58:49.538262 139779714469888 checkpoint.cc:206] [CKPT] Save done: dir="/data1/ckpt/3d_ddp2_tp2_pp2_no_resume/gpt2/no_resume/checkpoint_step_000020/rank_000000"
E20260921 07:58:49.632415 139779173752832 main.cc:547] step   21/50 | train loss 4.836598 | lr 1.00e-04 | (112.15 ms | 45652 tok/s | peak used:  2342 MB | peak reserved:  2560 MB, DP=2, TP=2, SP=2, PP=2)
E20260921 07:58:49.750548 139779173752832 main.cc:547] step   22/50 | train loss 4.628774 | lr 1.00e-04 | (118.07 ms | 43363 tok/s | peak used:  2342 MB | peak reserved:  2560 MB, DP=2, TP=2, SP=2, PP=2)
E20260921 07:58:49.872036 139779173752832 main.cc:547] step   23/50 | train loss 4.747487 | lr 1.00e-04 | (121.44 ms | 42161 tok/s | peak used:  2342 MB | peak reserved:  2560 MB, DP=2, TP=2, SP=2, PP=2)
E20260921 07:58:49.989175 139779173752832 main.cc:547] step   24/50 | train loss 4.706682 | lr 1.00e-04 | (117.08 ms | 43729 tok/s | peak used:  2342 MB | peak reserved:  2560 MB, DP=2, TP=2, SP=2, PP=2)
E20260921 07:58:50.103574 139779173752832 main.cc:547] step   25/50 | train loss 4.494287 | lr 1.00e-04 | (114.35 ms | 44775 tok/s | peak used:  2342 MB | peak reserved:  2560 MB, DP=2, TP=2, SP=2, PP=2)
E20260921 07:58:50.217244 139779173752832 main.cc:547] step   26/50 | train loss 4.537567 | lr 1.00e-04 | (113.62 ms | 45063 tok/s | peak used:  2342 MB | peak reserved:  2560 MB, DP=2, TP=2, SP=2, PP=2)
E20260921 07:58:50.333814 139779173752832 main.cc:547] step   27/50 | train loss 4.640106 | lr 1.00e-04 | (116.51 ms | 43944 tok/s | peak used:  2342 MB | peak reserved:  2560 MB, DP=2, TP=2, SP=2, PP=2)
E20260921 07:58:50.450213 139779173752832 main.cc:547] step   28/50 | train loss 4.582927 | lr 1.00e-04 | (116.35 ms | 44005 tok/s | peak used:  2342 MB | peak reserved:  2560 MB, DP=2, TP=2, SP=2, PP=2)
E20260921 07:58:50.568953 139779173752832 main.cc:547] step   29/50 | train loss 4.502010 | lr 1.00e-04 | (118.69 ms | 43137 tok/s | peak used:  2342 MB | peak reserved:  2560 MB, DP=2, TP=2, SP=2, PP=2)
E20260921 07:58:50.682976 139779173752832 main.cc:547] step   30/50 | train loss 4.651812 | lr 1.00e-04 | (113.97 ms | 44922 tok/s | peak used:  2342 MB | peak reserved:  2560 MB, DP=2, TP=2, SP=2, PP=2)
E20260921 07:58:50.947336 139779307978752 checkpoint.cc:206] [CKPT] Save done: dir="/data1/ckpt/3d_ddp2_tp2_pp2_no_resume/gpt2/no_resume/checkpoint_step_000030/rank_000005"
E20260921 07:58:50.957756 139779240865792 checkpoint.cc:206] [CKPT] Save done: dir="/data1/ckpt/3d_ddp2_tp2_pp2_no_resume/gpt2/no_resume/checkpoint_step_000030/rank_000006"
E20260921 07:58:50.971014 139779375091712 checkpoint.cc:206] [CKPT] Save done: dir="/data1/ckpt/3d_ddp2_tp2_pp2_no_resume/gpt2/no_resume/checkpoint_step_000030/rank_000004"
E20260921 07:58:50.978077 139779509317632 checkpoint.cc:206] [CKPT] Save done: dir="/data1/ckpt/3d_ddp2_tp2_pp2_no_resume/gpt2/no_resume/checkpoint_step_000030/rank_000002"
E20260921 07:58:50.982367 139779647356928 checkpoint.cc:206] [CKPT] Save done: dir="/data1/ckpt/3d_ddp2_tp2_pp2_no_resume/gpt2/no_resume/checkpoint_step_000030/rank_000001"
E20260921 07:58:50.992228 139779442204672 checkpoint.cc:206] [CKPT] Save done: dir="/data1/ckpt/3d_ddp2_tp2_pp2_no_resume/gpt2/no_resume/checkpoint_step_000030/rank_000003"
E20260921 07:58:50.996631 139779173752832 checkpoint.cc:206] [CKPT] Save done: dir="/data1/ckpt/3d_ddp2_tp2_pp2_no_resume/gpt2/no_resume/checkpoint_step_000030/rank_000007"
E20260921 07:58:51.001482 139779714469888 checkpoint.cc:206] [CKPT] Save done: dir="/data1/ckpt/3d_ddp2_tp2_pp2_no_resume/gpt2/no_resume/checkpoint_step_000030/rank_000000"
E20260921 07:58:51.093483 139779173752832 main.cc:547] step   31/50 | train loss 4.645424 | lr 1.00e-04 | (96.81 ms | 52888 tok/s | peak used:  2342 MB | peak reserved:  2560 MB, DP=2, TP=2, SP=2, PP=2)
E20260921 07:58:51.207477 139779173752832 main.cc:547] step   32/50 | train loss 4.359369 | lr 1.00e-04 | (113.93 ms | 44939 tok/s | peak used:  2342 MB | peak reserved:  2560 MB, DP=2, TP=2, SP=2, PP=2)
E20260921 07:58:51.326383 139779173752832 main.cc:547] step   33/50 | train loss 4.687897 | lr 1.00e-04 | (118.85 ms | 43078 tok/s | peak used:  2342 MB | peak reserved:  2560 MB, DP=2, TP=2, SP=2, PP=2)
E20260921 07:58:51.440185 139779173752832 main.cc:547] step   34/50 | train loss 4.650237 | lr 1.00e-04 | (113.75 ms | 45011 tok/s | peak used:  2342 MB | peak reserved:  2560 MB, DP=2, TP=2, SP=2, PP=2)
E20260921 07:58:51.554149 139779173752832 main.cc:547] step   35/50 | train loss 4.542120 | lr 1.00e-04 | (113.91 ms | 44947 tok/s | peak used:  2342 MB | peak reserved:  2560 MB, DP=2, TP=2, SP=2, PP=2)
E20260921 07:58:51.668175 139779173752832 main.cc:547] step   36/50 | train loss 4.830545 | lr 1.00e-04 | (113.98 ms | 44922 tok/s | peak used:  2342 MB | peak reserved:  2560 MB, DP=2, TP=2, SP=2, PP=2)
E20260921 07:58:51.785682 139779173752832 main.cc:547] step   37/50 | train loss 4.861055 | lr 1.00e-04 | (117.46 ms | 43590 tok/s | peak used:  2342 MB | peak reserved:  2560 MB, DP=2, TP=2, SP=2, PP=2)
E20260921 07:58:51.899213 139779173752832 main.cc:547] step   38/50 | train loss 4.821849 | lr 1.00e-04 | (113.48 ms | 45120 tok/s | peak used:  2342 MB | peak reserved:  2560 MB, DP=2, TP=2, SP=2, PP=2)
E20260921 07:58:52.018479 139779173752832 main.cc:547] step   39/50 | train loss 4.851664 | lr 1.00e-04 | (119.22 ms | 42947 tok/s | peak used:  2342 MB | peak reserved:  2560 MB, DP=2, TP=2, SP=2, PP=2)
E20260921 07:58:52.139244 139779173752832 main.cc:547] step   40/50 | train loss 4.822882 | lr 1.00e-04 | (120.72 ms | 42413 tok/s | peak used:  2342 MB | peak reserved:  2560 MB, DP=2, TP=2, SP=2, PP=2)
E20260921 07:58:52.425586 139779307978752 checkpoint.cc:206] [CKPT] Save done: dir="/data1/ckpt/3d_ddp2_tp2_pp2_no_resume/gpt2/no_resume/checkpoint_step_000040/rank_000005"
E20260921 07:58:52.440317 139779509317632 checkpoint.cc:206] [CKPT] Save done: dir="/data1/ckpt/3d_ddp2_tp2_pp2_no_resume/gpt2/no_resume/checkpoint_step_000040/rank_000002"
E20260921 07:58:52.446122 139779442204672 checkpoint.cc:206] [CKPT] Save done: dir="/data1/ckpt/3d_ddp2_tp2_pp2_no_resume/gpt2/no_resume/checkpoint_step_000040/rank_000003"
E20260921 07:58:52.448012 139779173752832 checkpoint.cc:206] [CKPT] Save done: dir="/data1/ckpt/3d_ddp2_tp2_pp2_no_resume/gpt2/no_resume/checkpoint_step_000040/rank_000007"
E20260921 07:58:52.451291 139779647356928 checkpoint.cc:206] [CKPT] Save done: dir="/data1/ckpt/3d_ddp2_tp2_pp2_no_resume/gpt2/no_resume/checkpoint_step_000040/rank_000001"
E20260921 07:58:52.457610 139779714469888 checkpoint.cc:206] [CKPT] Save done: dir="/data1/ckpt/3d_ddp2_tp2_pp2_no_resume/gpt2/no_resume/checkpoint_step_000040/rank_000000"
E20260921 07:58:52.458897 139779240865792 checkpoint.cc:206] [CKPT] Save done: dir="/data1/ckpt/3d_ddp2_tp2_pp2_no_resume/gpt2/no_resume/checkpoint_step_000040/rank_000006"
E20260921 07:58:52.464480 139779375091712 checkpoint.cc:206] [CKPT] Save done: dir="/data1/ckpt/3d_ddp2_tp2_pp2_no_resume/gpt2/no_resume/checkpoint_step_000040/rank_000004"
E20260921 07:58:52.553162 139779173752832 main.cc:547] step   41/50 | train loss 4.770538 | lr 1.00e-04 | (105.11 ms | 48709 tok/s | peak used:  2342 MB | peak reserved:  2560 MB, DP=2, TP=2, SP=2, PP=2)
E20260921 07:58:52.671883 139779173752832 main.cc:547] step   42/50 | train loss 4.770846 | lr 1.00e-04 | (118.66 ms | 43147 tok/s | peak used:  2342 MB | peak reserved:  2560 MB, DP=2, TP=2, SP=2, PP=2)
E20260921 07:58:52.795266 139779173752832 main.cc:547] step   43/50 | train loss 4.793460 | lr 1.00e-04 | (123.33 ms | 41515 tok/s | peak used:  2342 MB | peak reserved:  2560 MB, DP=2, TP=2, SP=2, PP=2)
E20260921 07:58:52.908103 139779173752832 main.cc:547] step   44/50 | train loss 4.679438 | lr 1.00e-04 | (112.78 ms | 45397 tok/s | peak used:  2342 MB | peak reserved:  2560 MB, DP=2, TP=2, SP=2, PP=2)
E20260921 07:58:53.022618 139779173752832 main.cc:547] step   45/50 | train loss 4.519820 | lr 1.00e-04 | (114.46 ms | 44730 tok/s | peak used:  2342 MB | peak reserved:  2560 MB, DP=2, TP=2, SP=2, PP=2)
E20260921 07:58:53.136629 139779173752832 main.cc:547] step   46/50 | train loss 4.542992 | lr 1.00e-04 | (113.96 ms | 44927 tok/s | peak used:  2342 MB | peak reserved:  2560 MB, DP=2, TP=2, SP=2, PP=2)
E20260921 07:58:53.255667 139779173752832 main.cc:547] step   47/50 | train loss 4.616622 | lr 1.00e-04 | (118.97 ms | 43034 tok/s | peak used:  2342 MB | peak reserved:  2560 MB, DP=2, TP=2, SP=2, PP=2)
E20260921 07:58:53.368950 139779173752832 main.cc:547] step   48/50 | train loss 4.624648 | lr 1.00e-04 | (113.23 ms | 45217 tok/s | peak used:  2342 MB | peak reserved:  2560 MB, DP=2, TP=2, SP=2, PP=2)
E20260921 07:58:53.482761 139779173752832 main.cc:547] step   49/50 | train loss 4.612357 | lr 1.00e-04 | (113.76 ms | 45007 tok/s | peak used:  2342 MB | peak reserved:  2560 MB, DP=2, TP=2, SP=2, PP=2)
E20260921 07:58:53.597925 139779173752832 main.cc:547] step   50/50 | train loss 4.524049 | lr 1.00e-04 | (115.11 ms | 44477 tok/s | peak used:  2342 MB | peak reserved:  2560 MB, DP=2, TP=2, SP=2, PP=2)
E20260921 07:58:53.896943 139779240865792 checkpoint.cc:206] [CKPT] Save done: dir="/data1/ckpt/3d_ddp2_tp2_pp2_no_resume/gpt2/no_resume/checkpoint_step_000050/rank_000006"
E20260921 07:58:53.898527 139779647356928 checkpoint.cc:206] [CKPT] Save done: dir="/data1/ckpt/3d_ddp2_tp2_pp2_no_resume/gpt2/no_resume/checkpoint_step_000050/rank_000001"
E20260921 07:58:53.900715 139779307978752 checkpoint.cc:206] [CKPT] Save done: dir="/data1/ckpt/3d_ddp2_tp2_pp2_no_resume/gpt2/no_resume/checkpoint_step_000050/rank_000005"
E20260921 07:58:53.906767 139779509317632 checkpoint.cc:206] [CKPT] Save done: dir="/data1/ckpt/3d_ddp2_tp2_pp2_no_resume/gpt2/no_resume/checkpoint_step_000050/rank_000002"
E20260921 07:58:53.907587 139779375091712 checkpoint.cc:206] [CKPT] Save done: dir="/data1/ckpt/3d_ddp2_tp2_pp2_no_resume/gpt2/no_resume/checkpoint_step_000050/rank_000004"
E20260921 07:58:53.913907 139779173752832 checkpoint.cc:206] [CKPT] Save done: dir="/data1/ckpt/3d_ddp2_tp2_pp2_no_resume/gpt2/no_resume/checkpoint_step_000050/rank_000007"
E20260921 07:58:53.925124 139779442204672 checkpoint.cc:206] [CKPT] Save done: dir="/data1/ckpt/3d_ddp2_tp2_pp2_no_resume/gpt2/no_resume/checkpoint_step_000050/rank_000003"
E20260921 07:58:53.931238 139779714469888 checkpoint.cc:206] [CKPT] Save done: dir="/data1/ckpt/3d_ddp2_tp2_pp2_no_resume/gpt2/no_resume/checkpoint_step_000050/rank_000000"
