[LAST_CMAKE] cmake -DUSE_CUDA=ON -DUSE_NCCL=ON -DBUILD_TEST=ON -DPROFILE_MODE=OFF .. && make -j
[RUN_METADATA] /workspace/Github/InfiniTrain-sp-gradient-finalize/scripts/20261009/fix_sp-gradient-finalize_c15c2d1/logs/run_metadata.log
[RUN_STARTED_AT] 2026-10-09 02:46:02
[GIT_BRANCH] fix/sp-gradient-finalize
[GIT_COMMIT] c15c2d10e3c5dd8134a809e2b05a23e2b4847a33
[GIT_COMMIT_SHORT] c15c2d1
[COMMAND] ./gpt2 --input_bin /data1/shared/InfiniTrain-dev/data/llmc/gpt2/tinyshakespeare/tiny_shakespeare_train.bin --llmc_filepath /data1/shared/InfiniTrain-dev/data/llmc/gpt2/gpt2_124M.bin --device cuda --num_iteration=50 --save_interval=10 --load=/data1/ckpt/no_resume/gpt2/no_resume/checkpoint_step_000030 --save=/data1/ckpt/base_resume/gpt2/resume
E20261009 03:21:10.352583 140498842931200 checkpoint.cc:239] [CKPT] Load done: global_step=30, consumed_train_samples=120, topology(ddp,tp,sp,pp)=(1,1,1,1)
E20261009 03:21:10.427469 140498842931200 main.cc:547] step   31/50 | train loss 4.772680 | lr 1.00e-04 | (74.14 ms | 3453 tok/s | peak used:  1422 MB | peak reserved:  1504 MB, DP=1, TP=1, SP=1, PP=1)
E20261009 03:21:10.460231 140498842931200 main.cc:547] step   32/50 | train loss 4.745455 | lr 1.00e-04 | (32.69 ms | 7832 tok/s | peak used:  1422 MB | peak reserved:  1536 MB, DP=1, TP=1, SP=1, PP=1)
E20261009 03:21:10.490186 140498842931200 main.cc:547] step   33/50 | train loss 4.572053 | lr 1.00e-04 | (29.92 ms | 8557 tok/s | peak used:  1422 MB | peak reserved:  1536 MB, DP=1, TP=1, SP=1, PP=1)
E20261009 03:21:10.519499 140498842931200 main.cc:547] step   34/50 | train loss 4.968211 | lr 1.00e-04 | (29.28 ms | 8744 tok/s | peak used:  1422 MB | peak reserved:  1536 MB, DP=1, TP=1, SP=1, PP=1)
E20261009 03:21:10.548796 140498842931200 main.cc:547] step   35/50 | train loss 5.016875 | lr 1.00e-04 | (29.26 ms | 8749 tok/s | peak used:  1422 MB | peak reserved:  1536 MB, DP=1, TP=1, SP=1, PP=1)
E20261009 03:21:10.578131 140498842931200 main.cc:547] step   36/50 | train loss 5.076682 | lr 1.00e-04 | (29.28 ms | 8742 tok/s | peak used:  1422 MB | peak reserved:  1536 MB, DP=1, TP=1, SP=1, PP=1)
E20261009 03:21:10.607402 140498842931200 main.cc:547] step   37/50 | train loss 5.004404 | lr 1.00e-04 | (29.23 ms | 8757 tok/s | peak used:  1422 MB | peak reserved:  1536 MB, DP=1, TP=1, SP=1, PP=1)
E20261009 03:21:10.636729 140498842931200 main.cc:547] step   38/50 | train loss 4.560111 | lr 1.00e-04 | (29.29 ms | 8740 tok/s | peak used:  1422 MB | peak reserved:  1536 MB, DP=1, TP=1, SP=1, PP=1)
E20261009 03:21:10.666018 140498842931200 main.cc:547] step   39/50 | train loss 4.824965 | lr 1.00e-04 | (29.25 ms | 8752 tok/s | peak used:  1422 MB | peak reserved:  1536 MB, DP=1, TP=1, SP=1, PP=1)
E20261009 03:21:10.695260 140498842931200 main.cc:547] step   40/50 | train loss 4.739439 | lr 1.00e-04 | (29.21 ms | 8765 tok/s | peak used:  1422 MB | peak reserved:  1536 MB, DP=1, TP=1, SP=1, PP=1)
E20261009 03:21:11.398460 140498842931200 checkpoint.cc:206] [CKPT] Save done: dir="/data1/ckpt/base_resume/gpt2/resume/checkpoint_step_000040"
E20261009 03:21:11.428418 140498842931200 main.cc:547] step   41/50 | train loss 4.771607 | lr 1.00e-04 | (29.85 ms | 8577 tok/s | peak used:  1422 MB | peak reserved:  1536 MB, DP=1, TP=1, SP=1, PP=1)
E20261009 03:21:11.457740 140498842931200 main.cc:547] step   42/50 | train loss 4.766149 | lr 1.00e-04 | (29.28 ms | 8743 tok/s | peak used:  1422 MB | peak reserved:  1536 MB, DP=1, TP=1, SP=1, PP=1)
E20261009 03:21:11.487052 140498842931200 main.cc:547] step   43/50 | train loss 4.433417 | lr 1.00e-04 | (29.27 ms | 8745 tok/s | peak used:  1422 MB | peak reserved:  1536 MB, DP=1, TP=1, SP=1, PP=1)
E20261009 03:21:11.516335 140498842931200 main.cc:547] step   44/50 | train loss 4.349252 | lr 1.00e-04 | (29.25 ms | 8753 tok/s | peak used:  1422 MB | peak reserved:  1536 MB, DP=1, TP=1, SP=1, PP=1)
E20261009 03:21:11.545620 140498842931200 main.cc:547] step   45/50 | train loss 4.474979 | lr 1.00e-04 | (29.24 ms | 8755 tok/s | peak used:  1422 MB | peak reserved:  1536 MB, DP=1, TP=1, SP=1, PP=1)
E20261009 03:21:11.574903 140498842931200 main.cc:547] step   46/50 | train loss 4.375554 | lr 1.00e-04 | (29.25 ms | 8753 tok/s | peak used:  1422 MB | peak reserved:  1536 MB, DP=1, TP=1, SP=1, PP=1)
E20261009 03:21:11.604203 140498842931200 main.cc:547] step   47/50 | train loss 4.604452 | lr 1.00e-04 | (29.26 ms | 8750 tok/s | peak used:  1422 MB | peak reserved:  1536 MB, DP=1, TP=1, SP=1, PP=1)
E20261009 03:21:11.633470 140498842931200 main.cc:547] step   48/50 | train loss 4.545736 | lr 1.00e-04 | (29.23 ms | 8758 tok/s | peak used:  1422 MB | peak reserved:  1536 MB, DP=1, TP=1, SP=1, PP=1)
E20261009 03:21:11.662747 140498842931200 main.cc:547] step   49/50 | train loss 4.759527 | lr 1.00e-04 | (29.23 ms | 8757 tok/s | peak used:  1422 MB | peak reserved:  1536 MB, DP=1, TP=1, SP=1, PP=1)
E20261009 03:21:11.692021 140498842931200 main.cc:547] step   50/50 | train loss 4.657005 | lr 1.00e-04 | (29.24 ms | 8756 tok/s | peak used:  1422 MB | peak reserved:  1536 MB, DP=1, TP=1, SP=1, PP=1)
E20261009 03:21:12.408668 140498842931200 checkpoint.cc:206] [CKPT] Save done: dir="/data1/ckpt/base_resume/gpt2/resume/checkpoint_step_000050"
