[LAST_CMAKE] cmake -DUSE_CUDA=ON -DUSE_NCCL=ON -DBUILD_TEST=ON -DPROFILE_MODE=OFF .. && make -j
[RUN_METADATA] /workspace/Github/InfiniTrain-sp-gradient-finalize/scripts/20261009/fix_sp-gradient-finalize_c15c2d1/logs/run_metadata.log
[RUN_STARTED_AT] 2026-10-09 02:46:02
[GIT_BRANCH] fix/sp-gradient-finalize
[GIT_COMMIT] c15c2d10e3c5dd8134a809e2b05a23e2b4847a33
[GIT_COMMIT_SHORT] c15c2d1
[COMMAND] ./gpt2 --input_bin /data1/shared/InfiniTrain-dev/data/llmc/gpt2/tinyshakespeare/tiny_shakespeare_train.bin --llmc_filepath /data1/shared/InfiniTrain-dev/data/llmc/gpt2/gpt2_124M.bin --device cuda --dtype=bfloat16 --num_iteration=50 --save_interval=10 --load=/data1/ckpt/bfloat16_no_resume/gpt2/no_resume/checkpoint_step_000030 --save=/data1/ckpt/bfloat16_resume/gpt2/resume
E20261009 03:24:31.386968 139971286401024 checkpoint.cc:239] [CKPT] Load done: global_step=30, consumed_train_samples=120, topology(ddp,tp,sp,pp)=(1,1,1,1)
E20261009 03:24:31.509278 139971286401024 main.cc:547] step   31/50 | train loss 4.780958 | lr 1.00e-04 | (121.44 ms | 2108 tok/s | peak used:  1397 MB | peak reserved:  1536 MB, DP=1, TP=1, SP=1, PP=1)
E20261009 03:24:31.539247 139971286401024 main.cc:547] step   32/50 | train loss 4.752650 | lr 1.00e-04 | (29.89 ms | 8564 tok/s | peak used:  1397 MB | peak reserved:  1664 MB, DP=1, TP=1, SP=1, PP=1)
E20261009 03:24:31.571806 139971286401024 main.cc:547] step   33/50 | train loss 4.532243 | lr 1.00e-04 | (32.52 ms | 7872 tok/s | peak used:  1397 MB | peak reserved:  1824 MB, DP=1, TP=1, SP=1, PP=1)
E20261009 03:24:31.606877 139971286401024 main.cc:547] step   34/50 | train loss 4.949608 | lr 1.00e-04 | (35.03 ms | 7308 tok/s | peak used:  1397 MB | peak reserved:  1920 MB, DP=1, TP=1, SP=1, PP=1)
E20261009 03:24:31.643745 139971286401024 main.cc:547] step   35/50 | train loss 5.026400 | lr 1.00e-04 | (36.83 ms | 6951 tok/s | peak used:  1397 MB | peak reserved:  1952 MB, DP=1, TP=1, SP=1, PP=1)
E20261009 03:24:31.674852 139971286401024 main.cc:547] step   36/50 | train loss 5.059097 | lr 1.00e-04 | (31.06 ms | 8243 tok/s | peak used:  1397 MB | peak reserved:  2016 MB, DP=1, TP=1, SP=1, PP=1)
E20261009 03:24:31.704680 139971286401024 main.cc:547] step   37/50 | train loss 4.974973 | lr 1.00e-04 | (29.79 ms | 8594 tok/s | peak used:  1397 MB | peak reserved:  2144 MB, DP=1, TP=1, SP=1, PP=1)
E20261009 03:24:31.742821 139971286401024 main.cc:547] step   38/50 | train loss 4.540288 | lr 1.00e-04 | (38.10 ms | 6719 tok/s | peak used:  1397 MB | peak reserved:  2208 MB, DP=1, TP=1, SP=1, PP=1)
E20261009 03:24:31.772568 139971286401024 main.cc:547] step   39/50 | train loss 4.817772 | lr 1.00e-04 | (29.71 ms | 8617 tok/s | peak used:  1397 MB | peak reserved:  2240 MB, DP=1, TP=1, SP=1, PP=1)
E20261009 03:24:31.802371 139971286401024 main.cc:547] step   40/50 | train loss 4.716170 | lr 1.00e-04 | (29.76 ms | 8601 tok/s | peak used:  1397 MB | peak reserved:  2272 MB, DP=1, TP=1, SP=1, PP=1)
E20261009 03:24:32.517821 139971286401024 checkpoint.cc:206] [CKPT] Save done: dir="/data1/ckpt/bfloat16_resume/gpt2/resume/checkpoint_step_000040"
E20261009 03:24:32.548452 139971286401024 main.cc:547] step   41/50 | train loss 4.744316 | lr 1.00e-04 | (30.51 ms | 8390 tok/s | peak used:  1397 MB | peak reserved:  2272 MB, DP=1, TP=1, SP=1, PP=1)
E20261009 03:24:32.578074 139971286401024 main.cc:547] step   42/50 | train loss 4.733617 | lr 1.00e-04 | (29.58 ms | 8655 tok/s | peak used:  1397 MB | peak reserved:  2272 MB, DP=1, TP=1, SP=1, PP=1)
E20261009 03:24:32.607700 139971286401024 main.cc:547] step   43/50 | train loss 4.415500 | lr 1.00e-04 | (29.59 ms | 8652 tok/s | peak used:  1397 MB | peak reserved:  2272 MB, DP=1, TP=1, SP=1, PP=1)
E20261009 03:24:32.637132 139971286401024 main.cc:547] step   44/50 | train loss 4.316124 | lr 1.00e-04 | (29.39 ms | 8709 tok/s | peak used:  1397 MB | peak reserved:  2272 MB, DP=1, TP=1, SP=1, PP=1)
E20261009 03:24:32.666874 139971286401024 main.cc:547] step   45/50 | train loss 4.458018 | lr 1.00e-04 | (29.70 ms | 8618 tok/s | peak used:  1397 MB | peak reserved:  2272 MB, DP=1, TP=1, SP=1, PP=1)
E20261009 03:24:32.696502 139971286401024 main.cc:547] step   46/50 | train loss 4.333847 | lr 1.00e-04 | (29.58 ms | 8653 tok/s | peak used:  1397 MB | peak reserved:  2272 MB, DP=1, TP=1, SP=1, PP=1)
E20261009 03:24:32.726070 139971286401024 main.cc:547] step   47/50 | train loss 4.612683 | lr 1.00e-04 | (29.53 ms | 8669 tok/s | peak used:  1397 MB | peak reserved:  2272 MB, DP=1, TP=1, SP=1, PP=1)
E20261009 03:24:32.755366 139971286401024 main.cc:547] step   48/50 | train loss 4.514549 | lr 1.00e-04 | (29.26 ms | 8750 tok/s | peak used:  1397 MB | peak reserved:  2272 MB, DP=1, TP=1, SP=1, PP=1)
E20261009 03:24:32.800099 139971286401024 main.cc:547] step   49/50 | train loss 4.732011 | lr 1.00e-04 | (44.69 ms | 5729 tok/s | peak used:  1397 MB | peak reserved:  2272 MB, DP=1, TP=1, SP=1, PP=1)
E20261009 03:24:32.839492 139971286401024 main.cc:547] step   50/50 | train loss 4.639781 | lr 1.00e-04 | (39.36 ms | 6505 tok/s | peak used:  1397 MB | peak reserved:  2304 MB, DP=1, TP=1, SP=1, PP=1)
E20261009 03:24:33.547606 139971286401024 checkpoint.cc:206] [CKPT] Save done: dir="/data1/ckpt/bfloat16_resume/gpt2/resume/checkpoint_step_000050"
