[LAST_CMAKE] cmake -DUSE_CUDA=ON -DUSE_NCCL=ON -DBUILD_TEST=ON -DPROFILE_MODE=OFF .. && make -j
[RUN_METADATA] /workspace/Github/InfiniTrain-sp-gradient-finalize/scripts/20261009/fix_sp-gradient-finalize_c15c2d1/logs/run_metadata.log
[RUN_STARTED_AT] 2026-10-09 02:46:02
[GIT_BRANCH] fix/sp-gradient-finalize
[GIT_COMMIT] c15c2d10e3c5dd8134a809e2b05a23e2b4847a33
[GIT_COMMIT_SHORT] c15c2d1
[COMMAND] ./gpt2 --input_bin /data1/shared/InfiniTrain-dev/data/llmc/gpt2/tinyshakespeare/tiny_shakespeare_train.bin --llmc_filepath /data1/shared/InfiniTrain-dev/data/llmc/gpt2/gpt2_124M.bin --device cuda --num_iteration=50 --save_interval=10 --save=/data1/ckpt/no_resume/gpt2/no_resume
E20261009 03:18:58.820849 140026444337152 main.cc:547] step    1/50 | train loss 5.356189 | lr 1.00e-04 | (86.34 ms | 2965 tok/s | peak used:  1422 MB | peak reserved:  1504 MB, DP=1, TP=1, SP=1, PP=1)
E20261009 03:18:58.853881 140026444337152 main.cc:547] step    2/50 | train loss 5.060537 | lr 1.00e-04 | (31.96 ms | 8009 tok/s | peak used:  1422 MB | peak reserved:  1536 MB, DP=1, TP=1, SP=1, PP=1)
E20261009 03:18:58.885904 140026444337152 main.cc:547] step    3/50 | train loss 4.860392 | lr 1.00e-04 | (31.98 ms | 8005 tok/s | peak used:  1422 MB | peak reserved:  1536 MB, DP=1, TP=1, SP=1, PP=1)
E20261009 03:18:58.917836 140026444337152 main.cc:547] step    4/50 | train loss 4.961350 | lr 1.00e-04 | (31.90 ms | 8026 tok/s | peak used:  1422 MB | peak reserved:  1536 MB, DP=1, TP=1, SP=1, PP=1)
E20261009 03:18:58.949762 140026444337152 main.cc:547] step    5/50 | train loss 4.888250 | lr 1.00e-04 | (31.89 ms | 8028 tok/s | peak used:  1422 MB | peak reserved:  1536 MB, DP=1, TP=1, SP=1, PP=1)
E20261009 03:18:58.978351 140026444337152 main.cc:547] step    6/50 | train loss 5.099222 | lr 1.00e-04 | (28.55 ms | 8966 tok/s | peak used:  1422 MB | peak reserved:  1536 MB, DP=1, TP=1, SP=1, PP=1)
E20261009 03:18:59.006906 140026444337152 main.cc:547] step    7/50 | train loss 4.860509 | lr 1.00e-04 | (28.52 ms | 8977 tok/s | peak used:  1422 MB | peak reserved:  1536 MB, DP=1, TP=1, SP=1, PP=1)
E20261009 03:18:59.035522 140026444337152 main.cc:547] step    8/50 | train loss 4.945081 | lr 1.00e-04 | (28.58 ms | 8958 tok/s | peak used:  1422 MB | peak reserved:  1536 MB, DP=1, TP=1, SP=1, PP=1)
E20261009 03:18:59.064121 140026444337152 main.cc:547] step    9/50 | train loss 5.121231 | lr 1.00e-04 | (28.56 ms | 8963 tok/s | peak used:  1422 MB | peak reserved:  1536 MB, DP=1, TP=1, SP=1, PP=1)
E20261009 03:18:59.092704 140026444337152 main.cc:547] step   10/50 | train loss 5.270920 | lr 1.00e-04 | (28.55 ms | 8968 tok/s | peak used:  1422 MB | peak reserved:  1536 MB, DP=1, TP=1, SP=1, PP=1)
E20261009 03:18:59.816442 140026444337152 checkpoint.cc:206] [CKPT] Save done: dir="/data1/ckpt/no_resume/gpt2/no_resume/checkpoint_step_000010"
E20261009 03:18:59.845583 140026444337152 main.cc:547] step   11/50 | train loss 5.079762 | lr 1.00e-04 | (29.03 ms | 8818 tok/s | peak used:  1422 MB | peak reserved:  1536 MB, DP=1, TP=1, SP=1, PP=1)
E20261009 03:18:59.874226 140026444337152 main.cc:547] step   12/50 | train loss 4.640815 | lr 1.00e-04 | (28.60 ms | 8951 tok/s | peak used:  1422 MB | peak reserved:  1536 MB, DP=1, TP=1, SP=1, PP=1)
E20261009 03:18:59.902820 140026444337152 main.cc:547] step   13/50 | train loss 4.714131 | lr 1.00e-04 | (28.56 ms | 8964 tok/s | peak used:  1422 MB | peak reserved:  1536 MB, DP=1, TP=1, SP=1, PP=1)
E20261009 03:18:59.931407 140026444337152 main.cc:547] step   14/50 | train loss 4.857728 | lr 1.00e-04 | (28.55 ms | 8967 tok/s | peak used:  1422 MB | peak reserved:  1536 MB, DP=1, TP=1, SP=1, PP=1)
E20261009 03:18:59.959972 140026444337152 main.cc:547] step   15/50 | train loss 5.046248 | lr 1.00e-04 | (28.53 ms | 8973 tok/s | peak used:  1422 MB | peak reserved:  1536 MB, DP=1, TP=1, SP=1, PP=1)
E20261009 03:18:59.988572 140026444337152 main.cc:547] step   16/50 | train loss 4.795306 | lr 1.00e-04 | (28.56 ms | 8962 tok/s | peak used:  1422 MB | peak reserved:  1536 MB, DP=1, TP=1, SP=1, PP=1)
E20261009 03:19:00.017144 140026444337152 main.cc:547] step   17/50 | train loss 5.152837 | lr 1.00e-04 | (28.54 ms | 8971 tok/s | peak used:  1422 MB | peak reserved:  1536 MB, DP=1, TP=1, SP=1, PP=1)
E20261009 03:19:00.045751 140026444337152 main.cc:547] step   18/50 | train loss 5.007976 | lr 1.00e-04 | (28.57 ms | 8962 tok/s | peak used:  1422 MB | peak reserved:  1536 MB, DP=1, TP=1, SP=1, PP=1)
E20261009 03:19:00.074327 140026444337152 main.cc:547] step   19/50 | train loss 4.678184 | lr 1.00e-04 | (28.53 ms | 8973 tok/s | peak used:  1422 MB | peak reserved:  1536 MB, DP=1, TP=1, SP=1, PP=1)
E20261009 03:19:00.102951 140026444337152 main.cc:547] step   20/50 | train loss 4.471812 | lr 1.00e-04 | (28.58 ms | 8957 tok/s | peak used:  1422 MB | peak reserved:  1536 MB, DP=1, TP=1, SP=1, PP=1)
E20261009 03:19:00.817781 140026444337152 checkpoint.cc:206] [CKPT] Save done: dir="/data1/ckpt/no_resume/gpt2/no_resume/checkpoint_step_000020"
E20261009 03:19:00.846924 140026444337152 main.cc:547] step   21/50 | train loss 4.759268 | lr 1.00e-04 | (29.04 ms | 8816 tok/s | peak used:  1422 MB | peak reserved:  1536 MB, DP=1, TP=1, SP=1, PP=1)
E20261009 03:19:00.875524 140026444337152 main.cc:547] step   22/50 | train loss 4.649651 | lr 1.00e-04 | (28.56 ms | 8964 tok/s | peak used:  1422 MB | peak reserved:  1536 MB, DP=1, TP=1, SP=1, PP=1)
E20261009 03:19:00.904143 140026444337152 main.cc:547] step   23/50 | train loss 4.867078 | lr 1.00e-04 | (28.58 ms | 8957 tok/s | peak used:  1422 MB | peak reserved:  1536 MB, DP=1, TP=1, SP=1, PP=1)
E20261009 03:19:00.932747 140026444337152 main.cc:547] step   24/50 | train loss 4.680346 | lr 1.00e-04 | (28.57 ms | 8961 tok/s | peak used:  1422 MB | peak reserved:  1536 MB, DP=1, TP=1, SP=1, PP=1)
E20261009 03:19:00.961346 140026444337152 main.cc:547] step   25/50 | train loss 4.584332 | lr 1.00e-04 | (28.55 ms | 8966 tok/s | peak used:  1422 MB | peak reserved:  1536 MB, DP=1, TP=1, SP=1, PP=1)
E20261009 03:19:00.989933 140026444337152 main.cc:547] step   26/50 | train loss 4.714128 | lr 1.00e-04 | (28.55 ms | 8966 tok/s | peak used:  1422 MB | peak reserved:  1536 MB, DP=1, TP=1, SP=1, PP=1)
E20261009 03:19:01.018527 140026444337152 main.cc:547] step   27/50 | train loss 4.354902 | lr 1.00e-04 | (28.56 ms | 8964 tok/s | peak used:  1422 MB | peak reserved:  1536 MB, DP=1, TP=1, SP=1, PP=1)
E20261009 03:19:01.047113 140026444337152 main.cc:547] step   28/50 | train loss 4.679760 | lr 1.00e-04 | (28.55 ms | 8967 tok/s | peak used:  1422 MB | peak reserved:  1536 MB, DP=1, TP=1, SP=1, PP=1)
E20261009 03:19:01.075706 140026444337152 main.cc:547] step   29/50 | train loss 4.827116 | lr 1.00e-04 | (28.56 ms | 8965 tok/s | peak used:  1422 MB | peak reserved:  1536 MB, DP=1, TP=1, SP=1, PP=1)
E20261009 03:19:01.104277 140026444337152 main.cc:547] step   30/50 | train loss 4.537294 | lr 1.00e-04 | (28.54 ms | 8971 tok/s | peak used:  1422 MB | peak reserved:  1536 MB, DP=1, TP=1, SP=1, PP=1)
E20261009 03:19:01.795903 140026444337152 checkpoint.cc:206] [CKPT] Save done: dir="/data1/ckpt/no_resume/gpt2/no_resume/checkpoint_step_000030"
E20261009 03:19:01.825034 140026444337152 main.cc:547] step   31/50 | train loss 4.772680 | lr 1.00e-04 | (29.02 ms | 8822 tok/s | peak used:  1422 MB | peak reserved:  1536 MB, DP=1, TP=1, SP=1, PP=1)
E20261009 03:19:01.853691 140026444337152 main.cc:547] step   32/50 | train loss 4.745455 | lr 1.00e-04 | (28.61 ms | 8947 tok/s | peak used:  1422 MB | peak reserved:  1536 MB, DP=1, TP=1, SP=1, PP=1)
E20261009 03:19:01.882276 140026444337152 main.cc:547] step   33/50 | train loss 4.572053 | lr 1.00e-04 | (28.55 ms | 8967 tok/s | peak used:  1422 MB | peak reserved:  1536 MB, DP=1, TP=1, SP=1, PP=1)
E20261009 03:19:01.910848 140026444337152 main.cc:547] step   34/50 | train loss 4.968210 | lr 1.00e-04 | (28.54 ms | 8971 tok/s | peak used:  1422 MB | peak reserved:  1536 MB, DP=1, TP=1, SP=1, PP=1)
E20261009 03:19:01.939438 140026444337152 main.cc:547] step   35/50 | train loss 5.016877 | lr 1.00e-04 | (28.55 ms | 8966 tok/s | peak used:  1422 MB | peak reserved:  1536 MB, DP=1, TP=1, SP=1, PP=1)
E20261009 03:19:01.968013 140026444337152 main.cc:547] step   36/50 | train loss 5.076681 | lr 1.00e-04 | (28.54 ms | 8970 tok/s | peak used:  1422 MB | peak reserved:  1536 MB, DP=1, TP=1, SP=1, PP=1)
E20261009 03:19:01.996595 140026444337152 main.cc:547] step   37/50 | train loss 5.004405 | lr 1.00e-04 | (28.54 ms | 8970 tok/s | peak used:  1422 MB | peak reserved:  1536 MB, DP=1, TP=1, SP=1, PP=1)
E20261009 03:19:02.025167 140026444337152 main.cc:547] step   38/50 | train loss 4.560112 | lr 1.00e-04 | (28.54 ms | 8971 tok/s | peak used:  1422 MB | peak reserved:  1536 MB, DP=1, TP=1, SP=1, PP=1)
E20261009 03:19:02.053774 140026444337152 main.cc:547] step   39/50 | train loss 4.824966 | lr 1.00e-04 | (28.56 ms | 8962 tok/s | peak used:  1422 MB | peak reserved:  1536 MB, DP=1, TP=1, SP=1, PP=1)
E20261009 03:19:02.082335 140026444337152 main.cc:547] step   40/50 | train loss 4.739439 | lr 1.00e-04 | (28.53 ms | 8974 tok/s | peak used:  1422 MB | peak reserved:  1536 MB, DP=1, TP=1, SP=1, PP=1)
E20261009 03:19:02.772336 140026444337152 checkpoint.cc:206] [CKPT] Save done: dir="/data1/ckpt/no_resume/gpt2/no_resume/checkpoint_step_000040"
E20261009 03:19:02.880615 140026444337152 main.cc:547] step   41/50 | train loss 4.771608 | lr 1.00e-04 | (30.69 ms | 8340 tok/s | peak used:  1422 MB | peak reserved:  1536 MB, DP=1, TP=1, SP=1, PP=1)
E20261009 03:19:02.910189 140026444337152 main.cc:547] step   42/50 | train loss 4.766147 | lr 1.00e-04 | (29.51 ms | 8675 tok/s | peak used:  1422 MB | peak reserved:  1536 MB, DP=1, TP=1, SP=1, PP=1)
E20261009 03:19:02.939711 140026444337152 main.cc:547] step   43/50 | train loss 4.433417 | lr 1.00e-04 | (29.47 ms | 8688 tok/s | peak used:  1422 MB | peak reserved:  1536 MB, DP=1, TP=1, SP=1, PP=1)
E20261009 03:19:02.969219 140026444337152 main.cc:547] step   44/50 | train loss 4.349254 | lr 1.00e-04 | (29.47 ms | 8688 tok/s | peak used:  1422 MB | peak reserved:  1536 MB, DP=1, TP=1, SP=1, PP=1)
E20261009 03:19:02.998683 140026444337152 main.cc:547] step   45/50 | train loss 4.474980 | lr 1.00e-04 | (29.43 ms | 8700 tok/s | peak used:  1422 MB | peak reserved:  1536 MB, DP=1, TP=1, SP=1, PP=1)
E20261009 03:19:03.028127 140026444337152 main.cc:547] step   46/50 | train loss 4.375552 | lr 1.00e-04 | (29.40 ms | 8706 tok/s | peak used:  1422 MB | peak reserved:  1536 MB, DP=1, TP=1, SP=1, PP=1)
E20261009 03:19:03.057608 140026444337152 main.cc:547] step   47/50 | train loss 4.604450 | lr 1.00e-04 | (29.44 ms | 8695 tok/s | peak used:  1422 MB | peak reserved:  1536 MB, DP=1, TP=1, SP=1, PP=1)
E20261009 03:19:03.087086 140026444337152 main.cc:547] step   48/50 | train loss 4.545737 | lr 1.00e-04 | (29.44 ms | 8696 tok/s | peak used:  1422 MB | peak reserved:  1536 MB, DP=1, TP=1, SP=1, PP=1)
E20261009 03:19:03.116569 140026444337152 main.cc:547] step   49/50 | train loss 4.759526 | lr 1.00e-04 | (29.44 ms | 8695 tok/s | peak used:  1422 MB | peak reserved:  1536 MB, DP=1, TP=1, SP=1, PP=1)
E20261009 03:19:03.146019 140026444337152 main.cc:547] step   50/50 | train loss 4.657004 | lr 1.00e-04 | (29.41 ms | 8704 tok/s | peak used:  1422 MB | peak reserved:  1536 MB, DP=1, TP=1, SP=1, PP=1)
E20261009 03:19:03.901325 140026444337152 checkpoint.cc:206] [CKPT] Save done: dir="/data1/ckpt/no_resume/gpt2/no_resume/checkpoint_step_000050"
