[LAST_CMAKE] cmake -DUSE_CUDA=ON -DUSE_NCCL=ON -DBUILD_TEST=ON -DPROFILE_MODE=OFF .. && make -j
[RUN_METADATA] /workspace/Github/InfiniTrain-packed-swiglu/scripts/20260921/feat_packed-swiglu_d464012/logs/run_metadata.log
[RUN_STARTED_AT] 2026-09-21 09:13:58
[GIT_BRANCH] feat/packed-swiglu
[GIT_COMMIT] d464012fe170830acb1fff148923505690bdb82a
[GIT_COMMIT_SHORT] d464012
[COMMAND] ./gpt2 --input_bin /data1/shared/InfiniTrain-dev/data/llmc/gpt2/tinyshakespeare/tiny_shakespeare_train.bin --llmc_filepath /data1/shared/InfiniTrain-dev/data/llmc/gpt2/gpt2_124M.bin --device cuda --num_iteration=50 --save_interval=10 --load=/data1/ckpt/no_resume/gpt2/no_resume/checkpoint_step_000030 --save=/data1/ckpt/base_resume/gpt2/resume
E20260921 09:48:42.231069 140397116379136 checkpoint.cc:239] [CKPT] Load done: global_step=30, consumed_train_samples=120, topology(ddp,tp,sp,pp)=(1,1,1,1)
E20260921 09:48:42.316758 140397116379136 main.cc:547] step   31/50 | train loss 4.772680 | lr 1.00e-04 | (84.89 ms | 3016 tok/s | peak used:  1422 MB | peak reserved:  1504 MB, DP=1, TP=1, SP=1, PP=1)
E20260921 09:48:42.349259 140397116379136 main.cc:547] step   32/50 | train loss 4.745454 | lr 1.00e-04 | (32.42 ms | 7896 tok/s | peak used:  1422 MB | peak reserved:  1568 MB, DP=1, TP=1, SP=1, PP=1)
E20260921 09:48:42.379700 140397116379136 main.cc:547] step   33/50 | train loss 4.572053 | lr 1.00e-04 | (30.40 ms | 8421 tok/s | peak used:  1422 MB | peak reserved:  1568 MB, DP=1, TP=1, SP=1, PP=1)
E20260921 09:48:42.410120 140397116379136 main.cc:547] step   34/50 | train loss 4.968210 | lr 1.00e-04 | (30.38 ms | 8426 tok/s | peak used:  1422 MB | peak reserved:  1568 MB, DP=1, TP=1, SP=1, PP=1)
E20260921 09:48:42.440614 140397116379136 main.cc:547] step   35/50 | train loss 5.016877 | lr 1.00e-04 | (30.46 ms | 8405 tok/s | peak used:  1422 MB | peak reserved:  1600 MB, DP=1, TP=1, SP=1, PP=1)
E20260921 09:48:42.471087 140397116379136 main.cc:547] step   36/50 | train loss 5.076681 | lr 1.00e-04 | (30.42 ms | 8415 tok/s | peak used:  1422 MB | peak reserved:  1600 MB, DP=1, TP=1, SP=1, PP=1)
E20260921 09:48:42.501538 140397116379136 main.cc:547] step   37/50 | train loss 5.004405 | lr 1.00e-04 | (30.41 ms | 8417 tok/s | peak used:  1422 MB | peak reserved:  1600 MB, DP=1, TP=1, SP=1, PP=1)
E20260921 09:48:42.532024 140397116379136 main.cc:547] step   38/50 | train loss 4.560111 | lr 1.00e-04 | (30.45 ms | 8407 tok/s | peak used:  1422 MB | peak reserved:  1632 MB, DP=1, TP=1, SP=1, PP=1)
E20260921 09:48:42.561537 140397116379136 main.cc:547] step   39/50 | train loss 4.824966 | lr 1.00e-04 | (29.48 ms | 8685 tok/s | peak used:  1422 MB | peak reserved:  1632 MB, DP=1, TP=1, SP=1, PP=1)
E20260921 09:48:42.590548 140397116379136 main.cc:547] step   40/50 | train loss 4.739439 | lr 1.00e-04 | (28.97 ms | 8835 tok/s | peak used:  1422 MB | peak reserved:  1632 MB, DP=1, TP=1, SP=1, PP=1)
E20260921 09:48:43.289844 140397116379136 checkpoint.cc:206] [CKPT] Save done: dir="/data1/ckpt/base_resume/gpt2/resume/checkpoint_step_000040"
E20260921 09:48:43.319527 140397116379136 main.cc:547] step   41/50 | train loss 4.771608 | lr 1.00e-04 | (29.57 ms | 8658 tok/s | peak used:  1422 MB | peak reserved:  1632 MB, DP=1, TP=1, SP=1, PP=1)
E20260921 09:48:43.348616 140397116379136 main.cc:547] step   42/50 | train loss 4.766147 | lr 1.00e-04 | (29.04 ms | 8814 tok/s | peak used:  1422 MB | peak reserved:  1632 MB, DP=1, TP=1, SP=1, PP=1)
E20260921 09:48:43.377636 140397116379136 main.cc:547] step   43/50 | train loss 4.433418 | lr 1.00e-04 | (28.98 ms | 8833 tok/s | peak used:  1422 MB | peak reserved:  1632 MB, DP=1, TP=1, SP=1, PP=1)
E20260921 09:48:43.406653 140397116379136 main.cc:547] step   44/50 | train loss 4.349253 | lr 1.00e-04 | (28.98 ms | 8834 tok/s | peak used:  1422 MB | peak reserved:  1632 MB, DP=1, TP=1, SP=1, PP=1)
E20260921 09:48:43.435682 140397116379136 main.cc:547] step   45/50 | train loss 4.474979 | lr 1.00e-04 | (28.99 ms | 8830 tok/s | peak used:  1422 MB | peak reserved:  1632 MB, DP=1, TP=1, SP=1, PP=1)
E20260921 09:48:43.464733 140397116379136 main.cc:547] step   46/50 | train loss 4.375552 | lr 1.00e-04 | (29.01 ms | 8824 tok/s | peak used:  1422 MB | peak reserved:  1632 MB, DP=1, TP=1, SP=1, PP=1)
E20260921 09:48:43.493768 140397116379136 main.cc:547] step   47/50 | train loss 4.604453 | lr 1.00e-04 | (28.99 ms | 8830 tok/s | peak used:  1422 MB | peak reserved:  1632 MB, DP=1, TP=1, SP=1, PP=1)
E20260921 09:48:43.522831 140397116379136 main.cc:547] step   48/50 | train loss 4.545737 | lr 1.00e-04 | (29.03 ms | 8820 tok/s | peak used:  1422 MB | peak reserved:  1632 MB, DP=1, TP=1, SP=1, PP=1)
E20260921 09:48:43.551857 140397116379136 main.cc:547] step   49/50 | train loss 4.759529 | lr 1.00e-04 | (28.98 ms | 8833 tok/s | peak used:  1422 MB | peak reserved:  1632 MB, DP=1, TP=1, SP=1, PP=1)
E20260921 09:48:43.580873 140397116379136 main.cc:547] step   50/50 | train loss 4.657005 | lr 1.00e-04 | (28.98 ms | 8834 tok/s | peak used:  1422 MB | peak reserved:  1632 MB, DP=1, TP=1, SP=1, PP=1)
E20260921 09:48:44.278082 140397116379136 checkpoint.cc:206] [CKPT] Save done: dir="/data1/ckpt/base_resume/gpt2/resume/checkpoint_step_000050"
