[LAST_CMAKE] cmake -DUSE_CUDA=ON -DUSE_NCCL=ON -DBUILD_TEST=OFF -DPROFILE_MODE=ON .. && make -j
[RUN_METADATA] /workspace/Github/InfiniTrain-packed-swiglu/scripts/20260921/feat_packed-swiglu_d464012/logs/run_metadata.log
[RUN_STARTED_AT] 2026-09-21 09:13:58
[GIT_BRANCH] feat/packed-swiglu
[GIT_COMMIT] d464012fe170830acb1fff148923505690bdb82a
[GIT_COMMIT_SHORT] d464012
[COMMAND] ./gpt2 --input_bin /data1/shared/InfiniTrain-dev/data/llmc/gpt2/tinyshakespeare/tiny_shakespeare_train.bin --llmc_filepath /data1/shared/InfiniTrain-dev/data/llmc/gpt2/gpt2_124M.bin --device cuda --dtype=bfloat16 --num_iteration=50 --save_interval=10 --load=/data1/ckpt/bfloat16_no_resume/gpt2/no_resume/checkpoint_step_000030 --save=/data1/ckpt/bfloat16_resume/gpt2/resume
E20260921 10:57:00.877048 140041806401536 checkpoint.cc:239] [CKPT] Load done: global_step=30, consumed_train_samples=120, topology(ddp,tp,sp,pp)=(1,1,1,1)
E20260921 10:57:01.048158 140041806401536 main.cc:547] step   31/50 | train loss 4.772624 | lr 1.00e-04 | (170.32 ms | 1503 tok/s | peak used:  1397 MB | peak reserved:  1472 MB, DP=1, TP=1, SP=1, PP=1)
E20260921 10:57:01.191662 140041806401536 main.cc:547] step   32/50 | train loss 4.735675 | lr 1.00e-04 | (143.43 ms | 1785 tok/s | peak used:  1397 MB | peak reserved:  1472 MB, DP=1, TP=1, SP=1, PP=1)
E20260921 10:57:01.317034 140041806401536 main.cc:547] step   33/50 | train loss 4.528910 | lr 1.00e-04 | (125.33 ms | 2043 tok/s | peak used:  1397 MB | peak reserved:  1472 MB, DP=1, TP=1, SP=1, PP=1)
E20260921 10:57:01.435375 140041806401536 main.cc:547] step   34/50 | train loss 4.949610 | lr 1.00e-04 | (118.26 ms | 2165 tok/s | peak used:  1397 MB | peak reserved:  1472 MB, DP=1, TP=1, SP=1, PP=1)
E20260921 10:57:01.525549 140041806401536 main.cc:547] step   35/50 | train loss 5.039157 | lr 1.00e-04 | (90.12 ms | 2841 tok/s | peak used:  1397 MB | peak reserved:  1472 MB, DP=1, TP=1, SP=1, PP=1)
E20260921 10:57:01.615428 140041806401536 main.cc:547] step   36/50 | train loss 5.044595 | lr 1.00e-04 | (89.82 ms | 2850 tok/s | peak used:  1397 MB | peak reserved:  1472 MB, DP=1, TP=1, SP=1, PP=1)
E20260921 10:57:01.740837 140041806401536 main.cc:547] step   37/50 | train loss 4.972220 | lr 1.00e-04 | (125.37 ms | 2042 tok/s | peak used:  1397 MB | peak reserved:  1472 MB, DP=1, TP=1, SP=1, PP=1)
E20260921 10:57:01.854753 140041806401536 main.cc:547] step   38/50 | train loss 4.534993 | lr 1.00e-04 | (113.87 ms | 2248 tok/s | peak used:  1397 MB | peak reserved:  1472 MB, DP=1, TP=1, SP=1, PP=1)
E20260921 10:57:01.954405 140041806401536 main.cc:547] step   39/50 | train loss 4.815273 | lr 1.00e-04 | (99.61 ms | 2570 tok/s | peak used:  1397 MB | peak reserved:  1472 MB, DP=1, TP=1, SP=1, PP=1)
E20260921 10:57:02.057870 140041806401536 main.cc:547] step   40/50 | train loss 4.720067 | lr 1.00e-04 | (103.42 ms | 2475 tok/s | peak used:  1397 MB | peak reserved:  1472 MB, DP=1, TP=1, SP=1, PP=1)
E20260921 10:57:02.778130 140041806401536 checkpoint.cc:206] [CKPT] Save done: dir="/data1/ckpt/bfloat16_resume/gpt2/resume/checkpoint_step_000040"
E20260921 10:57:02.886655 140041806401536 main.cc:547] step   41/50 | train loss 4.742329 | lr 1.00e-04 | (108.40 ms | 2362 tok/s | peak used:  1397 MB | peak reserved:  1472 MB, DP=1, TP=1, SP=1, PP=1)
E20260921 10:57:02.976612 140041806401536 main.cc:547] step   42/50 | train loss 4.751122 | lr 1.00e-04 | (89.91 ms | 2847 tok/s | peak used:  1397 MB | peak reserved:  1472 MB, DP=1, TP=1, SP=1, PP=1)
E20260921 10:57:03.072542 140041806401536 main.cc:547] step   43/50 | train loss 4.399599 | lr 1.00e-04 | (95.89 ms | 2670 tok/s | peak used:  1397 MB | peak reserved:  1472 MB, DP=1, TP=1, SP=1, PP=1)
E20260921 10:57:03.166345 140041806401536 main.cc:547] step   44/50 | train loss 4.324706 | lr 1.00e-04 | (93.76 ms | 2730 tok/s | peak used:  1397 MB | peak reserved:  1472 MB, DP=1, TP=1, SP=1, PP=1)
E20260921 10:57:03.309818 140041806401536 main.cc:547] step   45/50 | train loss 4.454928 | lr 1.00e-04 | (143.43 ms | 1785 tok/s | peak used:  1397 MB | peak reserved:  1472 MB, DP=1, TP=1, SP=1, PP=1)
E20260921 10:57:03.424587 140041806401536 main.cc:547] step   46/50 | train loss 4.333805 | lr 1.00e-04 | (114.72 ms | 2231 tok/s | peak used:  1397 MB | peak reserved:  1472 MB, DP=1, TP=1, SP=1, PP=1)
E20260921 10:57:03.526760 140041806401536 main.cc:547] step   47/50 | train loss 4.600014 | lr 1.00e-04 | (102.13 ms | 2507 tok/s | peak used:  1397 MB | peak reserved:  1472 MB, DP=1, TP=1, SP=1, PP=1)
E20260921 10:57:03.621801 140041806401536 main.cc:547] step   48/50 | train loss 4.527184 | lr 1.00e-04 | (95.00 ms | 2695 tok/s | peak used:  1397 MB | peak reserved:  1472 MB, DP=1, TP=1, SP=1, PP=1)
E20260921 10:57:03.712059 140041806401536 main.cc:547] step   49/50 | train loss 4.750167 | lr 1.00e-04 | (90.21 ms | 2838 tok/s | peak used:  1397 MB | peak reserved:  1472 MB, DP=1, TP=1, SP=1, PP=1)
E20260921 10:57:03.816189 140041806401536 main.cc:547] step   50/50 | train loss 4.653318 | lr 1.00e-04 | (104.09 ms | 2459 tok/s | peak used:  1397 MB | peak reserved:  1472 MB, DP=1, TP=1, SP=1, PP=1)
E20260921 10:57:04.530187 140041806401536 checkpoint.cc:206] [CKPT] Save done: dir="/data1/ckpt/bfloat16_resume/gpt2/resume/checkpoint_step_000050"
