[LAST_CMAKE] cmake -DUSE_CUDA=ON -DUSE_NCCL=ON -DBUILD_TEST=ON -DPROFILE_MODE=OFF .. && make -j
[RUN_METADATA] /home/chenxi/InfiniTrain/scripts/20260917/refactor_privateuse1-backend_227c659/logs/run_metadata.log
[RUN_STARTED_AT] 2026-09-17 07:59:39
[GIT_BRANCH] refactor/privateuse1-backend
[GIT_COMMIT] 227c659941d462bd9fddce76697b29c4204f8f35
[GIT_COMMIT_SHORT] 227c659
[COMMAND] ./gpt2 --input_bin /data1/shared/InfiniTrain-dev/data/llmc/gpt2/tinyshakespeare/tiny_shakespeare_train.bin --llmc_filepath /data1/shared/InfiniTrain-dev/data/llmc/gpt2/gpt2_124M.bin --device cuda --dtype=bfloat16 --nthread_per_process=8 --num_iteration=10 --batch_size=40 --total_batch_size=5120 --tensor_parallel=4 --sequence_parallel=true --lora_rank=16 --lora_alpha=32.0 --lora_target_modules=attn.c_proj,c_fc,c_proj
===== LoRA Model Summary (Rank 6) ======
Total parameters:     42183936
Trainable parameters: 774144 (1.83516%)
Frozen parameters:    41409792
========================================
===== LoRA Model Summary (Rank 7) ======
Total parameters:     42183936
Trainable parameters: 774144 (1.83516%)
Frozen parameters:    41409792
========================================
===== LoRA Model Summary (Rank 3) ======
Total parameters:     42183936
Trainable parameters: 774144 (1.83516%)
Frozen parameters:    41409792
========================================
===== LoRA Model Summary (Rank 1) ======
Total parameters:     42183936
Trainable parameters: 774144 (1.83516%)
Frozen parameters:    41409792
========================================
===== LoRA Model Summary (Rank 5) ======
Total parameters:     42183936
Trainable parameters: 774144 (1.83516%)
Frozen parameters:    41409792
========================================
===== LoRA Model Summary (Rank 2) ======
Total parameters:     42183936
Trainable parameters: 774144 (1.83516%)
Frozen parameters:    41409792
========================================
===== LoRA Model Summary (Rank 0) ======
Total parameters:     42183936
Trainable parameters: 774144 (1.83516%)
Frozen parameters:    41409792
========================================
===== LoRA Model Summary (Rank 4) ======
Total parameters:     42183936
Trainable parameters: 774144 (1.83516%)
Frozen parameters:    41409792
========================================
E20260917 08:27:41.545248 140387716931584 main.cc:547] step    1/10 | train loss 5.206748 | lr 1.00e-04 | (776.03 ms | 6598 tok/s | peak used:  1641 MB | peak reserved:  1728 MB, DP=2, TP=4, SP=4, PP=1)
E20260917 08:27:41.757572 140387716931584 main.cc:547] step    2/10 | train loss 5.138315 | lr 1.00e-04 | (211.60 ms | 24196 tok/s | peak used:  1699 MB | peak reserved:  1856 MB, DP=2, TP=4, SP=4, PP=1)
E20260917 08:27:41.962360 140387716931584 main.cc:547] step    3/10 | train loss 5.070421 | lr 1.00e-04 | (204.72 ms | 25010 tok/s | peak used:  1699 MB | peak reserved:  1856 MB, DP=2, TP=4, SP=4, PP=1)
E20260917 08:27:42.162918 140387716931584 main.cc:547] step    4/10 | train loss 4.770267 | lr 1.00e-04 | (200.48 ms | 25538 tok/s | peak used:  1699 MB | peak reserved:  1856 MB, DP=2, TP=4, SP=4, PP=1)
E20260917 08:27:42.358372 140387716931584 main.cc:547] step    5/10 | train loss 4.899646 | lr 1.00e-04 | (195.40 ms | 26203 tok/s | peak used:  1699 MB | peak reserved:  1856 MB, DP=2, TP=4, SP=4, PP=1)
E20260917 08:27:42.552100 140387716931584 main.cc:547] step    6/10 | train loss 4.873663 | lr 1.00e-04 | (193.66 ms | 26438 tok/s | peak used:  1699 MB | peak reserved:  1856 MB, DP=2, TP=4, SP=4, PP=1)
E20260917 08:27:42.745184 140387716931584 main.cc:547] step    7/10 | train loss 4.963442 | lr 1.00e-04 | (193.00 ms | 26529 tok/s | peak used:  1699 MB | peak reserved:  1856 MB, DP=2, TP=4, SP=4, PP=1)
E20260917 08:27:42.938299 140387716931584 main.cc:547] step    8/10 | train loss 4.918138 | lr 1.00e-04 | (193.05 ms | 26521 tok/s | peak used:  1699 MB | peak reserved:  1856 MB, DP=2, TP=4, SP=4, PP=1)
E20260917 08:27:43.137386 140387716931584 main.cc:547] step    9/10 | train loss 4.958781 | lr 1.00e-04 | (199.03 ms | 25724 tok/s | peak used:  1699 MB | peak reserved:  1856 MB, DP=2, TP=4, SP=4, PP=1)
E20260917 08:27:43.336112 140387716931584 main.cc:547] step   10/10 | train loss 5.017825 | lr 1.00e-04 | (198.66 ms | 25773 tok/s | peak used:  1699 MB | peak reserved:  1856 MB, DP=2, TP=4, SP=4, PP=1)
