[LAST_CMAKE] cmake -DUSE_CUDA=ON -DUSE_NCCL=ON -DBUILD_TEST=ON -DPROFILE_MODE=OFF .. && make -j
[RUN_METADATA] /home/chenxi/InfiniTrain/scripts/20260917/refactor_privateuse1-backend_227c659/logs/run_metadata.log
[RUN_STARTED_AT] 2026-09-17 07:59:39
[GIT_BRANCH] refactor/privateuse1-backend
[GIT_COMMIT] 227c659941d462bd9fddce76697b29c4204f8f35
[GIT_COMMIT_SHORT] 227c659
[COMMAND] ./gpt2 --input_bin /data1/shared/InfiniTrain-dev/data/llmc/gpt2/tinyshakespeare/tiny_shakespeare_train.bin --llmc_filepath /data1/shared/InfiniTrain-dev/data/llmc/gpt2/gpt2_124M.bin --device cuda --dtype=bfloat16 --num_iteration=10 --batch_size=80 --total_batch_size=5120 --lora_rank=8 --lora_alpha=16.0 --lora_target_modules=c_attn,attn.c_proj --lora_load_path=/data1/shared/InfiniTrain-dev/data/llmc/gpt2/gpt2_124M_lora_weights_rank8_alpha16.bin
===== LoRA Model Summary (Rank 0) ======
Total parameters:     163479552
Trainable parameters: 442368 (0.270595%)
Frozen parameters:    163037184
========================================
E20260917 08:24:08.620769 140090921496576 main.cc:547] step    1/10 | train loss 5.213314 | lr 1.00e-04 | (254.61 ms | 20109 tok/s | peak used:  7051 MB | peak reserved:  7392 MB, DP=1, TP=1, SP=1, PP=1)
E20260917 08:24:08.757670 140090921496576 main.cc:547] step    2/10 | train loss 5.136970 | lr 1.00e-04 | (136.37 ms | 37545 tok/s | peak used:  7051 MB | peak reserved:  7520 MB, DP=1, TP=1, SP=1, PP=1)
E20260917 08:24:08.869423 140090921496576 main.cc:547] step    3/10 | train loss 5.070586 | lr 1.00e-04 | (111.71 ms | 45834 tok/s | peak used:  7051 MB | peak reserved:  7712 MB, DP=1, TP=1, SP=1, PP=1)
E20260917 08:24:08.981447 140090921496576 main.cc:547] step    4/10 | train loss 4.766680 | lr 1.00e-04 | (111.98 ms | 45721 tok/s | peak used:  7051 MB | peak reserved:  7904 MB, DP=1, TP=1, SP=1, PP=1)
E20260917 08:24:09.093388 140090921496576 main.cc:547] step    5/10 | train loss 4.895496 | lr 1.00e-04 | (111.90 ms | 45755 tok/s | peak used:  7051 MB | peak reserved:  8000 MB, DP=1, TP=1, SP=1, PP=1)
E20260917 08:24:09.225453 140090921496576 main.cc:547] step    6/10 | train loss 4.876322 | lr 1.00e-04 | (132.02 ms | 38781 tok/s | peak used:  7051 MB | peak reserved:  8128 MB, DP=1, TP=1, SP=1, PP=1)
E20260917 08:24:09.349146 140090921496576 main.cc:547] step    7/10 | train loss 4.965820 | lr 1.00e-04 | (123.65 ms | 41407 tok/s | peak used:  7051 MB | peak reserved:  8288 MB, DP=1, TP=1, SP=1, PP=1)
E20260917 08:24:09.461500 140090921496576 main.cc:547] step    8/10 | train loss 4.913653 | lr 1.00e-04 | (112.31 ms | 45587 tok/s | peak used:  7051 MB | peak reserved:  8416 MB, DP=1, TP=1, SP=1, PP=1)
E20260917 08:24:09.573415 140090921496576 main.cc:547] step    9/10 | train loss 4.955267 | lr 1.00e-04 | (111.88 ms | 45765 tok/s | peak used:  7051 MB | peak reserved:  8480 MB, DP=1, TP=1, SP=1, PP=1)
E20260917 08:24:09.685732 140090921496576 main.cc:547] step   10/10 | train loss 5.023675 | lr 1.00e-04 | (112.28 ms | 45601 tok/s | peak used:  7051 MB | peak reserved:  8512 MB, DP=1, TP=1, SP=1, PP=1)
