[LAST_CMAKE] cmake -DUSE_CUDA=ON -DUSE_NCCL=ON -DBUILD_TEST=OFF -DPROFILE_MODE=ON .. && make -j
[RUN_METADATA] /home/chenxi/InfiniTrain/scripts/20260917/refactor_privateuse1-backend_227c659/logs/run_metadata.log
[RUN_STARTED_AT] 2026-09-17 07:59:39
[GIT_BRANCH] refactor/privateuse1-backend
[GIT_COMMIT] 227c659941d462bd9fddce76697b29c4204f8f35
[GIT_COMMIT_SHORT] 227c659
[COMMAND] ./gpt2 --input_bin /data1/shared/InfiniTrain-dev/data/llmc/gpt2/tinyshakespeare/tiny_shakespeare_train.bin --llmc_filepath /data1/shared/InfiniTrain-dev/data/llmc/gpt2/gpt2_124M.bin --device cuda --dtype=float32 --nthread_per_process=8 --num_iteration=10 --batch_size=10 --total_batch_size=5120 --pipeline_parallel=8 --lora_rank=4 --lora_alpha=8.0 --lora_target_modules=c_attn,attn.c_proj,c_fc
===== LoRA Model Summary (Rank 5) ======
Total parameters:     7121664
Trainable parameters: 33792 (0.474496%)
Frozen parameters:    7087872
========================================
===== LoRA Model Summary (Rank 6) ======
Total parameters:     7121664
Trainable parameters: 33792 (0.474496%)
Frozen parameters:    7087872
========================================
===== LoRA Model Summary (Rank 4) ======
Total parameters:     7121664
Trainable parameters: 33792 (0.474496%)
Frozen parameters:    7087872
========================================
===== LoRA Model Summary (Rank 3) ======
Total parameters:     14243328
Trainable parameters: 67584 (0.474496%)
Frozen parameters:    14175744
========================================
===== LoRA Model Summary (Rank 1) ======
Total parameters:     14243328
Trainable parameters: 67584 (0.474496%)
Frozen parameters:    14175744
========================================
===== LoRA Model Summary (Rank 0) ======
Total parameters:     53627136
Trainable parameters: 67584 (0.126026%)
Frozen parameters:    53559552
========================================
===== LoRA Model Summary (Rank 2) ======
Total parameters:     14243328
Trainable parameters: 67584 (0.474496%)
Frozen parameters:    14175744
========================================
===== LoRA Model Summary (Rank 7) ======
Total parameters:     45720576
Trainable parameters: 33792 (0.0739098%)
Frozen parameters:    45686784
========================================
E20260917 09:30:02.347413 139659518648320 main.cc:547] step    1/10 | train loss 5.219545 | lr 1.00e-04 | (717.27 ms | 7138 tok/s | peak used:  1720 MB | peak reserved:  1760 MB, DP=1, TP=1, SP=1, PP=8)
E20260917 09:30:03.071188 139659518648320 main.cc:547] step    2/10 | train loss 5.143064 | lr 1.00e-04 | (723.33 ms | 7078 tok/s | peak used:  1720 MB | peak reserved:  1760 MB, DP=1, TP=1, SP=1, PP=8)
E20260917 09:30:03.469765 139659518648320 main.cc:547] step    3/10 | train loss 5.074578 | lr 1.00e-04 | (398.49 ms | 12849 tok/s | peak used:  1720 MB | peak reserved:  1760 MB, DP=1, TP=1, SP=1, PP=8)
E20260917 09:30:03.858987 139659518648320 main.cc:547] step    4/10 | train loss 4.774480 | lr 1.00e-04 | (389.15 ms | 13157 tok/s | peak used:  1720 MB | peak reserved:  1760 MB, DP=1, TP=1, SP=1, PP=8)
E20260917 09:30:04.228415 139659518648320 main.cc:547] step    5/10 | train loss 4.900561 | lr 1.00e-04 | (369.38 ms | 13861 tok/s | peak used:  1720 MB | peak reserved:  1760 MB, DP=1, TP=1, SP=1, PP=8)
E20260917 09:30:04.617658 139659518648320 main.cc:547] step    6/10 | train loss 4.886525 | lr 1.00e-04 | (389.19 ms | 13155 tok/s | peak used:  1720 MB | peak reserved:  1760 MB, DP=1, TP=1, SP=1, PP=8)
E20260917 09:30:04.937844 139659518648320 main.cc:547] step    7/10 | train loss 4.977913 | lr 1.00e-04 | (320.14 ms | 15993 tok/s | peak used:  1720 MB | peak reserved:  1760 MB, DP=1, TP=1, SP=1, PP=8)
E20260917 09:30:05.284548 139659518648320 main.cc:547] step    8/10 | train loss 4.925583 | lr 1.00e-04 | (346.66 ms | 14770 tok/s | peak used:  1720 MB | peak reserved:  1760 MB, DP=1, TP=1, SP=1, PP=8)
E20260917 09:30:05.658077 139659518648320 main.cc:547] step    9/10 | train loss 4.957021 | lr 1.00e-04 | (373.48 ms | 13709 tok/s | peak used:  1720 MB | peak reserved:  1760 MB, DP=1, TP=1, SP=1, PP=8)
E20260917 09:30:06.039948 139659518648320 main.cc:547] step   10/10 | train loss 5.033323 | lr 1.00e-04 | (381.83 ms | 13409 tok/s | peak used:  1720 MB | peak reserved:  1760 MB, DP=1, TP=1, SP=1, PP=8)
