[LAST_CMAKE] cmake -DUSE_CUDA=ON -DUSE_NCCL=ON -DBUILD_TEST=ON -DPROFILE_MODE=OFF .. && make -j
[RUN_METADATA] /home/jiyiming/code/InfiniTrain_checkpoint/scripts/20260820/feat_named-parameters_ed83c8b/logs/run_metadata.log
[RUN_STARTED_AT] 2026-08-20 07:46:50
[GIT_BRANCH] feat/named-parameters
[GIT_COMMIT] ed83c8b3ea23ef3bfae3b14bf8e42ac1d4221825
[GIT_COMMIT_SHORT] ed83c8b
[COMMAND] ./gpt2 --input_bin /data1/shared/InfiniTrain-dev/data/llmc/gpt2/tinyshakespeare/tiny_shakespeare_train.bin --llmc_filepath /data1/shared/InfiniTrain-dev/data/llmc/gpt2/gpt2_124M.bin --device cuda --dtype bfloat16 --lora_rank 8 --lora_alpha 16.0 --lora_target_modules c_attn,attn.c_proj --lora_load_path /data1/shared/InfiniTrain-dev/data/llmc/gpt2/gpt2_124M_lora_weights_rank8_alpha16.bin
===== LoRA Model Summary (Rank 0) ======
Total parameters:     163479552
Trainable parameters: 442368 (0.270595%)
Frozen parameters:    163037184
========================================
E20260820 08:14:32.656345 140511069327360 main.cc:531] step    1/10 | train loss 5.336104 | lr 1.00e-04 | (125.66 ms | 2037 tok/s | peak used:  1212 MB | peak reserved:  1248 MB, DP=1, TP=1, SP=1, PP=1)
E20260820 08:14:32.689963 140511069327360 main.cc:531] step    2/10 | train loss 5.133491 | lr 1.00e-04 | (33.07 ms | 7740 tok/s | peak used:  1212 MB | peak reserved:  1280 MB, DP=1, TP=1, SP=1, PP=1)
E20260820 08:14:32.722956 140511069327360 main.cc:531] step    3/10 | train loss 4.878366 | lr 1.00e-04 | (32.95 ms | 7769 tok/s | peak used:  1212 MB | peak reserved:  1280 MB, DP=1, TP=1, SP=1, PP=1)
E20260820 08:14:32.756030 140511069327360 main.cc:531] step    4/10 | train loss 4.995970 | lr 1.00e-04 | (33.03 ms | 7749 tok/s | peak used:  1212 MB | peak reserved:  1312 MB, DP=1, TP=1, SP=1, PP=1)
E20260820 08:14:32.789075 140511069327360 main.cc:531] step    5/10 | train loss 4.894534 | lr 1.00e-04 | (33.01 ms | 7756 tok/s | peak used:  1212 MB | peak reserved:  1312 MB, DP=1, TP=1, SP=1, PP=1)
E20260820 08:14:32.822215 140511069327360 main.cc:531] step    6/10 | train loss 5.190569 | lr 1.00e-04 | (33.10 ms | 7734 tok/s | peak used:  1212 MB | peak reserved:  1344 MB, DP=1, TP=1, SP=1, PP=1)
E20260820 08:14:32.855165 140511069327360 main.cc:531] step    7/10 | train loss 5.033346 | lr 1.00e-04 | (32.91 ms | 7778 tok/s | peak used:  1212 MB | peak reserved:  1344 MB, DP=1, TP=1, SP=1, PP=1)
E20260820 08:14:32.887969 140511069327360 main.cc:531] step    8/10 | train loss 5.270230 | lr 1.00e-04 | (32.77 ms | 7813 tok/s | peak used:  1212 MB | peak reserved:  1344 MB, DP=1, TP=1, SP=1, PP=1)
E20260820 08:14:32.922274 140511069327360 main.cc:531] step    9/10 | train loss 5.311343 | lr 1.00e-04 | (34.27 ms | 7471 tok/s | peak used:  1212 MB | peak reserved:  1376 MB, DP=1, TP=1, SP=1, PP=1)
E20260820 08:14:32.956555 140511069327360 main.cc:531] step   10/10 | train loss 5.564073 | lr 1.00e-04 | (34.24 ms | 7476 tok/s | peak used:  1212 MB | peak reserved:  1408 MB, DP=1, TP=1, SP=1, PP=1)
