[LAST_CMAKE] cmake -DUSE_CUDA=ON -DUSE_NCCL=ON -DBUILD_TEST=ON -DPROFILE_MODE=OFF .. && make -j
[COMMAND] ./gpt2 --input_bin /data1/shared/InfiniTrain-dev/data/llmc/gpt2/tinyshakespeare/tiny_shakespeare_train.bin --llmc_filepath /data1/shared/InfiniTrain-dev/data/llmc/gpt2/gpt2_124M.bin --device cuda --dtype bfloat16 --num_iteration 50 --save_interval 10 --save /data1/ckpt/bfloat16_no_resume/gpt2/no_resume
E20260702 15:36:55.661850 140191799799808 main.cc:493] step    1/50 | train loss 5.336104 | lr 1.00e-04 | (133.55 ms | 1917 tok/s | peak used:  1370 MB | peak reserved:  1536 MB, DP=1, TP=1, SP=1, PP=1)
E20260702 15:36:55.700229 140191799799808 main.cc:493] step    2/50 | train loss 5.031670 | lr 1.00e-04 | (37.10 ms | 6900 tok/s | peak used:  1370 MB | peak reserved:  1632 MB, DP=1, TP=1, SP=1, PP=1)
E20260702 15:36:55.731628 140191799799808 main.cc:493] step    3/50 | train loss 4.874242 | lr 1.00e-04 | (31.35 ms | 8167 tok/s | peak used:  1370 MB | peak reserved:  1760 MB, DP=1, TP=1, SP=1, PP=1)
E20260702 15:36:55.769676 140191799799808 main.cc:493] step    4/50 | train loss 4.934619 | lr 1.00e-04 | (38.01 ms | 6735 tok/s | peak used:  1370 MB | peak reserved:  1824 MB, DP=1, TP=1, SP=1, PP=1)
E20260702 15:36:55.798953 140191799799808 main.cc:493] step    5/50 | train loss 4.928989 | lr 1.00e-04 | (29.24 ms | 8756 tok/s | peak used:  1370 MB | peak reserved:  1920 MB, DP=1, TP=1, SP=1, PP=1)
E20260702 15:36:55.828293 140191799799808 main.cc:493] step    6/50 | train loss 5.063723 | lr 1.00e-04 | (29.30 ms | 8737 tok/s | peak used:  1370 MB | peak reserved:  1920 MB, DP=1, TP=1, SP=1, PP=1)
E20260702 15:36:55.857559 140191799799808 main.cc:493] step    7/50 | train loss 4.826561 | lr 1.00e-04 | (29.23 ms | 8759 tok/s | peak used:  1370 MB | peak reserved:  1952 MB, DP=1, TP=1, SP=1, PP=1)
E20260702 15:36:55.886767 140191799799808 main.cc:493] step    8/50 | train loss 4.886226 | lr 1.00e-04 | (29.17 ms | 8777 tok/s | peak used:  1370 MB | peak reserved:  2016 MB, DP=1, TP=1, SP=1, PP=1)
E20260702 15:36:55.916210 140191799799808 main.cc:493] step    9/50 | train loss 5.101178 | lr 1.00e-04 | (29.40 ms | 8706 tok/s | peak used:  1370 MB | peak reserved:  2080 MB, DP=1, TP=1, SP=1, PP=1)
E20260702 15:36:55.945827 140191799799808 main.cc:493] step   10/50 | train loss 5.215880 | lr 1.00e-04 | (29.58 ms | 8655 tok/s | peak used:  1370 MB | peak reserved:  2176 MB, DP=1, TP=1, SP=1, PP=1)
E20260702 15:36:56.709205 140191799799808 checkpoint.cc:84] [CKPT] Save done: dir="/data1/ckpt/bfloat16_no_resume/gpt2/no_resume/checkpoint_step_000010"
E20260702 15:36:56.739205 140191799799808 main.cc:493] step   11/50 | train loss 5.058126 | lr 1.00e-04 | (29.89 ms | 8566 tok/s | peak used:  1370 MB | peak reserved:  2176 MB, DP=1, TP=1, SP=1, PP=1)
E20260702 15:36:56.776520 140191799799808 main.cc:493] step   12/50 | train loss 4.609498 | lr 1.00e-04 | (37.27 ms | 6869 tok/s | peak used:  1370 MB | peak reserved:  2208 MB, DP=1, TP=1, SP=1, PP=1)
E20260702 15:36:56.805425 140191799799808 main.cc:493] step   13/50 | train loss 4.655823 | lr 1.00e-04 | (28.87 ms | 8869 tok/s | peak used:  1370 MB | peak reserved:  2208 MB, DP=1, TP=1, SP=1, PP=1)
E20260702 15:36:56.834631 140191799799808 main.cc:493] step   14/50 | train loss 4.843148 | lr 1.00e-04 | (29.17 ms | 8777 tok/s | peak used:  1370 MB | peak reserved:  2208 MB, DP=1, TP=1, SP=1, PP=1)
E20260702 15:36:56.863904 140191799799808 main.cc:493] step   15/50 | train loss 4.997108 | lr 1.00e-04 | (29.23 ms | 8757 tok/s | peak used:  1370 MB | peak reserved:  2208 MB, DP=1, TP=1, SP=1, PP=1)
E20260702 15:36:56.892855 140191799799808 main.cc:493] step   16/50 | train loss 4.784032 | lr 1.00e-04 | (28.91 ms | 8855 tok/s | peak used:  1370 MB | peak reserved:  2208 MB, DP=1, TP=1, SP=1, PP=1)
E20260702 15:36:56.922303 140191799799808 main.cc:493] step   17/50 | train loss 5.127736 | lr 1.00e-04 | (29.41 ms | 8705 tok/s | peak used:  1370 MB | peak reserved:  2208 MB, DP=1, TP=1, SP=1, PP=1)
E20260702 15:36:56.951519 140191799799808 main.cc:493] step   18/50 | train loss 4.977313 | lr 1.00e-04 | (29.18 ms | 8774 tok/s | peak used:  1370 MB | peak reserved:  2208 MB, DP=1, TP=1, SP=1, PP=1)
E20260702 15:36:56.980705 140191799799808 main.cc:493] step   19/50 | train loss 4.635274 | lr 1.00e-04 | (29.13 ms | 8787 tok/s | peak used:  1370 MB | peak reserved:  2208 MB, DP=1, TP=1, SP=1, PP=1)
E20260702 15:36:57.009773 140191799799808 main.cc:493] step   20/50 | train loss 4.413937 | lr 1.00e-04 | (29.02 ms | 8821 tok/s | peak used:  1370 MB | peak reserved:  2208 MB, DP=1, TP=1, SP=1, PP=1)
E20260702 15:36:57.723478 140191799799808 checkpoint.cc:84] [CKPT] Save done: dir="/data1/ckpt/bfloat16_no_resume/gpt2/no_resume/checkpoint_step_000020"
E20260702 15:36:57.759615 140191799799808 main.cc:493] step   21/50 | train loss 4.728576 | lr 1.00e-04 | (36.01 ms | 7110 tok/s | peak used:  1370 MB | peak reserved:  2208 MB, DP=1, TP=1, SP=1, PP=1)
E20260702 15:36:57.806097 140191799799808 main.cc:493] step   22/50 | train loss 4.628361 | lr 1.00e-04 | (46.43 ms | 5514 tok/s | peak used:  1370 MB | peak reserved:  2208 MB, DP=1, TP=1, SP=1, PP=1)
E20260702 15:36:57.833961 140191799799808 main.cc:493] step   23/50 | train loss 4.842246 | lr 1.00e-04 | (27.82 ms | 9201 tok/s | peak used:  1370 MB | peak reserved:  2208 MB, DP=1, TP=1, SP=1, PP=1)
E20260702 15:36:57.865224 140191799799808 main.cc:493] step   24/50 | train loss 4.629644 | lr 1.00e-04 | (31.22 ms | 8199 tok/s | peak used:  1370 MB | peak reserved:  2240 MB, DP=1, TP=1, SP=1, PP=1)
E20260702 15:36:57.902657 140191799799808 main.cc:493] step   25/50 | train loss 4.574941 | lr 1.00e-04 | (37.40 ms | 6845 tok/s | peak used:  1370 MB | peak reserved:  2240 MB, DP=1, TP=1, SP=1, PP=1)
E20260702 15:36:57.930966 140191799799808 main.cc:493] step   26/50 | train loss 4.688685 | lr 1.00e-04 | (28.27 ms | 9055 tok/s | peak used:  1370 MB | peak reserved:  2240 MB, DP=1, TP=1, SP=1, PP=1)
E20260702 15:36:57.960951 140191799799808 main.cc:493] step   27/50 | train loss 4.334029 | lr 1.00e-04 | (29.95 ms | 8548 tok/s | peak used:  1370 MB | peak reserved:  2240 MB, DP=1, TP=1, SP=1, PP=1)
E20260702 15:36:57.990548 140191799799808 main.cc:493] step   28/50 | train loss 4.640187 | lr 1.00e-04 | (29.56 ms | 8661 tok/s | peak used:  1370 MB | peak reserved:  2240 MB, DP=1, TP=1, SP=1, PP=1)
E20260702 15:36:58.018462 140191799799808 main.cc:493] step   29/50 | train loss 4.822187 | lr 1.00e-04 | (27.88 ms | 9183 tok/s | peak used:  1370 MB | peak reserved:  2240 MB, DP=1, TP=1, SP=1, PP=1)
E20260702 15:36:58.046441 140191799799808 main.cc:493] step   30/50 | train loss 4.523114 | lr 1.00e-04 | (27.94 ms | 9162 tok/s | peak used:  1370 MB | peak reserved:  2240 MB, DP=1, TP=1, SP=1, PP=1)
E20260702 15:36:58.741409 140191799799808 checkpoint.cc:84] [CKPT] Save done: dir="/data1/ckpt/bfloat16_no_resume/gpt2/no_resume/checkpoint_step_000030"
E20260702 15:36:58.771049 140191799799808 main.cc:493] step   31/50 | train loss 4.770421 | lr 1.00e-04 | (29.51 ms | 8674 tok/s | peak used:  1370 MB | peak reserved:  2240 MB, DP=1, TP=1, SP=1, PP=1)
E20260702 15:36:58.798970 140191799799808 main.cc:493] step   32/50 | train loss 4.726959 | lr 1.00e-04 | (27.87 ms | 9184 tok/s | peak used:  1370 MB | peak reserved:  2240 MB, DP=1, TP=1, SP=1, PP=1)
E20260702 15:36:58.826822 140191799799808 main.cc:493] step   33/50 | train loss 4.539776 | lr 1.00e-04 | (27.81 ms | 9204 tok/s | peak used:  1370 MB | peak reserved:  2272 MB, DP=1, TP=1, SP=1, PP=1)
E20260702 15:36:58.854820 140191799799808 main.cc:493] step   34/50 | train loss 4.948755 | lr 1.00e-04 | (27.96 ms | 9156 tok/s | peak used:  1370 MB | peak reserved:  2304 MB, DP=1, TP=1, SP=1, PP=1)
E20260702 15:36:58.882865 140191799799808 main.cc:493] step   35/50 | train loss 5.021193 | lr 1.00e-04 | (28.01 ms | 9141 tok/s | peak used:  1370 MB | peak reserved:  2304 MB, DP=1, TP=1, SP=1, PP=1)
E20260702 15:36:58.913191 140191799799808 main.cc:493] step   36/50 | train loss 5.041239 | lr 1.00e-04 | (30.29 ms | 8452 tok/s | peak used:  1370 MB | peak reserved:  2304 MB, DP=1, TP=1, SP=1, PP=1)
E20260702 15:36:58.946259 140191799799808 main.cc:493] step   37/50 | train loss 4.996447 | lr 1.00e-04 | (33.02 ms | 7753 tok/s | peak used:  1370 MB | peak reserved:  2304 MB, DP=1, TP=1, SP=1, PP=1)
E20260702 15:36:58.979800 140191799799808 main.cc:493] step   38/50 | train loss 4.532814 | lr 1.00e-04 | (33.50 ms | 7643 tok/s | peak used:  1370 MB | peak reserved:  2304 MB, DP=1, TP=1, SP=1, PP=1)
E20260702 15:36:59.011240 140191799799808 main.cc:493] step   39/50 | train loss 4.833161 | lr 1.00e-04 | (31.39 ms | 8154 tok/s | peak used:  1370 MB | peak reserved:  2304 MB, DP=1, TP=1, SP=1, PP=1)
E20260702 15:36:59.039327 140191799799808 main.cc:493] step   40/50 | train loss 4.713895 | lr 1.00e-04 | (28.05 ms | 9127 tok/s | peak used:  1370 MB | peak reserved:  2304 MB, DP=1, TP=1, SP=1, PP=1)
E20260702 15:36:59.721049 140191799799808 checkpoint.cc:84] [CKPT] Save done: dir="/data1/ckpt/bfloat16_no_resume/gpt2/no_resume/checkpoint_step_000040"
E20260702 15:36:59.829994 140191799799808 main.cc:493] step   41/50 | train loss 4.753400 | lr 1.00e-04 | (29.79 ms | 8593 tok/s | peak used:  1370 MB | peak reserved:  2304 MB, DP=1, TP=1, SP=1, PP=1)
E20260702 15:36:59.867656 140191799799808 main.cc:493] step   42/50 | train loss 4.738914 | lr 1.00e-04 | (37.61 ms | 6807 tok/s | peak used:  1370 MB | peak reserved:  2336 MB, DP=1, TP=1, SP=1, PP=1)
E20260702 15:36:59.896764 140191799799808 main.cc:493] step   43/50 | train loss 4.417954 | lr 1.00e-04 | (29.04 ms | 8815 tok/s | peak used:  1370 MB | peak reserved:  2336 MB, DP=1, TP=1, SP=1, PP=1)
E20260702 15:36:59.925999 140191799799808 main.cc:493] step   44/50 | train loss 4.302769 | lr 1.00e-04 | (29.20 ms | 8768 tok/s | peak used:  1370 MB | peak reserved:  2400 MB, DP=1, TP=1, SP=1, PP=1)
E20260702 15:36:59.955091 140191799799808 main.cc:493] step   45/50 | train loss 4.454952 | lr 1.00e-04 | (29.05 ms | 8811 tok/s | peak used:  1370 MB | peak reserved:  2400 MB, DP=1, TP=1, SP=1, PP=1)
E20260702 15:36:59.983925 140191799799808 main.cc:493] step   46/50 | train loss 4.347233 | lr 1.00e-04 | (28.80 ms | 8890 tok/s | peak used:  1370 MB | peak reserved:  2400 MB, DP=1, TP=1, SP=1, PP=1)
E20260702 15:37:00.012414 140191799799808 main.cc:493] step   47/50 | train loss 4.608511 | lr 1.00e-04 | (28.45 ms | 8998 tok/s | peak used:  1370 MB | peak reserved:  2400 MB, DP=1, TP=1, SP=1, PP=1)
E20260702 15:37:00.040916 140191799799808 main.cc:493] step   48/50 | train loss 4.522061 | lr 1.00e-04 | (28.46 ms | 8994 tok/s | peak used:  1370 MB | peak reserved:  2400 MB, DP=1, TP=1, SP=1, PP=1)
E20260702 15:37:00.069457 140191799799808 main.cc:493] step   49/50 | train loss 4.740533 | lr 1.00e-04 | (28.50 ms | 8982 tok/s | peak used:  1370 MB | peak reserved:  2400 MB, DP=1, TP=1, SP=1, PP=1)
E20260702 15:37:00.097978 140191799799808 main.cc:493] step   50/50 | train loss 4.641237 | lr 1.00e-04 | (28.48 ms | 8988 tok/s | peak used:  1370 MB | peak reserved:  2400 MB, DP=1, TP=1, SP=1, PP=1)
E20260702 15:37:00.840984 140191799799808 checkpoint.cc:84] [CKPT] Save done: dir="/data1/ckpt/bfloat16_no_resume/gpt2/no_resume/checkpoint_step_000050"
