[LAST_CMAKE] cmake -DUSE_CUDA=ON -DUSE_NCCL=ON .. && make -j
[COMMAND] ./gpt2 --input_bin /data/shared/InfiniTrain-dev/data/llmc/gpt2/tinyshakespeare/tiny_shakespeare_train.bin --llmc_filepath /data/shared/InfiniTrain-dev/data/llmc/gpt2/gpt2_124M.bin --device cuda --dtype=float32 --nthread_per_process=8 --num_iteration=10 --batch_size=10 --total_batch_size=5120 --lora_rank=8 --lora_alpha=16.0 --lora_target_modules=c_attn,attn.c_proj
===== LoRA Model Summary (Rank 2) ======
Total parameters:     163479552
Trainable parameters: 442368 (0.270595%)
Frozen parameters:    163037184
========================================
===== LoRA Model Summary (Rank 5) ======
Total parameters:     163479552
Trainable parameters: 442368 (0.270595%)
Frozen parameters:    163037184
========================================
===== LoRA Model Summary (Rank 4) ======
Total parameters:     163479552
Trainable parameters: 442368 (0.270595%)
Frozen parameters:    163037184
========================================
===== LoRA Model Summary (Rank 1) ======
Total parameters:     163479552
Trainable parameters: 442368 (0.270595%)
Frozen parameters:    163037184
========================================
===== LoRA Model Summary (Rank 7) ======
Total parameters:     163479552
Trainable parameters: 442368 (0.270595%)
Frozen parameters:    163037184
========================================
===== LoRA Model Summary (Rank 3) ======
Total parameters:     163479552
Trainable parameters: 442368 (0.270595%)
Frozen parameters:    163037184
========================================
===== LoRA Model Summary (Rank 0) ======
Total parameters:     163479552
Trainable parameters: 442368 (0.270595%)
Frozen parameters:    163037184
========================================
===== LoRA Model Summary (Rank 6) ======
Total parameters:     163479552
Trainable parameters: 442368 (0.270595%)
Frozen parameters:    163037184
========================================
E20260316 06:14:56.748779 140563944808448 main.cc:424] step    1/10 | train loss 5.219545 | lr 1.00e-04 | (173.42 ms | 29524 tok/s | peak used:  3485 MB | peak reserved:  3552 MB, DP=8, TP=1, SP=1, PP=1)
E20260316 06:14:56.871858 140563944808448 main.cc:424] step    2/10 | train loss 5.143063 | lr 1.00e-04 | (122.84 ms | 41679 tok/s | peak used:  3485 MB | peak reserved:  3552 MB, DP=8, TP=1, SP=1, PP=1)
E20260316 06:14:56.971169 140563944808448 main.cc:424] step    3/10 | train loss 5.074572 | lr 1.00e-04 | (99.27 ms | 51578 tok/s | peak used:  3485 MB | peak reserved:  3552 MB, DP=8, TP=1, SP=1, PP=1)
E20260316 06:14:57.058972 140563944808448 main.cc:424] step    4/10 | train loss 4.774470 | lr 1.00e-04 | (87.66 ms | 58411 tok/s | peak used:  3485 MB | peak reserved:  3552 MB, DP=8, TP=1, SP=1, PP=1)
E20260316 06:14:57.142811 140563944808448 main.cc:424] step    5/10 | train loss 4.900548 | lr 1.00e-04 | (83.78 ms | 61115 tok/s | peak used:  3485 MB | peak reserved:  3552 MB, DP=8, TP=1, SP=1, PP=1)
E20260316 06:14:57.223799 140563944808448 main.cc:424] step    6/10 | train loss 4.886509 | lr 1.00e-04 | (80.93 ms | 63266 tok/s | peak used:  3485 MB | peak reserved:  3552 MB, DP=8, TP=1, SP=1, PP=1)
E20260316 06:14:57.305205 140563944808448 main.cc:424] step    7/10 | train loss 4.977895 | lr 1.00e-04 | (81.30 ms | 62974 tok/s | peak used:  3485 MB | peak reserved:  3552 MB, DP=8, TP=1, SP=1, PP=1)
E20260316 06:14:57.384429 140563944808448 main.cc:424] step    8/10 | train loss 4.925556 | lr 1.00e-04 | (79.19 ms | 64655 tok/s | peak used:  3485 MB | peak reserved:  3552 MB, DP=8, TP=1, SP=1, PP=1)
E20260316 06:14:57.463633 140563944808448 main.cc:424] step    9/10 | train loss 4.956996 | lr 1.00e-04 | (79.17 ms | 64672 tok/s | peak used:  3485 MB | peak reserved:  3552 MB, DP=8, TP=1, SP=1, PP=1)
E20260316 06:14:57.542086 140563944808448 main.cc:424] step   10/10 | train loss 5.033291 | lr 1.00e-04 | (78.36 ms | 65337 tok/s | peak used:  3485 MB | peak reserved:  3552 MB, DP=8, TP=1, SP=1, PP=1)
