[LAST_CMAKE] cmake -DUSE_CUDA=ON -DUSE_NCCL=ON -DBUILD_TEST=ON -DPROFILE_MODE=OFF .. && make -j
[RUN_METADATA] /workspace/Github/InfiniTrain/scripts/20260710/unknown_unknown/logs/run_metadata.log
[RUN_STARTED_AT] 2026-07-10 06:18:11
[GIT_BRANCH] master
[GIT_COMMIT] 8779b98e690448f00066ee8058295080f751fed7
[GIT_COMMIT_SHORT] 8779b98
[COMMAND] ./gpt2 --input_bin /data1/shared/InfiniTrain-dev/data/llmc/gpt2/tinyshakespeare/tiny_shakespeare_train.bin --llmc_filepath /data1/shared/InfiniTrain-dev/data/llmc/gpt2/gpt2_124M.bin --device cuda --num_iteration 50 --save_interval 10 --load /data1/ckpt/no_resume/gpt2/no_resume/checkpoint_step_000030 --save /data1/ckpt/base_resume/gpt2/resume
E20260710 06:54:07.367855 139762180337664 checkpoint.cc:241] [CKPT] Load done: global_step=30, consumed_batches =30, topology(ddp,tp,sp,pp)=(1,1,1,1)
E20260710 06:54:07.473960 139762180337664 main.cc:521] step   31/50 | train loss 4.773661 | lr 1.00e-04 | (105.38 ms | 2429 tok/s | peak used:  1395 MB | peak reserved:  1536 MB, DP=1, TP=1, SP=1, PP=1)
E20260710 06:54:07.502462 139762180337664 main.cc:521] step   32/50 | train loss 4.746780 | lr 1.00e-04 | (28.43 ms | 9006 tok/s | peak used:  1395 MB | peak reserved:  1600 MB, DP=1, TP=1, SP=1, PP=1)
E20260710 06:54:07.529419 139762180337664 main.cc:521] step   33/50 | train loss 4.573682 | lr 1.00e-04 | (26.91 ms | 9514 tok/s | peak used:  1395 MB | peak reserved:  1632 MB, DP=1, TP=1, SP=1, PP=1)
E20260710 06:54:07.559942 139762180337664 main.cc:521] step   34/50 | train loss 4.970088 | lr 1.00e-04 | (30.48 ms | 8399 tok/s | peak used:  1395 MB | peak reserved:  1664 MB, DP=1, TP=1, SP=1, PP=1)
E20260710 06:54:07.588338 139762180337664 main.cc:521] step   35/50 | train loss 5.018559 | lr 1.00e-04 | (28.35 ms | 9029 tok/s | peak used:  1395 MB | peak reserved:  1696 MB, DP=1, TP=1, SP=1, PP=1)
E20260710 06:54:07.617714 139762180337664 main.cc:521] step   36/50 | train loss 5.078458 | lr 1.00e-04 | (29.32 ms | 8731 tok/s | peak used:  1395 MB | peak reserved:  1728 MB, DP=1, TP=1, SP=1, PP=1)
E20260710 06:54:07.647253 139762180337664 main.cc:521] step   37/50 | train loss 5.006862 | lr 1.00e-04 | (29.50 ms | 8678 tok/s | peak used:  1395 MB | peak reserved:  1760 MB, DP=1, TP=1, SP=1, PP=1)
E20260710 06:54:07.676782 139762180337664 main.cc:521] step   38/50 | train loss 4.561945 | lr 1.00e-04 | (29.49 ms | 8681 tok/s | peak used:  1395 MB | peak reserved:  1792 MB, DP=1, TP=1, SP=1, PP=1)
E20260710 06:54:07.706304 139762180337664 main.cc:521] step   39/50 | train loss 4.825914 | lr 1.00e-04 | (29.48 ms | 8683 tok/s | peak used:  1395 MB | peak reserved:  1856 MB, DP=1, TP=1, SP=1, PP=1)
E20260710 06:54:07.731813 139762180337664 main.cc:521] step   40/50 | train loss 4.741745 | lr 1.00e-04 | (25.47 ms | 10051 tok/s | peak used:  1395 MB | peak reserved:  1920 MB, DP=1, TP=1, SP=1, PP=1)
E20260710 06:54:08.478979 139762180337664 checkpoint.cc:207] [CKPT] Save done: dir="/data1/ckpt/base_resume/gpt2/resume/checkpoint_step_000040"
E20260710 06:54:08.506349 139762180337664 main.cc:521] step   41/50 | train loss 4.772775 | lr 1.00e-04 | (27.25 ms | 9393 tok/s | peak used:  1395 MB | peak reserved:  1952 MB, DP=1, TP=1, SP=1, PP=1)
E20260710 06:54:08.534344 139762180337664 main.cc:521] step   42/50 | train loss 4.767108 | lr 1.00e-04 | (27.95 ms | 9159 tok/s | peak used:  1395 MB | peak reserved:  2016 MB, DP=1, TP=1, SP=1, PP=1)
E20260710 06:54:08.561040 139762180337664 main.cc:521] step   43/50 | train loss 4.435564 | lr 1.00e-04 | (26.65 ms | 9605 tok/s | peak used:  1395 MB | peak reserved:  2048 MB, DP=1, TP=1, SP=1, PP=1)
E20260710 06:54:08.590054 139762180337664 main.cc:521] step   44/50 | train loss 4.350801 | lr 1.00e-04 | (28.97 ms | 8836 tok/s | peak used:  1395 MB | peak reserved:  2112 MB, DP=1, TP=1, SP=1, PP=1)
E20260710 06:54:08.615481 139762180337664 main.cc:521] step   45/50 | train loss 4.476605 | lr 1.00e-04 | (25.39 ms | 10084 tok/s | peak used:  1395 MB | peak reserved:  2144 MB, DP=1, TP=1, SP=1, PP=1)
E20260710 06:54:08.640915 139762180337664 main.cc:521] step   46/50 | train loss 4.377406 | lr 1.00e-04 | (25.39 ms | 10081 tok/s | peak used:  1395 MB | peak reserved:  2208 MB, DP=1, TP=1, SP=1, PP=1)
E20260710 06:54:08.667090 139762180337664 main.cc:521] step   47/50 | train loss 4.606429 | lr 1.00e-04 | (26.12 ms | 9800 tok/s | peak used:  1395 MB | peak reserved:  2240 MB, DP=1, TP=1, SP=1, PP=1)
E20260710 06:54:08.697281 139762180337664 main.cc:521] step   48/50 | train loss 4.547575 | lr 1.00e-04 | (30.15 ms | 8491 tok/s | peak used:  1395 MB | peak reserved:  2304 MB, DP=1, TP=1, SP=1, PP=1)
E20260710 06:54:08.724791 139762180337664 main.cc:521] step   49/50 | train loss 4.762215 | lr 1.00e-04 | (27.46 ms | 9321 tok/s | peak used:  1395 MB | peak reserved:  2336 MB, DP=1, TP=1, SP=1, PP=1)
E20260710 06:54:08.750267 139762180337664 main.cc:521] step   50/50 | train loss 4.658837 | lr 1.00e-04 | (25.44 ms | 10065 tok/s | peak used:  1395 MB | peak reserved:  2400 MB, DP=1, TP=1, SP=1, PP=1)
E20260710 06:54:09.553977 139762180337664 checkpoint.cc:207] [CKPT] Save done: dir="/data1/ckpt/base_resume/gpt2/resume/checkpoint_step_000050"
