[LAST_CMAKE] cmake -DUSE_CUDA=ON -DUSE_NCCL=ON -DBUILD_TEST=ON -DPROFILE_MODE=OFF .. && make -j
[RUN_METADATA] /workspace/Github/InfiniTrain/scripts/20260710/unknown_unknown/logs/run_metadata.log
[RUN_STARTED_AT] 2026-07-10 06:18:11
[GIT_BRANCH] master
[GIT_COMMIT] 8779b98e690448f00066ee8058295080f751fed7
[GIT_COMMIT_SHORT] 8779b98
[COMMAND] ./gpt2 --input_bin /data1/shared/InfiniTrain-dev/data/llmc/gpt2/tinyshakespeare/tiny_shakespeare_train.bin --llmc_filepath /data1/shared/InfiniTrain-dev/data/llmc/gpt2/gpt2_124M.bin --device cuda --nthread_per_process 8 --num_iteration 50 --save_interval 10 --batch_size 40 --total_batch_size 5120 --tensor_parallel 2 --sequence_parallel true --pipeline_parallel 2 --virtual_pipeline_parallel 2 --save /data1/ckpt/3d_ddp2_tp2_pp2_no_resume/gpt2/no_resume --save_optimizer_state true --max_checkpoint_keep 5
E20260710 06:58:48.804305 140352618995712 main.cc:521] step    1/50 | train loss 5.219545 | lr 1.00e-04 | (1174.75 ms | 4358 tok/s | peak used:  2275 MB | peak reserved:  2400 MB, DP=2, TP=2, SP=2, PP=2)
E20260710 06:58:48.913627 140352618995712 main.cc:521] step    2/50 | train loss 5.111401 | lr 1.00e-04 | (108.35 ms | 47254 tok/s | peak used:  2275 MB | peak reserved:  2496 MB, DP=2, TP=2, SP=2, PP=2)
E20260710 06:58:49.017218 140352618995712 main.cc:521] step    3/50 | train loss 5.023347 | lr 1.00e-04 | (103.54 ms | 49451 tok/s | peak used:  2275 MB | peak reserved:  2496 MB, DP=2, TP=2, SP=2, PP=2)
E20260710 06:58:49.120893 140352618995712 main.cc:521] step    4/50 | train loss 4.688690 | lr 1.00e-04 | (103.63 ms | 49409 tok/s | peak used:  2275 MB | peak reserved:  2496 MB, DP=2, TP=2, SP=2, PP=2)
E20260710 06:58:49.231305 140352618995712 main.cc:521] step    5/50 | train loss 4.800508 | lr 1.00e-04 | (110.36 ms | 46393 tok/s | peak used:  2275 MB | peak reserved:  2496 MB, DP=2, TP=2, SP=2, PP=2)
E20260710 06:58:49.335101 140352618995712 main.cc:521] step    6/50 | train loss 4.738534 | lr 1.00e-04 | (103.74 ms | 49352 tok/s | peak used:  2275 MB | peak reserved:  2496 MB, DP=2, TP=2, SP=2, PP=2)
E20260710 06:58:49.438672 140352618995712 main.cc:521] step    7/50 | train loss 4.797225 | lr 1.00e-04 | (103.51 ms | 49465 tok/s | peak used:  2275 MB | peak reserved:  2496 MB, DP=2, TP=2, SP=2, PP=2)
E20260710 06:58:49.542365 140352618995712 main.cc:521] step    8/50 | train loss 4.689702 | lr 1.00e-04 | (103.65 ms | 49399 tok/s | peak used:  2275 MB | peak reserved:  2496 MB, DP=2, TP=2, SP=2, PP=2)
E20260710 06:58:49.646000 140352618995712 main.cc:521] step    9/50 | train loss 4.798491 | lr 1.00e-04 | (103.59 ms | 49427 tok/s | peak used:  2275 MB | peak reserved:  2496 MB, DP=2, TP=2, SP=2, PP=2)
E20260710 06:58:49.754864 140352618995712 main.cc:521] step   10/50 | train loss 4.804093 | lr 1.00e-04 | (108.81 ms | 47053 tok/s | peak used:  2275 MB | peak reserved:  2496 MB, DP=2, TP=2, SP=2, PP=2)
E20260710 06:58:50.044085 140352820334592 checkpoint.cc:207] [CKPT] Save done: dir="/data1/ckpt/3d_ddp2_tp2_pp2_no_resume/gpt2/no_resume/checkpoint_step_000010/rank_000004"
E20260710 06:58:50.050317 140352887447552 checkpoint.cc:207] [CKPT] Save done: dir="/data1/ckpt/3d_ddp2_tp2_pp2_no_resume/gpt2/no_resume/checkpoint_step_000010/rank_000003"
E20260710 06:58:50.050317 140352686108672 checkpoint.cc:207] [CKPT] Save done: dir="/data1/ckpt/3d_ddp2_tp2_pp2_no_resume/gpt2/no_resume/checkpoint_step_000010/rank_000006"
E20260710 06:58:50.059183 140352753221632 checkpoint.cc:207] [CKPT] Save done: dir="/data1/ckpt/3d_ddp2_tp2_pp2_no_resume/gpt2/no_resume/checkpoint_step_000010/rank_000005"
E20260710 06:58:50.062677 140353116037120 checkpoint.cc:207] [CKPT] Save done: dir="/data1/ckpt/3d_ddp2_tp2_pp2_no_resume/gpt2/no_resume/checkpoint_step_000010/rank_000001"
E20260710 06:58:50.067610 140352954560512 checkpoint.cc:207] [CKPT] Save done: dir="/data1/ckpt/3d_ddp2_tp2_pp2_no_resume/gpt2/no_resume/checkpoint_step_000010/rank_000002"
E20260710 06:58:50.072649 140353183150080 checkpoint.cc:207] [CKPT] Save done: dir="/data1/ckpt/3d_ddp2_tp2_pp2_no_resume/gpt2/no_resume/checkpoint_step_000010/rank_000000"
E20260710 06:58:50.072677 140352618995712 checkpoint.cc:207] [CKPT] Save done: dir="/data1/ckpt/3d_ddp2_tp2_pp2_no_resume/gpt2/no_resume/checkpoint_step_000010/rank_000007"
E20260710 06:58:50.162320 140352618995712 main.cc:521] step   11/50 | train loss 4.598698 | lr 1.00e-04 | (89.60 ms | 57144 tok/s | peak used:  2275 MB | peak reserved:  2496 MB, DP=2, TP=2, SP=2, PP=2)
E20260710 06:58:50.266267 140352618995712 main.cc:521] step   12/50 | train loss 4.725383 | lr 1.00e-04 | (103.88 ms | 49287 tok/s | peak used:  2275 MB | peak reserved:  2496 MB, DP=2, TP=2, SP=2, PP=2)
E20260710 06:58:50.369730 140352618995712 main.cc:521] step   13/50 | train loss 4.811613 | lr 1.00e-04 | (103.41 ms | 49512 tok/s | peak used:  2275 MB | peak reserved:  2496 MB, DP=2, TP=2, SP=2, PP=2)
E20260710 06:58:50.473279 140352618995712 main.cc:521] step   14/50 | train loss 4.838651 | lr 1.00e-04 | (103.49 ms | 49474 tok/s | peak used:  2275 MB | peak reserved:  2496 MB, DP=2, TP=2, SP=2, PP=2)
E20260710 06:58:50.576947 140352618995712 main.cc:521] step   15/50 | train loss 4.827898 | lr 1.00e-04 | (103.62 ms | 49411 tok/s | peak used:  2275 MB | peak reserved:  2496 MB, DP=2, TP=2, SP=2, PP=2)
E20260710 06:58:50.681068 140352618995712 main.cc:521] step   16/50 | train loss 4.772854 | lr 1.00e-04 | (104.07 ms | 49196 tok/s | peak used:  2275 MB | peak reserved:  2496 MB, DP=2, TP=2, SP=2, PP=2)
E20260710 06:58:50.784895 140352618995712 main.cc:521] step   17/50 | train loss 4.783788 | lr 1.00e-04 | (103.78 ms | 49335 tok/s | peak used:  2275 MB | peak reserved:  2496 MB, DP=2, TP=2, SP=2, PP=2)
E20260710 06:58:50.889220 140352618995712 main.cc:521] step   18/50 | train loss 4.728649 | lr 1.00e-04 | (104.26 ms | 49106 tok/s | peak used:  2275 MB | peak reserved:  2496 MB, DP=2, TP=2, SP=2, PP=2)
E20260710 06:58:50.993162 140352618995712 main.cc:521] step   19/50 | train loss 4.661249 | lr 1.00e-04 | (103.88 ms | 49287 tok/s | peak used:  2275 MB | peak reserved:  2496 MB, DP=2, TP=2, SP=2, PP=2)
E20260710 06:58:51.096854 140352618995712 main.cc:521] step   20/50 | train loss 4.680492 | lr 1.00e-04 | (103.62 ms | 49410 tok/s | peak used:  2275 MB | peak reserved:  2496 MB, DP=2, TP=2, SP=2, PP=2)
E20260710 06:58:51.386585 140352753221632 checkpoint.cc:207] [CKPT] Save done: dir="/data1/ckpt/3d_ddp2_tp2_pp2_no_resume/gpt2/no_resume/checkpoint_step_000020/rank_000005"
E20260710 06:58:51.407366 140352820334592 checkpoint.cc:207] [CKPT] Save done: dir="/data1/ckpt/3d_ddp2_tp2_pp2_no_resume/gpt2/no_resume/checkpoint_step_000020/rank_000004"
E20260710 06:58:51.414947 140352686108672 checkpoint.cc:207] [CKPT] Save done: dir="/data1/ckpt/3d_ddp2_tp2_pp2_no_resume/gpt2/no_resume/checkpoint_step_000020/rank_000006"
E20260710 06:58:51.417312 140352618995712 checkpoint.cc:207] [CKPT] Save done: dir="/data1/ckpt/3d_ddp2_tp2_pp2_no_resume/gpt2/no_resume/checkpoint_step_000020/rank_000007"
E20260710 06:58:51.417472 140353116037120 checkpoint.cc:207] [CKPT] Save done: dir="/data1/ckpt/3d_ddp2_tp2_pp2_no_resume/gpt2/no_resume/checkpoint_step_000020/rank_000001"
E20260710 06:58:51.418571 140353183150080 checkpoint.cc:207] [CKPT] Save done: dir="/data1/ckpt/3d_ddp2_tp2_pp2_no_resume/gpt2/no_resume/checkpoint_step_000020/rank_000000"
E20260710 06:58:51.422660 140352954560512 checkpoint.cc:207] [CKPT] Save done: dir="/data1/ckpt/3d_ddp2_tp2_pp2_no_resume/gpt2/no_resume/checkpoint_step_000020/rank_000002"
E20260710 06:58:51.431361 140352887447552 checkpoint.cc:207] [CKPT] Save done: dir="/data1/ckpt/3d_ddp2_tp2_pp2_no_resume/gpt2/no_resume/checkpoint_step_000020/rank_000003"
E20260710 06:58:51.521838 140352618995712 main.cc:521] step   21/50 | train loss 4.837656 | lr 1.00e-04 | (104.46 ms | 49013 tok/s | peak used:  2275 MB | peak reserved:  2496 MB, DP=2, TP=2, SP=2, PP=2)
E20260710 06:58:51.625781 140352618995712 main.cc:521] step   22/50 | train loss 4.630061 | lr 1.00e-04 | (103.88 ms | 49289 tok/s | peak used:  2275 MB | peak reserved:  2496 MB, DP=2, TP=2, SP=2, PP=2)
E20260710 06:58:51.729836 140352618995712 main.cc:521] step   23/50 | train loss 4.748735 | lr 1.00e-04 | (103.99 ms | 49237 tok/s | peak used:  2275 MB | peak reserved:  2496 MB, DP=2, TP=2, SP=2, PP=2)
E20260710 06:58:51.833588 140352618995712 main.cc:521] step   24/50 | train loss 4.707980 | lr 1.00e-04 | (103.67 ms | 49390 tok/s | peak used:  2275 MB | peak reserved:  2496 MB, DP=2, TP=2, SP=2, PP=2)
E20260710 06:58:51.937282 140352618995712 main.cc:521] step   25/50 | train loss 4.495559 | lr 1.00e-04 | (103.61 ms | 49416 tok/s | peak used:  2275 MB | peak reserved:  2496 MB, DP=2, TP=2, SP=2, PP=2)
E20260710 06:58:52.041452 140352618995712 main.cc:521] step   26/50 | train loss 4.538972 | lr 1.00e-04 | (104.08 ms | 49192 tok/s | peak used:  2275 MB | peak reserved:  2496 MB, DP=2, TP=2, SP=2, PP=2)
E20260710 06:58:52.145400 140352618995712 main.cc:521] step   27/50 | train loss 4.641394 | lr 1.00e-04 | (103.88 ms | 49286 tok/s | peak used:  2275 MB | peak reserved:  2496 MB, DP=2, TP=2, SP=2, PP=2)
E20260710 06:58:52.252922 140352618995712 main.cc:521] step   28/50 | train loss 4.584627 | lr 1.00e-04 | (107.47 ms | 47641 tok/s | peak used:  2275 MB | peak reserved:  2496 MB, DP=2, TP=2, SP=2, PP=2)
E20260710 06:58:52.356993 140352618995712 main.cc:521] step   29/50 | train loss 4.503596 | lr 1.00e-04 | (104.02 ms | 49221 tok/s | peak used:  2275 MB | peak reserved:  2496 MB, DP=2, TP=2, SP=2, PP=2)
E20260710 06:58:52.462563 140352618995712 main.cc:521] step   30/50 | train loss 4.653382 | lr 1.00e-04 | (105.52 ms | 48521 tok/s | peak used:  2275 MB | peak reserved:  2496 MB, DP=2, TP=2, SP=2, PP=2)
E20260710 06:58:52.749022 140352820334592 checkpoint.cc:207] [CKPT] Save done: dir="/data1/ckpt/3d_ddp2_tp2_pp2_no_resume/gpt2/no_resume/checkpoint_step_000030/rank_000004"
E20260710 06:58:52.764206 140352753221632 checkpoint.cc:207] [CKPT] Save done: dir="/data1/ckpt/3d_ddp2_tp2_pp2_no_resume/gpt2/no_resume/checkpoint_step_000030/rank_000005"
E20260710 06:58:52.766764 140352954560512 checkpoint.cc:207] [CKPT] Save done: dir="/data1/ckpt/3d_ddp2_tp2_pp2_no_resume/gpt2/no_resume/checkpoint_step_000030/rank_000002"
E20260710 06:58:52.776303 140352686108672 checkpoint.cc:207] [CKPT] Save done: dir="/data1/ckpt/3d_ddp2_tp2_pp2_no_resume/gpt2/no_resume/checkpoint_step_000030/rank_000006"
E20260710 06:58:52.780147 140353116037120 checkpoint.cc:207] [CKPT] Save done: dir="/data1/ckpt/3d_ddp2_tp2_pp2_no_resume/gpt2/no_resume/checkpoint_step_000030/rank_000001"
E20260710 06:58:52.781194 140352618995712 checkpoint.cc:207] [CKPT] Save done: dir="/data1/ckpt/3d_ddp2_tp2_pp2_no_resume/gpt2/no_resume/checkpoint_step_000030/rank_000007"
E20260710 06:58:52.784198 140353183150080 checkpoint.cc:207] [CKPT] Save done: dir="/data1/ckpt/3d_ddp2_tp2_pp2_no_resume/gpt2/no_resume/checkpoint_step_000030/rank_000000"
E20260710 06:58:52.791518 140352887447552 checkpoint.cc:207] [CKPT] Save done: dir="/data1/ckpt/3d_ddp2_tp2_pp2_no_resume/gpt2/no_resume/checkpoint_step_000030/rank_000003"
E20260710 06:58:52.885782 140352618995712 main.cc:521] step   31/50 | train loss 4.646862 | lr 1.00e-04 | (104.55 ms | 48971 tok/s | peak used:  2275 MB | peak reserved:  2496 MB, DP=2, TP=2, SP=2, PP=2)
E20260710 06:58:52.989926 140352618995712 main.cc:521] step   32/50 | train loss 4.360770 | lr 1.00e-04 | (104.09 ms | 49190 tok/s | peak used:  2275 MB | peak reserved:  2496 MB, DP=2, TP=2, SP=2, PP=2)
E20260710 06:58:53.093561 140352618995712 main.cc:521] step   33/50 | train loss 4.689916 | lr 1.00e-04 | (103.58 ms | 49428 tok/s | peak used:  2275 MB | peak reserved:  2496 MB, DP=2, TP=2, SP=2, PP=2)
E20260710 06:58:53.197123 140352618995712 main.cc:521] step   34/50 | train loss 4.652094 | lr 1.00e-04 | (103.51 ms | 49462 tok/s | peak used:  2275 MB | peak reserved:  2496 MB, DP=2, TP=2, SP=2, PP=2)
E20260710 06:58:53.301336 140352618995712 main.cc:521] step   35/50 | train loss 4.543900 | lr 1.00e-04 | (104.17 ms | 49152 tok/s | peak used:  2275 MB | peak reserved:  2496 MB, DP=2, TP=2, SP=2, PP=2)
E20260710 06:58:53.405247 140352618995712 main.cc:521] step   36/50 | train loss 4.832331 | lr 1.00e-04 | (103.86 ms | 49299 tok/s | peak used:  2275 MB | peak reserved:  2496 MB, DP=2, TP=2, SP=2, PP=2)
E20260710 06:58:53.508716 140352618995712 main.cc:521] step   37/50 | train loss 4.862926 | lr 1.00e-04 | (103.41 ms | 49510 tok/s | peak used:  2275 MB | peak reserved:  2496 MB, DP=2, TP=2, SP=2, PP=2)
E20260710 06:58:53.618096 140352618995712 main.cc:521] step   38/50 | train loss 4.823746 | lr 1.00e-04 | (109.33 ms | 46831 tok/s | peak used:  2275 MB | peak reserved:  2496 MB, DP=2, TP=2, SP=2, PP=2)
E20260710 06:58:53.729261 140352618995712 main.cc:521] step   39/50 | train loss 4.853215 | lr 1.00e-04 | (111.09 ms | 46087 tok/s | peak used:  2275 MB | peak reserved:  2496 MB, DP=2, TP=2, SP=2, PP=2)
E20260710 06:58:53.833113 140352618995712 main.cc:521] step   40/50 | train loss 4.824492 | lr 1.00e-04 | (103.76 ms | 49343 tok/s | peak used:  2275 MB | peak reserved:  2496 MB, DP=2, TP=2, SP=2, PP=2)
E20260710 06:58:54.116133 140352753221632 checkpoint.cc:207] [CKPT] Save done: dir="/data1/ckpt/3d_ddp2_tp2_pp2_no_resume/gpt2/no_resume/checkpoint_step_000040/rank_000005"
E20260710 06:58:54.120431 140352618995712 checkpoint.cc:207] [CKPT] Save done: dir="/data1/ckpt/3d_ddp2_tp2_pp2_no_resume/gpt2/no_resume/checkpoint_step_000040/rank_000007"
E20260710 06:58:54.137242 140352820334592 checkpoint.cc:207] [CKPT] Save done: dir="/data1/ckpt/3d_ddp2_tp2_pp2_no_resume/gpt2/no_resume/checkpoint_step_000040/rank_000004"
E20260710 06:58:54.137410 140352686108672 checkpoint.cc:207] [CKPT] Save done: dir="/data1/ckpt/3d_ddp2_tp2_pp2_no_resume/gpt2/no_resume/checkpoint_step_000040/rank_000006"
E20260710 06:58:54.145195 140352887447552 checkpoint.cc:207] [CKPT] Save done: dir="/data1/ckpt/3d_ddp2_tp2_pp2_no_resume/gpt2/no_resume/checkpoint_step_000040/rank_000003"
E20260710 06:58:54.149280 140352954560512 checkpoint.cc:207] [CKPT] Save done: dir="/data1/ckpt/3d_ddp2_tp2_pp2_no_resume/gpt2/no_resume/checkpoint_step_000040/rank_000002"
E20260710 06:58:54.154116 140353116037120 checkpoint.cc:207] [CKPT] Save done: dir="/data1/ckpt/3d_ddp2_tp2_pp2_no_resume/gpt2/no_resume/checkpoint_step_000040/rank_000001"
E20260710 06:58:54.157040 140353183150080 checkpoint.cc:207] [CKPT] Save done: dir="/data1/ckpt/3d_ddp2_tp2_pp2_no_resume/gpt2/no_resume/checkpoint_step_000040/rank_000000"
E20260710 06:58:54.247019 140352618995712 main.cc:521] step   41/50 | train loss 4.772593 | lr 1.00e-04 | (126.53 ms | 40464 tok/s | peak used:  2275 MB | peak reserved:  2496 MB, DP=2, TP=2, SP=2, PP=2)
E20260710 06:58:54.351228 140352618995712 main.cc:521] step   42/50 | train loss 4.772711 | lr 1.00e-04 | (104.14 ms | 49167 tok/s | peak used:  2275 MB | peak reserved:  2496 MB, DP=2, TP=2, SP=2, PP=2)
E20260710 06:58:54.454914 140352618995712 main.cc:521] step   43/50 | train loss 4.795121 | lr 1.00e-04 | (103.61 ms | 49417 tok/s | peak used:  2275 MB | peak reserved:  2496 MB, DP=2, TP=2, SP=2, PP=2)
E20260710 06:58:54.558907 140352618995712 main.cc:521] step   44/50 | train loss 4.681509 | lr 1.00e-04 | (103.91 ms | 49272 tok/s | peak used:  2275 MB | peak reserved:  2496 MB, DP=2, TP=2, SP=2, PP=2)
E20260710 06:58:54.668667 140352618995712 main.cc:521] step   45/50 | train loss 4.522458 | lr 1.00e-04 | (109.68 ms | 46679 tok/s | peak used:  2275 MB | peak reserved:  2496 MB, DP=2, TP=2, SP=2, PP=2)
E20260710 06:58:54.772198 140352618995712 main.cc:521] step   46/50 | train loss 4.545523 | lr 1.00e-04 | (103.46 ms | 49489 tok/s | peak used:  2275 MB | peak reserved:  2496 MB, DP=2, TP=2, SP=2, PP=2)
E20260710 06:58:54.876008 140352618995712 main.cc:521] step   47/50 | train loss 4.618790 | lr 1.00e-04 | (103.74 ms | 49354 tok/s | peak used:  2275 MB | peak reserved:  2496 MB, DP=2, TP=2, SP=2, PP=2)
E20260710 06:58:54.979699 140352618995712 main.cc:521] step   48/50 | train loss 4.626948 | lr 1.00e-04 | (103.64 ms | 49403 tok/s | peak used:  2275 MB | peak reserved:  2496 MB, DP=2, TP=2, SP=2, PP=2)
E20260710 06:58:55.086586 140352618995712 main.cc:521] step   49/50 | train loss 4.614968 | lr 1.00e-04 | (106.82 ms | 47929 tok/s | peak used:  2275 MB | peak reserved:  2496 MB, DP=2, TP=2, SP=2, PP=2)
E20260710 06:58:55.190333 140352618995712 main.cc:521] step   50/50 | train loss 4.526660 | lr 1.00e-04 | (103.70 ms | 49374 tok/s | peak used:  2275 MB | peak reserved:  2496 MB, DP=2, TP=2, SP=2, PP=2)
E20260710 06:58:55.475631 140352686108672 checkpoint.cc:207] [CKPT] Save done: dir="/data1/ckpt/3d_ddp2_tp2_pp2_no_resume/gpt2/no_resume/checkpoint_step_000050/rank_000006"
E20260710 06:58:55.493575 140352887447552 checkpoint.cc:207] [CKPT] Save done: dir="/data1/ckpt/3d_ddp2_tp2_pp2_no_resume/gpt2/no_resume/checkpoint_step_000050/rank_000003"
E20260710 06:58:55.495590 140352954560512 checkpoint.cc:207] [CKPT] Save done: dir="/data1/ckpt/3d_ddp2_tp2_pp2_no_resume/gpt2/no_resume/checkpoint_step_000050/rank_000002"
E20260710 06:58:55.496251 140352753221632 checkpoint.cc:207] [CKPT] Save done: dir="/data1/ckpt/3d_ddp2_tp2_pp2_no_resume/gpt2/no_resume/checkpoint_step_000050/rank_000005"
E20260710 06:58:55.496595 140352618995712 checkpoint.cc:207] [CKPT] Save done: dir="/data1/ckpt/3d_ddp2_tp2_pp2_no_resume/gpt2/no_resume/checkpoint_step_000050/rank_000007"
E20260710 06:58:55.508446 140353116037120 checkpoint.cc:207] [CKPT] Save done: dir="/data1/ckpt/3d_ddp2_tp2_pp2_no_resume/gpt2/no_resume/checkpoint_step_000050/rank_000001"
E20260710 06:58:55.508613 140353183150080 checkpoint.cc:207] [CKPT] Save done: dir="/data1/ckpt/3d_ddp2_tp2_pp2_no_resume/gpt2/no_resume/checkpoint_step_000050/rank_000000"
E20260710 06:58:55.516820 140352820334592 checkpoint.cc:207] [CKPT] Save done: dir="/data1/ckpt/3d_ddp2_tp2_pp2_no_resume/gpt2/no_resume/checkpoint_step_000050/rank_000004"
