[LAST_CMAKE] cmake -DUSE_CUDA=ON -DUSE_NCCL=ON -DPROFILE_MODE=ON .. && make -j
[COMMAND] ./gpt2 --input_bin /data/shared/InfiniTrain-dev/data/llmc/gpt2/tinyshakespeare/tiny_shakespeare_train.bin --llmc_filepath /data/shared/InfiniTrain-dev/data/llmc/gpt2/gpt2_124M.bin --device cuda --dtype=bfloat16 --nthread_per_process=8 --num_iteration=10 --batch_size=10 --total_batch_size=5120 --pipeline_parallel=8 --lora_rank=16 --lora_alpha=32.0 --lora_target_modules=c_attn,attn.c_proj,c_fc
===== LoRA Model Summary (Rank 6) ======
Total parameters:     7223040
Trainable parameters: 135168 (1.87135%)
Frozen parameters:    7087872
========================================
===== LoRA Model Summary (Rank 4) ======
Total parameters:     7223040
Trainable parameters: 135168 (1.87135%)
Frozen parameters:    7087872
========================================
===== LoRA Model Summary (Rank 5) ======
Total parameters:     7223040
Trainable parameters: 135168 (1.87135%)
Frozen parameters:    7087872
========================================
===== LoRA Model Summary (Rank 3) ======
Total parameters:     14446080
Trainable parameters: 270336 (1.87135%)
Frozen parameters:    14175744
========================================
===== LoRA Model Summary (Rank 2) ======
Total parameters:     14446080
Trainable parameters: 270336 (1.87135%)
Frozen parameters:    14175744
========================================
===== LoRA Model Summary (Rank 1) ======
Total parameters:     14446080
Trainable parameters: 270336 (1.87135%)
Frozen parameters:    14175744
========================================
===== LoRA Model Summary (Rank 7) ======
Total parameters:     45821952
Trainable parameters: 135168 (0.294985%)
Frozen parameters:    45686784
========================================
===== LoRA Model Summary (Rank 0) ======
Total parameters:     53829888
Trainable parameters: 270336 (0.502204%)
Frozen parameters:    53559552
========================================
E20260611 07:12:57.231829 139899835490304 main.cc:420] step    1/10 | train loss 5.213315 | lr 1.00e-04 | (973.03 ms | 5262 tok/s | peak used:  1922 MB | peak reserved:  1984 MB, DP=1, TP=1, SP=1, PP=8)
E20260611 07:12:57.873212 139899835490304 main.cc:420] step    2/10 | train loss 5.138784 | lr 1.00e-04 | (640.96 ms | 7988 tok/s | peak used:  1922 MB | peak reserved:  1984 MB, DP=1, TP=1, SP=1, PP=8)
E20260611 07:12:58.221659 139899835490304 main.cc:420] step    3/10 | train loss 5.074615 | lr 1.00e-04 | (348.37 ms | 14697 tok/s | peak used:  1922 MB | peak reserved:  1984 MB, DP=1, TP=1, SP=1, PP=8)
E20260611 07:12:58.563423 139899835490304 main.cc:420] step    4/10 | train loss 4.766593 | lr 1.00e-04 | (341.69 ms | 14985 tok/s | peak used:  1922 MB | peak reserved:  1984 MB, DP=1, TP=1, SP=1, PP=8)
E20260611 07:12:58.883114 139899835490304 main.cc:420] step    5/10 | train loss 4.896242 | lr 1.00e-04 | (319.60 ms | 16020 tok/s | peak used:  1922 MB | peak reserved:  1984 MB, DP=1, TP=1, SP=1, PP=8)
E20260611 07:12:59.241125 139899835490304 main.cc:420] step    6/10 | train loss 4.875855 | lr 1.00e-04 | (357.95 ms | 14304 tok/s | peak used:  1922 MB | peak reserved:  1984 MB, DP=1, TP=1, SP=1, PP=8)
E20260611 07:12:59.573056 139899835490304 main.cc:420] step    7/10 | train loss 4.961971 | lr 1.00e-04 | (331.87 ms | 15428 tok/s | peak used:  1922 MB | peak reserved:  1984 MB, DP=1, TP=1, SP=1, PP=8)
E20260611 07:12:59.900206 139899835490304 main.cc:420] step    8/10 | train loss 4.919130 | lr 1.00e-04 | (327.10 ms | 15653 tok/s | peak used:  1922 MB | peak reserved:  1984 MB, DP=1, TP=1, SP=1, PP=8)
E20260611 07:13:00.224748 139899835490304 main.cc:420] step    9/10 | train loss 4.959034 | lr 1.00e-04 | (324.49 ms | 15779 tok/s | peak used:  1922 MB | peak reserved:  1984 MB, DP=1, TP=1, SP=1, PP=8)
E20260611 07:13:00.553922 139899835490304 main.cc:420] step   10/10 | train loss 5.021832 | lr 1.00e-04 | (329.12 ms | 15557 tok/s | peak used:  1922 MB | peak reserved:  1984 MB, DP=1, TP=1, SP=1, PP=8)
