[LAST_CMAKE] cmake -DUSE_CUDA=ON -DUSE_NCCL=ON -DPROFILE_MODE=ON .. && make -j
[COMMAND] ./gpt2 --input_bin /data/shared/InfiniTrain-dev/data/llmc/gpt2/tinyshakespeare/tiny_shakespeare_train.bin --llmc_filepath /data/shared/InfiniTrain-dev/data/llmc/gpt2/gpt2_124M.bin --device cuda --dtype=float32 --nthread_per_process=8 --num_iteration=10 --batch_size=40 --total_batch_size=5120 --tensor_parallel=2 --sequence_parallel=true --pipeline_parallel=2 --virtual_pipeline_parallel=2 --lora_rank=4 --lora_alpha=8.0 --lora_target_modules=c_fc,c_proj
===== LoRA Model Summary (Rank 2) ======
Total parameters:     41518848
Trainable parameters: 138240 (0.332957%)
Frozen parameters:    41380608
========================================
===== LoRA Model Summary (Rank 0) ======
Total parameters:     41518848
Trainable parameters: 138240 (0.332957%)
Frozen parameters:    41380608
========================================
===== LoRA Model Summary (Rank 3) ======
Total parameters:     41518848
Trainable parameters: 138240 (0.332957%)
Frozen parameters:    41380608
========================================
===== LoRA Model Summary (Rank 1) ======
Total parameters:     41518848
Trainable parameters: 138240 (0.332957%)
Frozen parameters:    41380608
========================================
===== LoRA Model Summary (Rank 5) ======
Total parameters:     40733952
Trainable parameters: 138240 (0.339373%)
Frozen parameters:    40595712
========================================
===== LoRA Model Summary (Rank 4) ======
Total parameters:     40733952
Trainable parameters: 138240 (0.339373%)
Frozen parameters:    40595712
========================================
===== LoRA Model Summary (Rank 6) ======
Total parameters:     40733952
Trainable parameters: 138240 (0.339373%)
Frozen parameters:    40595712
========================================
===== LoRA Model Summary (Rank 7) ======
Total parameters:     40733952
Trainable parameters: 138240 (0.339373%)
Frozen parameters:    40595712
========================================
E20260611 07:14:45.130043 140452812529664 main.cc:420] step    1/10 | train loss 5.219545 | lr 1.00e-04 | (548.09 ms | 9342 tok/s | peak used:  2224 MB | peak reserved:  2336 MB, DP=2, TP=2, SP=2, PP=2)
E20260611 07:14:45.485239 140452812529664 main.cc:420] step    2/10 | train loss 5.143066 | lr 1.00e-04 | (354.81 ms | 14430 tok/s | peak used:  2224 MB | peak reserved:  2336 MB, DP=2, TP=2, SP=2, PP=2)
E20260611 07:14:45.817497 140452812529664 main.cc:420] step    3/10 | train loss 5.074582 | lr 1.00e-04 | (332.18 ms | 15413 tok/s | peak used:  2224 MB | peak reserved:  2336 MB, DP=2, TP=2, SP=2, PP=2)
E20260611 07:14:46.124976 140452812529664 main.cc:420] step    4/10 | train loss 4.774487 | lr 1.00e-04 | (307.42 ms | 16654 tok/s | peak used:  2224 MB | peak reserved:  2336 MB, DP=2, TP=2, SP=2, PP=2)
E20260611 07:14:46.445411 140452812529664 main.cc:420] step    5/10 | train loss 4.900569 | lr 1.00e-04 | (320.39 ms | 15981 tok/s | peak used:  2224 MB | peak reserved:  2336 MB, DP=2, TP=2, SP=2, PP=2)
E20260611 07:14:46.749877 140452812529664 main.cc:420] step    6/10 | train loss 4.886535 | lr 1.00e-04 | (304.41 ms | 16819 tok/s | peak used:  2224 MB | peak reserved:  2336 MB, DP=2, TP=2, SP=2, PP=2)
E20260611 07:14:47.058387 140452812529664 main.cc:420] step    7/10 | train loss 4.977926 | lr 1.00e-04 | (308.46 ms | 16599 tok/s | peak used:  2224 MB | peak reserved:  2336 MB, DP=2, TP=2, SP=2, PP=2)
E20260611 07:14:47.370083 140452812529664 main.cc:420] step    8/10 | train loss 4.925604 | lr 1.00e-04 | (311.65 ms | 16429 tok/s | peak used:  2224 MB | peak reserved:  2336 MB, DP=2, TP=2, SP=2, PP=2)
E20260611 07:14:47.690516 140452812529664 main.cc:420] step    9/10 | train loss 4.957034 | lr 1.00e-04 | (320.37 ms | 15981 tok/s | peak used:  2224 MB | peak reserved:  2336 MB, DP=2, TP=2, SP=2, PP=2)
E20260611 07:14:48.028258 140452812529664 main.cc:420] step   10/10 | train loss 5.033343 | lr 1.00e-04 | (337.69 ms | 15162 tok/s | peak used:  2224 MB | peak reserved:  2336 MB, DP=2, TP=2, SP=2, PP=2)
