[LAST_CMAKE] cmake -DUSE_CUDA=ON -DUSE_NCCL=ON -DPROFILE_MODE=ON .. && make -j
[COMMAND] ./gpt2 --input_bin /data/shared/InfiniTrain-dev/data/llmc/gpt2/tinyshakespeare/tiny_shakespeare_train.bin --llmc_filepath /data/shared/InfiniTrain-dev/data/llmc/gpt2/gpt2_124M.bin --device cuda --dtype=bfloat16 --nthread_per_process=4 --num_iteration=10 --batch_size=10 --total_batch_size=5120 --pipeline_parallel=4 --virtual_pipeline_parallel=2 --lora_rank=16 --lora_alpha=32.0 --lora_target_modules=c_attn,c_proj
===== LoRA Model Summary (Rank 1) ======
Total parameters:     21669120
Trainable parameters: 405504 (1.87135%)
Frozen parameters:    21263616
========================================
===== LoRA Model Summary (Rank 2) ======
Total parameters:     21669120
Trainable parameters: 405504 (1.87135%)
Frozen parameters:    21263616
========================================
===== LoRA Model Summary (Rank 0) ======
Total parameters:     61052928
Trainable parameters: 405504 (0.664184%)
Frozen parameters:    60647424
========================================
===== LoRA Model Summary (Rank 3) ======
Total parameters:     60268032
Trainable parameters: 405504 (0.672834%)
Frozen parameters:    59862528
========================================
E20260611 07:14:08.604040 139998015774720 main.cc:420] step    1/10 | train loss 5.213315 | lr 1.00e-04 | (524.59 ms | 9760 tok/s | peak used:  2874 MB | peak reserved:  2944 MB, DP=1, TP=1, SP=1, PP=4)
E20260611 07:14:08.999331 139998015774720 main.cc:420] step    2/10 | train loss 5.138343 | lr 1.00e-04 | (394.89 ms | 12965 tok/s | peak used:  2874 MB | peak reserved:  2944 MB, DP=1, TP=1, SP=1, PP=4)
E20260611 07:14:09.368734 139998015774720 main.cc:420] step    3/10 | train loss 5.071633 | lr 1.00e-04 | (369.34 ms | 13862 tok/s | peak used:  2874 MB | peak reserved:  2944 MB, DP=1, TP=1, SP=1, PP=4)
E20260611 07:14:09.723518 139998015774720 main.cc:420] step    4/10 | train loss 4.766954 | lr 1.00e-04 | (354.73 ms | 14434 tok/s | peak used:  2874 MB | peak reserved:  2944 MB, DP=1, TP=1, SP=1, PP=4)
E20260611 07:14:10.074518 139998015774720 main.cc:420] step    5/10 | train loss 4.898321 | lr 1.00e-04 | (350.94 ms | 14589 tok/s | peak used:  2874 MB | peak reserved:  2944 MB, DP=1, TP=1, SP=1, PP=4)
E20260611 07:14:10.467432 139998015774720 main.cc:420] step    6/10 | train loss 4.875345 | lr 1.00e-04 | (392.86 ms | 13033 tok/s | peak used:  2874 MB | peak reserved:  2944 MB, DP=1, TP=1, SP=1, PP=4)
E20260611 07:14:10.836714 139998015774720 main.cc:420] step    7/10 | train loss 4.962422 | lr 1.00e-04 | (369.20 ms | 13868 tok/s | peak used:  2874 MB | peak reserved:  2944 MB, DP=1, TP=1, SP=1, PP=4)
E20260611 07:14:11.193815 139998015774720 main.cc:420] step    8/10 | train loss 4.918651 | lr 1.00e-04 | (357.02 ms | 14341 tok/s | peak used:  2874 MB | peak reserved:  2944 MB, DP=1, TP=1, SP=1, PP=4)
E20260611 07:14:11.545349 139998015774720 main.cc:420] step    9/10 | train loss 4.957631 | lr 1.00e-04 | (351.48 ms | 14567 tok/s | peak used:  2874 MB | peak reserved:  2944 MB, DP=1, TP=1, SP=1, PP=4)
E20260611 07:14:11.892726 139998015774720 main.cc:420] step   10/10 | train loss 5.023508 | lr 1.00e-04 | (347.33 ms | 14741 tok/s | peak used:  2874 MB | peak reserved:  2944 MB, DP=1, TP=1, SP=1, PP=4)
