[LAST_CMAKE] cmake -DBUILD_TEST=ON -DUSE_CUDA=ON -DUSE_NCCL=ON .. && make -j
[COMMAND] ./gpt2 --input_bin /data/shared/InfiniTrain-dev/data/llmc/gpt2/tinyshakespeare/tiny_shakespeare_train.bin --llmc_filepath /data/shared/InfiniTrain-dev/data/llmc/gpt2/gpt2_124M.bin --device cuda --dtype=bfloat16 --nthread_per_process=8 --num_iteration=10 --batch_size=40 --total_batch_size=5120 --tensor_parallel=4 --lora_rank=16 --lora_alpha=32.0 --lora_target_modules=c_attn,c_fc,c_proj
===== LoRA Model Summary (Rank 1) ======
Total parameters:     42441984
Trainable parameters: 1032192 (2.43201%)
Frozen parameters:    41409792
========================================
===== LoRA Model Summary (Rank 7) ======
Total parameters:     42441984
Trainable parameters: 1032192 (2.43201%)
Frozen parameters:    41409792
========================================
===== LoRA Model Summary (Rank 2) ======
Total parameters:     42441984
Trainable parameters: 1032192 (2.43201%)
Frozen parameters:    41409792
========================================
===== LoRA Model Summary (Rank 3) ======
Total parameters:     42441984
Trainable parameters: 1032192 (2.43201%)
Frozen parameters:    41409792
========================================
===== LoRA Model Summary (Rank 6) ======
Total parameters:     42441984
Trainable parameters: 1032192 (2.43201%)
Frozen parameters:    41409792
========================================
===== LoRA Model Summary (Rank 5) ======
Total parameters:     42441984
Trainable parameters: 1032192 (2.43201%)
Frozen parameters:    41409792
========================================
===== LoRA Model Summary (Rank 0) ======
Total parameters:     42441984
Trainable parameters: 1032192 (2.43201%)
Frozen parameters:    41409792
========================================
===== LoRA Model Summary (Rank 4) ======
Total parameters:     42441984
Trainable parameters: 1032192 (2.43201%)
Frozen parameters:    41409792
========================================
E20260611 06:37:00.024825 139914599440384 main.cc:420] step    1/10 | train loss 5.205599 | lr 1.00e-04 | (889.18 ms | 5758 tok/s | peak used:  1798 MB | peak reserved:  2016 MB, DP=2, TP=4, SP=1, PP=1)
E20260611 06:37:00.223149 139914599440384 main.cc:420] step    2/10 | train loss 5.136294 | lr 1.00e-04 | (197.52 ms | 25921 tok/s | peak used:  1856 MB | peak reserved:  2112 MB, DP=2, TP=4, SP=1, PP=1)
E20260611 06:37:00.369921 139914599440384 main.cc:420] step    3/10 | train loss 5.077436 | lr 1.00e-04 | (146.66 ms | 34910 tok/s | peak used:  1856 MB | peak reserved:  2176 MB, DP=2, TP=4, SP=1, PP=1)
E20260611 06:37:00.498308 139914599440384 main.cc:420] step    4/10 | train loss 4.768060 | lr 1.00e-04 | (128.30 ms | 39906 tok/s | peak used:  1856 MB | peak reserved:  2240 MB, DP=2, TP=4, SP=1, PP=1)
E20260611 06:37:00.617624 139914599440384 main.cc:420] step    5/10 | train loss 4.896373 | lr 1.00e-04 | (119.25 ms | 42936 tok/s | peak used:  1856 MB | peak reserved:  2272 MB, DP=2, TP=4, SP=1, PP=1)
E20260611 06:37:00.731683 139914599440384 main.cc:420] step    6/10 | train loss 4.874796 | lr 1.00e-04 | (113.99 ms | 44918 tok/s | peak used:  1856 MB | peak reserved:  2304 MB, DP=2, TP=4, SP=1, PP=1)
E20260611 06:37:00.842882 139914599440384 main.cc:420] step    7/10 | train loss 4.966947 | lr 1.00e-04 | (111.14 ms | 46067 tok/s | peak used:  1856 MB | peak reserved:  2368 MB, DP=2, TP=4, SP=1, PP=1)
E20260611 06:37:00.952174 139914599440384 main.cc:420] step    8/10 | train loss 4.919127 | lr 1.00e-04 | (109.24 ms | 46871 tok/s | peak used:  1856 MB | peak reserved:  2432 MB, DP=2, TP=4, SP=1, PP=1)
E20260611 06:37:01.061652 139914599440384 main.cc:420] step    9/10 | train loss 4.960824 | lr 1.00e-04 | (109.42 ms | 46791 tok/s | peak used:  1856 MB | peak reserved:  2464 MB, DP=2, TP=4, SP=1, PP=1)
E20260611 06:37:01.171548 139914599440384 main.cc:420] step   10/10 | train loss 5.025612 | lr 1.00e-04 | (109.84 ms | 46612 tok/s | peak used:  1856 MB | peak reserved:  2496 MB, DP=2, TP=4, SP=1, PP=1)
