[LAST_CMAKE] cmake -DUSE_CUDA=ON -DUSE_NCCL=ON -DPROFILE_MODE=ON .. && make -j
[COMMAND] ./gpt2 --input_bin /data/shared/InfiniTrain-dev/data/llmc/gpt2/tinyshakespeare/tiny_shakespeare_train.bin --llmc_filepath /data/shared/InfiniTrain-dev/data/llmc/gpt2/gpt2_124M.bin --device cuda --dtype=float32 --nthread_per_process=8 --num_iteration=10 --batch_size=40 --total_batch_size=5120 --tensor_parallel=4 --sequence_parallel=true --lora_rank=4 --lora_alpha=8.0 --lora_target_modules=attn.c_proj,c_fc,c_proj
===== LoRA Model Summary (Rank 1) ======
Total parameters:     41603328
Trainable parameters: 193536 (0.465194%)
Frozen parameters:    41409792
========================================
===== LoRA Model Summary (Rank 3) ======
Total parameters:     41603328
Trainable parameters: 193536 (0.465194%)
Frozen parameters:    41409792
========================================
===== LoRA Model Summary (Rank 2) ======
Total parameters:     41603328
Trainable parameters: 193536 (0.465194%)
Frozen parameters:    41409792
========================================
===== LoRA Model Summary (Rank 4) ======
Total parameters:     41603328
Trainable parameters: 193536 (0.465194%)
Frozen parameters:    41409792
========================================
===== LoRA Model Summary (Rank 7) ======
Total parameters:     41603328
Trainable parameters: 193536 (0.465194%)
Frozen parameters:    41409792
========================================
===== LoRA Model Summary (Rank 5) ======
Total parameters:     41603328
Trainable parameters: 193536 (0.465194%)
Frozen parameters:    41409792
========================================
===== LoRA Model Summary (Rank 6) ======
Total parameters:     41603328
Trainable parameters: 193536 (0.465194%)
Frozen parameters:    41409792
========================================
===== LoRA Model Summary (Rank 0) ======
Total parameters:     41603328
Trainable parameters: 193536 (0.465194%)
Frozen parameters:    41409792
========================================
E20260611 07:10:48.046096 140035395395584 main.cc:420] step    1/10 | train loss 5.219545 | lr 1.00e-04 | (737.41 ms | 6943 tok/s | peak used:  1671 MB | peak reserved:  1728 MB, DP=2, TP=4, SP=4, PP=1)
E20260611 07:10:48.561803 140035395395584 main.cc:420] step    2/10 | train loss 5.143059 | lr 1.00e-04 | (515.16 ms | 9939 tok/s | peak used:  1671 MB | peak reserved:  1728 MB, DP=2, TP=4, SP=4, PP=1)
E20260611 07:10:48.931069 140035395395584 main.cc:420] step    3/10 | train loss 5.074570 | lr 1.00e-04 | (369.19 ms | 13868 tok/s | peak used:  1671 MB | peak reserved:  1728 MB, DP=2, TP=4, SP=4, PP=1)
E20260611 07:10:49.238170 140035395395584 main.cc:420] step    4/10 | train loss 4.774470 | lr 1.00e-04 | (307.04 ms | 16676 tok/s | peak used:  1671 MB | peak reserved:  1728 MB, DP=2, TP=4, SP=4, PP=1)
E20260611 07:10:49.559186 140035395395584 main.cc:420] step    5/10 | train loss 4.900544 | lr 1.00e-04 | (320.94 ms | 15953 tok/s | peak used:  1671 MB | peak reserved:  1728 MB, DP=2, TP=4, SP=4, PP=1)
E20260611 07:10:49.855491 140035395395584 main.cc:420] step    6/10 | train loss 4.886502 | lr 1.00e-04 | (296.23 ms | 17284 tok/s | peak used:  1671 MB | peak reserved:  1728 MB, DP=2, TP=4, SP=4, PP=1)
E20260611 07:10:50.157451 140035395395584 main.cc:420] step    7/10 | train loss 4.977886 | lr 1.00e-04 | (301.90 ms | 16959 tok/s | peak used:  1671 MB | peak reserved:  1728 MB, DP=2, TP=4, SP=4, PP=1)
E20260611 07:10:50.434709 140035395395584 main.cc:420] step    8/10 | train loss 4.925550 | lr 1.00e-04 | (277.19 ms | 18471 tok/s | peak used:  1671 MB | peak reserved:  1728 MB, DP=2, TP=4, SP=4, PP=1)
E20260611 07:10:50.708621 140035395395584 main.cc:420] step    9/10 | train loss 4.956982 | lr 1.00e-04 | (273.85 ms | 18697 tok/s | peak used:  1671 MB | peak reserved:  1728 MB, DP=2, TP=4, SP=4, PP=1)
E20260611 07:10:51.066150 140035395395584 main.cc:420] step   10/10 | train loss 5.033280 | lr 1.00e-04 | (357.46 ms | 14323 tok/s | peak used:  1671 MB | peak reserved:  1728 MB, DP=2, TP=4, SP=4, PP=1)
