[LAST_CMAKE] cmake -DUSE_CUDA=ON -DUSE_NCCL=ON -DPROFILE_MODE=ON .. && make -j
[COMMAND] ./gpt2 --input_bin /data/shared/InfiniTrain-dev/data/llmc/gpt2/tinyshakespeare/tiny_shakespeare_train.bin --llmc_filepath /data/shared/InfiniTrain-dev/data/llmc/gpt2/gpt2_124M.bin --device cuda --dtype=float32 --nthread_per_process=8 --num_iteration=10 --batch_size=10 --total_batch_size=5120 --pipeline_parallel=8 --lora_rank=4 --lora_alpha=8.0 --lora_target_modules=c_attn,attn.c_proj,c_fc
===== LoRA Model Summary (Rank 5) ======
Total parameters:     7121664
Trainable parameters: 33792 (0.474496%)
Frozen parameters:    7087872
========================================
===== LoRA Model Summary (Rank 6) ======
Total parameters:     7121664
Trainable parameters: 33792 (0.474496%)
Frozen parameters:    7087872
========================================
===== LoRA Model Summary (Rank 4) ======
Total parameters:     7121664
Trainable parameters: 33792 (0.474496%)
Frozen parameters:    7087872
========================================
===== LoRA Model Summary (Rank 1) ======
Total parameters:     14243328
Trainable parameters: 67584 (0.474496%)
Frozen parameters:    14175744
========================================
===== LoRA Model Summary (Rank 3) ======
Total parameters:     14243328
Trainable parameters: 67584 (0.474496%)
Frozen parameters:    14175744
========================================
===== LoRA Model Summary (Rank 2) ======
Total parameters:     14243328
Trainable parameters: 67584 (0.474496%)
Frozen parameters:    14175744
========================================
===== LoRA Model Summary (Rank 0) ======
Total parameters:     53627136
Trainable parameters: 67584 (0.126026%)
Frozen parameters:    53559552
========================================
===== LoRA Model Summary (Rank 7) ======
Total parameters:     45720576
Trainable parameters: 33792 (0.0739098%)
Frozen parameters:    45686784
========================================
E20260611 07:12:19.793595 140295710679040 main.cc:420] step    1/10 | train loss 5.219545 | lr 1.00e-04 | (494.79 ms | 10348 tok/s | peak used:  1675 MB | peak reserved:  1728 MB, DP=1, TP=1, SP=1, PP=8)
E20260611 07:12:20.240474 140295710679040 main.cc:420] step    2/10 | train loss 5.143064 | lr 1.00e-04 | (446.52 ms | 11466 tok/s | peak used:  1675 MB | peak reserved:  1728 MB, DP=1, TP=1, SP=1, PP=8)
E20260611 07:12:20.520997 140295710679040 main.cc:420] step    3/10 | train loss 5.074578 | lr 1.00e-04 | (280.46 ms | 18256 tok/s | peak used:  1675 MB | peak reserved:  1728 MB, DP=1, TP=1, SP=1, PP=8)
E20260611 07:12:20.815089 140295710679040 main.cc:420] step    4/10 | train loss 4.774480 | lr 1.00e-04 | (294.04 ms | 17412 tok/s | peak used:  1675 MB | peak reserved:  1728 MB, DP=1, TP=1, SP=1, PP=8)
E20260611 07:12:21.099240 140295710679040 main.cc:420] step    5/10 | train loss 4.900561 | lr 1.00e-04 | (284.10 ms | 18022 tok/s | peak used:  1675 MB | peak reserved:  1728 MB, DP=1, TP=1, SP=1, PP=8)
E20260611 07:12:21.398691 140295710679040 main.cc:420] step    6/10 | train loss 4.886525 | lr 1.00e-04 | (299.40 ms | 17101 tok/s | peak used:  1675 MB | peak reserved:  1728 MB, DP=1, TP=1, SP=1, PP=8)
E20260611 07:12:21.721194 140295710679040 main.cc:420] step    7/10 | train loss 4.977913 | lr 1.00e-04 | (322.46 ms | 15878 tok/s | peak used:  1675 MB | peak reserved:  1728 MB, DP=1, TP=1, SP=1, PP=8)
E20260611 07:12:22.001867 140295710679040 main.cc:420] step    8/10 | train loss 4.925584 | lr 1.00e-04 | (280.62 ms | 18245 tok/s | peak used:  1675 MB | peak reserved:  1728 MB, DP=1, TP=1, SP=1, PP=8)
E20260611 07:12:22.283039 140295710679040 main.cc:420] step    9/10 | train loss 4.957021 | lr 1.00e-04 | (281.13 ms | 18212 tok/s | peak used:  1675 MB | peak reserved:  1728 MB, DP=1, TP=1, SP=1, PP=8)
E20260611 07:12:22.564504 140295710679040 main.cc:420] step   10/10 | train loss 5.033323 | lr 1.00e-04 | (281.42 ms | 18193 tok/s | peak used:  1675 MB | peak reserved:  1728 MB, DP=1, TP=1, SP=1, PP=8)
