[LAST_CMAKE] cmake -DUSE_CUDA=ON -DUSE_NCCL=ON -DPROFILE_MODE=ON .. && make -j
[COMMAND] ./gpt2 --input_bin /data/shared/InfiniTrain-dev/data/llmc/gpt2/tinyshakespeare/tiny_shakespeare_train.bin --llmc_filepath /data/shared/InfiniTrain-dev/data/llmc/gpt2/gpt2_124M.bin --device cuda --dtype=bfloat16 --nthread_per_process=8 --num_iteration=10 --batch_size=40 --total_batch_size=5120 --tensor_parallel=4 --sequence_parallel=true --lora_rank=16 --lora_alpha=32.0 --lora_target_modules=attn.c_proj,c_fc,c_proj
===== LoRA Model Summary (Rank 6) ======
Total parameters:     42183936
Trainable parameters: 774144 (1.83516%)
Frozen parameters:    41409792
========================================
===== LoRA Model Summary (Rank 2) ======
Total parameters:     42183936
Trainable parameters: 774144 (1.83516%)
Frozen parameters:    41409792
========================================
===== LoRA Model Summary (Rank 5) ======
Total parameters:     42183936
Trainable parameters: 774144 (1.83516%)
Frozen parameters:    41409792
========================================
===== LoRA Model Summary (Rank 4) ======
Total parameters:     42183936
Trainable parameters: 774144 (1.83516%)
Frozen parameters:    41409792
========================================
===== LoRA Model Summary (Rank 1) ======
Total parameters:     42183936
Trainable parameters: 774144 (1.83516%)
Frozen parameters:    41409792
========================================
===== LoRA Model Summary (Rank 7) ======
Total parameters:     42183936
Trainable parameters: 774144 (1.83516%)
Frozen parameters:    41409792
========================================
===== LoRA Model Summary (Rank 3) ======
Total parameters:     42183936
Trainable parameters: 774144 (1.83516%)
Frozen parameters:    41409792
========================================
===== LoRA Model Summary (Rank 0) ======
Total parameters:     42183936
Trainable parameters: 774144 (1.83516%)
Frozen parameters:    41409792
========================================
E20260611 07:11:32.941189 139725285335040 main.cc:420] step    1/10 | train loss 5.206748 | lr 1.00e-04 | (952.60 ms | 5375 tok/s | peak used:  1610 MB | peak reserved:  1664 MB, DP=2, TP=4, SP=4, PP=1)
E20260611 07:11:33.482012 139725285335040 main.cc:420] step    2/10 | train loss 5.140431 | lr 1.00e-04 | (540.30 ms | 9476 tok/s | peak used:  1668 MB | peak reserved:  1728 MB, DP=2, TP=4, SP=4, PP=1)
E20260611 07:11:33.941005 139725285335040 main.cc:420] step    3/10 | train loss 5.071289 | lr 1.00e-04 | (458.92 ms | 11157 tok/s | peak used:  1668 MB | peak reserved:  1728 MB, DP=2, TP=4, SP=4, PP=1)
E20260611 07:11:34.319769 139725285335040 main.cc:420] step    4/10 | train loss 4.765457 | lr 1.00e-04 | (378.71 ms | 13520 tok/s | peak used:  1668 MB | peak reserved:  1728 MB, DP=2, TP=4, SP=4, PP=1)
E20260611 07:11:34.771354 139725285335040 main.cc:420] step    5/10 | train loss 4.898629 | lr 1.00e-04 | (451.52 ms | 11340 tok/s | peak used:  1668 MB | peak reserved:  1728 MB, DP=2, TP=4, SP=4, PP=1)
E20260611 07:11:35.156899 139725285335040 main.cc:420] step    6/10 | train loss 4.878841 | lr 1.00e-04 | (385.48 ms | 13282 tok/s | peak used:  1668 MB | peak reserved:  1728 MB, DP=2, TP=4, SP=4, PP=1)
E20260611 07:11:35.536413 139725285335040 main.cc:420] step    7/10 | train loss 4.966088 | lr 1.00e-04 | (377.62 ms | 13559 tok/s | peak used:  1668 MB | peak reserved:  1728 MB, DP=2, TP=4, SP=4, PP=1)
E20260611 07:11:35.903905 139725285335040 main.cc:420] step    8/10 | train loss 4.916036 | lr 1.00e-04 | (367.44 ms | 13934 tok/s | peak used:  1668 MB | peak reserved:  1728 MB, DP=2, TP=4, SP=4, PP=1)
E20260611 07:11:36.388865 139725285335040 main.cc:420] step    9/10 | train loss 4.957162 | lr 1.00e-04 | (484.91 ms | 10559 tok/s | peak used:  1668 MB | peak reserved:  1728 MB, DP=2, TP=4, SP=4, PP=1)
E20260611 07:11:36.768116 139725285335040 main.cc:420] step   10/10 | train loss 5.025025 | lr 1.00e-04 | (379.19 ms | 13502 tok/s | peak used:  1668 MB | peak reserved:  1728 MB, DP=2, TP=4, SP=4, PP=1)
