[LAST_CMAKE] cmake -DUSE_CUDA=ON -DUSE_NCCL=ON -DPROFILE_MODE=ON .. && make -j
[COMMAND] ./gpt2 --input_bin /data/shared/InfiniTrain-dev/data/llmc/gpt2/tinyshakespeare/tiny_shakespeare_train.bin --llmc_filepath /data/shared/InfiniTrain-dev/data/llmc/gpt2/gpt2_124M.bin --device cuda --dtype=float32 --nthread_per_process=8 --num_iteration=10 --batch_size=40 --total_batch_size=5120 --tensor_parallel=4 --lora_rank=4 --lora_alpha=8.0 --lora_target_modules=c_attn,c_fc,c_proj
===== LoRA Model Summary (Rank 2) ======
Total parameters:     41667840
Trainable parameters: 258048 (0.619298%)
Frozen parameters:    41409792
========================================
===== LoRA Model Summary (Rank 6) ======
Total parameters:     41667840
Trainable parameters: 258048 (0.619298%)
Frozen parameters:    41409792
========================================
===== LoRA Model Summary (Rank 3) ======
Total parameters:     41667840
Trainable parameters: 258048 (0.619298%)
Frozen parameters:    41409792
========================================
===== LoRA Model Summary (Rank 0) ======
Total parameters:     41667840
Trainable parameters: 258048 (0.619298%)
Frozen parameters:    41409792
========================================
===== LoRA Model Summary (Rank 7) ======
Total parameters:     41667840
Trainable parameters: 258048 (0.619298%)
Frozen parameters:    41409792
========================================
===== LoRA Model Summary (Rank 1) ======
Total parameters:     41667840
Trainable parameters: 258048 (0.619298%)
Frozen parameters:    41409792
========================================
===== LoRA Model Summary (Rank 5) ======
Total parameters:     41667840
Trainable parameters: 258048 (0.619298%)
Frozen parameters:    41409792
========================================
===== LoRA Model Summary (Rank 4) ======
Total parameters:     41667840
Trainable parameters: 258048 (0.619298%)
Frozen parameters:    41409792
========================================
E20260428 12:46:38.623540 139757852000256 main.cc:419] step    1/10 | train loss 5.219545 | lr 1.00e-04 | (701.49 ms | 7299 tok/s | peak used:  1905 MB | peak reserved:  1984 MB, DP=2, TP=4, SP=1, PP=1)
E20260428 12:46:39.030520 139757852000256 main.cc:419] step    2/10 | train loss 5.143055 | lr 1.00e-04 | (406.50 ms | 12595 tok/s | peak used:  1905 MB | peak reserved:  1984 MB, DP=2, TP=4, SP=1, PP=1)
E20260428 12:46:39.367217 139757852000256 main.cc:419] step    3/10 | train loss 5.074562 | lr 1.00e-04 | (336.65 ms | 15209 tok/s | peak used:  1905 MB | peak reserved:  1984 MB, DP=2, TP=4, SP=1, PP=1)
E20260428 12:46:39.673378 139757852000256 main.cc:419] step    4/10 | train loss 4.774455 | lr 1.00e-04 | (306.11 ms | 16726 tok/s | peak used:  1905 MB | peak reserved:  1984 MB, DP=2, TP=4, SP=1, PP=1)
E20260428 12:46:39.948943 139757852000256 main.cc:419] step    5/10 | train loss 4.900525 | lr 1.00e-04 | (275.52 ms | 18583 tok/s | peak used:  1905 MB | peak reserved:  1984 MB, DP=2, TP=4, SP=1, PP=1)
E20260428 12:46:40.267658 139757852000256 main.cc:419] step    6/10 | train loss 4.886478 | lr 1.00e-04 | (318.66 ms | 16067 tok/s | peak used:  1905 MB | peak reserved:  1984 MB, DP=2, TP=4, SP=1, PP=1)
E20260428 12:46:40.559176 139757852000256 main.cc:419] step    7/10 | train loss 4.977857 | lr 1.00e-04 | (291.47 ms | 17566 tok/s | peak used:  1905 MB | peak reserved:  1984 MB, DP=2, TP=4, SP=1, PP=1)
E20260428 12:46:40.839905 139757852000256 main.cc:419] step    8/10 | train loss 4.925504 | lr 1.00e-04 | (280.69 ms | 18241 tok/s | peak used:  1905 MB | peak reserved:  1984 MB, DP=2, TP=4, SP=1, PP=1)
E20260428 12:46:41.116103 139757852000256 main.cc:419] step    9/10 | train loss 4.956946 | lr 1.00e-04 | (276.15 ms | 18540 tok/s | peak used:  1905 MB | peak reserved:  1984 MB, DP=2, TP=4, SP=1, PP=1)
E20260428 12:46:41.390242 139757852000256 main.cc:419] step   10/10 | train loss 5.033233 | lr 1.00e-04 | (274.10 ms | 18679 tok/s | peak used:  1905 MB | peak reserved:  1984 MB, DP=2, TP=4, SP=1, PP=1)
