[LAST_CMAKE] cmake -DUSE_CUDA=ON -DUSE_NCCL=ON .. && make -j
[COMMAND] ./gpt2 --input_bin /data/shared/InfiniTrain-dev/data/llmc/gpt2/tinyshakespeare/tiny_shakespeare_train.bin --llmc_filepath /data/shared/InfiniTrain-dev/data/llmc/gpt2/gpt2_124M.bin --device cuda --dtype=bfloat16 --nthread_per_process=8 --num_iteration=10 --batch_size=10 --total_batch_size=5120 --pipeline_parallel=8 --lora_rank=16 --lora_alpha=32.0 --lora_target_modules=c_attn,attn.c_proj,c_fc
===== LoRA Model Summary (Rank 4) ======
Total parameters:     7223040
Trainable parameters: 135168 (1.87135%)
Frozen parameters:    7087872
========================================
===== LoRA Model Summary (Rank 5) ======
Total parameters:     7223040
Trainable parameters: 135168 (1.87135%)
Frozen parameters:    7087872
========================================
===== LoRA Model Summary (Rank 6) ======
Total parameters:     7223040
Trainable parameters: 135168 (1.87135%)
Frozen parameters:    7087872
========================================
===== LoRA Model Summary (Rank 1) ======
Total parameters:     14446080
Trainable parameters: 270336 (1.87135%)
Frozen parameters:    14175744
========================================
===== LoRA Model Summary (Rank 2) ======
Total parameters:     14446080
Trainable parameters: 270336 (1.87135%)
Frozen parameters:    14175744
========================================
===== LoRA Model Summary (Rank 3) ======
Total parameters:     14446080
Trainable parameters: 270336 (1.87135%)
Frozen parameters:    14175744
========================================
===== LoRA Model Summary (Rank 0) ======
Total parameters:     53829888
Trainable parameters: 270336 (0.502204%)
Frozen parameters:    53559552
========================================
===== LoRA Model Summary (Rank 7) ======
Total parameters:     45821952
Trainable parameters: 135168 (0.294985%)
Frozen parameters:    45686784
========================================
E20260428 12:21:20.165878 139779525902336 main.cc:419] step    1/10 | train loss 5.213315 | lr 1.00e-04 | (529.59 ms | 9668 tok/s | peak used:  1892 MB | peak reserved:  1984 MB, DP=1, TP=1, SP=1, PP=8)
E20260428 12:21:20.461100 139779525902336 main.cc:419] step    2/10 | train loss 5.138784 | lr 1.00e-04 | (294.87 ms | 17364 tok/s | peak used:  1892 MB | peak reserved:  2016 MB, DP=1, TP=1, SP=1, PP=8)
E20260428 12:21:20.577819 139779525902336 main.cc:419] step    3/10 | train loss 5.074615 | lr 1.00e-04 | (116.64 ms | 43894 tok/s | peak used:  1892 MB | peak reserved:  2080 MB, DP=1, TP=1, SP=1, PP=8)
E20260428 12:21:20.674586 139779525902336 main.cc:419] step    4/10 | train loss 4.766593 | lr 1.00e-04 | (96.72 ms | 52936 tok/s | peak used:  1892 MB | peak reserved:  2112 MB, DP=1, TP=1, SP=1, PP=8)
E20260428 12:21:20.764880 139779525902336 main.cc:419] step    5/10 | train loss 4.896242 | lr 1.00e-04 | (90.24 ms | 56739 tok/s | peak used:  1892 MB | peak reserved:  2176 MB, DP=1, TP=1, SP=1, PP=8)
E20260428 12:21:20.856885 139779525902336 main.cc:419] step    6/10 | train loss 4.875855 | lr 1.00e-04 | (91.96 ms | 55677 tok/s | peak used:  1892 MB | peak reserved:  2240 MB, DP=1, TP=1, SP=1, PP=8)
E20260428 12:21:20.946645 139779525902336 main.cc:419] step    7/10 | train loss 4.961971 | lr 1.00e-04 | (89.72 ms | 57069 tok/s | peak used:  1892 MB | peak reserved:  2272 MB, DP=1, TP=1, SP=1, PP=8)
E20260428 12:21:21.036506 139779525902336 main.cc:419] step    8/10 | train loss 4.919130 | lr 1.00e-04 | (89.82 ms | 57005 tok/s | peak used:  1892 MB | peak reserved:  2336 MB, DP=1, TP=1, SP=1, PP=8)
E20260428 12:21:21.124442 139779525902336 main.cc:419] step    9/10 | train loss 4.959034 | lr 1.00e-04 | (87.89 ms | 58252 tok/s | peak used:  1892 MB | peak reserved:  2400 MB, DP=1, TP=1, SP=1, PP=8)
E20260428 12:21:21.207956 139779525902336 main.cc:419] step   10/10 | train loss 5.021832 | lr 1.00e-04 | (83.47 ms | 61340 tok/s | peak used:  1892 MB | peak reserved:  2400 MB, DP=1, TP=1, SP=1, PP=8)
