[LAST_CMAKE] cmake -DUSE_CUDA=ON -DUSE_NCCL=ON -DPROFILE_MODE=ON .. && make -j
[COMMAND] ./gpt2 --input_bin /data/shared/InfiniTrain-dev/data/llmc/gpt2/tinyshakespeare/tiny_shakespeare_train.bin --llmc_filepath /data/shared/InfiniTrain-dev/data/llmc/gpt2/gpt2_124M.bin --device cuda --dtype=bfloat16 --nthread_per_process=8 --num_iteration=10 --batch_size=40 --total_batch_size=5120 --tensor_parallel=4 --lora_rank=16 --lora_alpha=32.0 --lora_target_modules=c_attn,c_fc,c_proj
===== LoRA Model Summary (Rank 3) ======
Total parameters:     42441984
Trainable parameters: 1032192 (2.43201%)
Frozen parameters:    41409792
========================================
===== LoRA Model Summary (Rank 4) ======
Total parameters:     42441984
Trainable parameters: 1032192 (2.43201%)
Frozen parameters:    41409792
========================================
===== LoRA Model Summary (Rank 6) ======
Total parameters:     42441984
Trainable parameters: 1032192 (2.43201%)
Frozen parameters:    41409792
========================================
===== LoRA Model Summary (Rank 0) ======
Total parameters:     42441984
Trainable parameters: 1032192 (2.43201%)
Frozen parameters:    41409792
========================================
===== LoRA Model Summary (Rank 2) ======
Total parameters:     42441984
Trainable parameters: 1032192 (2.43201%)
Frozen parameters:    41409792
========================================
===== LoRA Model Summary (Rank 7) ======
Total parameters:     42441984
Trainable parameters: 1032192 (2.43201%)
Frozen parameters:    41409792
========================================
===== LoRA Model Summary (Rank 5) ======
Total parameters:     42441984
Trainable parameters: 1032192 (2.43201%)
Frozen parameters:    41409792
========================================
===== LoRA Model Summary (Rank 1) ======
Total parameters:     42441984
Trainable parameters: 1032192 (2.43201%)
Frozen parameters:    41409792
========================================
E20260428 12:47:27.452114 140075627163648 main.cc:419] step    1/10 | train loss 5.205599 | lr 1.00e-04 | (1048.78 ms | 4882 tok/s | peak used:  1753 MB | peak reserved:  1824 MB, DP=2, TP=4, SP=1, PP=1)
E20260428 12:47:27.962670 140075627163648 main.cc:419] step    2/10 | train loss 5.136294 | lr 1.00e-04 | (509.88 ms | 10042 tok/s | peak used:  1811 MB | peak reserved:  1888 MB, DP=2, TP=4, SP=1, PP=1)
E20260428 12:47:28.436850 140075627163648 main.cc:419] step    3/10 | train loss 5.077436 | lr 1.00e-04 | (474.09 ms | 10800 tok/s | peak used:  1811 MB | peak reserved:  1888 MB, DP=2, TP=4, SP=1, PP=1)
E20260428 12:47:28.826977 140075627163648 main.cc:419] step    4/10 | train loss 4.768060 | lr 1.00e-04 | (390.05 ms | 13126 tok/s | peak used:  1811 MB | peak reserved:  1888 MB, DP=2, TP=4, SP=1, PP=1)
E20260428 12:47:29.256795 140075627163648 main.cc:419] step    5/10 | train loss 4.896373 | lr 1.00e-04 | (429.75 ms | 11914 tok/s | peak used:  1811 MB | peak reserved:  1888 MB, DP=2, TP=4, SP=1, PP=1)
E20260428 12:47:29.649732 140075627163648 main.cc:419] step    6/10 | train loss 4.874796 | lr 1.00e-04 | (392.83 ms | 13034 tok/s | peak used:  1811 MB | peak reserved:  1888 MB, DP=2, TP=4, SP=1, PP=1)
E20260428 12:47:30.015752 140075627163648 main.cc:419] step    7/10 | train loss 4.966947 | lr 1.00e-04 | (365.94 ms | 13991 tok/s | peak used:  1811 MB | peak reserved:  1888 MB, DP=2, TP=4, SP=1, PP=1)
E20260428 12:47:30.384053 140075627163648 main.cc:419] step    8/10 | train loss 4.919127 | lr 1.00e-04 | (368.23 ms | 13904 tok/s | peak used:  1811 MB | peak reserved:  1888 MB, DP=2, TP=4, SP=1, PP=1)
E20260428 12:47:30.893469 140075627163648 main.cc:419] step    9/10 | train loss 4.960824 | lr 1.00e-04 | (509.32 ms | 10053 tok/s | peak used:  1811 MB | peak reserved:  1888 MB, DP=2, TP=4, SP=1, PP=1)
E20260428 12:47:32.130092 140075627163648 main.cc:419] step   10/10 | train loss 5.025612 | lr 1.00e-04 | (1236.51 ms | 4141 tok/s | peak used:  1811 MB | peak reserved:  1888 MB, DP=2, TP=4, SP=1, PP=1)
