[LAST_CMAKE] cmake -DUSE_CUDA=ON -DUSE_NCCL=ON .. && make -j
[COMMAND] ./gpt2 --input_bin /data/shared/InfiniTrain-dev/data/llmc/gpt2/tinyshakespeare/tiny_shakespeare_train.bin --llmc_filepath /data/shared/InfiniTrain-dev/data/llmc/gpt2/gpt2_124M.bin --device cuda --dtype=float32 --nthread_per_process=8 --num_iteration=10 --batch_size=40 --total_batch_size=5120 --tensor_parallel=4 --sequence_parallel=true --lora_rank=4 --lora_alpha=8.0 --lora_target_modules=attn.c_proj,c_fc,c_proj
===== LoRA Model Summary (Rank 6) ======
Total parameters:     41603328
Trainable parameters: 193536 (0.465194%)
Frozen parameters:    41409792
========================================
===== LoRA Model Summary (Rank 1) ======
Total parameters:     41603328
Trainable parameters: 193536 (0.465194%)
Frozen parameters:    41409792
========================================
===== LoRA Model Summary (Rank 3) ======
Total parameters:     41603328
Trainable parameters: 193536 (0.465194%)
Frozen parameters:    41409792
========================================
===== LoRA Model Summary (Rank 2) ======
Total parameters:     41603328
Trainable parameters: 193536 (0.465194%)
Frozen parameters:    41409792
========================================
===== LoRA Model Summary (Rank 7) ======
Total parameters:     41603328
Trainable parameters: 193536 (0.465194%)
Frozen parameters:    41409792
========================================
===== LoRA Model Summary (Rank 5) ======
Total parameters:     41603328
Trainable parameters: 193536 (0.465194%)
Frozen parameters:    41409792
========================================
===== LoRA Model Summary (Rank 0) ======
Total parameters:     41603328
Trainable parameters: 193536 (0.465194%)
Frozen parameters:    41409792
========================================
===== LoRA Model Summary (Rank 4) ======
Total parameters:     41603328
Trainable parameters: 193536 (0.465194%)
Frozen parameters:    41409792
========================================
E20260428 12:20:07.250004 140039329660928 main.cc:419] step    1/10 | train loss 5.219545 | lr 1.00e-04 | (531.56 ms | 9632 tok/s | peak used:  1671 MB | peak reserved:  1856 MB, DP=2, TP=4, SP=4, PP=1)
E20260428 12:20:07.455221 140039329660928 main.cc:419] step    2/10 | train loss 5.143059 | lr 1.00e-04 | (204.53 ms | 25032 tok/s | peak used:  1671 MB | peak reserved:  1888 MB, DP=2, TP=4, SP=4, PP=1)
E20260428 12:20:07.652549 140039329660928 main.cc:419] step    3/10 | train loss 5.074570 | lr 1.00e-04 | (196.17 ms | 26100 tok/s | peak used:  1671 MB | peak reserved:  1888 MB, DP=2, TP=4, SP=4, PP=1)
E20260428 12:20:07.835348 140039329660928 main.cc:419] step    4/10 | train loss 4.774470 | lr 1.00e-04 | (182.72 ms | 28021 tok/s | peak used:  1671 MB | peak reserved:  1888 MB, DP=2, TP=4, SP=4, PP=1)
E20260428 12:20:08.015341 140039329660928 main.cc:419] step    5/10 | train loss 4.900544 | lr 1.00e-04 | (179.93 ms | 28456 tok/s | peak used:  1671 MB | peak reserved:  1888 MB, DP=2, TP=4, SP=4, PP=1)
E20260428 12:20:08.188438 140039329660928 main.cc:419] step    6/10 | train loss 4.886502 | lr 1.00e-04 | (173.02 ms | 29592 tok/s | peak used:  1671 MB | peak reserved:  1888 MB, DP=2, TP=4, SP=4, PP=1)
E20260428 12:20:08.362252 140039329660928 main.cc:419] step    7/10 | train loss 4.977886 | lr 1.00e-04 | (173.75 ms | 29468 tok/s | peak used:  1671 MB | peak reserved:  1888 MB, DP=2, TP=4, SP=4, PP=1)
E20260428 12:20:08.537923 140039329660928 main.cc:419] step    8/10 | train loss 4.925550 | lr 1.00e-04 | (175.61 ms | 29155 tok/s | peak used:  1671 MB | peak reserved:  1888 MB, DP=2, TP=4, SP=4, PP=1)
E20260428 12:20:08.712718 140039329660928 main.cc:419] step    9/10 | train loss 4.956982 | lr 1.00e-04 | (174.74 ms | 29301 tok/s | peak used:  1671 MB | peak reserved:  1888 MB, DP=2, TP=4, SP=4, PP=1)
E20260428 12:20:08.885834 140039329660928 main.cc:419] step   10/10 | train loss 5.033280 | lr 1.00e-04 | (173.06 ms | 29586 tok/s | peak used:  1671 MB | peak reserved:  1888 MB, DP=2, TP=4, SP=4, PP=1)
