[LAST_CMAKE] cmake -DUSE_CUDA=ON -DUSE_NCCL=ON -DPROFILE_MODE=ON .. && make -j
[COMMAND] ./gpt2 --input_bin /data/shared/InfiniTrain-dev/data/llmc/gpt2/tinyshakespeare/tiny_shakespeare_train.bin --llmc_filepath /data/shared/InfiniTrain-dev/data/llmc/gpt2/gpt2_124M.bin --device cuda --dtype=bfloat16 --nthread_per_process=4 --num_iteration=10 --batch_size=10 --total_batch_size=5120 --pipeline_parallel=4 --virtual_pipeline_parallel=2 --lora_rank=16 --lora_alpha=32.0 --lora_target_modules=c_attn,c_proj
===== LoRA Model Summary (Rank 1) ======
===== LoRA Model Summary (Rank 2) ======
Total parameters:     21669120
Trainable parameters: 405504 (Total parameters:     21669120
Trainable parameters: 405504 (1.87135%)
Frozen parameters:    21263616
========================================
1.87135%)
Frozen parameters:    21263616
========================================
===== LoRA Model Summary (Rank 0) ======
Total parameters:     61052928
Trainable parameters: 405504 (0.664184%)
Frozen parameters:    60647424
========================================
===== LoRA Model Summary (Rank 3) ======
Total parameters:     60268032
Trainable parameters: 405504 (0.672834%)
Frozen parameters:    59862528
========================================
E20260428 12:51:39.735746 140029784973312 main.cc:419] step    1/10 | train loss 5.213315 | lr 1.00e-04 | (515.52 ms | 9932 tok/s | peak used:  2784 MB | peak reserved:  2848 MB, DP=1, TP=1, SP=1, PP=4)
E20260428 12:51:40.152478 140029784973312 main.cc:419] step    2/10 | train loss 5.138343 | lr 1.00e-04 | (416.30 ms | 12299 tok/s | peak used:  2784 MB | peak reserved:  2848 MB, DP=1, TP=1, SP=1, PP=4)
E20260428 12:51:40.543698 140029784973312 main.cc:419] step    3/10 | train loss 5.071633 | lr 1.00e-04 | (391.15 ms | 13090 tok/s | peak used:  2784 MB | peak reserved:  2848 MB, DP=1, TP=1, SP=1, PP=4)
E20260428 12:51:41.018481 140029784973312 main.cc:419] step    4/10 | train loss 4.766954 | lr 1.00e-04 | (474.74 ms | 10785 tok/s | peak used:  2784 MB | peak reserved:  2848 MB, DP=1, TP=1, SP=1, PP=4)
E20260428 12:51:41.406626 140029784973312 main.cc:419] step    5/10 | train loss 4.898321 | lr 1.00e-04 | (388.10 ms | 13192 tok/s | peak used:  2784 MB | peak reserved:  2848 MB, DP=1, TP=1, SP=1, PP=4)
E20260428 12:51:41.821406 140029784973312 main.cc:419] step    6/10 | train loss 4.875345 | lr 1.00e-04 | (414.74 ms | 12345 tok/s | peak used:  2784 MB | peak reserved:  2848 MB, DP=1, TP=1, SP=1, PP=4)
E20260428 12:51:42.219568 140029784973312 main.cc:419] step    7/10 | train loss 4.962422 | lr 1.00e-04 | (398.12 ms | 12861 tok/s | peak used:  2784 MB | peak reserved:  2848 MB, DP=1, TP=1, SP=1, PP=4)
E20260428 12:51:42.609948 140029784973312 main.cc:419] step    8/10 | train loss 4.918651 | lr 1.00e-04 | (390.34 ms | 13117 tok/s | peak used:  2784 MB | peak reserved:  2848 MB, DP=1, TP=1, SP=1, PP=4)
E20260428 12:51:42.999940 140029784973312 main.cc:419] step    9/10 | train loss 4.957631 | lr 1.00e-04 | (389.95 ms | 13130 tok/s | peak used:  2784 MB | peak reserved:  2848 MB, DP=1, TP=1, SP=1, PP=4)
E20260428 12:51:43.390183 140029784973312 main.cc:419] step   10/10 | train loss 5.023508 | lr 1.00e-04 | (390.20 ms | 13121 tok/s | peak used:  2784 MB | peak reserved:  2848 MB, DP=1, TP=1, SP=1, PP=4)
