[LAST_CMAKE] cmake -DUSE_CUDA=ON -DUSE_NCCL=ON -DPROFILE_MODE=ON .. && make -j
[COMMAND] ./gpt2 --input_bin /data/shared/InfiniTrain-dev/data/llmc/gpt2/tinyshakespeare/tiny_shakespeare_train.bin --llmc_filepath /data/shared/InfiniTrain-dev/data/llmc/gpt2/gpt2_124M.bin --device cuda --dtype=bfloat16 --nthread_per_process=8 --num_iteration=10 --batch_size=40 --total_batch_size=5120 --tensor_parallel=2 --sequence_parallel=true --pipeline_parallel=2 --virtual_pipeline_parallel=2 --lora_rank=16 --lora_alpha=32.0 --lora_target_modules=c_fc,c_proj
===== LoRA Model Summary (Rank 0) ======
Total parameters:     41933568
Trainable parameters: 552960 (1.31866%)
Frozen parameters:    41380608
========================================
===== LoRA Model Summary (Rank 1) ======
Total parameters:     41933568
Trainable parameters: 552960 (1.31866%)
Frozen parameters:    41380608
========================================
===== LoRA Model Summary (Rank 2) ======
Total parameters:     41933568
Trainable parameters: 552960 (1.31866%)
Frozen parameters:    41380608
========================================
===== LoRA Model Summary (Rank 3) ======
Total parameters:     41933568
Trainable parameters: 552960 (1.31866%)
Frozen parameters:    41380608
========================================
===== LoRA Model Summary (Rank 5) ======
Total parameters:     41148672
Trainable parameters: 552960 (1.34381%)
Frozen parameters:    40595712
========================================
===== LoRA Model Summary (Rank 4) ======
Total parameters:     41148672
Trainable parameters: 552960 (1.34381%)
Frozen parameters:    40595712
========================================
===== LoRA Model Summary (Rank 6) ======
Total parameters:     41148672
Trainable parameters: 552960 (1.34381%)
Frozen parameters:    40595712
========================================
===== LoRA Model Summary (Rank 7) ======
Total parameters:     41148672
Trainable parameters: 552960 (1.34381%)
Frozen parameters:    40595712
========================================
E20260428 12:52:59.688705 139868921364480 main.cc:419] step    1/10 | train loss 5.211551 | lr 1.00e-04 | (850.59 ms | 6019 tok/s | peak used:  2215 MB | peak reserved:  2304 MB, DP=2, TP=2, SP=2, PP=2)
E20260428 12:53:00.083047 139868921364480 main.cc:419] step    2/10 | train loss 5.144108 | lr 1.00e-04 | (393.87 ms | 12999 tok/s | peak used:  2293 MB | peak reserved:  2368 MB, DP=2, TP=2, SP=2, PP=2)
E20260428 12:53:00.428293 139868921364480 main.cc:419] step    3/10 | train loss 5.069064 | lr 1.00e-04 | (345.18 ms | 14833 tok/s | peak used:  2293 MB | peak reserved:  2368 MB, DP=2, TP=2, SP=2, PP=2)
E20260428 12:53:00.769494 139868921364480 main.cc:419] step    4/10 | train loss 4.769254 | lr 1.00e-04 | (341.15 ms | 15008 tok/s | peak used:  2293 MB | peak reserved:  2368 MB, DP=2, TP=2, SP=2, PP=2)
E20260428 12:53:01.121532 139868921364480 main.cc:419] step    5/10 | train loss 4.901217 | lr 1.00e-04 | (351.99 ms | 14546 tok/s | peak used:  2293 MB | peak reserved:  2368 MB, DP=2, TP=2, SP=2, PP=2)
E20260428 12:53:01.459215 139868921364480 main.cc:419] step    6/10 | train loss 4.874639 | lr 1.00e-04 | (337.63 ms | 15164 tok/s | peak used:  2293 MB | peak reserved:  2368 MB, DP=2, TP=2, SP=2, PP=2)
E20260428 12:53:01.799198 139868921364480 main.cc:419] step    7/10 | train loss 4.968460 | lr 1.00e-04 | (339.93 ms | 15062 tok/s | peak used:  2293 MB | peak reserved:  2368 MB, DP=2, TP=2, SP=2, PP=2)
E20260428 12:53:02.137180 139868921364480 main.cc:419] step    8/10 | train loss 4.918453 | lr 1.00e-04 | (337.93 ms | 15151 tok/s | peak used:  2293 MB | peak reserved:  2368 MB, DP=2, TP=2, SP=2, PP=2)
E20260428 12:53:02.511959 139868921364480 main.cc:419] step    9/10 | train loss 4.957569 | lr 1.00e-04 | (374.73 ms | 13663 tok/s | peak used:  2293 MB | peak reserved:  2368 MB, DP=2, TP=2, SP=2, PP=2)
E20260428 12:53:02.920630 139868921364480 main.cc:419] step   10/10 | train loss 5.023422 | lr 1.00e-04 | (408.62 ms | 12530 tok/s | peak used:  2293 MB | peak reserved:  2368 MB, DP=2, TP=2, SP=2, PP=2)
