[LAST_CMAKE] cmake -DUSE_CUDA=ON -DUSE_NCCL=ON -DBUILD_TEST=OFF -DPROFILE_MODE=ON .. && make -j
[RUN_METADATA] /home/chenxi/InfiniTrain/scripts/20260917/refactor_privateuse1-backend_227c659/logs/run_metadata.log
[RUN_STARTED_AT] 2026-09-17 07:59:39
[GIT_BRANCH] refactor/privateuse1-backend
[GIT_COMMIT] 227c659941d462bd9fddce76697b29c4204f8f35
[GIT_COMMIT_SHORT] 227c659
[COMMAND] ./gpt2 --input_bin /data1/shared/InfiniTrain-dev/data/llmc/gpt2/tinyshakespeare/tiny_shakespeare_train.bin --llmc_filepath /data1/shared/InfiniTrain-dev/data/llmc/gpt2/gpt2_124M.bin --device cuda --dtype=bfloat16 --num_iteration=50 --save_interval=10 --load=/data1/ckpt/bfloat16_no_resume/gpt2/no_resume/checkpoint_step_000030 --save=/data1/ckpt/bfloat16_resume/gpt2/resume
E20260917 09:40:26.789530 140295664349184 checkpoint.cc:239] [CKPT] Load done: global_step=30, consumed_train_samples=120, topology(ddp,tp,sp,pp)=(1,1,1,1)
E20260917 09:40:26.967735 140295664349184 main.cc:547] step   31/50 | train loss 4.772779 | lr 1.00e-04 | (177.87 ms | 1439 tok/s | peak used:  1397 MB | peak reserved:  1472 MB, DP=1, TP=1, SP=1, PP=1)
E20260917 09:40:27.060215 140295664349184 main.cc:547] step   32/50 | train loss 4.730164 | lr 1.00e-04 | (92.39 ms | 2771 tok/s | peak used:  1397 MB | peak reserved:  1472 MB, DP=1, TP=1, SP=1, PP=1)
E20260917 09:40:27.178143 140295664349184 main.cc:547] step   33/50 | train loss 4.548033 | lr 1.00e-04 | (117.88 ms | 2172 tok/s | peak used:  1397 MB | peak reserved:  1472 MB, DP=1, TP=1, SP=1, PP=1)
E20260917 09:40:27.296633 140295664349184 main.cc:547] step   34/50 | train loss 4.950204 | lr 1.00e-04 | (118.45 ms | 2161 tok/s | peak used:  1397 MB | peak reserved:  1472 MB, DP=1, TP=1, SP=1, PP=1)
E20260917 09:40:27.401510 140295664349184 main.cc:547] step   35/50 | train loss 5.020422 | lr 1.00e-04 | (104.83 ms | 2442 tok/s | peak used:  1397 MB | peak reserved:  1472 MB, DP=1, TP=1, SP=1, PP=1)
E20260917 09:40:27.489192 140295664349184 main.cc:547] step   36/50 | train loss 5.071363 | lr 1.00e-04 | (87.63 ms | 2921 tok/s | peak used:  1397 MB | peak reserved:  1472 MB, DP=1, TP=1, SP=1, PP=1)
E20260917 09:40:27.580244 140295664349184 main.cc:547] step   37/50 | train loss 4.977236 | lr 1.00e-04 | (91.01 ms | 2813 tok/s | peak used:  1397 MB | peak reserved:  1472 MB, DP=1, TP=1, SP=1, PP=1)
E20260917 09:40:27.668171 140295664349184 main.cc:547] step   38/50 | train loss 4.534399 | lr 1.00e-04 | (87.88 ms | 2913 tok/s | peak used:  1397 MB | peak reserved:  1472 MB, DP=1, TP=1, SP=1, PP=1)
E20260917 09:40:27.792245 140295664349184 main.cc:547] step   39/50 | train loss 4.821812 | lr 1.00e-04 | (124.03 ms | 2064 tok/s | peak used:  1397 MB | peak reserved:  1472 MB, DP=1, TP=1, SP=1, PP=1)
E20260917 09:40:27.895931 140295664349184 main.cc:547] step   40/50 | train loss 4.715154 | lr 1.00e-04 | (103.64 ms | 2470 tok/s | peak used:  1397 MB | peak reserved:  1472 MB, DP=1, TP=1, SP=1, PP=1)
E20260917 09:40:28.688461 140295664349184 checkpoint.cc:206] [CKPT] Save done: dir="/data1/ckpt/bfloat16_resume/gpt2/resume/checkpoint_step_000040"
E20260917 09:40:28.778133 140295664349184 main.cc:547] step   41/50 | train loss 4.754890 | lr 1.00e-04 | (89.56 ms | 2859 tok/s | peak used:  1397 MB | peak reserved:  1472 MB, DP=1, TP=1, SP=1, PP=1)
E20260917 09:40:28.865977 140295664349184 main.cc:547] step   42/50 | train loss 4.735704 | lr 1.00e-04 | (87.80 ms | 2916 tok/s | peak used:  1397 MB | peak reserved:  1472 MB, DP=1, TP=1, SP=1, PP=1)
E20260917 09:40:29.004240 140295664349184 main.cc:547] step   43/50 | train loss 4.434412 | lr 1.00e-04 | (138.22 ms | 1852 tok/s | peak used:  1397 MB | peak reserved:  1472 MB, DP=1, TP=1, SP=1, PP=1)
E20260917 09:40:29.115521 140295664349184 main.cc:547] step   44/50 | train loss 4.316359 | lr 1.00e-04 | (111.24 ms | 2301 tok/s | peak used:  1397 MB | peak reserved:  1472 MB, DP=1, TP=1, SP=1, PP=1)
E20260917 09:40:29.226713 140295664349184 main.cc:547] step   45/50 | train loss 4.443516 | lr 1.00e-04 | (111.15 ms | 2303 tok/s | peak used:  1397 MB | peak reserved:  1472 MB, DP=1, TP=1, SP=1, PP=1)
E20260917 09:40:29.315367 140295664349184 main.cc:547] step   46/50 | train loss 4.352862 | lr 1.00e-04 | (88.61 ms | 2889 tok/s | peak used:  1397 MB | peak reserved:  1472 MB, DP=1, TP=1, SP=1, PP=1)
E20260917 09:40:29.403386 140295664349184 main.cc:547] step   47/50 | train loss 4.602248 | lr 1.00e-04 | (87.98 ms | 2910 tok/s | peak used:  1397 MB | peak reserved:  1472 MB, DP=1, TP=1, SP=1, PP=1)
E20260917 09:40:29.491111 140295664349184 main.cc:547] step   48/50 | train loss 4.504208 | lr 1.00e-04 | (87.68 ms | 2920 tok/s | peak used:  1397 MB | peak reserved:  1472 MB, DP=1, TP=1, SP=1, PP=1)
E20260917 09:40:29.618690 140295664349184 main.cc:547] step   49/50 | train loss 4.720223 | lr 1.00e-04 | (127.53 ms | 2007 tok/s | peak used:  1397 MB | peak reserved:  1472 MB, DP=1, TP=1, SP=1, PP=1)
E20260917 09:40:29.738013 140295664349184 main.cc:547] step   50/50 | train loss 4.641775 | lr 1.00e-04 | (119.28 ms | 2146 tok/s | peak used:  1397 MB | peak reserved:  1472 MB, DP=1, TP=1, SP=1, PP=1)
E20260917 09:40:30.539181 140295664349184 checkpoint.cc:206] [CKPT] Save done: dir="/data1/ckpt/bfloat16_resume/gpt2/resume/checkpoint_step_000050"
