[LAST_CMAKE] cmake -DUSE_CUDA=ON -DUSE_NCCL=ON -DBUILD_TEST=OFF -DPROFILE_MODE=ON .. && make -j
[RUN_METADATA] /home/chenxi/InfiniTrain/scripts/20260917/refactor_privateuse1-backend_227c659/logs/run_metadata.log
[RUN_STARTED_AT] 2026-09-17 07:59:39
[GIT_BRANCH] refactor/privateuse1-backend
[GIT_COMMIT] 227c659941d462bd9fddce76697b29c4204f8f35
[GIT_COMMIT_SHORT] 227c659
[COMMAND] ./gpt2 --input_bin /data1/shared/InfiniTrain-dev/data/llmc/gpt2/tinyshakespeare/tiny_shakespeare_train.bin --llmc_filepath /data1/shared/InfiniTrain-dev/data/llmc/gpt2/gpt2_124M.bin --device cuda --nthread_per_process=8 --num_iteration=50 --save_interval=10 --batch_size=40 --total_batch_size=5120 --tensor_parallel=2 --sequence_parallel=true --pipeline_parallel=2 --virtual_pipeline_parallel=2 --save=/data1/ckpt/3d_ddp2_tp2_pp2_no_resume/gpt2/no_resume --max_checkpoint_keep=5
E20260917 09:41:50.802209 140357652160512 main.cc:547] step    1/50 | train loss 5.219545 | lr 1.00e-04 | (1053.43 ms | 4860 tok/s | peak used:  2342 MB | peak reserved:  2400 MB, DP=2, TP=2, SP=2, PP=2)
E20260917 09:41:51.232149 140357652160512 main.cc:547] step    2/50 | train loss 5.111315 | lr 1.00e-04 | (429.39 ms | 11924 tok/s | peak used:  2342 MB | peak reserved:  2400 MB, DP=2, TP=2, SP=2, PP=2)
E20260917 09:41:51.643534 140357652160512 main.cc:547] step    3/50 | train loss 5.023197 | lr 1.00e-04 | (411.28 ms | 12449 tok/s | peak used:  2342 MB | peak reserved:  2400 MB, DP=2, TP=2, SP=2, PP=2)
E20260917 09:41:52.033116 140357652160512 main.cc:547] step    4/50 | train loss 4.688462 | lr 1.00e-04 | (389.51 ms | 13145 tok/s | peak used:  2342 MB | peak reserved:  2400 MB, DP=2, TP=2, SP=2, PP=2)
E20260917 09:41:52.411821 140357652160512 main.cc:547] step    5/50 | train loss 4.800189 | lr 1.00e-04 | (378.64 ms | 13522 tok/s | peak used:  2342 MB | peak reserved:  2400 MB, DP=2, TP=2, SP=2, PP=2)
E20260917 09:41:52.826563 140357652160512 main.cc:547] step    6/50 | train loss 4.738170 | lr 1.00e-04 | (414.68 ms | 12347 tok/s | peak used:  2342 MB | peak reserved:  2400 MB, DP=2, TP=2, SP=2, PP=2)
E20260917 09:41:53.220833 140357652160512 main.cc:547] step    7/50 | train loss 4.796781 | lr 1.00e-04 | (394.19 ms | 12989 tok/s | peak used:  2342 MB | peak reserved:  2400 MB, DP=2, TP=2, SP=2, PP=2)
E20260917 09:41:53.605280 140357652160512 main.cc:547] step    8/50 | train loss 4.689087 | lr 1.00e-04 | (384.37 ms | 13320 tok/s | peak used:  2342 MB | peak reserved:  2400 MB, DP=2, TP=2, SP=2, PP=2)
E20260917 09:41:53.960257 140357652160512 main.cc:547] step    9/50 | train loss 4.797917 | lr 1.00e-04 | (354.91 ms | 14426 tok/s | peak used:  2342 MB | peak reserved:  2400 MB, DP=2, TP=2, SP=2, PP=2)
E20260917 09:41:54.324076 140357652160512 main.cc:547] step   10/50 | train loss 4.803395 | lr 1.00e-04 | (363.76 ms | 14075 tok/s | peak used:  2342 MB | peak reserved:  2400 MB, DP=2, TP=2, SP=2, PP=2)
E20260917 09:41:54.592437 140357786386432 checkpoint.cc:206] [CKPT] Save done: dir="/data1/ckpt/3d_ddp2_tp2_pp2_no_resume/gpt2/no_resume/checkpoint_step_000010/rank_000005"
E20260917 09:41:54.608476 140357719273472 checkpoint.cc:206] [CKPT] Save done: dir="/data1/ckpt/3d_ddp2_tp2_pp2_no_resume/gpt2/no_resume/checkpoint_step_000010/rank_000006"
E20260917 09:41:54.614022 140357853499392 checkpoint.cc:206] [CKPT] Save done: dir="/data1/ckpt/3d_ddp2_tp2_pp2_no_resume/gpt2/no_resume/checkpoint_step_000010/rank_000004"
E20260917 09:41:54.625576 140357652160512 checkpoint.cc:206] [CKPT] Save done: dir="/data1/ckpt/3d_ddp2_tp2_pp2_no_resume/gpt2/no_resume/checkpoint_step_000010/rank_000007"
E20260917 09:41:54.645366 140357987725312 checkpoint.cc:206] [CKPT] Save done: dir="/data1/ckpt/3d_ddp2_tp2_pp2_no_resume/gpt2/no_resume/checkpoint_step_000010/rank_000002"
E20260917 09:41:54.655930 140358203568128 checkpoint.cc:206] [CKPT] Save done: dir="/data1/ckpt/3d_ddp2_tp2_pp2_no_resume/gpt2/no_resume/checkpoint_step_000010/rank_000000"
E20260917 09:41:54.662726 140358136455168 checkpoint.cc:206] [CKPT] Save done: dir="/data1/ckpt/3d_ddp2_tp2_pp2_no_resume/gpt2/no_resume/checkpoint_step_000010/rank_000001"
E20260917 09:41:54.664064 140357920612352 checkpoint.cc:206] [CKPT] Save done: dir="/data1/ckpt/3d_ddp2_tp2_pp2_no_resume/gpt2/no_resume/checkpoint_step_000010/rank_000003"
E20260917 09:41:55.026415 140357652160512 main.cc:547] step   11/50 | train loss 4.597944 | lr 1.00e-04 | (400.77 ms | 12775 tok/s | peak used:  2342 MB | peak reserved:  2400 MB, DP=2, TP=2, SP=2, PP=2)
E20260917 09:41:55.425444 140357652160512 main.cc:547] step   12/50 | train loss 4.724608 | lr 1.00e-04 | (398.93 ms | 12834 tok/s | peak used:  2342 MB | peak reserved:  2400 MB, DP=2, TP=2, SP=2, PP=2)
E20260917 09:41:55.819059 140357652160512 main.cc:547] step   13/50 | train loss 4.810929 | lr 1.00e-04 | (393.51 ms | 13011 tok/s | peak used:  2342 MB | peak reserved:  2400 MB, DP=2, TP=2, SP=2, PP=2)
E20260917 09:41:56.206974 140357652160512 main.cc:547] step   14/50 | train loss 4.837931 | lr 1.00e-04 | (387.79 ms | 13203 tok/s | peak used:  2342 MB | peak reserved:  2400 MB, DP=2, TP=2, SP=2, PP=2)
E20260917 09:41:56.591277 140357652160512 main.cc:547] step   15/50 | train loss 4.827017 | lr 1.00e-04 | (384.18 ms | 13327 tok/s | peak used:  2342 MB | peak reserved:  2400 MB, DP=2, TP=2, SP=2, PP=2)
E20260917 09:41:56.990470 140357652160512 main.cc:547] step   16/50 | train loss 4.771918 | lr 1.00e-04 | (399.12 ms | 12828 tok/s | peak used:  2342 MB | peak reserved:  2400 MB, DP=2, TP=2, SP=2, PP=2)
E20260917 09:41:57.353069 140357652160512 main.cc:547] step   17/50 | train loss 4.782903 | lr 1.00e-04 | (362.54 ms | 14123 tok/s | peak used:  2342 MB | peak reserved:  2400 MB, DP=2, TP=2, SP=2, PP=2)
E20260917 09:41:57.720760 140357652160512 main.cc:547] step   18/50 | train loss 4.727720 | lr 1.00e-04 | (367.61 ms | 13928 tok/s | peak used:  2342 MB | peak reserved:  2400 MB, DP=2, TP=2, SP=2, PP=2)
E20260917 09:41:58.071146 140357652160512 main.cc:547] step   19/50 | train loss 4.660033 | lr 1.00e-04 | (350.28 ms | 14617 tok/s | peak used:  2342 MB | peak reserved:  2400 MB, DP=2, TP=2, SP=2, PP=2)
E20260917 09:41:58.475796 140357652160512 main.cc:547] step   20/50 | train loss 4.679314 | lr 1.00e-04 | (404.58 ms | 12655 tok/s | peak used:  2342 MB | peak reserved:  2400 MB, DP=2, TP=2, SP=2, PP=2)
E20260917 09:41:58.762659 140357719273472 checkpoint.cc:206] [CKPT] Save done: dir="/data1/ckpt/3d_ddp2_tp2_pp2_no_resume/gpt2/no_resume/checkpoint_step_000020/rank_000006"
E20260917 09:41:58.771480 140357853499392 checkpoint.cc:206] [CKPT] Save done: dir="/data1/ckpt/3d_ddp2_tp2_pp2_no_resume/gpt2/no_resume/checkpoint_step_000020/rank_000004"
E20260917 09:41:58.777733 140357786386432 checkpoint.cc:206] [CKPT] Save done: dir="/data1/ckpt/3d_ddp2_tp2_pp2_no_resume/gpt2/no_resume/checkpoint_step_000020/rank_000005"
E20260917 09:41:58.780445 140357652160512 checkpoint.cc:206] [CKPT] Save done: dir="/data1/ckpt/3d_ddp2_tp2_pp2_no_resume/gpt2/no_resume/checkpoint_step_000020/rank_000007"
E20260917 09:41:58.814556 140358136455168 checkpoint.cc:206] [CKPT] Save done: dir="/data1/ckpt/3d_ddp2_tp2_pp2_no_resume/gpt2/no_resume/checkpoint_step_000020/rank_000001"
E20260917 09:41:58.815927 140358203568128 checkpoint.cc:206] [CKPT] Save done: dir="/data1/ckpt/3d_ddp2_tp2_pp2_no_resume/gpt2/no_resume/checkpoint_step_000020/rank_000000"
E20260917 09:41:58.823553 140357920612352 checkpoint.cc:206] [CKPT] Save done: dir="/data1/ckpt/3d_ddp2_tp2_pp2_no_resume/gpt2/no_resume/checkpoint_step_000020/rank_000003"
E20260917 09:41:58.827888 140357987725312 checkpoint.cc:206] [CKPT] Save done: dir="/data1/ckpt/3d_ddp2_tp2_pp2_no_resume/gpt2/no_resume/checkpoint_step_000020/rank_000002"
E20260917 09:41:59.211406 140357652160512 main.cc:547] step   21/50 | train loss 4.836598 | lr 1.00e-04 | (430.89 ms | 11882 tok/s | peak used:  2342 MB | peak reserved:  2400 MB, DP=2, TP=2, SP=2, PP=2)
E20260917 09:41:59.591155 140357652160512 main.cc:547] step   22/50 | train loss 4.628774 | lr 1.00e-04 | (379.57 ms | 13489 tok/s | peak used:  2342 MB | peak reserved:  2400 MB, DP=2, TP=2, SP=2, PP=2)
E20260917 09:42:00.054473 140357652160512 main.cc:547] step   23/50 | train loss 4.747487 | lr 1.00e-04 | (463.25 ms | 11052 tok/s | peak used:  2342 MB | peak reserved:  2400 MB, DP=2, TP=2, SP=2, PP=2)
E20260917 09:42:00.424704 140357652160512 main.cc:547] step   24/50 | train loss 4.706682 | lr 1.00e-04 | (370.16 ms | 13832 tok/s | peak used:  2342 MB | peak reserved:  2400 MB, DP=2, TP=2, SP=2, PP=2)
E20260917 09:42:00.806111 140357652160512 main.cc:547] step   25/50 | train loss 4.494288 | lr 1.00e-04 | (381.34 ms | 13426 tok/s | peak used:  2342 MB | peak reserved:  2400 MB, DP=2, TP=2, SP=2, PP=2)
E20260917 09:42:01.200400 140357652160512 main.cc:547] step   26/50 | train loss 4.537567 | lr 1.00e-04 | (394.21 ms | 12988 tok/s | peak used:  2342 MB | peak reserved:  2400 MB, DP=2, TP=2, SP=2, PP=2)
E20260917 09:42:01.565438 140357652160512 main.cc:547] step   27/50 | train loss 4.640106 | lr 1.00e-04 | (364.91 ms | 14031 tok/s | peak used:  2342 MB | peak reserved:  2400 MB, DP=2, TP=2, SP=2, PP=2)
E20260917 09:42:01.913460 140357652160512 main.cc:547] step   28/50 | train loss 4.582927 | lr 1.00e-04 | (347.92 ms | 14716 tok/s | peak used:  2342 MB | peak reserved:  2400 MB, DP=2, TP=2, SP=2, PP=2)
E20260917 09:42:02.303246 140357652160512 main.cc:547] step   29/50 | train loss 4.502010 | lr 1.00e-04 | (389.70 ms | 13138 tok/s | peak used:  2342 MB | peak reserved:  2400 MB, DP=2, TP=2, SP=2, PP=2)
E20260917 09:42:02.696656 140357652160512 main.cc:547] step   30/50 | train loss 4.651812 | lr 1.00e-04 | (393.32 ms | 13018 tok/s | peak used:  2342 MB | peak reserved:  2400 MB, DP=2, TP=2, SP=2, PP=2)
E20260917 09:42:02.957631 140357786386432 checkpoint.cc:206] [CKPT] Save done: dir="/data1/ckpt/3d_ddp2_tp2_pp2_no_resume/gpt2/no_resume/checkpoint_step_000030/rank_000005"
E20260917 09:42:02.965601 140357853499392 checkpoint.cc:206] [CKPT] Save done: dir="/data1/ckpt/3d_ddp2_tp2_pp2_no_resume/gpt2/no_resume/checkpoint_step_000030/rank_000004"
E20260917 09:42:02.986220 140357652160512 checkpoint.cc:206] [CKPT] Save done: dir="/data1/ckpt/3d_ddp2_tp2_pp2_no_resume/gpt2/no_resume/checkpoint_step_000030/rank_000007"
E20260917 09:42:02.993734 140357719273472 checkpoint.cc:206] [CKPT] Save done: dir="/data1/ckpt/3d_ddp2_tp2_pp2_no_resume/gpt2/no_resume/checkpoint_step_000030/rank_000006"
E20260917 09:42:03.011318 140358203568128 checkpoint.cc:206] [CKPT] Save done: dir="/data1/ckpt/3d_ddp2_tp2_pp2_no_resume/gpt2/no_resume/checkpoint_step_000030/rank_000000"
E20260917 09:42:03.024344 140357987725312 checkpoint.cc:206] [CKPT] Save done: dir="/data1/ckpt/3d_ddp2_tp2_pp2_no_resume/gpt2/no_resume/checkpoint_step_000030/rank_000002"
E20260917 09:42:03.027669 140357920612352 checkpoint.cc:206] [CKPT] Save done: dir="/data1/ckpt/3d_ddp2_tp2_pp2_no_resume/gpt2/no_resume/checkpoint_step_000030/rank_000003"
E20260917 09:42:03.033449 140358136455168 checkpoint.cc:206] [CKPT] Save done: dir="/data1/ckpt/3d_ddp2_tp2_pp2_no_resume/gpt2/no_resume/checkpoint_step_000030/rank_000001"
E20260917 09:42:03.364218 140357652160512 main.cc:547] step   31/50 | train loss 4.645424 | lr 1.00e-04 | (377.94 ms | 13547 tok/s | peak used:  2342 MB | peak reserved:  2400 MB, DP=2, TP=2, SP=2, PP=2)
E20260917 09:42:03.747119 140357652160512 main.cc:547] step   32/50 | train loss 4.359369 | lr 1.00e-04 | (382.82 ms | 13374 tok/s | peak used:  2342 MB | peak reserved:  2400 MB, DP=2, TP=2, SP=2, PP=2)
E20260917 09:42:04.108488 140357652160512 main.cc:547] step   33/50 | train loss 4.687896 | lr 1.00e-04 | (361.28 ms | 14172 tok/s | peak used:  2342 MB | peak reserved:  2400 MB, DP=2, TP=2, SP=2, PP=2)
E20260917 09:42:04.478690 140357652160512 main.cc:547] step   34/50 | train loss 4.650237 | lr 1.00e-04 | (370.12 ms | 13833 tok/s | peak used:  2342 MB | peak reserved:  2400 MB, DP=2, TP=2, SP=2, PP=2)
E20260917 09:42:04.816770 140357652160512 main.cc:547] step   35/50 | train loss 4.542119 | lr 1.00e-04 | (337.98 ms | 15149 tok/s | peak used:  2342 MB | peak reserved:  2400 MB, DP=2, TP=2, SP=2, PP=2)
E20260917 09:42:05.172289 140357652160512 main.cc:547] step   36/50 | train loss 4.830545 | lr 1.00e-04 | (355.43 ms | 14405 tok/s | peak used:  2342 MB | peak reserved:  2400 MB, DP=2, TP=2, SP=2, PP=2)
E20260917 09:42:05.559221 140357652160512 main.cc:547] step   37/50 | train loss 4.861055 | lr 1.00e-04 | (386.84 ms | 13236 tok/s | peak used:  2342 MB | peak reserved:  2400 MB, DP=2, TP=2, SP=2, PP=2)
E20260917 09:42:05.966479 140357652160512 main.cc:547] step   38/50 | train loss 4.821848 | lr 1.00e-04 | (407.15 ms | 12575 tok/s | peak used:  2342 MB | peak reserved:  2400 MB, DP=2, TP=2, SP=2, PP=2)
E20260917 09:42:06.336886 140357652160512 main.cc:547] step   39/50 | train loss 4.851663 | lr 1.00e-04 | (370.31 ms | 13826 tok/s | peak used:  2342 MB | peak reserved:  2400 MB, DP=2, TP=2, SP=2, PP=2)
E20260917 09:42:06.712950 140357652160512 main.cc:547] step   40/50 | train loss 4.822882 | lr 1.00e-04 | (375.97 ms | 13618 tok/s | peak used:  2342 MB | peak reserved:  2400 MB, DP=2, TP=2, SP=2, PP=2)
E20260917 09:42:06.980950 140357853499392 checkpoint.cc:206] [CKPT] Save done: dir="/data1/ckpt/3d_ddp2_tp2_pp2_no_resume/gpt2/no_resume/checkpoint_step_000040/rank_000004"
E20260917 09:42:07.005421 140357652160512 checkpoint.cc:206] [CKPT] Save done: dir="/data1/ckpt/3d_ddp2_tp2_pp2_no_resume/gpt2/no_resume/checkpoint_step_000040/rank_000007"
E20260917 09:42:07.006309 140357719273472 checkpoint.cc:206] [CKPT] Save done: dir="/data1/ckpt/3d_ddp2_tp2_pp2_no_resume/gpt2/no_resume/checkpoint_step_000040/rank_000006"
E20260917 09:42:07.028212 140357786386432 checkpoint.cc:206] [CKPT] Save done: dir="/data1/ckpt/3d_ddp2_tp2_pp2_no_resume/gpt2/no_resume/checkpoint_step_000040/rank_000005"
E20260917 09:42:07.028698 140358136455168 checkpoint.cc:206] [CKPT] Save done: dir="/data1/ckpt/3d_ddp2_tp2_pp2_no_resume/gpt2/no_resume/checkpoint_step_000040/rank_000001"
E20260917 09:42:07.033187 140358203568128 checkpoint.cc:206] [CKPT] Save done: dir="/data1/ckpt/3d_ddp2_tp2_pp2_no_resume/gpt2/no_resume/checkpoint_step_000040/rank_000000"
E20260917 09:42:07.041060 140357920612352 checkpoint.cc:206] [CKPT] Save done: dir="/data1/ckpt/3d_ddp2_tp2_pp2_no_resume/gpt2/no_resume/checkpoint_step_000040/rank_000003"
E20260917 09:42:07.048704 140357987725312 checkpoint.cc:206] [CKPT] Save done: dir="/data1/ckpt/3d_ddp2_tp2_pp2_no_resume/gpt2/no_resume/checkpoint_step_000040/rank_000002"
E20260917 09:42:07.367981 140357652160512 main.cc:547] step   41/50 | train loss 4.770538 | lr 1.00e-04 | (362.49 ms | 14125 tok/s | peak used:  2342 MB | peak reserved:  2400 MB, DP=2, TP=2, SP=2, PP=2)
E20260917 09:42:07.786901 140357652160512 main.cc:547] step   42/50 | train loss 4.770846 | lr 1.00e-04 | (418.84 ms | 12224 tok/s | peak used:  2342 MB | peak reserved:  2400 MB, DP=2, TP=2, SP=2, PP=2)
E20260917 09:42:08.132250 140357652160512 main.cc:547] step   43/50 | train loss 4.793461 | lr 1.00e-04 | (345.25 ms | 14830 tok/s | peak used:  2342 MB | peak reserved:  2400 MB, DP=2, TP=2, SP=2, PP=2)
E20260917 09:42:08.499359 140357652160512 main.cc:547] step   44/50 | train loss 4.679437 | lr 1.00e-04 | (367.03 ms | 13950 tok/s | peak used:  2342 MB | peak reserved:  2400 MB, DP=2, TP=2, SP=2, PP=2)
E20260917 09:42:08.992254 140357652160512 main.cc:547] step   45/50 | train loss 4.519820 | lr 1.00e-04 | (492.80 ms | 10390 tok/s | peak used:  2342 MB | peak reserved:  2400 MB, DP=2, TP=2, SP=2, PP=2)
E20260917 09:42:09.368099 140357652160512 main.cc:547] step   46/50 | train loss 4.542992 | lr 1.00e-04 | (375.76 ms | 13626 tok/s | peak used:  2342 MB | peak reserved:  2400 MB, DP=2, TP=2, SP=2, PP=2)
E20260917 09:42:09.752134 140357652160512 main.cc:547] step   47/50 | train loss 4.616622 | lr 1.00e-04 | (383.96 ms | 13335 tok/s | peak used:  2342 MB | peak reserved:  2400 MB, DP=2, TP=2, SP=2, PP=2)
E20260917 09:42:10.140766 140357652160512 main.cc:547] step   48/50 | train loss 4.624648 | lr 1.00e-04 | (388.56 ms | 13177 tok/s | peak used:  2342 MB | peak reserved:  2400 MB, DP=2, TP=2, SP=2, PP=2)
E20260917 09:42:10.522280 140357652160512 main.cc:547] step   49/50 | train loss 4.612357 | lr 1.00e-04 | (381.44 ms | 13423 tok/s | peak used:  2342 MB | peak reserved:  2400 MB, DP=2, TP=2, SP=2, PP=2)
E20260917 09:42:10.956237 140357652160512 main.cc:547] step   50/50 | train loss 4.524049 | lr 1.00e-04 | (433.85 ms | 11801 tok/s | peak used:  2342 MB | peak reserved:  2400 MB, DP=2, TP=2, SP=2, PP=2)
E20260917 09:42:11.214030 140357786386432 checkpoint.cc:206] [CKPT] Save done: dir="/data1/ckpt/3d_ddp2_tp2_pp2_no_resume/gpt2/no_resume/checkpoint_step_000050/rank_000005"
E20260917 09:42:11.228113 140357719273472 checkpoint.cc:206] [CKPT] Save done: dir="/data1/ckpt/3d_ddp2_tp2_pp2_no_resume/gpt2/no_resume/checkpoint_step_000050/rank_000006"
E20260917 09:42:11.238986 140357853499392 checkpoint.cc:206] [CKPT] Save done: dir="/data1/ckpt/3d_ddp2_tp2_pp2_no_resume/gpt2/no_resume/checkpoint_step_000050/rank_000004"
E20260917 09:42:11.247852 140357652160512 checkpoint.cc:206] [CKPT] Save done: dir="/data1/ckpt/3d_ddp2_tp2_pp2_no_resume/gpt2/no_resume/checkpoint_step_000050/rank_000007"
E20260917 09:42:11.281968 140358136455168 checkpoint.cc:206] [CKPT] Save done: dir="/data1/ckpt/3d_ddp2_tp2_pp2_no_resume/gpt2/no_resume/checkpoint_step_000050/rank_000001"
E20260917 09:42:11.288278 140358203568128 checkpoint.cc:206] [CKPT] Save done: dir="/data1/ckpt/3d_ddp2_tp2_pp2_no_resume/gpt2/no_resume/checkpoint_step_000050/rank_000000"
E20260917 09:42:11.291114 140357987725312 checkpoint.cc:206] [CKPT] Save done: dir="/data1/ckpt/3d_ddp2_tp2_pp2_no_resume/gpt2/no_resume/checkpoint_step_000050/rank_000002"
E20260917 09:42:11.294785 140357920612352 checkpoint.cc:206] [CKPT] Save done: dir="/data1/ckpt/3d_ddp2_tp2_pp2_no_resume/gpt2/no_resume/checkpoint_step_000050/rank_000003"
