[LAST_CMAKE] cmake -DUSE_CUDA=ON -DUSE_NCCL=ON -DBUILD_TEST=ON -DPROFILE_MODE=OFF .. && make -j
[RUN_METADATA] /workspace/Github/InfiniTrain/scripts/20260710/unknown_unknown/logs/run_metadata.log
[RUN_STARTED_AT] 2026-07-10 06:18:11
[GIT_BRANCH] master
[GIT_COMMIT] 8779b98e690448f00066ee8058295080f751fed7
[GIT_COMMIT_SHORT] 8779b98
[COMMAND] ./gpt2 --input_bin /data1/shared/InfiniTrain-dev/data/llmc/gpt2/tinyshakespeare/tiny_shakespeare_train.bin --llmc_filepath /data1/shared/InfiniTrain-dev/data/llmc/gpt2/gpt2_124M.bin --device cuda --dtype bfloat16 --nthread_per_process 8 --num_iteration 10 --batch_size 40 --total_batch_size 5120 --tensor_parallel 4 --sequence_parallel true --lora_rank 16 --lora_alpha 32.0 --lora_target_modules attn.c_proj,c_fc,c_proj
===== LoRA Model Summary (Rank 4) ======
Total parameters:     42183936
Trainable parameters: 774144 (1.83516%)
Frozen parameters:    41409792
========================================
===== LoRA Model Summary (Rank 7) ======
Total parameters:     42183936
Trainable parameters: 774144 (1.83516%)
Frozen parameters:    41409792
========================================
===== LoRA Model Summary (Rank 2) ======
Total parameters:     42183936
Trainable parameters: 774144 (1.83516%)
Frozen parameters:    41409792
========================================
===== LoRA Model Summary (Rank 1) ======
Total parameters:     42183936
Trainable parameters: 774144 (1.83516%)
Frozen parameters:    41409792
========================================
===== LoRA Model Summary (Rank 0) ======
Total parameters:     42183936
Trainable parameters: 774144 (1.83516%)
Frozen parameters:    41409792
========================================
===== LoRA Model Summary (Rank 3) ======
Total parameters:     42183936
Trainable parameters: 774144 (1.83516%)
Frozen parameters:    41409792
========================================
===== LoRA Model Summary (Rank 6) ======
Total parameters:     42183936
Trainable parameters: 774144 (1.83516%)
Frozen parameters:    41409792
========================================
===== LoRA Model Summary (Rank 5) ======
Total parameters:     42183936
Trainable parameters: 774144 (1.83516%)
Frozen parameters:    41409792
========================================
E20260710 06:48:45.481254 140229809774592 main.cc:521] step    1/10 | train loss 5.206748 | lr 1.00e-04 | (1028.05 ms | 4980 tok/s | peak used:  1610 MB | peak reserved:  1696 MB, DP=2, TP=4, SP=4, PP=1)
E20260710 06:48:45.684676 140229809774592 main.cc:521] step    2/10 | train loss 5.140431 | lr 1.00e-04 | (202.79 ms | 25248 tok/s | peak used:  1668 MB | peak reserved:  1824 MB, DP=2, TP=4, SP=4, PP=1)
E20260710 06:48:45.884142 140229809774592 main.cc:521] step    3/10 | train loss 5.071289 | lr 1.00e-04 | (199.40 ms | 25677 tok/s | peak used:  1668 MB | peak reserved:  1952 MB, DP=2, TP=4, SP=4, PP=1)
E20260710 06:48:46.100402 140229809774592 main.cc:521] step    4/10 | train loss 4.765457 | lr 1.00e-04 | (216.20 ms | 23682 tok/s | peak used:  1668 MB | peak reserved:  1952 MB, DP=2, TP=4, SP=4, PP=1)
E20260710 06:48:46.321619 140229809774592 main.cc:521] step    5/10 | train loss 4.898629 | lr 1.00e-04 | (221.14 ms | 23153 tok/s | peak used:  1668 MB | peak reserved:  1952 MB, DP=2, TP=4, SP=4, PP=1)
E20260710 06:48:46.542114 140229809774592 main.cc:521] step    6/10 | train loss 4.878841 | lr 1.00e-04 | (220.42 ms | 23229 tok/s | peak used:  1668 MB | peak reserved:  1952 MB, DP=2, TP=4, SP=4, PP=1)
E20260710 06:48:46.760657 140229809774592 main.cc:521] step    7/10 | train loss 4.966088 | lr 1.00e-04 | (218.47 ms | 23436 tok/s | peak used:  1668 MB | peak reserved:  1952 MB, DP=2, TP=4, SP=4, PP=1)
E20260710 06:48:46.957977 140229809774592 main.cc:521] step    8/10 | train loss 4.916036 | lr 1.00e-04 | (197.26 ms | 25956 tok/s | peak used:  1668 MB | peak reserved:  1952 MB, DP=2, TP=4, SP=4, PP=1)
E20260710 06:48:47.150080 140229809774592 main.cc:521] step    9/10 | train loss 4.957162 | lr 1.00e-04 | (192.04 ms | 26661 tok/s | peak used:  1668 MB | peak reserved:  1952 MB, DP=2, TP=4, SP=4, PP=1)
E20260710 06:48:47.359658 140229809774592 main.cc:521] step   10/10 | train loss 5.025025 | lr 1.00e-04 | (209.52 ms | 24437 tok/s | peak used:  1668 MB | peak reserved:  1952 MB, DP=2, TP=4, SP=4, PP=1)
