[LAST_CMAKE] cmake -DUSE_CUDA=ON -DUSE_NCCL=ON -DBUILD_TEST=ON -DPROFILE_MODE=OFF .. && make -j
[RUN_METADATA] /workspace/Github/InfiniTrain/scripts/20260710/unknown_unknown/logs/run_metadata.log
[RUN_STARTED_AT] 2026-07-10 06:18:11
[GIT_BRANCH] master
[GIT_COMMIT] 8779b98e690448f00066ee8058295080f751fed7
[GIT_COMMIT_SHORT] 8779b98
[COMMAND] ./gpt2 --input_bin /data1/shared/InfiniTrain-dev/data/llmc/gpt2/tinyshakespeare/tiny_shakespeare_train.bin --llmc_filepath /data1/shared/InfiniTrain-dev/data/llmc/gpt2/gpt2_124M.bin --device cuda --dtype bfloat16 --lora_rank 8 --lora_alpha 16.0 --lora_target_modules c_attn,attn.c_proj
===== LoRA Model Summary (Rank 0) ======
Total parameters:     163479552
Trainable parameters: 442368 (0.270595%)
Frozen parameters:    163037184
========================================
E20260710 06:43:56.247532 140261223026688 main.cc:521] step    1/10 | train loss 5.336104 | lr 1.00e-04 | (155.81 ms | 1643 tok/s | peak used:  1198 MB | peak reserved:  1248 MB, DP=1, TP=1, SP=1, PP=1)
E20260710 06:43:56.281251 140261223026688 main.cc:521] step    2/10 | train loss 5.122438 | lr 1.00e-04 | (33.21 ms | 7709 tok/s | peak used:  1198 MB | peak reserved:  1280 MB, DP=1, TP=1, SP=1, PP=1)
E20260710 06:43:56.313434 140261223026688 main.cc:521] step    3/10 | train loss 4.874778 | lr 1.00e-04 | (32.14 ms | 7966 tok/s | peak used:  1198 MB | peak reserved:  1280 MB, DP=1, TP=1, SP=1, PP=1)
E20260710 06:43:56.345628 140261223026688 main.cc:521] step    4/10 | train loss 4.986984 | lr 1.00e-04 | (32.15 ms | 7962 tok/s | peak used:  1198 MB | peak reserved:  1312 MB, DP=1, TP=1, SP=1, PP=1)
E20260710 06:43:56.377802 140261223026688 main.cc:521] step    5/10 | train loss 4.902656 | lr 1.00e-04 | (32.14 ms | 7966 tok/s | peak used:  1198 MB | peak reserved:  1312 MB, DP=1, TP=1, SP=1, PP=1)
E20260710 06:43:56.410098 140261223026688 main.cc:521] step    6/10 | train loss 5.180794 | lr 1.00e-04 | (32.26 ms | 7936 tok/s | peak used:  1198 MB | peak reserved:  1344 MB, DP=1, TP=1, SP=1, PP=1)
E20260710 06:43:56.442176 140261223026688 main.cc:521] step    7/10 | train loss 5.049552 | lr 1.00e-04 | (32.04 ms | 7991 tok/s | peak used:  1198 MB | peak reserved:  1344 MB, DP=1, TP=1, SP=1, PP=1)
E20260710 06:43:56.474382 140261223026688 main.cc:521] step    8/10 | train loss 5.243493 | lr 1.00e-04 | (32.17 ms | 7958 tok/s | peak used:  1198 MB | peak reserved:  1376 MB, DP=1, TP=1, SP=1, PP=1)
E20260710 06:43:56.506597 140261223026688 main.cc:521] step    9/10 | train loss 5.288284 | lr 1.00e-04 | (32.18 ms | 7956 tok/s | peak used:  1198 MB | peak reserved:  1408 MB, DP=1, TP=1, SP=1, PP=1)
E20260710 06:43:56.538572 140261223026688 main.cc:521] step   10/10 | train loss 5.550862 | lr 1.00e-04 | (31.93 ms | 8016 tok/s | peak used:  1198 MB | peak reserved:  1408 MB, DP=1, TP=1, SP=1, PP=1)
