[LAST_CMAKE] cmake -DUSE_CUDA=ON -DUSE_NCCL=ON -DBUILD_TEST=ON -DPROFILE_MODE=OFF .. && make -j
[RUN_METADATA] /workspace/Github/InfiniTrain/scripts/20260710/unknown_unknown/logs/run_metadata.log
[RUN_STARTED_AT] 2026-07-10 06:18:11
[GIT_BRANCH] master
[GIT_COMMIT] 8779b98e690448f00066ee8058295080f751fed7
[GIT_COMMIT_SHORT] 8779b98
[COMMAND] ./gpt2 --input_bin /data1/shared/InfiniTrain-dev/data/llmc/gpt2/tinyshakespeare/tiny_shakespeare_train.bin --llmc_filepath /data1/shared/InfiniTrain-dev/data/llmc/gpt2/gpt2_124M.bin --device cuda --dtype float32 --lora_rank 8 --lora_alpha 16.0 --lora_target_modules c_attn,attn.c_proj
===== LoRA Model Summary (Rank 0) ======
Total parameters:     163479552
Trainable parameters: 442368 (0.270595%)
Frozen parameters:    163037184
========================================
E20260710 06:43:29.859239 140311011512320 main.cc:521] step    1/10 | train loss 5.356189 | lr 1.00e-04 | (91.90 ms | 2786 tok/s | peak used:   986 MB | peak reserved:  1056 MB, DP=1, TP=1, SP=1, PP=1)
E20260710 06:43:29.888454 140311011512320 main.cc:521] step    2/10 | train loss 5.144085 | lr 1.00e-04 | (28.81 ms | 8885 tok/s | peak used:   986 MB | peak reserved:  1056 MB, DP=1, TP=1, SP=1, PP=1)
E20260710 06:43:29.917309 140311011512320 main.cc:521] step    3/10 | train loss 4.849664 | lr 1.00e-04 | (28.80 ms | 8888 tok/s | peak used:   986 MB | peak reserved:  1088 MB, DP=1, TP=1, SP=1, PP=1)
E20260710 06:43:29.945939 140311011512320 main.cc:521] step    4/10 | train loss 4.976917 | lr 1.00e-04 | (28.58 ms | 8958 tok/s | peak used:   986 MB | peak reserved:  1088 MB, DP=1, TP=1, SP=1, PP=1)
E20260710 06:43:29.974726 140311011512320 main.cc:521] step    5/10 | train loss 4.895228 | lr 1.00e-04 | (28.74 ms | 8906 tok/s | peak used:   986 MB | peak reserved:  1120 MB, DP=1, TP=1, SP=1, PP=1)
E20260710 06:43:30.003484 140311011512320 main.cc:521] step    6/10 | train loss 5.197305 | lr 1.00e-04 | (28.72 ms | 8915 tok/s | peak used:   986 MB | peak reserved:  1152 MB, DP=1, TP=1, SP=1, PP=1)
E20260710 06:43:30.032169 140311011512320 main.cc:521] step    7/10 | train loss 5.058915 | lr 1.00e-04 | (28.64 ms | 8938 tok/s | peak used:   986 MB | peak reserved:  1152 MB, DP=1, TP=1, SP=1, PP=1)
E20260710 06:43:30.060732 140311011512320 main.cc:521] step    8/10 | train loss 5.261147 | lr 1.00e-04 | (28.52 ms | 8976 tok/s | peak used:   986 MB | peak reserved:  1184 MB, DP=1, TP=1, SP=1, PP=1)
E20260710 06:43:30.089138 140311011512320 main.cc:521] step    9/10 | train loss 5.313324 | lr 1.00e-04 | (28.36 ms | 9025 tok/s | peak used:   986 MB | peak reserved:  1184 MB, DP=1, TP=1, SP=1, PP=1)
E20260710 06:43:30.117627 140311011512320 main.cc:521] step   10/10 | train loss 5.574046 | lr 1.00e-04 | (28.45 ms | 8999 tok/s | peak used:   986 MB | peak reserved:  1216 MB, DP=1, TP=1, SP=1, PP=1)
