[LAST_CMAKE] cmake -DUSE_CUDA=ON -DUSE_NCCL=ON -DBUILD_TEST=ON -DPROFILE_MODE=OFF .. && make -j
[RUN_METADATA] /home/chenxi/InfiniTrain/scripts/20260910/fix_dataloader-global-batches_2c2fc03/logs/run_metadata.log
[RUN_STARTED_AT] 2026-09-10 10:01:49
[GIT_BRANCH] fix/dataloader-global-batches
[GIT_COMMIT] 2c2fc033d8413fabc71a73f62ba47c549fe1c2e2
[GIT_COMMIT_SHORT] 2c2fc03
[COMMAND] ./gpt2 --input_bin /data1/shared/InfiniTrain-dev/data/llmc/gpt2/tinyshakespeare/tiny_shakespeare_train.bin --llmc_filepath /data1/shared/InfiniTrain-dev/data/llmc/gpt2/gpt2_124M.bin --device cuda --dtype float32 --nthread_per_process 8 --num_iteration 10 --batch_size 40 --total_batch_size 5120 --tensor_parallel 4 --sequence_parallel true --lora_rank 4 --lora_alpha 8.0 --lora_target_modules attn.c_proj,c_fc,c_proj
===== LoRA Model Summary (Rank 0) ======
Total parameters:     41603328
Trainable parameters: 193536 (0.465194%)
Frozen parameters:    41409792
========================================
===== LoRA Model Summary (Rank 2) ======
Total parameters:     41603328
Trainable parameters: 193536 (0.465194%)
Frozen parameters:    41409792
========================================
===== LoRA Model Summary (Rank 3) ======
Total parameters:     41603328
Trainable parameters: 193536 (0.465194%)
Frozen parameters:    41409792
========================================
===== LoRA Model Summary (Rank 1) ======
Total parameters:     41603328
Trainable parameters: 193536 (0.465194%)
Frozen parameters:    41409792
========================================
===== LoRA Model Summary (Rank 5) ======
Total parameters:     41603328
Trainable parameters: 193536 (0.465194%)
Frozen parameters:    41409792
========================================
===== LoRA Model Summary (Rank 6) ======
Total parameters:     41603328
Trainable parameters: 193536 (0.465194%)
Frozen parameters:    41409792
========================================
===== LoRA Model Summary (Rank 7) ======
Total parameters:     41603328
Trainable parameters: 193536 (0.465194%)
Frozen parameters:    41409792
========================================
===== LoRA Model Summary (Rank 4) ======
Total parameters:     41603328
Trainable parameters: 193536 (0.465194%)
Frozen parameters:    41409792
========================================
E20260910 10:29:28.073029 140570789912576 main.cc:536] step    1/10 | train loss 5.219545 | lr 1.00e-04 | (511.50 ms | 10010 tok/s | peak used:  1733 MB | peak reserved:  1856 MB, DP=2, TP=4, SP=4, PP=1)
E20260910 10:29:28.216377 140570789912576 main.cc:536] step    2/10 | train loss 5.143068 | lr 1.00e-04 | (142.69 ms | 35883 tok/s | peak used:  1733 MB | peak reserved:  1952 MB, DP=2, TP=4, SP=4, PP=1)
E20260910 10:29:28.352328 140570789912576 main.cc:536] step    3/10 | train loss 5.074586 | lr 1.00e-04 | (135.89 ms | 37678 tok/s | peak used:  1733 MB | peak reserved:  1952 MB, DP=2, TP=4, SP=4, PP=1)
E20260910 10:29:28.489744 140570789912576 main.cc:536] step    4/10 | train loss 4.774493 | lr 1.00e-04 | (137.37 ms | 37273 tok/s | peak used:  1733 MB | peak reserved:  1952 MB, DP=2, TP=4, SP=4, PP=1)
E20260910 10:29:28.635598 140570789912576 main.cc:536] step    5/10 | train loss 4.900578 | lr 1.00e-04 | (145.80 ms | 35117 tok/s | peak used:  1733 MB | peak reserved:  1952 MB, DP=2, TP=4, SP=4, PP=1)
E20260910 10:29:28.776443 140570789912576 main.cc:536] step    6/10 | train loss 4.886546 | lr 1.00e-04 | (140.79 ms | 36365 tok/s | peak used:  1733 MB | peak reserved:  1952 MB, DP=2, TP=4, SP=4, PP=1)
E20260910 10:29:28.910503 140570789912576 main.cc:536] step    7/10 | train loss 4.977941 | lr 1.00e-04 | (133.99 ms | 38211 tok/s | peak used:  1733 MB | peak reserved:  1952 MB, DP=2, TP=4, SP=4, PP=1)
E20260910 10:29:29.043152 140570789912576 main.cc:536] step    8/10 | train loss 4.925625 | lr 1.00e-04 | (132.58 ms | 38617 tok/s | peak used:  1733 MB | peak reserved:  1952 MB, DP=2, TP=4, SP=4, PP=1)
E20260910 10:29:29.183733 140570789912576 main.cc:536] step    9/10 | train loss 4.957052 | lr 1.00e-04 | (140.43 ms | 36461 tok/s | peak used:  1733 MB | peak reserved:  1952 MB, DP=2, TP=4, SP=4, PP=1)
E20260910 10:29:29.322779 140570789912576 main.cc:536] step   10/10 | train loss 5.033366 | lr 1.00e-04 | (138.99 ms | 36837 tok/s | peak used:  1733 MB | peak reserved:  1952 MB, DP=2, TP=4, SP=4, PP=1)
