[LAST_CMAKE] cmake -DUSE_CUDA=ON -DUSE_NCCL=ON -DBUILD_TEST=OFF -DPROFILE_MODE=ON .. && make -j
[RUN_METADATA] /home/chenxi/InfiniTrain/scripts/20260910/fix_dataloader-global-batches_2c2fc03/logs/run_metadata.log
[RUN_STARTED_AT] 2026-09-10 10:01:49
[GIT_BRANCH] fix/dataloader-global-batches
[GIT_COMMIT] 2c2fc033d8413fabc71a73f62ba47c549fe1c2e2
[GIT_COMMIT_SHORT] 2c2fc03
[COMMAND] ./gpt2 --input_bin /data1/shared/InfiniTrain-dev/data/llmc/gpt2/tinyshakespeare/tiny_shakespeare_train.bin --llmc_filepath /data1/shared/InfiniTrain-dev/data/llmc/gpt2/gpt2_124M.bin --device cuda --dtype bfloat16 --nthread_per_process 8 --num_iteration 10 --batch_size 10 --total_batch_size 5120 --pipeline_parallel 8 --lora_rank 16 --lora_alpha 32.0 --lora_target_modules c_attn,attn.c_proj,c_fc
===== LoRA Model Summary (Rank 6) ======
Total parameters:     7223040
Trainable parameters: 135168 (1.87135%)
Frozen parameters:    7087872
========================================
===== LoRA Model Summary (Rank 4) ======
Total parameters:     7223040
Trainable parameters: 135168 (1.87135%)
Frozen parameters:    7087872
========================================
===== LoRA Model Summary (Rank 5) ======
Total parameters:     7223040
Trainable parameters: 135168 (1.87135%)
Frozen parameters:    7087872
========================================
===== LoRA Model Summary (Rank 1) ======
Total parameters:     14446080
Trainable parameters: 270336 (1.87135%)
Frozen parameters:    14175744
========================================
===== LoRA Model Summary (Rank 3) ======
Total parameters:     14446080
Trainable parameters: 270336 (1.87135%)
Frozen parameters:    14175744
========================================
===== LoRA Model Summary (Rank 2) ======
Total parameters:     14446080
Trainable parameters: 270336 (1.87135%)
Frozen parameters:    14175744
========================================
===== LoRA Model Summary (Rank 0) ======
Total parameters:     53829888
Trainable parameters: 270336 (0.502204%)
Frozen parameters:    53559552
========================================
===== LoRA Model Summary (Rank 7) ======
Total parameters:     45821952
Trainable parameters: 135168 (0.294985%)
Frozen parameters:    45686784
========================================
E20260911 02:12:19.781299 140114785181696 main.cc:536] step    1/10 | train loss 5.213315 | lr 1.00e-04 | (937.88 ms | 5459 tok/s | peak used:  1944 MB | peak reserved:  2016 MB, DP=1, TP=1, SP=1, PP=8)
E20260911 02:12:20.559545 140114785181696 main.cc:536] step    2/10 | train loss 5.139051 | lr 1.00e-04 | (777.42 ms | 6586 tok/s | peak used:  1944 MB | peak reserved:  2016 MB, DP=1, TP=1, SP=1, PP=8)
E20260911 02:12:20.992555 140114785181696 main.cc:536] step    3/10 | train loss 5.074515 | lr 1.00e-04 | (432.92 ms | 11827 tok/s | peak used:  1944 MB | peak reserved:  2016 MB, DP=1, TP=1, SP=1, PP=8)
E20260911 02:12:21.393794 140114785181696 main.cc:536] step    4/10 | train loss 4.769182 | lr 1.00e-04 | (401.17 ms | 12763 tok/s | peak used:  1944 MB | peak reserved:  2016 MB, DP=1, TP=1, SP=1, PP=8)
E20260911 02:12:21.803388 140114785181696 main.cc:536] step    5/10 | train loss 4.900626 | lr 1.00e-04 | (409.53 ms | 12502 tok/s | peak used:  1944 MB | peak reserved:  2016 MB, DP=1, TP=1, SP=1, PP=8)
E20260911 02:12:22.244584 140114785181696 main.cc:536] step    6/10 | train loss 4.871102 | lr 1.00e-04 | (441.14 ms | 11606 tok/s | peak used:  1944 MB | peak reserved:  2016 MB, DP=1, TP=1, SP=1, PP=8)
E20260911 02:12:22.625916 140114785181696 main.cc:536] step    7/10 | train loss 4.968181 | lr 1.00e-04 | (381.28 ms | 13429 tok/s | peak used:  1944 MB | peak reserved:  2016 MB, DP=1, TP=1, SP=1, PP=8)
E20260911 02:12:23.024899 140114785181696 main.cc:536] step    8/10 | train loss 4.922708 | lr 1.00e-04 | (398.93 ms | 12834 tok/s | peak used:  1944 MB | peak reserved:  2016 MB, DP=1, TP=1, SP=1, PP=8)
E20260911 02:12:23.422204 140114785181696 main.cc:536] step    9/10 | train loss 4.960930 | lr 1.00e-04 | (397.23 ms | 12889 tok/s | peak used:  1944 MB | peak reserved:  2016 MB, DP=1, TP=1, SP=1, PP=8)
E20260911 02:12:23.808211 140114785181696 main.cc:536] step   10/10 | train loss 5.024294 | lr 1.00e-04 | (385.84 ms | 13270 tok/s | peak used:  1944 MB | peak reserved:  2016 MB, DP=1, TP=1, SP=1, PP=8)
