[LAST_CMAKE] cmake -DUSE_CUDA=ON -DUSE_NCCL=ON -DBUILD_TEST=ON -DPROFILE_MODE=OFF .. && make -j
[RUN_METADATA] /home/chenxi/InfiniTrain/scripts/20260910/fix_dataloader-global-batches_2c2fc03/logs/run_metadata.log
[RUN_STARTED_AT] 2026-09-10 10:01:49
[GIT_BRANCH] fix/dataloader-global-batches
[GIT_COMMIT] 2c2fc033d8413fabc71a73f62ba47c549fe1c2e2
[GIT_COMMIT_SHORT] 2c2fc03
[COMMAND] ./gpt2 --input_bin /data1/shared/InfiniTrain-dev/data/llmc/gpt2/tinyshakespeare/tiny_shakespeare_train.bin --llmc_filepath /data1/shared/InfiniTrain-dev/data/llmc/gpt2/gpt2_124M.bin --device cuda --dtype bfloat16 --nthread_per_process 8 --num_iteration 10 --batch_size 40 --total_batch_size 5120 --tensor_parallel 4 --sequence_parallel true --lora_rank 16 --lora_alpha 32.0 --lora_target_modules attn.c_proj,c_fc,c_proj
===== LoRA Model Summary (Rank 7) ======
Total parameters:     42183936
Trainable parameters: 774144 (1.83516%)
Frozen parameters:    41409792
========================================
===== LoRA Model Summary (Rank 6) ======
Total parameters:     42183936
Trainable parameters: 774144 (1.83516%)
Frozen parameters:    41409792
========================================
===== LoRA Model Summary (Rank 5) ======
Total parameters:     42183936
Trainable parameters: 774144 (1.83516%)
Frozen parameters:    41409792
========================================
===== LoRA Model Summary (Rank 4) ======
Total parameters:     42183936
Trainable parameters: 774144 (1.83516%)
Frozen parameters:    41409792
========================================
===== LoRA Model Summary (Rank 2) ======
Total parameters:     42183936
Trainable parameters: 774144 (1.83516%)
Frozen parameters:    41409792
========================================
===== LoRA Model Summary (Rank 1) ======
Total parameters:     42183936
Trainable parameters: 774144 (1.83516%)
Frozen parameters:    41409792
========================================
===== LoRA Model Summary (Rank 3) ======
Total parameters:     42183936
Trainable parameters: 774144 (1.83516%)
Frozen parameters:    41409792
========================================
===== LoRA Model Summary (Rank 0) ======
Total parameters:     42183936
Trainable parameters: 774144 (1.83516%)
Frozen parameters:    41409792
========================================
E20260910 10:29:57.672824 140507976015872 main.cc:536] step    1/10 | train loss 5.206748 | lr 1.00e-04 | (678.33 ms | 7548 tok/s | peak used:  1641 MB | peak reserved:  1792 MB, DP=2, TP=4, SP=4, PP=1)
E20260910 10:29:57.842705 140507976015872 main.cc:536] step    2/10 | train loss 5.138840 | lr 1.00e-04 | (169.37 ms | 30230 tok/s | peak used:  1699 MB | peak reserved:  1920 MB, DP=2, TP=4, SP=4, PP=1)
E20260910 10:29:58.023038 140507976015872 main.cc:536] step    3/10 | train loss 5.070433 | lr 1.00e-04 | (180.26 ms | 28404 tok/s | peak used:  1699 MB | peak reserved:  1920 MB, DP=2, TP=4, SP=4, PP=1)
E20260910 10:29:58.209727 140507976015872 main.cc:536] step    4/10 | train loss 4.770248 | lr 1.00e-04 | (186.64 ms | 27432 tok/s | peak used:  1699 MB | peak reserved:  2048 MB, DP=2, TP=4, SP=4, PP=1)
E20260910 10:29:58.392763 140507976015872 main.cc:536] step    5/10 | train loss 4.900148 | lr 1.00e-04 | (182.99 ms | 27980 tok/s | peak used:  1699 MB | peak reserved:  2048 MB, DP=2, TP=4, SP=4, PP=1)
E20260910 10:29:58.592561 140507976015872 main.cc:536] step    6/10 | train loss 4.873593 | lr 1.00e-04 | (199.75 ms | 25633 tok/s | peak used:  1699 MB | peak reserved:  2048 MB, DP=2, TP=4, SP=4, PP=1)
E20260910 10:29:58.790617 140507976015872 main.cc:536] step    7/10 | train loss 4.963766 | lr 1.00e-04 | (197.99 ms | 25860 tok/s | peak used:  1699 MB | peak reserved:  2048 MB, DP=2, TP=4, SP=4, PP=1)
E20260910 10:29:58.985382 140507976015872 main.cc:536] step    8/10 | train loss 4.918108 | lr 1.00e-04 | (194.71 ms | 26296 tok/s | peak used:  1699 MB | peak reserved:  2048 MB, DP=2, TP=4, SP=4, PP=1)
E20260910 10:29:59.180548 140507976015872 main.cc:536] step    9/10 | train loss 4.958531 | lr 1.00e-04 | (195.12 ms | 26241 tok/s | peak used:  1699 MB | peak reserved:  2048 MB, DP=2, TP=4, SP=4, PP=1)
E20260910 10:29:59.376416 140507976015872 main.cc:536] step   10/10 | train loss 5.019548 | lr 1.00e-04 | (195.81 ms | 26148 tok/s | peak used:  1699 MB | peak reserved:  2048 MB, DP=2, TP=4, SP=4, PP=1)
