[LAST_CMAKE] cmake -DUSE_CUDA=ON -DUSE_NCCL=ON -DBUILD_TEST=OFF -DPROFILE_MODE=ON .. && make -j
[RUN_METADATA] /home/chenxi/InfiniTrain/scripts/20260910/fix_dataloader-global-batches_2c2fc03/logs/run_metadata.log
[RUN_STARTED_AT] 2026-09-10 10:01:49
[GIT_BRANCH] fix/dataloader-global-batches
[GIT_COMMIT] 2c2fc033d8413fabc71a73f62ba47c549fe1c2e2
[GIT_COMMIT_SHORT] 2c2fc03
[COMMAND] ./gpt2 --input_bin /data1/shared/InfiniTrain-dev/data/llmc/gpt2/tinyshakespeare/tiny_shakespeare_train.bin --llmc_filepath /data1/shared/InfiniTrain-dev/data/llmc/gpt2/gpt2_124M.bin --device cuda --dtype bfloat16 --lora_rank 8 --lora_alpha 16.0 --lora_target_modules c_attn,attn.c_proj --lora_load_path /data1/shared/InfiniTrain-dev/data/llmc/gpt2/gpt2_124M_lora_weights_rank8_alpha16.bin
===== LoRA Model Summary (Rank 0) ======
Total parameters:     163479552
Trainable parameters: 442368 (0.270595%)
Frozen parameters:    163037184
========================================
E20260911 02:04:30.544722 139811595239424 main.cc:536] step    1/10 | train loss 5.336104 | lr 1.00e-04 | (180.38 ms | 1419 tok/s | peak used:  1212 MB | peak reserved:  1248 MB, DP=1, TP=1, SP=1, PP=1)
E20260911 02:04:30.654280 139811595239424 main.cc:536] step    2/10 | train loss 5.133491 | lr 1.00e-04 | (109.09 ms | 2347 tok/s | peak used:  1212 MB | peak reserved:  1248 MB, DP=1, TP=1, SP=1, PP=1)
E20260911 02:04:30.767581 139811595239424 main.cc:536] step    3/10 | train loss 4.878366 | lr 1.00e-04 | (113.25 ms | 2261 tok/s | peak used:  1212 MB | peak reserved:  1248 MB, DP=1, TP=1, SP=1, PP=1)
E20260911 02:04:30.878551 139811595239424 main.cc:536] step    4/10 | train loss 4.995970 | lr 1.00e-04 | (110.92 ms | 2308 tok/s | peak used:  1212 MB | peak reserved:  1248 MB, DP=1, TP=1, SP=1, PP=1)
E20260911 02:04:30.969587 139811595239424 main.cc:536] step    5/10 | train loss 4.894534 | lr 1.00e-04 | (90.99 ms | 2814 tok/s | peak used:  1212 MB | peak reserved:  1248 MB, DP=1, TP=1, SP=1, PP=1)
E20260911 02:04:31.058557 139811595239424 main.cc:536] step    6/10 | train loss 5.190569 | lr 1.00e-04 | (88.93 ms | 2879 tok/s | peak used:  1212 MB | peak reserved:  1248 MB, DP=1, TP=1, SP=1, PP=1)
E20260911 02:04:31.144271 139811595239424 main.cc:536] step    7/10 | train loss 5.033346 | lr 1.00e-04 | (85.67 ms | 2988 tok/s | peak used:  1212 MB | peak reserved:  1248 MB, DP=1, TP=1, SP=1, PP=1)
E20260911 02:04:31.236171 139811595239424 main.cc:536] step    8/10 | train loss 5.270230 | lr 1.00e-04 | (91.86 ms | 2787 tok/s | peak used:  1212 MB | peak reserved:  1248 MB, DP=1, TP=1, SP=1, PP=1)
E20260911 02:04:31.345083 139811595239424 main.cc:536] step    9/10 | train loss 5.311343 | lr 1.00e-04 | (108.87 ms | 2351 tok/s | peak used:  1212 MB | peak reserved:  1248 MB, DP=1, TP=1, SP=1, PP=1)
E20260911 02:04:31.446631 139811595239424 main.cc:536] step   10/10 | train loss 5.564073 | lr 1.00e-04 | (101.50 ms | 2522 tok/s | peak used:  1212 MB | peak reserved:  1248 MB, DP=1, TP=1, SP=1, PP=1)
