[LAST_CMAKE] cmake -DUSE_CUDA=ON -DUSE_NCCL=ON -DPROFILE_MODE=ON .. && make -j
[COMMAND] ./gpt2 --input_bin /data/shared/InfiniTrain-dev/data/llmc/gpt2/tinyshakespeare/tiny_shakespeare_train.bin --llmc_filepath /data/shared/InfiniTrain-dev/data/llmc/gpt2/gpt2_124M.bin --device cuda --dtype=float32 --nthread_per_process=8 --num_iteration=10 --batch_size=40 --total_batch_size=5120 --tensor_parallel=2 --sequence_parallel=true --pipeline_parallel=2 --virtual_pipeline_parallel=2 --lora_rank=4 --lora_alpha=8.0 --lora_target_modules=c_fc,c_proj
===== LoRA Model Summary (Rank 0) ======
Total parameters:     41518848
Trainable parameters: 138240 (0.332957%)
Frozen parameters:    41380608
========================================
===== LoRA Model Summary (Rank 2) ======
Total parameters:     41518848
Trainable parameters: 138240 (0.332957%)
Frozen parameters:    41380608
========================================
===== LoRA Model Summary (Rank 3) ======
Total parameters:     41518848
Trainable parameters: 138240 (0.332957%)
Frozen parameters:    41380608
========================================
===== LoRA Model Summary (Rank 1) ======
Total parameters:     41518848
Trainable parameters: 138240 (0.332957%)
Frozen parameters:    41380608
========================================
===== LoRA Model Summary (Rank 4) ======
Total parameters:     40733952
Trainable parameters: 138240 (0.339373%)
Frozen parameters:    40595712
========================================
===== LoRA Model Summary (Rank 5) ======
Total parameters:     40733952
Trainable parameters: 138240 (0.339373%)
Frozen parameters:    40595712
========================================
===== LoRA Model Summary (Rank 7) ======
Total parameters:     40733952
Trainable parameters: 138240 (0.339373%)
Frozen parameters:    40595712
========================================
===== LoRA Model Summary (Rank 6) ======
Total parameters:     40733952
Trainable parameters: 138240 (0.339373%)
Frozen parameters:    40595712
========================================
E20260407 10:43:03.053392 139753806602240 main.cc:424] step    1/10 | train loss 5.219545 | lr 1.00e-04 | (553.30 ms | 9254 tok/s | peak used:  2321 MB | peak reserved:  2400 MB, DP=2, TP=2, SP=2, PP=2)
E20260407 10:43:03.403938 139753806602240 main.cc:424] step    2/10 | train loss 5.143066 | lr 1.00e-04 | (349.61 ms | 14645 tok/s | peak used:  2336 MB | peak reserved:  2432 MB, DP=2, TP=2, SP=2, PP=2)
E20260407 10:43:03.739955 139753806602240 main.cc:424] step    3/10 | train loss 5.074582 | lr 1.00e-04 | (335.95 ms | 15240 tok/s | peak used:  2351 MB | peak reserved:  2432 MB, DP=2, TP=2, SP=2, PP=2)
E20260407 10:43:04.066953 139753806602240 main.cc:424] step    4/10 | train loss 4.774487 | lr 1.00e-04 | (326.94 ms | 15661 tok/s | peak used:  2366 MB | peak reserved:  2464 MB, DP=2, TP=2, SP=2, PP=2)
E20260407 10:43:04.396343 139753806602240 main.cc:424] step    5/10 | train loss 4.900570 | lr 1.00e-04 | (329.34 ms | 15546 tok/s | peak used:  2381 MB | peak reserved:  2464 MB, DP=2, TP=2, SP=2, PP=2)
E20260407 10:43:04.727604 139753806602240 main.cc:424] step    6/10 | train loss 4.886538 | lr 1.00e-04 | (331.21 ms | 15458 tok/s | peak used:  2396 MB | peak reserved:  2496 MB, DP=2, TP=2, SP=2, PP=2)
E20260407 10:43:05.053125 139753806602240 main.cc:424] step    7/10 | train loss 4.977930 | lr 1.00e-04 | (325.47 ms | 15731 tok/s | peak used:  2411 MB | peak reserved:  2496 MB, DP=2, TP=2, SP=2, PP=2)
E20260407 10:43:05.368344 139753806602240 main.cc:424] step    8/10 | train loss 4.925609 | lr 1.00e-04 | (315.17 ms | 16245 tok/s | peak used:  2426 MB | peak reserved:  2528 MB, DP=2, TP=2, SP=2, PP=2)
E20260407 10:43:05.687942 139753806602240 main.cc:424] step    9/10 | train loss 4.957036 | lr 1.00e-04 | (319.55 ms | 16022 tok/s | peak used:  2441 MB | peak reserved:  2528 MB, DP=2, TP=2, SP=2, PP=2)
E20260407 10:43:06.004726 139753806602240 main.cc:424] step   10/10 | train loss 5.033348 | lr 1.00e-04 | (316.74 ms | 16165 tok/s | peak used:  2456 MB | peak reserved:  2560 MB, DP=2, TP=2, SP=2, PP=2)
