[LAST_CMAKE] cmake -DUSE_CUDA=ON -DUSE_NCCL=ON -DBUILD_TEST=ON -DPROFILE_MODE=OFF .. && make -j
[RUN_METADATA] /home/jiyiming/code/InfiniTrain/scripts/20260921/unknown_unknown/logs/run_metadata.log
[RUN_STARTED_AT] 2026-09-21 07:16:49
[GIT_BRANCH] unknown
[GIT_COMMIT] unknown
[GIT_COMMIT_SHORT] unknown
[COMMAND] ./gpt2 --input_bin /data1/shared/InfiniTrain-dev/data/llmc/gpt2/tinyshakespeare/tiny_shakespeare_train.bin --llmc_filepath /data1/shared/InfiniTrain-dev/data/llmc/gpt2/gpt2_124M.bin --device cuda --dtype=bfloat16 --num_iteration=10 --batch_size=80 --total_batch_size=5120 --lora_rank=8 --lora_alpha=16.0 --lora_target_modules=c_attn,attn.c_proj --lora_load_path=/data1/shared/InfiniTrain-dev/data/llmc/gpt2/gpt2_124M_lora_weights_rank8_alpha16.bin
===== LoRA Model Summary (Rank 0) ======
Total parameters:     163479552
Trainable parameters: 442368 (0.270595%)
Frozen parameters:    163037184
========================================
E20260921 07:44:41.843482 140019119411200 main.cc:547] step    1/10 | train loss 5.213314 | lr 1.00e-04 | (227.65 ms | 22490 tok/s | peak used:  7051 MB | peak reserved:  7392 MB, DP=1, TP=1, SP=1, PP=1)
E20260921 07:44:41.956221 140019119411200 main.cc:547] step    2/10 | train loss 5.136970 | lr 1.00e-04 | (112.19 ms | 45638 tok/s | peak used:  7051 MB | peak reserved:  7520 MB, DP=1, TP=1, SP=1, PP=1)
E20260921 07:44:42.080163 140019119411200 main.cc:547] step    3/10 | train loss 5.070586 | lr 1.00e-04 | (123.90 ms | 41324 tok/s | peak used:  7051 MB | peak reserved:  7712 MB, DP=1, TP=1, SP=1, PP=1)
E20260921 07:44:42.216316 140019119411200 main.cc:547] step    4/10 | train loss 4.766680 | lr 1.00e-04 | (136.11 ms | 37615 tok/s | peak used:  7051 MB | peak reserved:  7904 MB, DP=1, TP=1, SP=1, PP=1)
E20260921 07:44:42.328605 140019119411200 main.cc:547] step    5/10 | train loss 4.895496 | lr 1.00e-04 | (112.25 ms | 45612 tok/s | peak used:  7051 MB | peak reserved:  8000 MB, DP=1, TP=1, SP=1, PP=1)
E20260921 07:44:42.440768 140019119411200 main.cc:547] step    6/10 | train loss 4.876322 | lr 1.00e-04 | (112.12 ms | 45664 tok/s | peak used:  7051 MB | peak reserved:  8128 MB, DP=1, TP=1, SP=1, PP=1)
E20260921 07:44:42.553050 140019119411200 main.cc:547] step    7/10 | train loss 4.965820 | lr 1.00e-04 | (112.24 ms | 45615 tok/s | peak used:  7051 MB | peak reserved:  8288 MB, DP=1, TP=1, SP=1, PP=1)
E20260921 07:44:42.676183 140019119411200 main.cc:547] step    8/10 | train loss 4.913653 | lr 1.00e-04 | (123.09 ms | 41594 tok/s | peak used:  7051 MB | peak reserved:  8416 MB, DP=1, TP=1, SP=1, PP=1)
E20260921 07:44:42.803959 140019119411200 main.cc:547] step    9/10 | train loss 4.955267 | lr 1.00e-04 | (127.74 ms | 40082 tok/s | peak used:  7051 MB | peak reserved:  8480 MB, DP=1, TP=1, SP=1, PP=1)
E20260921 07:44:42.916261 140019119411200 main.cc:547] step   10/10 | train loss 5.023675 | lr 1.00e-04 | (112.26 ms | 45607 tok/s | peak used:  7051 MB | peak reserved:  8512 MB, DP=1, TP=1, SP=1, PP=1)
