[LAST_CMAKE] cmake -DUSE_CUDA=ON -DUSE_NCCL=ON -DBUILD_TEST=ON -DPROFILE_MODE=OFF .. && make -j
[RUN_METADATA] /home/jiyiming/code/InfiniTrain/scripts/20260921/unknown_unknown/logs/run_metadata.log
[RUN_STARTED_AT] 2026-09-21 07:16:49
[GIT_BRANCH] unknown
[GIT_COMMIT] unknown
[GIT_COMMIT_SHORT] unknown
[COMMAND] ./gpt2 --input_bin /data1/shared/InfiniTrain-dev/data/llmc/gpt2/tinyshakespeare/tiny_shakespeare_train.bin --llmc_filepath /data1/shared/InfiniTrain-dev/data/llmc/gpt2/gpt2_124M.bin --device cuda --dtype=bfloat16 --nthread_per_process=8 --num_iteration=10 --batch_size=40 --total_batch_size=5120 --tensor_parallel=2 --sequence_parallel=true --pipeline_parallel=2 --virtual_pipeline_parallel=2 --lora_rank=16 --lora_alpha=32.0 --lora_target_modules=c_fc,c_proj
===== LoRA Model Summary (Rank 1) ======
Total parameters:     41933568
Trainable parameters: 552960 (1.31866%)
Frozen parameters:    41380608
========================================
===== LoRA Model Summary (Rank 0) ======
Total parameters:     41933568
Trainable parameters: 552960 (1.31866%)
Frozen parameters:    41380608
========================================
===== LoRA Model Summary (Rank 3) ======
Total parameters:     41933568
Trainable parameters: 552960 (1.31866%)
Frozen parameters:    41380608
========================================
===== LoRA Model Summary (Rank 2) ======
Total parameters:     41933568
Trainable parameters: 552960 (1.31866%)
Frozen parameters:    41380608
========================================
===== LoRA Model Summary (Rank 5) ======
Total parameters:     41148672
Trainable parameters: 552960 (1.34381%)
Frozen parameters:    40595712
========================================
===== LoRA Model Summary (Rank 4) ======
Total parameters:     41148672
Trainable parameters: 552960 (1.34381%)
Frozen parameters:    40595712
========================================
===== LoRA Model Summary (Rank 7) ======
Total parameters:     41148672
Trainable parameters: 552960 (1.34381%)
Frozen parameters:    40595712
========================================
===== LoRA Model Summary (Rank 6) ======
Total parameters:     41148672
Trainable parameters: 552960 (1.34381%)
Frozen parameters:    40595712
========================================
E20260921 07:51:12.311354 140325842558976 main.cc:547] step    1/10 | train loss 5.211551 | lr 1.00e-04 | (589.84 ms | 8680 tok/s | peak used:  2294 MB | peak reserved:  2464 MB, DP=2, TP=2, SP=2, PP=2)
E20260921 07:51:12.416503 140325842558976 main.cc:547] step    2/10 | train loss 5.137963 | lr 1.00e-04 | (104.62 ms | 48939 tok/s | peak used:  2371 MB | peak reserved:  2624 MB, DP=2, TP=2, SP=2, PP=2)
E20260921 07:51:12.517144 140325842558976 main.cc:547] step    3/10 | train loss 5.078453 | lr 1.00e-04 | (100.51 ms | 50939 tok/s | peak used:  2371 MB | peak reserved:  2848 MB, DP=2, TP=2, SP=2, PP=2)
E20260921 07:51:12.622628 140325842558976 main.cc:547] step    4/10 | train loss 4.768533 | lr 1.00e-04 | (105.42 ms | 48569 tok/s | peak used:  2371 MB | peak reserved:  2848 MB, DP=2, TP=2, SP=2, PP=2)
E20260921 07:51:12.721652 140325842558976 main.cc:547] step    5/10 | train loss 4.898604 | lr 1.00e-04 | (98.95 ms | 51741 tok/s | peak used:  2371 MB | peak reserved:  2848 MB, DP=2, TP=2, SP=2, PP=2)
E20260921 07:51:12.821620 140325842558976 main.cc:547] step    6/10 | train loss 4.874559 | lr 1.00e-04 | (99.91 ms | 51248 tok/s | peak used:  2371 MB | peak reserved:  2848 MB, DP=2, TP=2, SP=2, PP=2)
E20260921 07:51:12.921323 140325842558976 main.cc:547] step    7/10 | train loss 4.963145 | lr 1.00e-04 | (99.64 ms | 51383 tok/s | peak used:  2371 MB | peak reserved:  2848 MB, DP=2, TP=2, SP=2, PP=2)
E20260921 07:51:13.018161 140325842558976 main.cc:547] step    8/10 | train loss 4.916663 | lr 1.00e-04 | (96.78 ms | 52904 tok/s | peak used:  2371 MB | peak reserved:  2848 MB, DP=2, TP=2, SP=2, PP=2)
E20260921 07:51:13.121821 140325842558976 main.cc:547] step    9/10 | train loss 4.958899 | lr 1.00e-04 | (103.60 ms | 49422 tok/s | peak used:  2371 MB | peak reserved:  2848 MB, DP=2, TP=2, SP=2, PP=2)
E20260921 07:51:13.217417 140325842558976 main.cc:547] step   10/10 | train loss 5.021286 | lr 1.00e-04 | (95.53 ms | 53596 tok/s | peak used:  2371 MB | peak reserved:  2848 MB, DP=2, TP=2, SP=2, PP=2)
