[LAST_CMAKE] cmake -DUSE_CUDA=ON -DUSE_NCCL=ON -DBUILD_TEST=ON -DPROFILE_MODE=OFF .. && make -j
[RUN_METADATA] /home/jiyiming/code/InfiniTrain/scripts/20260921/unknown_unknown/logs/run_metadata.log
[RUN_STARTED_AT] 2026-09-21 07:16:49
[GIT_BRANCH] unknown
[GIT_COMMIT] unknown
[GIT_COMMIT_SHORT] unknown
[COMMAND] ./gpt2 --input_bin /data1/shared/InfiniTrain-dev/data/llmc/gpt2/tinyshakespeare/tiny_shakespeare_train.bin --llmc_filepath /data1/shared/InfiniTrain-dev/data/llmc/gpt2/gpt2_124M.bin --device cuda --dtype=float32 --nthread_per_process=8 --num_iteration=10 --batch_size=10 --total_batch_size=5120 --lora_rank=8 --lora_alpha=16.0 --lora_target_modules=c_attn,attn.c_proj --lora_load_path=/data1/shared/InfiniTrain-dev/data/llmc/gpt2/gpt2_124M_lora_weights_rank8_alpha16.bin
===== LoRA Model Summary (Rank 6) ======
Total parameters:     163479552
Trainable parameters: 442368 (0.270595%)
Frozen parameters:    163037184
========================================
===== LoRA Model Summary (Rank 2) ======
Total parameters:     163479552
Trainable parameters: 442368 (0.270595%)
Frozen parameters:    163037184
========================================
===== LoRA Model Summary (Rank 1) ======
Total parameters:     163479552
Trainable parameters: 442368 (0.270595%)
Frozen parameters:    163037184
========================================
===== LoRA Model Summary (Rank 0) ======
Total parameters:     163479552
Trainable parameters: 442368 (0.270595%)
Frozen parameters:    163037184
========================================
===== LoRA Model Summary (Rank 5) ======
Total parameters:     163479552
Trainable parameters: 442368 (0.270595%)
Frozen parameters:    163037184
========================================
===== LoRA Model Summary (Rank 7) ======
Total parameters:     163479552
Trainable parameters: 442368 (0.270595%)
Frozen parameters:    163037184
========================================
===== LoRA Model Summary (Rank 3) ======
Total parameters:     163479552
Trainable parameters: 442368 (0.270595%)
Frozen parameters:    163037184
========================================
===== LoRA Model Summary (Rank 4) ======
Total parameters:     163479552
Trainable parameters: 442368 (0.270595%)
Frozen parameters:    163037184
========================================
E20260921 07:45:17.252136 140262626009088 main.cc:547] step    1/10 | train loss 5.219545 | lr 1.00e-04 | (314.81 ms | 16264 tok/s | peak used:  2150 MB | peak reserved:  2304 MB, DP=8, TP=1, SP=1, PP=1)
E20260921 07:45:17.351018 140262626009088 main.cc:547] step    2/10 | train loss 5.143065 | lr 1.00e-04 | (98.35 ms | 52061 tok/s | peak used:  2150 MB | peak reserved:  2368 MB, DP=8, TP=1, SP=1, PP=1)
E20260921 07:45:17.451341 140262626009088 main.cc:547] step    3/10 | train loss 5.074579 | lr 1.00e-04 | (100.27 ms | 51061 tok/s | peak used:  2150 MB | peak reserved:  2400 MB, DP=8, TP=1, SP=1, PP=1)
E20260921 07:45:17.543234 140262626009088 main.cc:547] step    4/10 | train loss 4.774479 | lr 1.00e-04 | (91.85 ms | 55746 tok/s | peak used:  2150 MB | peak reserved:  2432 MB, DP=8, TP=1, SP=1, PP=1)
E20260921 07:45:17.639145 140262626009088 main.cc:547] step    5/10 | train loss 4.900561 | lr 1.00e-04 | (95.85 ms | 53415 tok/s | peak used:  2150 MB | peak reserved:  2464 MB, DP=8, TP=1, SP=1, PP=1)
E20260921 07:45:17.735783 140262626009088 main.cc:547] step    6/10 | train loss 4.886528 | lr 1.00e-04 | (96.58 ms | 53012 tok/s | peak used:  2150 MB | peak reserved:  2496 MB, DP=8, TP=1, SP=1, PP=1)
E20260921 07:45:17.830011 140262626009088 main.cc:547] step    7/10 | train loss 4.977917 | lr 1.00e-04 | (94.18 ms | 54367 tok/s | peak used:  2150 MB | peak reserved:  2560 MB, DP=8, TP=1, SP=1, PP=1)
E20260921 07:45:17.926110 140262626009088 main.cc:547] step    8/10 | train loss 4.925588 | lr 1.00e-04 | (96.04 ms | 53308 tok/s | peak used:  2150 MB | peak reserved:  2592 MB, DP=8, TP=1, SP=1, PP=1)
E20260921 07:45:18.020847 140262626009088 main.cc:547] step    9/10 | train loss 4.957026 | lr 1.00e-04 | (94.68 ms | 54075 tok/s | peak used:  2150 MB | peak reserved:  2624 MB, DP=8, TP=1, SP=1, PP=1)
E20260921 07:45:18.120559 140262626009088 main.cc:547] step   10/10 | train loss 5.033325 | lr 1.00e-04 | (99.65 ms | 51379 tok/s | peak used:  2150 MB | peak reserved:  2656 MB, DP=8, TP=1, SP=1, PP=1)
