[LAST_CMAKE] cmake -DUSE_CUDA=ON -DUSE_NCCL=ON -DBUILD_TEST=ON -DPROFILE_MODE=OFF .. && make -j
[RUN_METADATA] /home/jiyiming/code/InfiniTrain/scripts/20260921/unknown_unknown/logs/run_metadata.log
[RUN_STARTED_AT] 2026-09-21 07:16:49
[GIT_BRANCH] unknown
[GIT_COMMIT] unknown
[GIT_COMMIT_SHORT] unknown
[COMMAND] ./gpt2 --input_bin /data1/shared/InfiniTrain-dev/data/llmc/gpt2/tinyshakespeare/tiny_shakespeare_train.bin --llmc_filepath /data1/shared/InfiniTrain-dev/data/llmc/gpt2/gpt2_124M.bin --device cuda --dtype=float32 --lora_rank=8 --lora_alpha=16.0 --lora_target_modules=c_attn,attn.c_proj --lora_load_path=/data1/shared/InfiniTrain-dev/data/llmc/gpt2/gpt2_124M_lora_weights_rank8_alpha16.bin
===== LoRA Model Summary (Rank 0) ======
Total parameters:     163479552
Trainable parameters: 442368 (0.270595%)
Frozen parameters:    163037184
========================================
E20260921 07:43:00.284066 139847110799360 main.cc:547] step    1/10 | train loss 5.356189 | lr 1.00e-04 | (80.50 ms | 3180 tok/s | peak used:  1013 MB | peak reserved:  1088 MB, DP=1, TP=1, SP=1, PP=1)
E20260921 07:43:00.313814 139847110799360 main.cc:547] step    2/10 | train loss 5.144087 | lr 1.00e-04 | (29.36 ms | 8720 tok/s | peak used:  1013 MB | peak reserved:  1088 MB, DP=1, TP=1, SP=1, PP=1)
E20260921 07:43:00.343291 139847110799360 main.cc:547] step    3/10 | train loss 4.849666 | lr 1.00e-04 | (29.43 ms | 8697 tok/s | peak used:  1013 MB | peak reserved:  1120 MB, DP=1, TP=1, SP=1, PP=1)
E20260921 07:43:00.372716 139847110799360 main.cc:547] step    4/10 | train loss 4.976914 | lr 1.00e-04 | (29.39 ms | 8712 tok/s | peak used:  1013 MB | peak reserved:  1152 MB, DP=1, TP=1, SP=1, PP=1)
E20260921 07:43:00.402139 139847110799360 main.cc:547] step    5/10 | train loss 4.895231 | lr 1.00e-04 | (29.38 ms | 8712 tok/s | peak used:  1013 MB | peak reserved:  1152 MB, DP=1, TP=1, SP=1, PP=1)
E20260921 07:43:00.431509 139847110799360 main.cc:547] step    6/10 | train loss 5.197303 | lr 1.00e-04 | (29.33 ms | 8727 tok/s | peak used:  1013 MB | peak reserved:  1152 MB, DP=1, TP=1, SP=1, PP=1)
E20260921 07:43:00.461016 139847110799360 main.cc:547] step    7/10 | train loss 5.058922 | lr 1.00e-04 | (29.47 ms | 8687 tok/s | peak used:  1013 MB | peak reserved:  1184 MB, DP=1, TP=1, SP=1, PP=1)
E20260921 07:43:00.489576 139847110799360 main.cc:547] step    8/10 | train loss 5.261155 | lr 1.00e-04 | (28.52 ms | 8975 tok/s | peak used:  1013 MB | peak reserved:  1184 MB, DP=1, TP=1, SP=1, PP=1)
E20260921 07:43:00.519249 139847110799360 main.cc:547] step    9/10 | train loss 5.313336 | lr 1.00e-04 | (29.64 ms | 8638 tok/s | peak used:  1013 MB | peak reserved:  1216 MB, DP=1, TP=1, SP=1, PP=1)
E20260921 07:43:00.547972 139847110799360 main.cc:547] step   10/10 | train loss 5.574056 | lr 1.00e-04 | (28.69 ms | 8924 tok/s | peak used:  1013 MB | peak reserved:  1216 MB, DP=1, TP=1, SP=1, PP=1)
