[LAST_CMAKE] cmake -DUSE_CUDA=ON -DUSE_NCCL=ON .. && make -j
[COMMAND] ./gpt2 --input_bin /data/shared/InfiniTrain-dev/data/llmc/gpt2/tinyshakespeare/tiny_shakespeare_train.bin --llmc_filepath /data/shared/InfiniTrain-dev/data/llmc/gpt2/gpt2_124M.bin --device cuda --dtype=float32 --nthread_per_process=4 --num_iteration=10 --batch_size=10 --total_batch_size=5120 --pipeline_parallel=4 --virtual_pipeline_parallel=2 --lora_rank=4 --lora_alpha=8.0 --lora_target_modules=c_attn,c_proj
===== LoRA Model Summary (Rank 2) ======
Total parameters:     21364992
Trainable parameters: 101376 (0.474496%)
Frozen parameters:    21263616
========================================
===== LoRA Model Summary (Rank 1) ======
Total parameters:     21364992
Trainable parameters: 101376 (0.474496%)
Frozen parameters:    21263616
========================================
===== LoRA Model Summary (Rank 0) ======
Total parameters:     60748800
Trainable parameters: 101376 (0.166877%)
Frozen parameters:    60647424
========================================
===== LoRA Model Summary (Rank 3) ======
Total parameters:     59963904
Trainable parameters: 101376 (0.169062%)
Frozen parameters:    59862528
========================================
E20260408 06:50:11.194552 140069486714880 main.cc:424] step    1/10 | train loss 5.219545 | lr 1.00e-04 | (214.96 ms | 23819 tok/s | peak used:  2683 MB | peak reserved:  2784 MB, DP=1, TP=1, SP=1, PP=4)
E20260408 06:50:11.343317 140069486714880 main.cc:424] step    2/10 | train loss 5.143068 | lr 1.00e-04 | (148.23 ms | 34540 tok/s | peak used:  2743 MB | peak reserved:  2816 MB, DP=1, TP=1, SP=1, PP=4)
E20260408 06:50:11.478963 140069486714880 main.cc:424] step    3/10 | train loss 5.074583 | lr 1.00e-04 | (135.59 ms | 37761 tok/s | peak used:  2803 MB | peak reserved:  2944 MB, DP=1, TP=1, SP=1, PP=4)
E20260408 06:50:11.613621 140069486714880 main.cc:424] step    4/10 | train loss 4.774489 | lr 1.00e-04 | (134.61 ms | 38035 tok/s | peak used:  2863 MB | peak reserved:  2944 MB, DP=1, TP=1, SP=1, PP=4)
E20260408 06:50:11.748767 140069486714880 main.cc:424] step    5/10 | train loss 4.900572 | lr 1.00e-04 | (135.10 ms | 37897 tok/s | peak used:  2923 MB | peak reserved:  3040 MB, DP=1, TP=1, SP=1, PP=4)
E20260408 06:50:11.883882 140069486714880 main.cc:424] step    6/10 | train loss 4.886539 | lr 1.00e-04 | (135.07 ms | 37906 tok/s | peak used:  2983 MB | peak reserved:  3072 MB, DP=1, TP=1, SP=1, PP=4)
E20260408 06:50:12.019242 140069486714880 main.cc:424] step    7/10 | train loss 4.977935 | lr 1.00e-04 | (135.31 ms | 37838 tok/s | peak used:  3043 MB | peak reserved:  3200 MB, DP=1, TP=1, SP=1, PP=4)
E20260408 06:50:12.154101 140069486714880 main.cc:424] step    8/10 | train loss 4.925612 | lr 1.00e-04 | (134.81 ms | 37978 tok/s | peak used:  3103 MB | peak reserved:  3200 MB, DP=1, TP=1, SP=1, PP=4)
E20260408 06:50:12.289242 140069486714880 main.cc:424] step    9/10 | train loss 4.957042 | lr 1.00e-04 | (135.09 ms | 37901 tok/s | peak used:  3163 MB | peak reserved:  3296 MB, DP=1, TP=1, SP=1, PP=4)
E20260408 06:50:12.424527 140069486714880 main.cc:424] step   10/10 | train loss 5.033351 | lr 1.00e-04 | (135.24 ms | 37859 tok/s | peak used:  3223 MB | peak reserved:  3360 MB, DP=1, TP=1, SP=1, PP=4)
