[LAST_CMAKE] cmake -DUSE_CUDA=ON -DUSE_NCCL=ON .. && make -j
[COMMAND] ./gpt2 --input_bin /data/shared/InfiniTrain-dev/data/llmc/gpt2/tinyshakespeare/tiny_shakespeare_train.bin --llmc_filepath /data/shared/InfiniTrain-dev/data/llmc/gpt2/gpt2_124M.bin --device cuda --dtype=float32 --nthread_per_process=8 --num_iteration=10 --batch_size=40 --total_batch_size=5120 --tensor_parallel=2 --sequence_parallel=true --pipeline_parallel=2 --virtual_pipeline_parallel=2 --lora_rank=4 --lora_alpha=8.0 --lora_target_modules=c_fc,c_proj
===== LoRA Model Summary (Rank 1) ======
Total parameters:     41518848
Trainable parameters: 138240 (0.332957%)
Frozen parameters:    41380608
========================================
===== LoRA Model Summary (Rank 3) ======
Total parameters:     41518848
Trainable parameters: 138240 (0.332957%)
Frozen parameters:    41380608
========================================
===== LoRA Model Summary (Rank 0) ======
Total parameters:     41518848
Trainable parameters: 138240 (0.332957%)
Frozen parameters:    41380608
========================================
===== LoRA Model Summary (Rank 2) ======
Total parameters:     41518848
Trainable parameters: 138240 (0.332957%)
Frozen parameters:    41380608
========================================
===== LoRA Model Summary (Rank 7) ======
Total parameters:     40733952
Trainable parameters: 138240 (0.339373%)
Frozen parameters:    40595712
========================================
===== LoRA Model Summary (Rank 5) ======
Total parameters:     40733952
Trainable parameters: 138240 (0.339373%)
Frozen parameters:    40595712
========================================
===== LoRA Model Summary (Rank 6) ======
Total parameters:     40733952
Trainable parameters: 138240 (0.339373%)
Frozen parameters:    40595712
========================================
===== LoRA Model Summary (Rank 4) ======
Total parameters:     40733952
Trainable parameters: 138240 (0.339373%)
Frozen parameters:    40595712
========================================
E20260408 06:50:57.604692 140376442642432 main.cc:424] step    1/10 | train loss 5.219545 | lr 1.00e-04 | (320.12 ms | 15994 tok/s | peak used:  2224 MB | peak reserved:  2400 MB, DP=2, TP=2, SP=2, PP=2)
E20260408 06:50:57.704086 140376442642432 main.cc:424] step    2/10 | train loss 5.143066 | lr 1.00e-04 | (98.77 ms | 51837 tok/s | peak used:  2239 MB | peak reserved:  2528 MB, DP=2, TP=2, SP=2, PP=2)
E20260408 06:50:57.811024 140376442642432 main.cc:424] step    3/10 | train loss 5.074583 | lr 1.00e-04 | (106.85 ms | 47919 tok/s | peak used:  2254 MB | peak reserved:  2624 MB, DP=2, TP=2, SP=2, PP=2)
E20260408 06:50:57.914601 140376442642432 main.cc:424] step    4/10 | train loss 4.774489 | lr 1.00e-04 | (103.51 ms | 49465 tok/s | peak used:  2269 MB | peak reserved:  2624 MB, DP=2, TP=2, SP=2, PP=2)
E20260408 06:50:58.018132 140376442642432 main.cc:424] step    5/10 | train loss 4.900573 | lr 1.00e-04 | (103.49 ms | 49475 tok/s | peak used:  2284 MB | peak reserved:  2656 MB, DP=2, TP=2, SP=2, PP=2)
E20260408 06:50:58.121733 140376442642432 main.cc:424] step    6/10 | train loss 4.886539 | lr 1.00e-04 | (103.56 ms | 49442 tok/s | peak used:  2299 MB | peak reserved:  2656 MB, DP=2, TP=2, SP=2, PP=2)
E20260408 06:50:58.224394 140376442642432 main.cc:424] step    7/10 | train loss 4.977933 | lr 1.00e-04 | (102.62 ms | 49894 tok/s | peak used:  2314 MB | peak reserved:  2656 MB, DP=2, TP=2, SP=2, PP=2)
E20260408 06:50:58.326976 140376442642432 main.cc:424] step    8/10 | train loss 4.925612 | lr 1.00e-04 | (102.54 ms | 49933 tok/s | peak used:  2329 MB | peak reserved:  2688 MB, DP=2, TP=2, SP=2, PP=2)
E20260408 06:50:58.429146 140376442642432 main.cc:424] step    9/10 | train loss 4.957041 | lr 1.00e-04 | (102.13 ms | 50134 tok/s | peak used:  2344 MB | peak reserved:  2688 MB, DP=2, TP=2, SP=2, PP=2)
E20260408 06:50:58.531333 140376442642432 main.cc:424] step   10/10 | train loss 5.033353 | lr 1.00e-04 | (102.14 ms | 50126 tok/s | peak used:  2359 MB | peak reserved:  2720 MB, DP=2, TP=2, SP=2, PP=2)
