[LAST_CMAKE] cmake -DUSE_CUDA=ON -DUSE_NCCL=ON .. && make -j
[COMMAND] ./gpt2 --input_bin /data/shared/InfiniTrain-dev/data/llmc/gpt2/tinyshakespeare/tiny_shakespeare_train.bin --llmc_filepath /data/shared/InfiniTrain-dev/data/llmc/gpt2/gpt2_124M.bin --device cuda --dtype=bfloat16 --nthread_per_process=4 --num_iteration=10 --batch_size=10 --total_batch_size=5120 --pipeline_parallel=4 --virtual_pipeline_parallel=2 --lora_rank=16 --lora_alpha=32.0 --lora_target_modules=c_attn,c_proj
===== LoRA Model Summary (Rank 2) ======
Total parameters:     21669120
Trainable parameters: 405504 (1.87135%)
Frozen parameters:    21263616
========================================
===== LoRA Model Summary (Rank 1) ======
Total parameters:     21669120
Trainable parameters: 405504 (1.87135%)
Frozen parameters:    21263616
========================================
===== LoRA Model Summary (Rank 0) ======
Total parameters:     61052928
Trainable parameters: 405504 (0.664184%)
Frozen parameters:    60647424
========================================
===== LoRA Model Summary (Rank 3) ======
Total parameters:     60268032
Trainable parameters: 405504 (0.672834%)
Frozen parameters:    59862528
========================================
E20260408 06:50:36.113703 140093109035008 main.cc:424] step    1/10 | train loss 5.213315 | lr 1.00e-04 | (251.18 ms | 20383 tok/s | peak used:  2784 MB | peak reserved:  2880 MB, DP=1, TP=1, SP=1, PP=4)
E20260408 06:50:36.250820 140093109035008 main.cc:424] step    2/10 | train loss 5.138872 | lr 1.00e-04 | (136.57 ms | 37490 tok/s | peak used:  2844 MB | peak reserved:  3360 MB, DP=1, TP=1, SP=1, PP=4)
E20260408 06:50:36.342432 140093109035008 main.cc:424] step    3/10 | train loss 5.069618 | lr 1.00e-04 | (91.56 ms | 55921 tok/s | peak used:  2904 MB | peak reserved:  3552 MB, DP=1, TP=1, SP=1, PP=4)
E20260408 06:50:36.434272 140093109035008 main.cc:424] step    4/10 | train loss 4.770342 | lr 1.00e-04 | (91.79 ms | 55777 tok/s | peak used:  2964 MB | peak reserved:  4128 MB, DP=1, TP=1, SP=1, PP=4)
E20260408 06:50:36.526110 140093109035008 main.cc:424] step    5/10 | train loss 4.900863 | lr 1.00e-04 | (91.79 ms | 55778 tok/s | peak used:  3024 MB | peak reserved:  4512 MB, DP=1, TP=1, SP=1, PP=4)
E20260408 06:50:36.618026 140093109035008 main.cc:424] step    6/10 | train loss 4.869758 | lr 1.00e-04 | (91.86 ms | 55734 tok/s | peak used:  3084 MB | peak reserved:  5024 MB, DP=1, TP=1, SP=1, PP=4)
E20260408 06:50:36.709442 140093109035008 main.cc:424] step    7/10 | train loss 4.968695 | lr 1.00e-04 | (91.37 ms | 56035 tok/s | peak used:  3144 MB | peak reserved:  5472 MB, DP=1, TP=1, SP=1, PP=4)
E20260408 06:50:36.800886 140093109035008 main.cc:424] step    8/10 | train loss 4.917300 | lr 1.00e-04 | (91.40 ms | 56019 tok/s | peak used:  3204 MB | peak reserved:  5920 MB, DP=1, TP=1, SP=1, PP=4)
E20260408 06:50:36.892724 140093109035008 main.cc:424] step    9/10 | train loss 4.959396 | lr 1.00e-04 | (91.79 ms | 55778 tok/s | peak used:  3264 MB | peak reserved:  6400 MB, DP=1, TP=1, SP=1, PP=4)
E20260408 06:50:36.983783 140093109035008 main.cc:424] step   10/10 | train loss 5.021476 | lr 1.00e-04 | (91.01 ms | 56255 tok/s | peak used:  3324 MB | peak reserved:  6816 MB, DP=1, TP=1, SP=1, PP=4)
