[LAST_CMAKE] cmake -DUSE_CUDA=ON -DUSE_NCCL=ON -DPROFILE_MODE=ON .. && make -j
[COMMAND] ./gpt2 --input_bin /data/shared/InfiniTrain-dev/data/llmc/gpt2/tinyshakespeare/tiny_shakespeare_train.bin --llmc_filepath /data/shared/InfiniTrain-dev/data/llmc/gpt2/gpt2_124M.bin --device cuda --dtype=bfloat16 --nthread_per_process=8 --num_iteration=10 --batch_size=40 --total_batch_size=5120 --tensor_parallel=2 --sequence_parallel=true --pipeline_parallel=2 --virtual_pipeline_parallel=2 --lora_rank=16 --lora_alpha=32.0 --lora_target_modules=c_fc,c_proj
===== LoRA Model Summary (Rank 4) ======
Total parameters:     41148672
Trainable parameters: 552960 (1.34381%)
Frozen parameters:    40595712
========================================
===== LoRA Model Summary (Rank 3) ======
Total parameters:     41933568
Trainable parameters: 552960 (1.31866%)
Frozen parameters:    41380608
========================================
===== LoRA Model Summary (Rank 0) ======
Total parameters:     41933568
Trainable parameters: 552960 (1.31866%)
Frozen parameters:    41380608
========================================
===== LoRA Model Summary (Rank 1) ======
Total parameters:     41933568
Trainable parameters: 552960 (===== LoRA Model Summary (Rank 2) ======
Total parameters:     41933568
Trainable parameters: 552960 (1.318661.31866%)%)
Frozen parameters:    41380608
========================================

Frozen parameters:    41380608
========================================
===== LoRA Model Summary (Rank 7) ======
Total parameters:     41148672
Trainable parameters: 552960 (1.34381%)
Frozen parameters:    40595712
========================================
===== LoRA Model Summary (Rank 6) ======
Total parameters:     41148672
Trainable parameters: 552960 (1.34381%)
Frozen parameters:    40595712
========================================
===== LoRA Model Summary (Rank 5) ======
Total parameters:     41148672
Trainable parameters: 552960 (1.34381%)
Frozen parameters:    40595712
========================================
E20260410 06:07:27.059390 139830377816064 main.cc:424] step    1/10 | train loss 5.211551 | lr 1.00e-04 | (979.57 ms | 5227 tok/s | peak used:  2215 MB | peak reserved:  2272 MB, DP=2, TP=2, SP=2, PP=2)
E20260410 06:07:27.509032 139830377816064 main.cc:424] step    2/10 | train loss 5.144108 | lr 1.00e-04 | (449.24 ms | 11397 tok/s | peak used:  2308 MB | peak reserved:  2400 MB, DP=2, TP=2, SP=2, PP=2)
E20260410 06:07:27.955350 139830377816064 main.cc:424] step    3/10 | train loss 5.069064 | lr 1.00e-04 | (446.23 ms | 11474 tok/s | peak used:  2323 MB | peak reserved:  2432 MB, DP=2, TP=2, SP=2, PP=2)
E20260410 06:07:28.317962 139830377816064 main.cc:424] step    4/10 | train loss 4.769254 | lr 1.00e-04 | (362.54 ms | 14123 tok/s | peak used:  2338 MB | peak reserved:  2432 MB, DP=2, TP=2, SP=2, PP=2)
E20260410 06:07:28.687776 139830377816064 main.cc:424] step    5/10 | train loss 4.901217 | lr 1.00e-04 | (369.74 ms | 13848 tok/s | peak used:  2353 MB | peak reserved:  2432 MB, DP=2, TP=2, SP=2, PP=2)
E20260410 06:07:29.036586 139830377816064 main.cc:424] step    6/10 | train loss 4.874639 | lr 1.00e-04 | (348.73 ms | 14682 tok/s | peak used:  2368 MB | peak reserved:  2464 MB, DP=2, TP=2, SP=2, PP=2)
E20260410 06:07:29.375721 139830377816064 main.cc:424] step    7/10 | train loss 4.968460 | lr 1.00e-04 | (339.06 ms | 15100 tok/s | peak used:  2383 MB | peak reserved:  2464 MB, DP=2, TP=2, SP=2, PP=2)
E20260410 06:07:29.705081 139830377816064 main.cc:424] step    8/10 | train loss 4.918453 | lr 1.00e-04 | (329.28 ms | 15549 tok/s | peak used:  2398 MB | peak reserved:  2464 MB, DP=2, TP=2, SP=2, PP=2)
E20260410 06:07:30.060018 139830377816064 main.cc:424] step    9/10 | train loss 4.957569 | lr 1.00e-04 | (354.86 ms | 14428 tok/s | peak used:  2413 MB | peak reserved:  2496 MB, DP=2, TP=2, SP=2, PP=2)
E20260410 06:07:30.435616 139830377816064 main.cc:424] step   10/10 | train loss 5.023422 | lr 1.00e-04 | (375.52 ms | 13634 tok/s | peak used:  2428 MB | peak reserved:  2496 MB, DP=2, TP=2, SP=2, PP=2)
