[LAST_CMAKE] cmake -DUSE_CUDA=ON -DUSE_NCCL=ON .. && make -j
[COMMAND] ./gpt2 --input_bin /data/shared/InfiniTrain-dev/data/llmc/gpt2/tinyshakespeare/tiny_shakespeare_train.bin --llmc_filepath /data/shared/InfiniTrain-dev/data/llmc/gpt2/gpt2_124M.bin --device cuda --dtype=bfloat16 --nthread_per_process=8 --num_iteration=10 --batch_size=10 --total_batch_size=5120 --pipeline_parallel=8 --lora_rank=16 --lora_alpha=32.0 --lora_target_modules=c_attn,attn.c_proj,c_fc
===== LoRA Model Summary (Rank 6) ======
Total parameters:     7223040
Trainable parameters: 135168 (1.87135%)
Frozen parameters:    7087872
========================================
===== LoRA Model Summary (Rank 4) ======
Total parameters:     7223040
Trainable parameters: 135168 (1.87135%)
Frozen parameters:    7087872
========================================
===== LoRA Model Summary (Rank 5) ======
Total parameters:     7223040
Trainable parameters: 135168 (1.87135%)
Frozen parameters:    7087872
========================================
===== LoRA Model Summary (Rank 3) ======
Total parameters:     14446080
Trainable parameters: 270336 (1.87135%)
Frozen parameters:    14175744
========================================
===== LoRA Model Summary (Rank 1) ======
Total parameters:     14446080
Trainable parameters: 270336 (1.87135%)
Frozen parameters:    14175744
========================================
===== LoRA Model Summary (Rank 2) ======
Total parameters:     14446080
Trainable parameters: 270336 (1.87135%)
Frozen parameters:    14175744
========================================
===== LoRA Model Summary (Rank 0) ======
Total parameters:     53829888
Trainable parameters: 270336 (0.502204%)
Frozen parameters:    53559552
========================================
===== LoRA Model Summary (Rank 7) ======
Total parameters:     45821952
Trainable parameters: 135168 (0.294985%)
Frozen parameters:    45686784
========================================
E20260410 05:34:16.811458 139927014580224 main.cc:424] step    1/10 | train loss 5.213315 | lr 1.00e-04 | (624.31 ms | 8201 tok/s | peak used:  1892 MB | peak reserved:  1952 MB, DP=1, TP=1, SP=1, PP=8)
E20260410 05:34:17.134094 139927014580224 main.cc:424] step    2/10 | train loss 5.138784 | lr 1.00e-04 | (321.26 ms | 15937 tok/s | peak used:  1922 MB | peak reserved:  2400 MB, DP=1, TP=1, SP=1, PP=8)
E20260410 05:34:17.236483 139927014580224 main.cc:424] step    3/10 | train loss 5.074615 | lr 1.00e-04 | (102.31 ms | 50044 tok/s | peak used:  1952 MB | peak reserved:  2752 MB, DP=1, TP=1, SP=1, PP=8)
E20260410 05:34:17.320381 139927014580224 main.cc:424] step    4/10 | train loss 4.766593 | lr 1.00e-04 | (83.84 ms | 61066 tok/s | peak used:  1982 MB | peak reserved:  2976 MB, DP=1, TP=1, SP=1, PP=8)
E20260410 05:34:17.399052 139927014580224 main.cc:424] step    5/10 | train loss 4.896242 | lr 1.00e-04 | (78.60 ms | 65137 tok/s | peak used:  2012 MB | peak reserved:  3328 MB, DP=1, TP=1, SP=1, PP=8)
E20260410 05:34:17.475759 139927014580224 main.cc:424] step    6/10 | train loss 4.875855 | lr 1.00e-04 | (76.66 ms | 66793 tok/s | peak used:  2042 MB | peak reserved:  3680 MB, DP=1, TP=1, SP=1, PP=8)
E20260410 05:34:17.554806 139927014580224 main.cc:424] step    7/10 | train loss 4.961971 | lr 1.00e-04 | (79.00 ms | 64814 tok/s | peak used:  2072 MB | peak reserved:  4032 MB, DP=1, TP=1, SP=1, PP=8)
E20260410 05:34:17.641201 139927014580224 main.cc:424] step    8/10 | train loss 4.919130 | lr 1.00e-04 | (86.33 ms | 59309 tok/s | peak used:  2102 MB | peak reserved:  4320 MB, DP=1, TP=1, SP=1, PP=8)
E20260410 05:34:17.732520 139927014580224 main.cc:424] step    9/10 | train loss 4.959034 | lr 1.00e-04 | (91.26 ms | 56106 tok/s | peak used:  2132 MB | peak reserved:  4640 MB, DP=1, TP=1, SP=1, PP=8)
E20260410 05:34:17.810393 139927014580224 main.cc:424] step   10/10 | train loss 5.021832 | lr 1.00e-04 | (77.82 ms | 65795 tok/s | peak used:  2162 MB | peak reserved:  5024 MB, DP=1, TP=1, SP=1, PP=8)
