[LAST_CMAKE] cmake -DUSE_CUDA=ON -DUSE_NCCL=ON -DPROFILE_MODE=ON .. && make -j
[COMMAND] ./gpt2 --input_bin /data/shared/InfiniTrain-dev/data/llmc/gpt2/tinyshakespeare/tiny_shakespeare_train.bin --llmc_filepath /data/shared/InfiniTrain-dev/data/llmc/gpt2/gpt2_124M.bin --device cuda --dtype=float32 --nthread_per_process=4 --num_iteration=10 --batch_size=10 --total_batch_size=5120 --pipeline_parallel=4 --virtual_pipeline_parallel=2 --lora_rank=4 --lora_alpha=8.0 --lora_target_modules=c_attn,c_proj
===== LoRA Model Summary (Rank 2) ======
Total parameters:     21364992
Trainable parameters: 101376 (0.474496%)
Frozen parameters:    21263616
========================================
===== LoRA Model Summary (Rank 1) ======
Total parameters:     21364992
Trainable parameters: 101376 (0.474496%)
Frozen parameters:    21263616
========================================
===== LoRA Model Summary (Rank 0) ======
Total parameters:     60748800
Trainable parameters: 101376 (0.166877%)
Frozen parameters:    60647424
========================================
===== LoRA Model Summary (Rank 3) ======
Total parameters:     59963904
Trainable parameters: 101376 (0.169062%)
Frozen parameters:    59862528
========================================
E20260420 05:44:22.053263 139991439106048 main.cc:419] step    1/10 | train loss 5.219545 | lr 1.00e-04 | (417.59 ms | 12261 tok/s | peak used:  2683 MB | peak reserved:  2688 MB, DP=1, TP=1, SP=1, PP=4)
E20260420 05:44:22.404018 139991439106048 main.cc:419] step    2/10 | train loss 5.143067 | lr 1.00e-04 | (350.03 ms | 14627 tok/s | peak used:  2743 MB | peak reserved:  2784 MB, DP=1, TP=1, SP=1, PP=4)
E20260420 05:44:22.715830 139991439106048 main.cc:419] step    3/10 | train loss 5.074584 | lr 1.00e-04 | (311.76 ms | 16423 tok/s | peak used:  2803 MB | peak reserved:  2816 MB, DP=1, TP=1, SP=1, PP=4)
E20260420 05:44:23.036310 139991439106048 main.cc:419] step    4/10 | train loss 4.774490 | lr 1.00e-04 | (320.44 ms | 15978 tok/s | peak used:  2863 MB | peak reserved:  2880 MB, DP=1, TP=1, SP=1, PP=4)
E20260420 05:44:23.346509 139991439106048 main.cc:419] step    5/10 | train loss 4.900574 | lr 1.00e-04 | (310.16 ms | 16508 tok/s | peak used:  2923 MB | peak reserved:  2944 MB, DP=1, TP=1, SP=1, PP=4)
E20260420 05:44:23.656547 139991439106048 main.cc:419] step    6/10 | train loss 4.886542 | lr 1.00e-04 | (310.00 ms | 16516 tok/s | peak used:  2983 MB | peak reserved:  3008 MB, DP=1, TP=1, SP=1, PP=4)
E20260420 05:44:23.988917 139991439106048 main.cc:419] step    7/10 | train loss 4.977936 | lr 1.00e-04 | (332.31 ms | 15407 tok/s | peak used:  3043 MB | peak reserved:  3072 MB, DP=1, TP=1, SP=1, PP=4)
E20260420 05:44:24.292220 139991439106048 main.cc:419] step    8/10 | train loss 4.925617 | lr 1.00e-04 | (303.26 ms | 16883 tok/s | peak used:  3103 MB | peak reserved:  3136 MB, DP=1, TP=1, SP=1, PP=4)
E20260420 05:44:24.596780 139991439106048 main.cc:419] step    9/10 | train loss 4.957046 | lr 1.00e-04 | (304.52 ms | 16813 tok/s | peak used:  3163 MB | peak reserved:  3200 MB, DP=1, TP=1, SP=1, PP=4)
E20260420 05:44:24.904095 139991439106048 main.cc:419] step   10/10 | train loss 5.033356 | lr 1.00e-04 | (307.27 ms | 16663 tok/s | peak used:  3223 MB | peak reserved:  3264 MB, DP=1, TP=1, SP=1, PP=4)
