[LAST_CMAKE] cmake -DUSE_CUDA=ON -DUSE_NCCL=ON .. && make -j
[COMMAND] ./gpt2 --input_bin /data/shared/InfiniTrain-dev/data/llmc/gpt2/tinyshakespeare/tiny_shakespeare_train.bin --llmc_filepath /data/shared/InfiniTrain-dev/data/llmc/gpt2/gpt2_124M.bin --device cuda --dtype=bfloat16 --nthread_per_process=8 --num_iteration=10 --batch_size=10 --total_batch_size=5120 --lora_rank=8 --lora_alpha=16.0 --lora_target_modules=c_attn,attn.c_proj
===== LoRA Model Summary (Rank 7) ======
Total parameters:     163479552
Trainable parameters: 442368 (0.270595%)
Frozen parameters:    163037184
========================================
===== LoRA Model Summary (Rank 3) ======
Total parameters:     163479552
Trainable parameters: 442368 (0.270595%)
Frozen parameters:    163037184
========================================
===== LoRA Model Summary (Rank 5) ======
Total parameters:     163479552
Trainable parameters: 442368 (0.270595%)
Frozen parameters:    163037184
========================================
===== LoRA Model Summary (Rank 0) ======
Total parameters:     163479552
Trainable parameters: 442368 (0.270595%)
Frozen parameters:    163037184
========================================
===== LoRA Model Summary (Rank 1) ======
Total parameters:     163479552
Trainable parameters: 442368 (0.270595%)
Frozen parameters:    163037184
========================================
===== LoRA Model Summary (Rank 6) ======
Total parameters:     163479552
Trainable parameters: 442368 (0.270595%)
Frozen parameters:    163037184
========================================
===== LoRA Model Summary (Rank 4) ======
Total parameters:     163479552
Trainable parameters: 442368 (0.270595%)
Frozen parameters:    163037184
========================================
===== LoRA Model Summary (Rank 2) ======
Total parameters:     163479552
Trainable parameters: 442368 (0.270595%)
Frozen parameters:    163037184
========================================
E20260420 05:11:48.351685 140188806258688 main.cc:419] step    1/10 | train loss 5.213315 | lr 1.00e-04 | (371.88 ms | 13768 tok/s | peak used:  2610 MB | peak reserved:  2752 MB, DP=8, TP=1, SP=1, PP=1)
E20260420 05:11:48.501922 140188806258688 main.cc:419] step    2/10 | train loss 5.135671 | lr 1.00e-04 | (149.10 ms | 34339 tok/s | peak used:  2616 MB | peak reserved:  2912 MB, DP=8, TP=1, SP=1, PP=1)
E20260420 05:11:48.605805 140188806258688 main.cc:419] step    3/10 | train loss 5.072178 | lr 1.00e-04 | (103.84 ms | 49309 tok/s | peak used:  2616 MB | peak reserved:  3008 MB, DP=8, TP=1, SP=1, PP=1)
E20260420 05:11:48.694799 140188806258688 main.cc:419] step    4/10 | train loss 4.767311 | lr 1.00e-04 | (88.95 ms | 57561 tok/s | peak used:  2616 MB | peak reserved:  3072 MB, DP=8, TP=1, SP=1, PP=1)
E20260420 05:11:48.782159 140188806258688 main.cc:419] step    5/10 | train loss 4.896609 | lr 1.00e-04 | (87.31 ms | 58645 tok/s | peak used:  2616 MB | peak reserved:  3104 MB, DP=8, TP=1, SP=1, PP=1)
E20260420 05:11:48.864625 140188806258688 main.cc:419] step    6/10 | train loss 4.874359 | lr 1.00e-04 | (82.42 ms | 62118 tok/s | peak used:  2616 MB | peak reserved:  3104 MB, DP=8, TP=1, SP=1, PP=1)
E20260420 05:11:48.945964 140188806258688 main.cc:419] step    7/10 | train loss 4.968223 | lr 1.00e-04 | (81.29 ms | 62981 tok/s | peak used:  2616 MB | peak reserved:  3136 MB, DP=8, TP=1, SP=1, PP=1)
E20260420 05:11:49.025624 140188806258688 main.cc:419] step    8/10 | train loss 4.920205 | lr 1.00e-04 | (79.62 ms | 64309 tok/s | peak used:  2616 MB | peak reserved:  3200 MB, DP=8, TP=1, SP=1, PP=1)
E20260420 05:11:49.105973 140188806258688 main.cc:419] step    9/10 | train loss 4.959652 | lr 1.00e-04 | (80.31 ms | 63756 tok/s | peak used:  2616 MB | peak reserved:  3296 MB, DP=8, TP=1, SP=1, PP=1)
E20260420 05:11:49.185789 140188806258688 main.cc:419] step   10/10 | train loss 5.022832 | lr 1.00e-04 | (79.77 ms | 64184 tok/s | peak used:  2616 MB | peak reserved:  3360 MB, DP=8, TP=1, SP=1, PP=1)
