[LAST_CMAKE] cmake -DUSE_CUDA=ON -DUSE_NCCL=ON -DPROFILE_MODE=ON .. && make -j
[COMMAND] ./gpt2 --input_bin /data/shared/InfiniTrain-dev/data/llmc/gpt2/tinyshakespeare/tiny_shakespeare_train.bin --llmc_filepath /data/shared/InfiniTrain-dev/data/llmc/gpt2/gpt2_124M.bin --device cuda --dtype=bfloat16 --nthread_per_process=8 --num_iteration=10 --batch_size=40 --total_batch_size=5120 --tensor_parallel=4 --lora_rank=16 --lora_alpha=32.0 --lora_target_modules=c_attn,c_fc,c_proj
===== LoRA Model Summary (Rank 5) ======
Total parameters:     42441984
Trainable parameters: 1032192 (2.43201%)
Frozen parameters:    41409792
========================================
===== LoRA Model Summary (Rank 6) ======
Total parameters:     42441984
Trainable parameters: 1032192 (2.43201%)
Frozen parameters:    41409792
========================================
===== LoRA Model Summary (Rank 3) ======
Total parameters:     42441984
Trainable parameters: 1032192 (2.43201%)
Frozen parameters:    41409792
========================================
===== LoRA Model Summary (Rank 0) ======
Total parameters:     42441984
Trainable parameters: 1032192 (2.43201%)
Frozen parameters:    41409792
========================================
===== LoRA Model Summary (Rank 2) ======
Total parameters:     42441984
Trainable parameters: 1032192 (2.43201%)
Frozen parameters:    41409792
========================================
===== LoRA Model Summary (Rank 7) ======
Total parameters:     42441984
Trainable parameters: 1032192 (2.43201%)
Frozen parameters:    41409792
========================================
===== LoRA Model Summary (Rank 4) ======
Total parameters:     42441984
Trainable parameters: 1032192 (2.43201%)
Frozen parameters:    41409792
========================================
===== LoRA Model Summary (Rank 1) ======
Total parameters:     42441984
Trainable parameters: 1032192 (2.43201%)
Frozen parameters:    41409792
========================================
E20260420 05:40:43.729571 140347787157504 main.cc:419] step    1/10 | train loss 5.205599 | lr 1.00e-04 | (932.12 ms | 5493 tok/s | peak used:  2284 MB | peak reserved:  2336 MB, DP=2, TP=4, SP=1, PP=1)
E20260420 05:40:44.346082 140347787157504 main.cc:419] step    2/10 | train loss 5.136294 | lr 1.00e-04 | (615.65 ms | 8316 tok/s | peak used:  2284 MB | peak reserved:  2368 MB, DP=2, TP=4, SP=1, PP=1)
E20260420 05:40:44.931293 140347787157504 main.cc:419] step    3/10 | train loss 5.077436 | lr 1.00e-04 | (585.04 ms | 8751 tok/s | peak used:  2284 MB | peak reserved:  2368 MB, DP=2, TP=4, SP=1, PP=1)
E20260420 05:40:45.458970 140347787157504 main.cc:419] step    4/10 | train loss 4.768060 | lr 1.00e-04 | (527.53 ms | 9706 tok/s | peak used:  2284 MB | peak reserved:  2368 MB, DP=2, TP=4, SP=1, PP=1)
E20260420 05:40:46.017368 140347787157504 main.cc:419] step    5/10 | train loss 4.896373 | lr 1.00e-04 | (558.35 ms | 9170 tok/s | peak used:  2284 MB | peak reserved:  2368 MB, DP=2, TP=4, SP=1, PP=1)
E20260420 05:40:46.478303 140347787157504 main.cc:419] step    6/10 | train loss 4.874796 | lr 1.00e-04 | (460.89 ms | 11109 tok/s | peak used:  2284 MB | peak reserved:  2368 MB, DP=2, TP=4, SP=1, PP=1)
E20260420 05:40:46.957039 140347787157504 main.cc:419] step    7/10 | train loss 4.966947 | lr 1.00e-04 | (478.69 ms | 10696 tok/s | peak used:  2284 MB | peak reserved:  2368 MB, DP=2, TP=4, SP=1, PP=1)
E20260420 05:40:47.449179 140347787157504 main.cc:419] step    8/10 | train loss 4.919127 | lr 1.00e-04 | (492.10 ms | 10404 tok/s | peak used:  2284 MB | peak reserved:  2368 MB, DP=2, TP=4, SP=1, PP=1)
E20260420 05:40:48.036361 140347787157504 main.cc:419] step    9/10 | train loss 4.960824 | lr 1.00e-04 | (587.14 ms | 8720 tok/s | peak used:  2284 MB | peak reserved:  2368 MB, DP=2, TP=4, SP=1, PP=1)
E20260420 05:40:48.784820 140347787157504 main.cc:419] step   10/10 | train loss 5.025612 | lr 1.00e-04 | (748.40 ms | 6841 tok/s | peak used:  2284 MB | peak reserved:  2368 MB, DP=2, TP=4, SP=1, PP=1)
