[LAST_CMAKE] cmake -DUSE_CUDA=ON -DUSE_NCCL=ON -DPROFILE_MODE=ON .. && make -j
[COMMAND] ./gpt2 --input_bin /data/shared/InfiniTrain-dev/data/llmc/gpt2/tinyshakespeare/tiny_shakespeare_train.bin --llmc_filepath /data/shared/InfiniTrain-dev/data/llmc/gpt2/gpt2_124M.bin --device cuda --dtype=bfloat16 --nthread_per_process=8 --num_iteration=10 --batch_size=10 --total_batch_size=5120 --lora_rank=8 --lora_alpha=16.0 --lora_target_modules=c_attn,attn.c_proj
===== LoRA Model Summary (Rank 1) ======
Total parameters:     163479552
Trainable parameters: 442368 (0.270595%)
Frozen parameters:    163037184
========================================
===== LoRA Model Summary (Rank 4) ======
Total parameters:     163479552
Trainable parameters: 442368 (0.270595%)
Frozen parameters:    163037184
========================================
===== LoRA Model Summary (Rank 2) ======
Total parameters:     163479552
Trainable parameters: 442368 (0.270595%)
Frozen parameters:    163037184
========================================
===== LoRA Model Summary (Rank 0) ======
Total parameters:     163479552
Trainable parameters: 442368 (0.270595%)
Frozen parameters:    163037184
========================================
===== LoRA Model Summary (Rank 6) ======
Total parameters:     163479552
Trainable parameters: 442368 (0.270595%)
Frozen parameters:    163037184
========================================
===== LoRA Model Summary (Rank 5) ======
Total parameters:     163479552
Trainable parameters: 442368 (0.270595%)
Frozen parameters:    163037184
========================================
===== LoRA Model Summary (Rank 7) ======
Total parameters:     163479552
Trainable parameters: 442368 (0.270595%)
Frozen parameters:    163037184
========================================
===== LoRA Model Summary (Rank 3) ======
Total parameters:     163479552
Trainable parameters: 442368 (0.270595%)
Frozen parameters:    163037184
========================================
E20260420 05:38:44.395321 140048548732928 main.cc:419] step    1/10 | train loss 5.213315 | lr 1.00e-04 | (772.95 ms | 6624 tok/s | peak used:  2610 MB | peak reserved:  2656 MB, DP=8, TP=1, SP=1, PP=1)
E20260420 05:38:44.990579 140048548732928 main.cc:419] step    2/10 | train loss 5.135671 | lr 1.00e-04 | (594.55 ms | 8612 tok/s | peak used:  2616 MB | peak reserved:  2720 MB, DP=8, TP=1, SP=1, PP=1)
E20260420 05:38:45.573587 140048548732928 main.cc:419] step    3/10 | train loss 5.072178 | lr 1.00e-04 | (582.55 ms | 8789 tok/s | peak used:  2616 MB | peak reserved:  2720 MB, DP=8, TP=1, SP=1, PP=1)
E20260420 05:38:46.109612 140048548732928 main.cc:419] step    4/10 | train loss 4.767311 | lr 1.00e-04 | (535.88 ms | 9554 tok/s | peak used:  2616 MB | peak reserved:  2720 MB, DP=8, TP=1, SP=1, PP=1)
E20260420 05:38:46.625995 140048548732928 main.cc:419] step    5/10 | train loss 4.896609 | lr 1.00e-04 | (516.20 ms | 9919 tok/s | peak used:  2616 MB | peak reserved:  2720 MB, DP=8, TP=1, SP=1, PP=1)
E20260420 05:38:47.230919 140048548732928 main.cc:419] step    6/10 | train loss 4.874359 | lr 1.00e-04 | (604.77 ms | 8466 tok/s | peak used:  2616 MB | peak reserved:  2720 MB, DP=8, TP=1, SP=1, PP=1)
E20260420 05:38:47.774356 140048548732928 main.cc:419] step    7/10 | train loss 4.968223 | lr 1.00e-04 | (543.28 ms | 9424 tok/s | peak used:  2616 MB | peak reserved:  2720 MB, DP=8, TP=1, SP=1, PP=1)
E20260420 05:38:48.311464 140048548732928 main.cc:419] step    8/10 | train loss 4.920205 | lr 1.00e-04 | (536.98 ms | 9535 tok/s | peak used:  2616 MB | peak reserved:  2720 MB, DP=8, TP=1, SP=1, PP=1)
E20260420 05:38:48.852928 140048548732928 main.cc:419] step    9/10 | train loss 4.959652 | lr 1.00e-04 | (541.33 ms | 9458 tok/s | peak used:  2616 MB | peak reserved:  2720 MB, DP=8, TP=1, SP=1, PP=1)
E20260420 05:38:49.392025 140048548732928 main.cc:419] step   10/10 | train loss 5.022832 | lr 1.00e-04 | (538.98 ms | 9499 tok/s | peak used:  2616 MB | peak reserved:  2720 MB, DP=8, TP=1, SP=1, PP=1)
