[LAST_CMAKE] cmake -DUSE_CUDA=ON -DUSE_NCCL=ON -DPROFILE_MODE=ON .. && make -j
[COMMAND] ./gpt2 --input_bin /data/shared/InfiniTrain-dev/data/llmc/gpt2/tinyshakespeare/tiny_shakespeare_train.bin --llmc_filepath /data/shared/InfiniTrain-dev/data/llmc/gpt2/gpt2_124M.bin --device cuda --dtype=float32 --nthread_per_process=8 --num_iteration=10 --batch_size=10 --total_batch_size=5120 --lora_rank=8 --lora_alpha=16.0 --lora_target_modules=c_attn,attn.c_proj
===== LoRA Model Summary (Rank 6) ======
Total parameters:     163479552
Trainable parameters: 442368 (0.270595%)
Frozen parameters:    163037184
========================================
===== LoRA Model Summary (Rank 4) ======
Total parameters:     163479552
Trainable parameters: 442368 (0.270595%)
Frozen parameters:    163037184
========================================
===== LoRA Model Summary (Rank 1) ======
Total parameters:     163479552
Trainable parameters: 442368 (0.270595%)
Frozen parameters:    163037184
========================================
===== LoRA Model Summary (Rank 0) ======
Total parameters:     163479552
Trainable parameters: 442368 (0.270595%)
Frozen parameters:    163037184
========================================
===== LoRA Model Summary (Rank 5) ======
Total parameters:     163479552
Trainable parameters: 442368 (0.270595%)
Frozen parameters:    163037184
========================================
===== LoRA Model Summary (Rank 2) ======
Total parameters:     163479552
Trainable parameters: 442368 (0.270595%)
Frozen parameters:    163037184
========================================
===== LoRA Model Summary (Rank 7) ======
Total parameters:     163479552
Trainable parameters: 442368 (0.270595%)
Frozen parameters:    163037184
========================================
===== LoRA Model Summary (Rank 3) ======
Total parameters:     163479552
Trainable parameters: 442368 (0.270595%)
Frozen parameters:    163037184
========================================
E20260420 05:37:47.783168 140697491447808 main.cc:419] step    1/10 | train loss 5.219545 | lr 1.00e-04 | (367.19 ms | 13944 tok/s | peak used:  2671 MB | peak reserved:  2688 MB, DP=8, TP=1, SP=1, PP=1)
E20260420 05:37:48.158984 140697491447808 main.cc:419] step    2/10 | train loss 5.143064 | lr 1.00e-04 | (374.82 ms | 13660 tok/s | peak used:  2671 MB | peak reserved:  2688 MB, DP=8, TP=1, SP=1, PP=1)
E20260420 05:37:48.500306 140697491447808 main.cc:419] step    3/10 | train loss 5.074578 | lr 1.00e-04 | (341.24 ms | 15004 tok/s | peak used:  2671 MB | peak reserved:  2688 MB, DP=8, TP=1, SP=1, PP=1)
E20260420 05:37:48.852209 140697491447808 main.cc:419] step    4/10 | train loss 4.774478 | lr 1.00e-04 | (351.86 ms | 14551 tok/s | peak used:  2671 MB | peak reserved:  2688 MB, DP=8, TP=1, SP=1, PP=1)
E20260420 05:37:49.165683 140697491447808 main.cc:419] step    5/10 | train loss 4.900558 | lr 1.00e-04 | (313.42 ms | 16336 tok/s | peak used:  2671 MB | peak reserved:  2688 MB, DP=8, TP=1, SP=1, PP=1)
E20260420 05:37:49.420682 140697491447808 main.cc:419] step    6/10 | train loss 4.886523 | lr 1.00e-04 | (254.96 ms | 20082 tok/s | peak used:  2671 MB | peak reserved:  2688 MB, DP=8, TP=1, SP=1, PP=1)
E20260420 05:37:49.653129 140697491447808 main.cc:419] step    7/10 | train loss 4.977910 | lr 1.00e-04 | (232.40 ms | 22031 tok/s | peak used:  2671 MB | peak reserved:  2688 MB, DP=8, TP=1, SP=1, PP=1)
E20260420 05:37:49.963272 140697491447808 main.cc:419] step    8/10 | train loss 4.925584 | lr 1.00e-04 | (310.10 ms | 16511 tok/s | peak used:  2671 MB | peak reserved:  2688 MB, DP=8, TP=1, SP=1, PP=1)
E20260420 05:37:50.219586 140697491447808 main.cc:419] step    9/10 | train loss 4.957020 | lr 1.00e-04 | (256.27 ms | 19979 tok/s | peak used:  2671 MB | peak reserved:  2688 MB, DP=8, TP=1, SP=1, PP=1)
E20260420 05:37:50.448826 140697491447808 main.cc:419] step   10/10 | train loss 5.033316 | lr 1.00e-04 | (229.20 ms | 22339 tok/s | peak used:  2671 MB | peak reserved:  2688 MB, DP=8, TP=1, SP=1, PP=1)
