[LAST_CMAKE] cmake -DUSE_CUDA=ON -DUSE_NCCL=ON -DBUILD_TEST=OFF -DPROFILE_MODE=ON .. && make -j
[RUN_METADATA] /home/jiyiming/code/infiniTrain_test_Megaron_base/InfiniTrain/scripts/20260923/feat_add_Qwen3-8B_3ea4d93/logs/run_metadata.log
[RUN_STARTED_AT] 2026-09-23 02:20:16
[GIT_BRANCH] feat/add_Qwen3-8B
[GIT_COMMIT] 3ea4d9340078f51276f5e884f804185bf4046edc
[GIT_COMMIT_SHORT] 3ea4d93
[COMMAND] ./gpt2 --input_bin /data1/shared/InfiniTrain-dev/data/llmc/gpt2/tinyshakespeare/tiny_shakespeare_train.bin --llmc_filepath /data1/shared/InfiniTrain-dev/data/llmc/gpt2/gpt2_124M.bin --device cuda --dtype=bfloat16 --nthread_per_process=8 --num_iteration=10 --batch_size=40 --total_batch_size=5120 --tensor_parallel=4 --sequence_parallel=true --lora_rank=16 --lora_alpha=32.0 --lora_target_modules=attn.c_proj,c_fc,c_proj
===== LoRA Model Summary (Rank 2) ======
Total parameters:     42183936
Trainable parameters: 774144 (1.83516%)
Frozen parameters:    41409792
========================================
===== LoRA Model Summary (Rank 5) ======
Total parameters:     42183936
Trainable parameters: 774144 (1.83516%)
Frozen parameters:    41409792
========================================
===== LoRA Model Summary (Rank 6) ======
Total parameters:     42183936
Trainable parameters: 774144 (1.83516%)
Frozen parameters:    41409792
========================================
===== LoRA Model Summary (Rank 3) ======
Total parameters:     42183936
Trainable parameters: 774144 (1.83516%)
Frozen parameters:    41409792
========================================
===== LoRA Model Summary (Rank 7) ======
Total parameters:     42183936
Trainable parameters: 774144 (1.83516%)
Frozen parameters:    41409792
========================================
===== LoRA Model Summary (Rank 1) ======
Total parameters:     42183936
Trainable parameters: 774144 (1.83516%)
Frozen parameters:    41409792
========================================
===== LoRA Model Summary (Rank 0) ======
Total parameters:     42183936
Trainable parameters: 774144 (1.83516%)
Frozen parameters:    41409792
========================================
===== LoRA Model Summary (Rank 4) ======
Total parameters:     42183936
Trainable parameters: 774144 (1.83516%)
Frozen parameters:    41409792
========================================
E20260923 04:06:00.305464 139856818708480 main.cc:547] step    1/10 | train loss 5.206748 | lr 1.00e-04 | (808.56 ms | 6332 tok/s | peak used:  1641 MB | peak reserved:  1696 MB, DP=2, TP=4, SP=4, PP=1)
E20260923 04:06:00.711422 139856818708480 main.cc:547] step    2/10 | train loss 5.138315 | lr 1.00e-04 | (405.20 ms | 12636 tok/s | peak used:  1699 MB | peak reserved:  1760 MB, DP=2, TP=4, SP=4, PP=1)
E20260923 04:06:01.153783 139856818708480 main.cc:547] step    3/10 | train loss 5.070421 | lr 1.00e-04 | (442.30 ms | 11576 tok/s | peak used:  1699 MB | peak reserved:  1760 MB, DP=2, TP=4, SP=4, PP=1)
E20260923 04:06:01.582347 139856818708480 main.cc:547] step    4/10 | train loss 4.770267 | lr 1.00e-04 | (428.49 ms | 11949 tok/s | peak used:  1699 MB | peak reserved:  1760 MB, DP=2, TP=4, SP=4, PP=1)
E20260923 04:06:02.020298 139856818708480 main.cc:547] step    5/10 | train loss 4.899646 | lr 1.00e-04 | (437.90 ms | 11692 tok/s | peak used:  1699 MB | peak reserved:  1760 MB, DP=2, TP=4, SP=4, PP=1)
E20260923 04:06:02.434851 139856818708480 main.cc:547] step    6/10 | train loss 4.873663 | lr 1.00e-04 | (414.50 ms | 12352 tok/s | peak used:  1699 MB | peak reserved:  1760 MB, DP=2, TP=4, SP=4, PP=1)
E20260923 04:06:02.835459 139856818708480 main.cc:547] step    7/10 | train loss 4.963442 | lr 1.00e-04 | (400.54 ms | 12783 tok/s | peak used:  1699 MB | peak reserved:  1760 MB, DP=2, TP=4, SP=4, PP=1)
E20260923 04:06:03.269455 139856818708480 main.cc:547] step    8/10 | train loss 4.918138 | lr 1.00e-04 | (433.94 ms | 11799 tok/s | peak used:  1699 MB | peak reserved:  1760 MB, DP=2, TP=4, SP=4, PP=1)
E20260923 04:06:03.684237 139856818708480 main.cc:547] step    9/10 | train loss 4.958781 | lr 1.00e-04 | (414.73 ms | 12346 tok/s | peak used:  1699 MB | peak reserved:  1760 MB, DP=2, TP=4, SP=4, PP=1)
E20260923 04:06:04.074660 139856818708480 main.cc:547] step   10/10 | train loss 5.017825 | lr 1.00e-04 | (390.35 ms | 13116 tok/s | peak used:  1699 MB | peak reserved:  1760 MB, DP=2, TP=4, SP=4, PP=1)
