[LAST_CMAKE] cmake -DUSE_CUDA=ON -DUSE_NCCL=ON -DBUILD_TEST=OFF -DPROFILE_MODE=ON .. && make -j
[RUN_METADATA] /home/jiyiming/code/infiniTrain_test_Megaron_base/InfiniTrain/scripts/20260923/feat_add_Qwen3-8B_3ea4d93/logs/run_metadata.log
[RUN_STARTED_AT] 2026-09-23 02:20:16
[GIT_BRANCH] feat/add_Qwen3-8B
[GIT_COMMIT] 3ea4d9340078f51276f5e884f804185bf4046edc
[GIT_COMMIT_SHORT] 3ea4d93
[COMMAND] ./gpt2 --input_bin /data1/shared/InfiniTrain-dev/data/llmc/gpt2/tinyshakespeare/tiny_shakespeare_train.bin --llmc_filepath /data1/shared/InfiniTrain-dev/data/llmc/gpt2/gpt2_124M.bin --device cuda --dtype=float32 --nthread_per_process=8 --num_iteration=10 --batch_size=40 --total_batch_size=5120 --tensor_parallel=4 --lora_rank=8 --lora_alpha=16.0 --lora_target_modules=c_attn,attn.c_proj --lora_load_path=/data1/shared/InfiniTrain-dev/data/llmc/gpt2/gpt2_124M_lora_weights_rank8_alpha16.bin
===== LoRA Model Summary (Rank 1) ======
Total parameters:     41630976
Trainable parameters: 221184 (0.531297%)
Frozen parameters:    41409792
========================================
===== LoRA Model Summary (Rank 2) ======
Total parameters:     41630976
Trainable parameters: 221184 (0.531297%)
Frozen parameters:    41409792
========================================
===== LoRA Model Summary (Rank 3) ======
Total parameters:     41630976
Trainable parameters: 221184 (0.531297%)
Frozen parameters:    41409792
========================================
===== LoRA Model Summary (Rank 0) ======
Total parameters:     41630976
Trainable parameters: 221184 (0.531297%)
Frozen parameters:    41409792
========================================
===== LoRA Model Summary (Rank 7) ======
Total parameters:     41630976
Trainable parameters: 221184 (0.531297%)
Frozen parameters:    41409792
========================================
===== LoRA Model Summary (Rank 6) ======
Total parameters:     41630976
Trainable parameters: 221184 (0.531297%)
Frozen parameters:    41409792
========================================
===== LoRA Model Summary (Rank 5) ======
Total parameters:     41630976
Trainable parameters: 221184 (0.531297%)
Frozen parameters:    41409792
========================================
===== LoRA Model Summary (Rank 4) ======
Total parameters:     41630976
Trainable parameters: 221184 (0.531297%)
Frozen parameters:    41409792
========================================
E20260923 04:03:40.977980 139998821064704 main.cc:547] step    1/10 | train loss 5.219545 | lr 1.00e-04 | (611.52 ms | 8373 tok/s | peak used:  1792 MB | peak reserved:  1856 MB, DP=2, TP=4, SP=1, PP=1)
E20260923 04:03:41.313364 139998821064704 main.cc:547] step    2/10 | train loss 5.143064 | lr 1.00e-04 | (334.76 ms | 15295 tok/s | peak used:  1792 MB | peak reserved:  1856 MB, DP=2, TP=4, SP=1, PP=1)
E20260923 04:03:41.675550 139998821064704 main.cc:547] step    3/10 | train loss 5.074579 | lr 1.00e-04 | (362.11 ms | 14139 tok/s | peak used:  1792 MB | peak reserved:  1856 MB, DP=2, TP=4, SP=1, PP=1)
E20260923 04:03:42.007922 139998821064704 main.cc:547] step    4/10 | train loss 4.774480 | lr 1.00e-04 | (332.31 ms | 15407 tok/s | peak used:  1792 MB | peak reserved:  1856 MB, DP=2, TP=4, SP=1, PP=1)
E20260923 04:03:42.289947 139998821064704 main.cc:547] step    5/10 | train loss 4.900561 | lr 1.00e-04 | (281.92 ms | 18161 tok/s | peak used:  1792 MB | peak reserved:  1856 MB, DP=2, TP=4, SP=1, PP=1)
E20260923 04:03:42.563422 139998821064704 main.cc:547] step    6/10 | train loss 4.886528 | lr 1.00e-04 | (273.41 ms | 18726 tok/s | peak used:  1792 MB | peak reserved:  1856 MB, DP=2, TP=4, SP=1, PP=1)
E20260923 04:03:42.921853 139998821064704 main.cc:547] step    7/10 | train loss 4.977918 | lr 1.00e-04 | (358.38 ms | 14286 tok/s | peak used:  1792 MB | peak reserved:  1856 MB, DP=2, TP=4, SP=1, PP=1)
E20260923 04:03:43.222278 139998821064704 main.cc:547] step    8/10 | train loss 4.925590 | lr 1.00e-04 | (300.36 ms | 17046 tok/s | peak used:  1792 MB | peak reserved:  1856 MB, DP=2, TP=4, SP=1, PP=1)
E20260923 04:03:43.498725 139998821064704 main.cc:547] step    9/10 | train loss 4.957023 | lr 1.00e-04 | (276.39 ms | 18524 tok/s | peak used:  1792 MB | peak reserved:  1856 MB, DP=2, TP=4, SP=1, PP=1)
E20260923 04:03:43.797049 139998821064704 main.cc:547] step   10/10 | train loss 5.033327 | lr 1.00e-04 | (298.25 ms | 17167 tok/s | peak used:  1792 MB | peak reserved:  1856 MB, DP=2, TP=4, SP=1, PP=1)
