[LAST_CMAKE] cmake -DUSE_CUDA=ON -DUSE_NCCL=ON -DBUILD_TEST=ON -DPROFILE_MODE=OFF .. && make -j
[RUN_METADATA] /home/jiyiming/code/infiniTrain_test_Megaron_base/InfiniTrain/scripts/20260923/feat_add_Qwen3-8B_3ea4d93/logs/run_metadata.log
[RUN_STARTED_AT] 2026-09-23 02:20:16
[GIT_BRANCH] feat/add_Qwen3-8B
[GIT_COMMIT] 3ea4d9340078f51276f5e884f804185bf4046edc
[GIT_COMMIT_SHORT] 3ea4d93
[COMMAND] ./gpt2 --input_bin /data1/shared/InfiniTrain-dev/data/llmc/gpt2/tinyshakespeare/tiny_shakespeare_train.bin --llmc_filepath /data1/shared/InfiniTrain-dev/data/llmc/gpt2/gpt2_124M.bin --device cuda --dtype=float32 --nthread_per_process=8 --num_iteration=10 --batch_size=10 --total_batch_size=5120 --pipeline_parallel=8 --lora_rank=4 --lora_alpha=8.0 --lora_target_modules=c_attn,attn.c_proj,c_fc
===== LoRA Model Summary (Rank 5) ======
Total parameters:     7121664
Trainable parameters: 33792 (0.474496%)
Frozen parameters:    7087872
========================================
===== LoRA Model Summary (Rank 6) ======
Total parameters:     7121664
Trainable parameters: 33792 (0.474496%)
Frozen parameters:    7087872
===== LoRA Model Summary (Rank 4) ==============================================

Total parameters:     7121664
Trainable parameters: 33792 (0.474496%)
Frozen parameters:    7087872
========================================
===== LoRA Model Summary (Rank 1) ======
Total parameters:     14243328
Trainable parameters: 67584 (0.474496%)
Frozen parameters:    14175744
========================================
===== LoRA Model Summary (Rank 2) ======
Total parameters:     14243328
Trainable parameters: 67584 (0.474496%)
Frozen parameters:    14175744
========================================
===== LoRA Model Summary (Rank 3) ======
Total parameters:     14243328
Trainable parameters: 67584 (0.474496%)
Frozen parameters:    14175744
========================================
===== LoRA Model Summary (Rank 0) ======
Total parameters:     53627136
Trainable parameters: 67584 (0.126026%)
Frozen parameters:    53559552
========================================
===== LoRA Model Summary (Rank 7) ======
Total parameters:     45720576
Trainable parameters: 33792 (0.0739098%)
Frozen parameters:    45686784
========================================
E20260923 02:53:48.168130 139756088303616 main.cc:547] step    1/10 | train loss 5.219545 | lr 1.00e-04 | (644.27 ms | 7947 tok/s | peak used:  1339 MB | peak reserved:  1632 MB, DP=1, TP=1, SP=1, PP=8)
E20260923 02:53:48.449300 139756088303616 main.cc:547] step    2/10 | train loss 5.143064 | lr 1.00e-04 | (280.78 ms | 18235 tok/s | peak used:  1339 MB | peak reserved:  1664 MB, DP=1, TP=1, SP=1, PP=8)
E20260923 02:53:48.576958 139756088303616 main.cc:547] step    3/10 | train loss 5.074578 | lr 1.00e-04 | (127.57 ms | 40136 tok/s | peak used:  1339 MB | peak reserved:  1664 MB, DP=1, TP=1, SP=1, PP=8)
E20260923 02:53:48.697103 139756088303616 main.cc:547] step    4/10 | train loss 4.774479 | lr 1.00e-04 | (120.08 ms | 42637 tok/s | peak used:  1339 MB | peak reserved:  1696 MB, DP=1, TP=1, SP=1, PP=8)
E20260923 02:53:48.822179 139756088303616 main.cc:547] step    5/10 | train loss 4.900562 | lr 1.00e-04 | (125.02 ms | 40952 tok/s | peak used:  1339 MB | peak reserved:  1696 MB, DP=1, TP=1, SP=1, PP=8)
E20260923 02:53:48.948306 139756088303616 main.cc:547] step    6/10 | train loss 4.886525 | lr 1.00e-04 | (126.08 ms | 40610 tok/s | peak used:  1339 MB | peak reserved:  1696 MB, DP=1, TP=1, SP=1, PP=8)
E20260923 02:53:49.082895 139756088303616 main.cc:547] step    7/10 | train loss 4.977913 | lr 1.00e-04 | (134.54 ms | 38056 tok/s | peak used:  1339 MB | peak reserved:  1696 MB, DP=1, TP=1, SP=1, PP=8)
E20260923 02:53:49.215708 139756088303616 main.cc:547] step    8/10 | train loss 4.925584 | lr 1.00e-04 | (132.75 ms | 38568 tok/s | peak used:  1339 MB | peak reserved:  1696 MB, DP=1, TP=1, SP=1, PP=8)
E20260923 02:53:49.347103 139756088303616 main.cc:547] step    9/10 | train loss 4.957020 | lr 1.00e-04 | (131.34 ms | 38984 tok/s | peak used:  1339 MB | peak reserved:  1696 MB, DP=1, TP=1, SP=1, PP=8)
E20260923 02:53:49.472767 139756088303616 main.cc:547] step   10/10 | train loss 5.033323 | lr 1.00e-04 | (125.61 ms | 40762 tok/s | peak used:  1339 MB | peak reserved:  1696 MB, DP=1, TP=1, SP=1, PP=8)
