[LAST_CMAKE] cmake -DUSE_CUDA=ON -DUSE_NCCL=ON -DBUILD_TEST=ON -DPROFILE_MODE=OFF .. && make -j
[RUN_METADATA] /home/jiyiming/code/infiniTrain_test_Megaron_base/InfiniTrain/scripts/20260923/feat_add_Qwen3-8B_3ea4d93/logs/run_metadata.log
[RUN_STARTED_AT] 2026-09-23 02:20:16
[GIT_BRANCH] feat/add_Qwen3-8B
[GIT_COMMIT] 3ea4d9340078f51276f5e884f804185bf4046edc
[GIT_COMMIT_SHORT] 3ea4d93
[COMMAND] ./gpt2 --input_bin /data1/shared/InfiniTrain-dev/data/llmc/gpt2/tinyshakespeare/tiny_shakespeare_train.bin --llmc_filepath /data1/shared/InfiniTrain-dev/data/llmc/gpt2/gpt2_124M.bin --device cuda --dtype=float32 --num_iteration=10 --batch_size=80 --total_batch_size=5120 --lora_rank=8 --lora_alpha=16.0 --lora_target_modules=c_attn,attn.c_proj --lora_load_path=/data1/shared/InfiniTrain-dev/data/llmc/gpt2/gpt2_124M_lora_weights_rank8_alpha16.bin
===== LoRA Model Summary (Rank 0) ======
Total parameters:     163479552
Trainable parameters: 442368 (0.270595%)
Frozen parameters:    163037184
========================================
E20260923 02:48:49.494846 139681201115136 main.cc:547] step    1/10 | train loss 5.219541 | lr 1.00e-04 | (346.95 ms | 14757 tok/s | peak used:  7514 MB | peak reserved:  7904 MB, DP=1, TP=1, SP=1, PP=1)
E20260923 02:48:49.719661 139681201115136 main.cc:547] step    2/10 | train loss 5.143070 | lr 1.00e-04 | (224.34 ms | 22822 tok/s | peak used:  7514 MB | peak reserved:  7968 MB, DP=1, TP=1, SP=1, PP=1)
E20260923 02:48:49.963924 139681201115136 main.cc:547] step    3/10 | train loss 5.074582 | lr 1.00e-04 | (244.22 ms | 20965 tok/s | peak used:  7514 MB | peak reserved:  8064 MB, DP=1, TP=1, SP=1, PP=1)
E20260923 02:48:50.188636 139681201115136 main.cc:547] step    4/10 | train loss 4.774476 | lr 1.00e-04 | (224.67 ms | 22789 tok/s | peak used:  7514 MB | peak reserved:  8224 MB, DP=1, TP=1, SP=1, PP=1)
E20260923 02:48:50.413367 139681201115136 main.cc:547] step    5/10 | train loss 4.900559 | lr 1.00e-04 | (224.69 ms | 22787 tok/s | peak used:  7514 MB | peak reserved:  8320 MB, DP=1, TP=1, SP=1, PP=1)
E20260923 02:48:50.655896 139681201115136 main.cc:547] step    6/10 | train loss 4.886520 | lr 1.00e-04 | (242.49 ms | 21114 tok/s | peak used:  7514 MB | peak reserved:  8416 MB, DP=1, TP=1, SP=1, PP=1)
E20260923 02:48:50.880501 139681201115136 main.cc:547] step    7/10 | train loss 4.977927 | lr 1.00e-04 | (224.57 ms | 22799 tok/s | peak used:  7514 MB | peak reserved:  8544 MB, DP=1, TP=1, SP=1, PP=1)
E20260923 02:48:51.121985 139681201115136 main.cc:547] step    8/10 | train loss 4.925592 | lr 1.00e-04 | (241.44 ms | 21206 tok/s | peak used:  7514 MB | peak reserved:  8640 MB, DP=1, TP=1, SP=1, PP=1)
E20260923 02:48:51.362269 139681201115136 main.cc:547] step    9/10 | train loss 4.957020 | lr 1.00e-04 | (240.24 ms | 21312 tok/s | peak used:  7514 MB | peak reserved:  8736 MB, DP=1, TP=1, SP=1, PP=1)
E20260923 02:48:51.586908 139681201115136 main.cc:547] step   10/10 | train loss 5.033314 | lr 1.00e-04 | (224.60 ms | 22796 tok/s | peak used:  7514 MB | peak reserved:  8864 MB, DP=1, TP=1, SP=1, PP=1)
