[LAST_CMAKE] cmake -DUSE_CUDA=ON -DUSE_NCCL=ON -DBUILD_TEST=ON -DPROFILE_MODE=OFF .. && make -j
[RUN_METADATA] /home/jiyiming/code/infiniTrain_test_Megaron_base/InfiniTrain/scripts/20260923/feat_add_Qwen3-8B_3ea4d93/logs/run_metadata.log
[RUN_STARTED_AT] 2026-09-23 02:20:16
[GIT_BRANCH] feat/add_Qwen3-8B
[GIT_COMMIT] 3ea4d9340078f51276f5e884f804185bf4046edc
[GIT_COMMIT_SHORT] 3ea4d93
[COMMAND] ./gpt2 --input_bin /data1/shared/InfiniTrain-dev/data/llmc/gpt2/tinyshakespeare/tiny_shakespeare_train.bin --llmc_filepath /data1/shared/InfiniTrain-dev/data/llmc/gpt2/gpt2_124M.bin --device cuda --dtype=bfloat16 --num_iteration=10 --batch_size=80 --total_batch_size=5120 --lora_rank=8 --lora_alpha=16.0 --lora_target_modules=c_attn,attn.c_proj --lora_load_path=/data1/shared/InfiniTrain-dev/data/llmc/gpt2/gpt2_124M_lora_weights_rank8_alpha16.bin
===== LoRA Model Summary (Rank 0) ======
Total parameters:     163479552
Trainable parameters: 442368 (0.270595%)
Frozen parameters:    163037184
========================================
E20260923 02:49:34.446684 140000897052672 main.cc:547] step    1/10 | train loss 5.213314 | lr 1.00e-04 | (300.71 ms | 17026 tok/s | peak used:  7051 MB | peak reserved:  7392 MB, DP=1, TP=1, SP=1, PP=1)
E20260923 02:49:34.576336 140000897052672 main.cc:547] step    2/10 | train loss 5.136970 | lr 1.00e-04 | (129.12 ms | 39653 tok/s | peak used:  7051 MB | peak reserved:  7584 MB, DP=1, TP=1, SP=1, PP=1)
E20260923 02:49:34.696815 140000897052672 main.cc:547] step    3/10 | train loss 5.070586 | lr 1.00e-04 | (120.43 ms | 42514 tok/s | peak used:  7051 MB | peak reserved:  7776 MB, DP=1, TP=1, SP=1, PP=1)
E20260923 02:49:34.812539 140000897052672 main.cc:547] step    4/10 | train loss 4.766680 | lr 1.00e-04 | (115.68 ms | 44258 tok/s | peak used:  7051 MB | peak reserved:  7968 MB, DP=1, TP=1, SP=1, PP=1)
E20260923 02:49:34.924755 140000897052672 main.cc:547] step    5/10 | train loss 4.895496 | lr 1.00e-04 | (112.18 ms | 45642 tok/s | peak used:  7051 MB | peak reserved:  8032 MB, DP=1, TP=1, SP=1, PP=1)
E20260923 02:49:35.036859 140000897052672 main.cc:547] step    6/10 | train loss 4.876322 | lr 1.00e-04 | (112.06 ms | 45688 tok/s | peak used:  7051 MB | peak reserved:  8128 MB, DP=1, TP=1, SP=1, PP=1)
E20260923 02:49:35.166439 140000897052672 main.cc:547] step    7/10 | train loss 4.965820 | lr 1.00e-04 | (129.54 ms | 39524 tok/s | peak used:  7051 MB | peak reserved:  8256 MB, DP=1, TP=1, SP=1, PP=1)
E20260923 02:49:35.289402 140000897052672 main.cc:547] step    8/10 | train loss 4.913653 | lr 1.00e-04 | (122.92 ms | 41652 tok/s | peak used:  7051 MB | peak reserved:  8384 MB, DP=1, TP=1, SP=1, PP=1)
E20260923 02:49:35.406095 140000897052672 main.cc:547] step    9/10 | train loss 4.955267 | lr 1.00e-04 | (116.65 ms | 43891 tok/s | peak used:  7051 MB | peak reserved:  8416 MB, DP=1, TP=1, SP=1, PP=1)
E20260923 02:49:35.518267 140000897052672 main.cc:547] step   10/10 | train loss 5.023675 | lr 1.00e-04 | (112.13 ms | 45660 tok/s | peak used:  7051 MB | peak reserved:  8576 MB, DP=1, TP=1, SP=1, PP=1)
