[LAST_CMAKE] cmake -DUSE_CUDA=ON -DUSE_NCCL=ON -DBUILD_TEST=ON -DPROFILE_MODE=OFF .. && make -j
[RUN_METADATA] /home/jiyiming/code/infiniTrain_test_Megaron_base/InfiniTrain/scripts/20260923/feat_add_Qwen3-8B_3ea4d93/logs/run_metadata.log
[RUN_STARTED_AT] 2026-09-23 02:20:16
[GIT_BRANCH] feat/add_Qwen3-8B
[GIT_COMMIT] 3ea4d9340078f51276f5e884f804185bf4046edc
[GIT_COMMIT_SHORT] 3ea4d93
[COMMAND] ./gpt2 --input_bin /data1/shared/InfiniTrain-dev/data/llmc/gpt2/tinyshakespeare/tiny_shakespeare_train.bin --llmc_filepath /data1/shared/InfiniTrain-dev/data/llmc/gpt2/gpt2_124M.bin --device cuda --dtype=float32 --nthread_per_process=4 --num_iteration=10 --batch_size=10 --total_batch_size=5120 --pipeline_parallel=4 --virtual_pipeline_parallel=2 --lora_rank=4 --lora_alpha=8.0 --lora_target_modules=c_attn,c_proj
===== LoRA Model Summary (Rank 1) ======
Total parameters:     21364992
Trainable parameters: 101376 (===== LoRA Model Summary (Rank 2) ======
Total parameters:     21364992
Trainable parameters: 101376 (0.474496%)
0.474496Frozen parameters:    21263616
========================================
%)
Frozen parameters:    21263616
========================================
===== LoRA Model Summary (Rank 0) ======
Total parameters:     60748800
Trainable parameters: 101376 (0.166877%)
Frozen parameters:    60647424
========================================
===== LoRA Model Summary (Rank 3) ======
Total parameters:     59963904
Trainable parameters: 101376 (0.169062%)
Frozen parameters:    59862528
========================================
E20260923 02:54:41.576185 140155117625344 main.cc:547] step    1/10 | train loss 5.219545 | lr 1.00e-04 | (470.57 ms | 10880 tok/s | peak used:  1887 MB | peak reserved:  2304 MB, DP=1, TP=1, SP=1, PP=4)
E20260923 02:54:41.721635 140155117625344 main.cc:547] step    2/10 | train loss 5.143067 | lr 1.00e-04 | (144.99 ms | 35313 tok/s | peak used:  1887 MB | peak reserved:  2560 MB, DP=1, TP=1, SP=1, PP=4)
E20260923 02:54:41.874618 140155117625344 main.cc:547] step    3/10 | train loss 5.074584 | lr 1.00e-04 | (152.93 ms | 33480 tok/s | peak used:  1887 MB | peak reserved:  2624 MB, DP=1, TP=1, SP=1, PP=4)
E20260923 02:54:42.017620 140155117625344 main.cc:547] step    4/10 | train loss 4.774490 | lr 1.00e-04 | (142.95 ms | 35817 tok/s | peak used:  1887 MB | peak reserved:  2752 MB, DP=1, TP=1, SP=1, PP=4)
E20260923 02:54:42.158106 140155117625344 main.cc:547] step    5/10 | train loss 4.900573 | lr 1.00e-04 | (140.44 ms | 36458 tok/s | peak used:  1887 MB | peak reserved:  2752 MB, DP=1, TP=1, SP=1, PP=4)
E20260923 02:54:42.299620 140155117625344 main.cc:547] step    6/10 | train loss 4.886542 | lr 1.00e-04 | (141.47 ms | 36193 tok/s | peak used:  1887 MB | peak reserved:  2752 MB, DP=1, TP=1, SP=1, PP=4)
E20260923 02:54:42.450736 140155117625344 main.cc:547] step    7/10 | train loss 4.977935 | lr 1.00e-04 | (151.07 ms | 33892 tok/s | peak used:  1887 MB | peak reserved:  2752 MB, DP=1, TP=1, SP=1, PP=4)
E20260923 02:54:42.598428 140155117625344 main.cc:547] step    8/10 | train loss 4.925616 | lr 1.00e-04 | (147.64 ms | 34678 tok/s | peak used:  1887 MB | peak reserved:  2752 MB, DP=1, TP=1, SP=1, PP=4)
E20260923 02:54:42.741097 140155117625344 main.cc:547] step    9/10 | train loss 4.957046 | lr 1.00e-04 | (142.62 ms | 35899 tok/s | peak used:  1887 MB | peak reserved:  2752 MB, DP=1, TP=1, SP=1, PP=4)
E20260923 02:54:42.881404 140155117625344 main.cc:547] step   10/10 | train loss 5.033356 | lr 1.00e-04 | (140.25 ms | 36505 tok/s | peak used:  1887 MB | peak reserved:  2752 MB, DP=1, TP=1, SP=1, PP=4)
