==========================================
Running: qwen3_tp8_fp32 (float32, 8 GPU(s))
==========================================
 [2026-09-24 05:12:21.185653] iteration        1/      10 | consumed samples:            1 | elapsed time per iteration (ms): 29796.0 | learning rate: 1.000000E-05 | global batch size:     1 | lm loss: 4.204565E+00 | loss scale: 1.0 | grad norm: 65.073 | number of skipped iterations:   0 | number of nan iterations:   0 |
 [2026-09-24 05:12:21.412469] iteration        2/      10 | consumed samples:            2 | elapsed time per iteration (ms): 15011.4 | learning rate: 1.000000E-05 | global batch size:     1 | lm loss: 3.895760E+00 | loss scale: 1.0 | grad norm: 40.015 | number of skipped iterations:   0 | number of nan iterations:   0 |Number of parameters in embedding layers in billions: 1.24
 [2026-09-24 05:12:21.615172] iteration        3/      10 | consumed samples:            3 | elapsed time per iteration (ms): 202.6 | learning rate: 1.000000E-05 | global batch size:     1 | lm loss: 3.424283E+00 | loss scale: 1.0 | grad norm: 40.176 | number of skipped iterations:   0 | number of nan iterations:   0 |
 [2026-09-24 05:12:21.811484] iteration        4/      10 | consumed samples:            4 | elapsed time per iteration (ms): 196.2 | learning rate: 1.000000E-05 | global batch size:     1 | lm loss: 4.153154E+00 | loss scale: 1.0 | grad norm: 35.438 | number of skipped iterations:   0 | number of nan iterations:   0 |
 [2026-09-24 05:12:22.009273] iteration        5/      10 | consumed samples:            5 | elapsed time per iteration (ms): 197.7 | learning rate: 1.000000E-05 | global batch size:     1 | lm loss: 4.069364E+00 | loss scale: 1.0 | grad norm: 37.412 | number of skipped iterations:   0 | number of nan iterations:   0 |
 [2026-09-24 05:12:22.201640] iteration        6/      10 | consumed samples:            6 | elapsed time per iteration (ms): 192.3 | learning rate: 1.000000E-05 | global batch size:     1 | lm loss: 4.010425E+00 | loss scale: 1.0 | grad norm: 28.376 | number of skipped iterations:   0 | number of nan iterations:   0 |
 [2026-09-24 05:12:22.397338] iteration        7/      10 | consumed samples:            7 | elapsed time per iteration (ms): 195.6 | learning rate: 1.000000E-05 | global batch size:     1 | lm loss: 3.640423E+00 | loss scale: 1.0 | grad norm: 31.465 | number of skipped iterations:   0 | number of nan iterations:   0 |
 [2026-09-24 05:12:22.593451] iteration        8/      10 | consumed samples:            8 | elapsed time per iteration (ms): 196.0 | learning rate: 1.000000E-05 | global batch size:     1 | lm loss: 3.953964E+00 | loss scale: 1.0 | grad norm: 32.253 | number of skipped iterations:   0 | number of nan iterations:   0 |
 [2026-09-24 05:12:22.787260] iteration        9/      10 | consumed samples:            9 | elapsed time per iteration (ms): 193.7 | learning rate: 1.000000E-05 | global batch size:     1 | lm loss: 3.489773E+00 | loss scale: 1.0 | grad norm: 28.416 | number of skipped iterations:   0 | number of nan iterations:   0 |
 [2026-09-24 05:12:22.985401] iteration       10/      10 | consumed samples:           10 | elapsed time per iteration (ms): 198.1 | learning rate: 1.000000E-05 | global batch size:     1 | lm loss: 3.389602E+00 | loss scale: 1.0 | grad norm: 29.995 | number of skipped iterations:   0 | number of nan iterations:   0 |
==========================================
Running: qwen3_tp8_bfloat16 (autocast_bfloat16, 8 GPU(s))
==========================================
 [2026-09-24 05:13:51.667415] iteration        1/      10 | consumed samples:            1 | elapsed time per iteration (ms): 31762.4 | learning rate: 1.000000E-05 | global batch size:     1 | lm loss: 4.214104E+00 | loss scale: 1.0 | grad norm: 65.054 | number of skipped iterations:   0 | number of nan iterations:   0 |
 [2026-09-24 05:13:51.929431] iteration        2/      10 | consumed samples:            2 | elapsed time per iteration (ms): 16012.2 | learning rate: 1.000000E-05 | global batch size:     1 | lm loss: 3.924291E+00 | loss scale: 1.0 | grad norm: 39.309 | number of skipped iterations:   0 | number of nan iterations:   0 |
 [2026-09-24 05:13:52.178378] iteration        3/      10 | consumed samples:            3 | elapsed time per iteration (ms): 248.9 | learning rate: 1.000000E-05 | global batch size:     1 | lm loss: 3.447591E+00 | loss scale: 1.0 | grad norm: 41.575 | number of skipped iterations:   0 | number of nan iterations:   0 |
 [2026-09-24 05:13:52.418033] iteration        4/      10 | consumed samples:            4 | elapsed time per iteration (ms): 239.6 | learning rate: 1.000000E-05 | global batch size:     1 | lm loss: 4.466125E+00 | loss scale: 1.0 | grad norm: 40.965 | number of skipped iterations:   0 | number of nan iterations:   0 |
 [2026-09-24 05:13:52.656437] iteration        5/      10 | consumed samples:            5 | elapsed time per iteration (ms): 238.3 | learning rate: 1.000000E-05 | global batch size:     1 | lm loss: 4.011851E+00 | loss scale: 1.0 | grad norm: 38.677 | number of skipped iterations:   0 | number of nan iterations:   0 |
 [2026-09-24 05:13:52.892647] iteration        6/      10 | consumed samples:            6 | elapsed time per iteration (ms): 236.1 | learning rate: 1.000000E-05 | global batch size:     1 | lm loss: 4.179399E+00 | loss scale: 1.0 | grad norm: 29.958 | number of skipped iterations:   0 | number of nan iterations:   0 |
 [2026-09-24 05:13:53.132805] iteration        7/      10 | consumed samples:            7 | elapsed time per iteration (ms): 240.1 | learning rate: 1.000000E-05 | global batch size:     1 | lm loss: 3.696640E+00 | loss scale: 1.0 | grad norm: 31.772 | number of skipped iterations:   0 | number of nan iterations:   0 |
 [2026-09-24 05:13:53.374600] iteration        8/      10 | consumed samples:            8 | elapsed time per iteration (ms): 241.7 | learning rate: 1.000000E-05 | global batch size:     1 | lm loss: 3.998821E+00 | loss scale: 1.0 | grad norm: 41.325 | number of skipped iterations:   0 | number of nan iterations:   0 |
 [2026-09-24 05:13:53.618772] iteration        9/      10 | consumed samples:            9 | elapsed time per iteration (ms): 244.1 | learning rate: 1.000000E-05 | global batch size:     1 | lm loss: 3.490185E+00 | loss scale: 1.0 | grad norm: 28.638 | number of skipped iterations:   0 | number of nan iterations:   0 |
 [2026-09-24 05:13:53.856833] iteration       10/      10 | consumed samples:           10 | elapsed time per iteration (ms): 238.0 | learning rate: 1.000000E-05 | global batch size:     1 | lm loss: 3.453871E+00 | loss scale: 1.0 | grad norm: 29.510 | number of skipped iterations:   0 | number of nan iterations:   0 |
==========================================
Running: qwen3_tp8_sp_fp32 (float32, 8 GPU(s))
==========================================
 [2026-09-24 05:15:13.026266] iteration        1/      10 | consumed samples:            1 | elapsed time per iteration (ms): 29775.1 | learning rate: 1.000000E-05 | global batch size:     1 | lm loss: 4.204566E+00 | loss scale: 1.0 | grad norm: 65.073 | number of skipped iterations:   0 | number of nan iterations:   0 |
 [2026-09-24 05:15:13.294877] iteration        2/      10 | consumed samples:            2 | elapsed time per iteration (ms): 15021.8 | learning rate: 1.000000E-05 | global batch size:     1 | lm loss: 3.895761E+00 | loss scale: 1.0 | grad norm: 40.015 | number of skipped iterations:   0 | number of nan iterations:   0 |
 [2026-09-24 05:15:13.539956] iteration        3/      10 | consumed samples:            3 | elapsed time per iteration (ms): 245.0 | learning rate: 1.000000E-05 | global batch size:     1 | lm loss: 3.424283E+00 | loss scale: 1.0 | grad norm: 40.176 | number of skipped iterations:   0 | number of nan iterations:   0 |
 [2026-09-24 05:15:13.783255] iteration        4/      10 | consumed samples:            4 | elapsed time per iteration (ms): 243.2 | learning rate: 1.000000E-05 | global batch size:     1 | lm loss: 4.153153E+00 | loss scale: 1.0 | grad norm: 35.438 | number of skipped iterations:   0 | number of nan iterations:   0 |
 [2026-09-24 05:15:14.026697] iteration        5/      10 | consumed samples:            5 | elapsed time per iteration (ms): 243.3 | learning rate: 1.000000E-05 | global batch size:     1 | lm loss: 4.069362E+00 | loss scale: 1.0 | grad norm: 37.412 | number of skipped iterations:   0 | number of nan iterations:   0 |
 [2026-09-24 05:15:14.264584] iteration        6/      10 | consumed samples:            6 | elapsed time per iteration (ms): 237.8 | learning rate: 1.000000E-05 | global batch size:     1 | lm loss: 4.010425E+00 | loss scale: 1.0 | grad norm: 28.376 | number of skipped iterations:   0 | number of nan iterations:   0 |
 [2026-09-24 05:15:14.507154] iteration        7/      10 | consumed samples:            7 | elapsed time per iteration (ms): 242.5 | learning rate: 1.000000E-05 | global batch size:     1 | lm loss: 3.640422E+00 | loss scale: 1.0 | grad norm: 31.465 | number of skipped iterations:   0 | number of nan iterations:   0 |
 [2026-09-24 05:15:14.749636] iteration        8/      10 | consumed samples:            8 | elapsed time per iteration (ms): 242.4 | learning rate: 1.000000E-05 | global batch size:     1 | lm loss: 3.953963E+00 | loss scale: 1.0 | grad norm: 32.253 | number of skipped iterations:   0 | number of nan iterations:   0 |
 [2026-09-24 05:15:14.990391] iteration        9/      10 | consumed samples:            9 | elapsed time per iteration (ms): 240.7 | learning rate: 1.000000E-05 | global batch size:     1 | lm loss: 3.489773E+00 | loss scale: 1.0 | grad norm: 28.416 | number of skipped iterations:   0 | number of nan iterations:   0 |
 [2026-09-24 05:15:15.230918] iteration       10/      10 | consumed samples:           10 | elapsed time per iteration (ms): 240.4 | learning rate: 1.000000E-05 | global batch size:     1 | lm loss: 3.389601E+00 | loss scale: 1.0 | grad norm: 29.995 | number of skipped iterations:   0 | number of nan iterations:   0 |
==========================================
Running: qwen3_pp8_fp32 (float32, 8 GPU(s))
==========================================
 [2026-09-24 05:16:54.486732] iteration        1/      10 | consumed samples:            1 | elapsed time per iteration (ms): 54851.4 | learning rate: 1.000000E-05 | global batch size:     1 | lm loss: 4.204567E+00 | loss scale: 1.0 | grad norm: 65.073 | number of skipped iterations:   0 | number of nan iterations:   0 |
 [2026-09-24 05:16:54.866778] iteration        2/      10 | consumed samples:            2 | elapsed time per iteration (ms): 27615.7 | learning rate: 1.000000E-05 | global batch size:     1 | lm loss: 3.895762E+00 | loss scale: 1.0 | grad norm: 40.015 | number of skipped iterations:   0 | number of nan iterations:   0 |
 [2026-09-24 05:16:55.193919] iteration        3/      10 | consumed samples:            3 | elapsed time per iteration (ms): 327.0 | learning rate: 1.000000E-05 | global batch size:     1 | lm loss: 3.424286E+00 | loss scale: 1.0 | grad norm: 40.176 | number of skipped iterations:   0 | number of nan iterations:   0 |
 [2026-09-24 05:16:55.519784] iteration        4/      10 | consumed samples:            4 | elapsed time per iteration (ms): 325.8 | learning rate: 1.000000E-05 | global batch size:     1 | lm loss: 4.153154E+00 | loss scale: 1.0 | grad norm: 35.438 | number of skipped iterations:   0 | number of nan iterations:   0 |
 [2026-09-24 05:16:55.845281] iteration        5/      10 | consumed samples:            5 | elapsed time per iteration (ms): 325.4 | learning rate: 1.000000E-05 | global batch size:     1 | lm loss: 4.069366E+00 | loss scale: 1.0 | grad norm: 37.412 | number of skipped iterations:   0 | number of nan iterations:   0 |
 [2026-09-24 05:16:56.169008] iteration        6/      10 | consumed samples:            6 | elapsed time per iteration (ms): 323.6 | learning rate: 1.000000E-05 | global batch size:     1 | lm loss: 4.010432E+00 | loss scale: 1.0 | grad norm: 28.376 | number of skipped iterations:   0 | number of nan iterations:   0 |
 [2026-09-24 05:16:56.485422] iteration        7/      10 | consumed samples:            7 | elapsed time per iteration (ms): 316.3 | learning rate: 1.000000E-05 | global batch size:     1 | lm loss: 3.640432E+00 | loss scale: 1.0 | grad norm: 31.465 | number of skipped iterations:   0 | number of nan iterations:   0 |
 [2026-09-24 05:16:56.808835] iteration        8/      10 | consumed samples:            8 | elapsed time per iteration (ms): 323.3 | learning rate: 1.000000E-05 | global batch size:     1 | lm loss: 3.953982E+00 | loss scale: 1.0 | grad norm: 32.253 | number of skipped iterations:   0 | number of nan iterations:   0 |
 [2026-09-24 05:16:57.129776] iteration        9/      10 | consumed samples:            9 | elapsed time per iteration (ms): 320.8 | learning rate: 1.000000E-05 | global batch size:     1 | lm loss: 3.489790E+00 | loss scale: 1.0 | grad norm: 28.417 | number of skipped iterations:   0 | number of nan iterations:   0 |
 [2026-09-24 05:16:57.441927] iteration       10/      10 | consumed samples:           10 | elapsed time per iteration (ms): 312.1 | learning rate: 1.000000E-05 | global batch size:     1 | lm loss: 3.389617E+00 | loss scale: 1.0 | grad norm: 29.995 | number of skipped iterations:   0 | number of nan iterations:   0 |
==========================================
Running: qwen3_3d_ddp_tp2_pp2_fp32 (float32, 8 GPU(s))
==========================================
 [2026-09-24 05:18:27.440404] iteration        1/      10 | consumed samples:           80 | elapsed time per iteration (ms): 32770.9 | learning rate: 1.000000E-05 | global batch size:    80 | lm loss: 4.068474E+00 | loss scale: 1.0 | grad norm: 14.331 | number of skipped iterations:   0 | number of nan iterations:   0 |
 [2026-09-24 05:18:29.790893] iteration        2/      10 | consumed samples:          160 | elapsed time per iteration (ms): 17560.7 | learning rate: 1.000000E-05 | global batch size:    80 | lm loss: 3.774851E+00 | loss scale: 1.0 | grad norm: 7.673 | number of skipped iterations:   0 | number of nan iterations:   0 |
 [2026-09-24 05:18:32.117726] iteration        3/      10 | consumed samples:          240 | elapsed time per iteration (ms): 2326.7 | learning rate: 1.000000E-05 | global batch size:    80 | lm loss: 3.251420E+00 | loss scale: 1.0 | grad norm: 8.917 | number of skipped iterations:   0 | number of nan iterations:   0 |
 [2026-09-24 05:18:34.443916] iteration        4/      10 | consumed samples:          320 | elapsed time per iteration (ms): 2326.1 | learning rate: 1.000000E-05 | global batch size:    80 | lm loss: 3.213514E+00 | loss scale: 1.0 | grad norm: 6.600 | number of skipped iterations:   0 | number of nan iterations:   0 |
 [2026-09-24 05:18:36.770133] iteration        5/      10 | consumed samples:          400 | elapsed time per iteration (ms): 2326.1 | learning rate: 1.000000E-05 | global batch size:    80 | lm loss: 3.193054E+00 | loss scale: 1.0 | grad norm: 5.783 | number of skipped iterations:   0 | number of nan iterations:   0 |
 [2026-09-24 05:18:39.095521] iteration        6/      10 | consumed samples:          480 | elapsed time per iteration (ms): 2325.3 | learning rate: 1.000000E-05 | global batch size:    80 | lm loss: 3.106931E+00 | loss scale: 1.0 | grad norm: 5.994 | number of skipped iterations:   0 | number of nan iterations:   0 |
 [2026-09-24 05:18:41.422907] iteration        7/      10 | consumed samples:          560 | elapsed time per iteration (ms): 2327.3 | learning rate: 1.000000E-05 | global batch size:    80 | lm loss: 3.270355E+00 | loss scale: 1.0 | grad norm: 5.521 | number of skipped iterations:   0 | number of nan iterations:   0 |
 [2026-09-24 05:18:43.750304] iteration        8/      10 | consumed samples:          640 | elapsed time per iteration (ms): 2327.3 | learning rate: 1.000000E-05 | global batch size:    80 | lm loss: 3.182233E+00 | loss scale: 1.0 | grad norm: 5.255 | number of skipped iterations:   0 | number of nan iterations:   0 |
 [2026-09-24 05:18:46.074979] iteration        9/      10 | consumed samples:          720 | elapsed time per iteration (ms): 2324.6 | learning rate: 1.000000E-05 | global batch size:    80 | lm loss: 3.097397E+00 | loss scale: 1.0 | grad norm: 5.704 | number of skipped iterations:   0 | number of nan iterations:   0 |
 [2026-09-24 05:18:48.400229] iteration       10/      10 | consumed samples:          800 | elapsed time per iteration (ms): 2325.1 | learning rate: 1.000000E-05 | global batch size:    80 | lm loss: 3.077828E+00 | loss scale: 1.0 | grad norm: 5.402 | number of skipped iterations:   0 | number of nan iterations:   0 |
==========================================
Running: qwen3_3d_ddp_tp2_pp2_bf16 (autocast_bfloat16, 8 GPU(s))
==========================================
 [2026-09-24 05:20:05.489611] iteration        1/      10 | consumed samples:           80 | elapsed time per iteration (ms): 30551.1 | learning rate: 1.000000E-05 | global batch size:    80 | lm loss: 4.068385E+00 | loss scale: 1.0 | grad norm: 14.292 | number of skipped iterations:   0 | number of nan iterations:   0 |Number of parameters in embedding layers in billions: 1.24
 [2026-09-24 05:20:05.999433] iteration        2/      10 | consumed samples:          160 | elapsed time per iteration (ms): 15530.4 | learning rate: 1.000000E-05 | global batch size:    80 | lm loss: 3.901618E+00 | loss scale: 1.0 | grad norm: 12.615 | number of skipped iterations:   0 | number of nan iterations:   0 |
 [2026-09-24 05:20:06.489952] iteration        3/      10 | consumed samples:          240 | elapsed time per iteration (ms): 490.4 | learning rate: 1.000000E-05 | global batch size:    80 | lm loss: 3.328557E+00 | loss scale: 1.0 | grad norm: 9.858 | number of skipped iterations:   0 | number of nan iterations:   0 |
 [2026-09-24 05:20:06.977155] iteration        4/      10 | consumed samples:          320 | elapsed time per iteration (ms): 487.1 | learning rate: 1.000000E-05 | global batch size:    80 | lm loss: 3.371838E+00 | loss scale: 1.0 | grad norm: 8.083 | number of skipped iterations:   0 | number of nan iterations:   0 |
 [2026-09-24 05:20:07.465685] iteration        5/      10 | consumed samples:          400 | elapsed time per iteration (ms): 488.4 | learning rate: 1.000000E-05 | global batch size:    80 | lm loss: 3.301796E+00 | loss scale: 1.0 | grad norm: 7.413 | number of skipped iterations:   0 | number of nan iterations:   0 |
 [2026-09-24 05:20:07.975796] iteration        6/      10 | consumed samples:          480 | elapsed time per iteration (ms): 510.0 | learning rate: 1.000000E-05 | global batch size:    80 | lm loss: 3.212395E+00 | loss scale: 1.0 | grad norm: 7.744 | number of skipped iterations:   0 | number of nan iterations:   0 |
 [2026-09-24 05:20:08.465624] iteration        7/      10 | consumed samples:          560 | elapsed time per iteration (ms): 489.7 | learning rate: 1.000000E-05 | global batch size:    80 | lm loss: 3.374115E+00 | loss scale: 1.0 | grad norm: 7.062 | number of skipped iterations:   0 | number of nan iterations:   0 |
 [2026-09-24 05:20:08.953363] iteration        8/      10 | consumed samples:          640 | elapsed time per iteration (ms): 487.6 | learning rate: 1.000000E-05 | global batch size:    80 | lm loss: 3.222034E+00 | loss scale: 1.0 | grad norm: 5.785 | number of skipped iterations:   0 | number of nan iterations:   0 |
 [2026-09-24 05:20:09.440035] iteration        9/      10 | consumed samples:          720 | elapsed time per iteration (ms): 486.6 | learning rate: 1.000000E-05 | global batch size:    80 | lm loss: 3.139900E+00 | loss scale: 1.0 | grad norm: 6.625 | number of skipped iterations:   0 | number of nan iterations:   0 |
 [2026-09-24 05:20:09.927951] iteration       10/      10 | consumed samples:          800 | elapsed time per iteration (ms): 487.8 | learning rate: 1.000000E-05 | global batch size:    80 | lm loss: 3.138301E+00 | loss scale: 1.0 | grad norm: 6.244 | number of skipped iterations:   0 | number of nan iterations:   0 |
