[LAST_CMAKE] cmake -DUSE_CUDA=ON -DUSE_NCCL=ON -DBUILD_TEST=OFF -DPROFILE_MODE=ON .. && make -j
[RUN_METADATA] /home/chenxi/InfiniTrain/scripts/20260818/remove_fill_32e94e6/logs/run_metadata.log
[RUN_STARTED_AT] 2026-08-18 06:55:32
[GIT_BRANCH] remove_fill
[GIT_COMMIT] 32e94e6ad941f45fc0594cc5f741dcac14713c77
[GIT_COMMIT_SHORT] 32e94e6
[COMMAND] ./gpt2 --input_bin /data1/shared/InfiniTrain-dev/data/llmc/gpt2/tinyshakespeare/tiny_shakespeare_train.bin --llmc_filepath /data1/shared/InfiniTrain-dev/data/llmc/gpt2/gpt2_124M.bin --device cuda --dtype bfloat16 --num_iteration 50 --save_interval 10 --save /data1/ckpt/bfloat16_no_resume/gpt2/no_resume
E20260818 08:26:03.849038 140120301690880 main.cc:520] step    1/50 | train loss 5.336104 | lr 1.00e-04 | (226.95 ms | 1128 tok/s | peak used:  1397 MB | peak reserved:  1472 MB, DP=1, TP=1, SP=1, PP=1)
E20260818 08:26:03.966024 140120301690880 main.cc:520] step    2/50 | train loss 5.031670 | lr 1.00e-04 | (116.62 ms | 2195 tok/s | peak used:  1397 MB | peak reserved:  1472 MB, DP=1, TP=1, SP=1, PP=1)
E20260818 08:26:04.070852 140120301690880 main.cc:520] step    3/50 | train loss 4.874242 | lr 1.00e-04 | (104.78 ms | 2443 tok/s | peak used:  1397 MB | peak reserved:  1504 MB, DP=1, TP=1, SP=1, PP=1)
E20260818 08:26:04.159704 140120301690880 main.cc:520] step    4/50 | train loss 4.939117 | lr 1.00e-04 | (88.81 ms | 2883 tok/s | peak used:  1397 MB | peak reserved:  1504 MB, DP=1, TP=1, SP=1, PP=1)
E20260818 08:26:04.246491 140120301690880 main.cc:520] step    5/50 | train loss 4.921639 | lr 1.00e-04 | (86.74 ms | 2951 tok/s | peak used:  1397 MB | peak reserved:  1504 MB, DP=1, TP=1, SP=1, PP=1)
E20260818 08:26:04.343204 140120301690880 main.cc:520] step    6/50 | train loss 5.043001 | lr 1.00e-04 | (96.67 ms | 2648 tok/s | peak used:  1397 MB | peak reserved:  1504 MB, DP=1, TP=1, SP=1, PP=1)
E20260818 08:26:04.465590 140120301690880 main.cc:520] step    7/50 | train loss 4.842581 | lr 1.00e-04 | (122.34 ms | 2092 tok/s | peak used:  1397 MB | peak reserved:  1504 MB, DP=1, TP=1, SP=1, PP=1)
E20260818 08:26:04.594328 140120301690880 main.cc:520] step    8/50 | train loss 4.876862 | lr 1.00e-04 | (128.69 ms | 1989 tok/s | peak used:  1397 MB | peak reserved:  1504 MB, DP=1, TP=1, SP=1, PP=1)
E20260818 08:26:04.680982 140120301690880 main.cc:520] step    9/50 | train loss 5.102315 | lr 1.00e-04 | (86.61 ms | 2956 tok/s | peak used:  1397 MB | peak reserved:  1504 MB, DP=1, TP=1, SP=1, PP=1)
E20260818 08:26:04.767759 140120301690880 main.cc:520] step   10/50 | train loss 5.228162 | lr 1.00e-04 | (86.74 ms | 2951 tok/s | peak used:  1397 MB | peak reserved:  1504 MB, DP=1, TP=1, SP=1, PP=1)
E20260818 08:26:05.506470 140120301690880 checkpoint.cc:206] [CKPT] Save done: dir="/data1/ckpt/bfloat16_no_resume/gpt2/no_resume/checkpoint_step_000010"
E20260818 08:26:05.656792 140120301690880 main.cc:520] step   11/50 | train loss 5.062978 | lr 1.00e-04 | (150.21 ms | 1704 tok/s | peak used:  1397 MB | peak reserved:  1504 MB, DP=1, TP=1, SP=1, PP=1)
E20260818 08:26:05.796499 140120301690880 main.cc:520] step   12/50 | train loss 4.613599 | lr 1.00e-04 | (139.65 ms | 1833 tok/s | peak used:  1397 MB | peak reserved:  1504 MB, DP=1, TP=1, SP=1, PP=1)
E20260818 08:26:05.906003 140120301690880 main.cc:520] step   13/50 | train loss 4.672071 | lr 1.00e-04 | (109.46 ms | 2339 tok/s | peak used:  1397 MB | peak reserved:  1504 MB, DP=1, TP=1, SP=1, PP=1)
E20260818 08:26:05.992840 140120301690880 main.cc:520] step   14/50 | train loss 4.850644 | lr 1.00e-04 | (86.79 ms | 2950 tok/s | peak used:  1397 MB | peak reserved:  1504 MB, DP=1, TP=1, SP=1, PP=1)
E20260818 08:26:06.079426 140120301690880 main.cc:520] step   15/50 | train loss 5.003204 | lr 1.00e-04 | (86.54 ms | 2958 tok/s | peak used:  1397 MB | peak reserved:  1504 MB, DP=1, TP=1, SP=1, PP=1)
E20260818 08:26:06.207191 140120301690880 main.cc:520] step   16/50 | train loss 4.764849 | lr 1.00e-04 | (127.72 ms | 2004 tok/s | peak used:  1397 MB | peak reserved:  1504 MB, DP=1, TP=1, SP=1, PP=1)
E20260818 08:26:06.300254 140120301690880 main.cc:520] step   17/50 | train loss 5.120931 | lr 1.00e-04 | (93.02 ms | 2752 tok/s | peak used:  1397 MB | peak reserved:  1504 MB, DP=1, TP=1, SP=1, PP=1)
E20260818 08:26:06.396167 140120301690880 main.cc:520] step   18/50 | train loss 4.977015 | lr 1.00e-04 | (95.86 ms | 2670 tok/s | peak used:  1397 MB | peak reserved:  1504 MB, DP=1, TP=1, SP=1, PP=1)
E20260818 08:26:06.482800 140120301690880 main.cc:520] step   19/50 | train loss 4.644082 | lr 1.00e-04 | (86.58 ms | 2957 tok/s | peak used:  1397 MB | peak reserved:  1504 MB, DP=1, TP=1, SP=1, PP=1)
E20260818 08:26:06.569711 140120301690880 main.cc:520] step   20/50 | train loss 4.440105 | lr 1.00e-04 | (86.86 ms | 2947 tok/s | peak used:  1397 MB | peak reserved:  1504 MB, DP=1, TP=1, SP=1, PP=1)
E20260818 08:26:07.296616 140120301690880 checkpoint.cc:206] [CKPT] Save done: dir="/data1/ckpt/bfloat16_no_resume/gpt2/no_resume/checkpoint_step_000020"
E20260818 08:26:07.445060 140120301690880 main.cc:520] step   21/50 | train loss 4.723907 | lr 1.00e-04 | (148.33 ms | 1726 tok/s | peak used:  1397 MB | peak reserved:  1504 MB, DP=1, TP=1, SP=1, PP=1)
E20260818 08:26:07.581677 140120301690880 main.cc:520] step   22/50 | train loss 4.650204 | lr 1.00e-04 | (136.57 ms | 1875 tok/s | peak used:  1397 MB | peak reserved:  1504 MB, DP=1, TP=1, SP=1, PP=1)
E20260818 08:26:07.678755 140120301690880 main.cc:520] step   23/50 | train loss 4.847693 | lr 1.00e-04 | (97.04 ms | 2638 tok/s | peak used:  1397 MB | peak reserved:  1504 MB, DP=1, TP=1, SP=1, PP=1)
E20260818 08:26:07.765715 140120301690880 main.cc:520] step   24/50 | train loss 4.641376 | lr 1.00e-04 | (86.92 ms | 2945 tok/s | peak used:  1397 MB | peak reserved:  1504 MB, DP=1, TP=1, SP=1, PP=1)
E20260818 08:26:07.852381 140120301690880 main.cc:520] step   25/50 | train loss 4.580732 | lr 1.00e-04 | (86.62 ms | 2955 tok/s | peak used:  1397 MB | peak reserved:  1504 MB, DP=1, TP=1, SP=1, PP=1)
E20260818 08:26:07.982875 140120301690880 main.cc:520] step   26/50 | train loss 4.679770 | lr 1.00e-04 | (130.45 ms | 1962 tok/s | peak used:  1397 MB | peak reserved:  1504 MB, DP=1, TP=1, SP=1, PP=1)
E20260818 08:26:08.097146 140120301690880 main.cc:520] step   27/50 | train loss 4.329549 | lr 1.00e-04 | (114.22 ms | 2241 tok/s | peak used:  1397 MB | peak reserved:  1504 MB, DP=1, TP=1, SP=1, PP=1)
E20260818 08:26:08.197318 140120301690880 main.cc:520] step   28/50 | train loss 4.655591 | lr 1.00e-04 | (100.13 ms | 2557 tok/s | peak used:  1397 MB | peak reserved:  1504 MB, DP=1, TP=1, SP=1, PP=1)
E20260818 08:26:08.283892 140120301690880 main.cc:520] step   29/50 | train loss 4.819666 | lr 1.00e-04 | (86.53 ms | 2959 tok/s | peak used:  1397 MB | peak reserved:  1504 MB, DP=1, TP=1, SP=1, PP=1)
E20260818 08:26:08.370620 140120301690880 main.cc:520] step   30/50 | train loss 4.532472 | lr 1.00e-04 | (86.69 ms | 2953 tok/s | peak used:  1397 MB | peak reserved:  1504 MB, DP=1, TP=1, SP=1, PP=1)
E20260818 08:26:09.106890 140120301690880 checkpoint.cc:206] [CKPT] Save done: dir="/data1/ckpt/bfloat16_no_resume/gpt2/no_resume/checkpoint_step_000030"
E20260818 08:26:09.253835 140120301690880 main.cc:520] step   31/50 | train loss 4.770360 | lr 1.00e-04 | (146.84 ms | 1743 tok/s | peak used:  1397 MB | peak reserved:  1504 MB, DP=1, TP=1, SP=1, PP=1)
E20260818 08:26:09.384189 140120301690880 main.cc:520] step   32/50 | train loss 4.740127 | lr 1.00e-04 | (130.30 ms | 1965 tok/s | peak used:  1397 MB | peak reserved:  1504 MB, DP=1, TP=1, SP=1, PP=1)
E20260818 08:26:09.474480 140120301690880 main.cc:520] step   33/50 | train loss 4.519743 | lr 1.00e-04 | (90.25 ms | 2837 tok/s | peak used:  1397 MB | peak reserved:  1504 MB, DP=1, TP=1, SP=1, PP=1)
E20260818 08:26:09.561119 140120301690880 main.cc:520] step   34/50 | train loss 4.957474 | lr 1.00e-04 | (86.60 ms | 2956 tok/s | peak used:  1397 MB | peak reserved:  1504 MB, DP=1, TP=1, SP=1, PP=1)
E20260818 08:26:09.656409 140120301690880 main.cc:520] step   35/50 | train loss 5.025016 | lr 1.00e-04 | (95.25 ms | 2688 tok/s | peak used:  1397 MB | peak reserved:  1504 MB, DP=1, TP=1, SP=1, PP=1)
E20260818 08:26:09.788574 140120301690880 main.cc:520] step   36/50 | train loss 5.072178 | lr 1.00e-04 | (132.11 ms | 1938 tok/s | peak used:  1397 MB | peak reserved:  1504 MB, DP=1, TP=1, SP=1, PP=1)
E20260818 08:26:09.899804 140120301690880 main.cc:520] step   37/50 | train loss 4.974811 | lr 1.00e-04 | (111.18 ms | 2303 tok/s | peak used:  1397 MB | peak reserved:  1504 MB, DP=1, TP=1, SP=1, PP=1)
E20260818 08:26:09.998807 140120301690880 main.cc:520] step   38/50 | train loss 4.550955 | lr 1.00e-04 | (98.96 ms | 2587 tok/s | peak used:  1397 MB | peak reserved:  1504 MB, DP=1, TP=1, SP=1, PP=1)
E20260818 08:26:10.087074 140120301690880 main.cc:520] step   39/50 | train loss 4.812317 | lr 1.00e-04 | (88.22 ms | 2902 tok/s | peak used:  1397 MB | peak reserved:  1504 MB, DP=1, TP=1, SP=1, PP=1)
E20260818 08:26:10.173672 140120301690880 main.cc:520] step   40/50 | train loss 4.698320 | lr 1.00e-04 | (86.56 ms | 2958 tok/s | peak used:  1397 MB | peak reserved:  1504 MB, DP=1, TP=1, SP=1, PP=1)
E20260818 08:26:10.894847 140120301690880 checkpoint.cc:206] [CKPT] Save done: dir="/data1/ckpt/bfloat16_no_resume/gpt2/no_resume/checkpoint_step_000040"
E20260818 08:26:11.093361 140120301690880 main.cc:520] step   41/50 | train loss 4.744574 | lr 1.00e-04 | (119.01 ms | 2151 tok/s | peak used:  1397 MB | peak reserved:  1504 MB, DP=1, TP=1, SP=1, PP=1)
E20260818 08:26:11.205243 140120301690880 main.cc:520] step   42/50 | train loss 4.760107 | lr 1.00e-04 | (111.82 ms | 2289 tok/s | peak used:  1397 MB | peak reserved:  1504 MB, DP=1, TP=1, SP=1, PP=1)
E20260818 08:26:11.293642 140120301690880 main.cc:520] step   43/50 | train loss 4.416348 | lr 1.00e-04 | (88.33 ms | 2898 tok/s | peak used:  1397 MB | peak reserved:  1504 MB, DP=1, TP=1, SP=1, PP=1)
E20260818 08:26:11.380598 140120301690880 main.cc:520] step   44/50 | train loss 4.316976 | lr 1.00e-04 | (86.91 ms | 2945 tok/s | peak used:  1397 MB | peak reserved:  1504 MB, DP=1, TP=1, SP=1, PP=1)
E20260818 08:26:11.467327 140120301690880 main.cc:520] step   45/50 | train loss 4.445034 | lr 1.00e-04 | (86.69 ms | 2953 tok/s | peak used:  1397 MB | peak reserved:  1504 MB, DP=1, TP=1, SP=1, PP=1)
E20260818 08:26:11.586113 140120301690880 main.cc:520] step   46/50 | train loss 4.354153 | lr 1.00e-04 | (118.74 ms | 2156 tok/s | peak used:  1397 MB | peak reserved:  1504 MB, DP=1, TP=1, SP=1, PP=1)
E20260818 08:26:11.710876 140120301690880 main.cc:520] step   47/50 | train loss 4.603679 | lr 1.00e-04 | (124.72 ms | 2053 tok/s | peak used:  1397 MB | peak reserved:  1504 MB, DP=1, TP=1, SP=1, PP=1)
E20260818 08:26:11.822457 140120301690880 main.cc:520] step   48/50 | train loss 4.513484 | lr 1.00e-04 | (111.52 ms | 2295 tok/s | peak used:  1397 MB | peak reserved:  1504 MB, DP=1, TP=1, SP=1, PP=1)
E20260818 08:26:11.909483 140120301690880 main.cc:520] step   49/50 | train loss 4.736940 | lr 1.00e-04 | (86.99 ms | 2943 tok/s | peak used:  1397 MB | peak reserved:  1504 MB, DP=1, TP=1, SP=1, PP=1)
E20260818 08:26:11.996717 140120301690880 main.cc:520] step   50/50 | train loss 4.655579 | lr 1.00e-04 | (87.19 ms | 2936 tok/s | peak used:  1397 MB | peak reserved:  1504 MB, DP=1, TP=1, SP=1, PP=1)
E20260818 08:26:12.737315 140120301690880 checkpoint.cc:206] [CKPT] Save done: dir="/data1/ckpt/bfloat16_no_resume/gpt2/no_resume/checkpoint_step_000050"
