[LAST_CMAKE] cmake -DUSE_CUDA=ON -DUSE_NCCL=ON -DPROFILE_MODE=ON .. && make -j
[COMMAND] ./gpt2 --input_bin /data/shared/InfiniTrain-dev/data/llmc/gpt2/tinyshakespeare/tiny_shakespeare_train.bin --llmc_filepath /data/shared/InfiniTrain-dev/data/llmc/gpt2/gpt2_124M.bin --device cuda --dtype=float32 --nthread_per_process=8 --num_iteration=10 --batch_size=10 --total_batch_size=5120 --lora_rank=8 --lora_alpha=16.0 --lora_target_modules=c_attn,attn.c_proj
===== LoRA Model Summary (Rank 0) ======
Total parameters:     163479552
Trainable parameters: 442368 (0.270595%)
Frozen parameters:    163037184
========================================
===== LoRA Model Summary (Rank 4) ======
Total parameters:     163479552
Trainable parameters: 442368 (0.270595%)
Frozen parameters:    163037184
========================================
===== LoRA Model Summary (Rank 1) ======
Total parameters:     163479552
Trainable parameters: 442368 (0.270595%)
Frozen parameters:    163037184
========================================
===== LoRA Model Summary (Rank 5) ======
Total parameters:     163479552
Trainable parameters: 442368 (0.270595%)
Frozen parameters:    163037184
========================================
===== LoRA Model Summary (Rank 7) ======
Total parameters:     163479552
Trainable parameters: 442368 (0.270595%)
Frozen parameters:    163037184
========================================
===== LoRA Model Summary (Rank 3) ======
Total parameters:     163479552
Trainable parameters: 442368 (0.270595%)
Frozen parameters:    163037184
========================================
===== LoRA Model Summary (Rank 6) ======
Total parameters:     163479552
Trainable parameters: 442368===== LoRA Model Summary (Rank 2) ====== (
Total parameters:     163479552
Trainable parameters: 0.270595442368%) (
Frozen parameters:    163037184
========================================
0.270595%)
Frozen parameters:    163037184
========================================
E20260526 03:28:16.277438 139746424647680 main.cc:420] step    1/10 | train loss 5.219545 | lr 1.00e-04 | (294.79 ms | 17369 tok/s | peak used:  2083 MB | peak reserved:  2144 MB, DP=8, TP=1, SP=1, PP=1)
E20260526 03:28:16.632056 139746424647680 main.cc:420] step    2/10 | train loss 5.143064 | lr 1.00e-04 | (353.83 ms | 14470 tok/s | peak used:  2083 MB | peak reserved:  2144 MB, DP=8, TP=1, SP=1, PP=1)
E20260526 03:28:16.895059 139746424647680 main.cc:420] step    3/10 | train loss 5.074578 | lr 1.00e-04 | (262.91 ms | 19474 tok/s | peak used:  2083 MB | peak reserved:  2144 MB, DP=8, TP=1, SP=1, PP=1)
E20260526 03:28:17.123095 139746424647680 main.cc:420] step    4/10 | train loss 4.774478 | lr 1.00e-04 | (227.98 ms | 22458 tok/s | peak used:  2083 MB | peak reserved:  2144 MB, DP=8, TP=1, SP=1, PP=1)
E20260526 03:28:17.315489 139746424647680 main.cc:420] step    5/10 | train loss 4.900558 | lr 1.00e-04 | (192.33 ms | 26621 tok/s | peak used:  2083 MB | peak reserved:  2144 MB, DP=8, TP=1, SP=1, PP=1)
E20260526 03:28:17.493172 139746424647680 main.cc:420] step    6/10 | train loss 4.886523 | lr 1.00e-04 | (177.63 ms | 28823 tok/s | peak used:  2083 MB | peak reserved:  2144 MB, DP=8, TP=1, SP=1, PP=1)
E20260526 03:28:17.682437 139746424647680 main.cc:420] step    7/10 | train loss 4.977910 | lr 1.00e-04 | (189.22 ms | 27059 tok/s | peak used:  2083 MB | peak reserved:  2144 MB, DP=8, TP=1, SP=1, PP=1)
E20260526 03:28:17.882125 139746424647680 main.cc:420] step    8/10 | train loss 4.925584 | lr 1.00e-04 | (199.64 ms | 25646 tok/s | peak used:  2083 MB | peak reserved:  2144 MB, DP=8, TP=1, SP=1, PP=1)
E20260526 03:28:18.063020 139746424647680 main.cc:420] step    9/10 | train loss 4.957020 | lr 1.00e-04 | (180.85 ms | 28311 tok/s | peak used:  2083 MB | peak reserved:  2144 MB, DP=8, TP=1, SP=1, PP=1)
E20260526 03:28:18.271417 139746424647680 main.cc:420] step   10/10 | train loss 5.033316 | lr 1.00e-04 | (208.35 ms | 24574 tok/s | peak used:  2083 MB | peak reserved:  2144 MB, DP=8, TP=1, SP=1, PP=1)
