[LAST_CMAKE] cmake -DUSE_CUDA=ON -DUSE_NCCL=ON .. && make -j
[COMMAND] ./gpt2 --input_bin /data/shared/InfiniTrain-dev/data/llmc/gpt2/tinyshakespeare/tiny_shakespeare_train.bin --llmc_filepath /data/shared/InfiniTrain-dev/data/llmc/gpt2/gpt2_124M.bin --device cuda --dtype=float32 --nthread_per_process=8 --num_iteration=10 --batch_size=10 --total_batch_size=5120 --pipeline_parallel=8 --lora_rank=4 --lora_alpha=8.0 --lora_target_modules=c_attn,attn.c_proj,c_fc
===== LoRA Model Summary (Rank 5) ======
Total parameters:     7121664
Trainable parameters: 33792 (0.474496%)
Frozen parameters:    7087872
========================================
===== LoRA Model Summary (Rank 6) ======
Total parameters:     7121664
Trainable parameters: 33792 (0.474496%)
Frozen parameters:    7087872
========================================
===== LoRA Model Summary (Rank 4) ======
Total parameters:     7121664
Trainable parameters: 33792 (0.474496%)
Frozen parameters:    7087872
========================================
===== LoRA Model Summary (Rank 2) ======
Total parameters:     14243328
Trainable parameters: 67584 (0.474496%)
Frozen parameters:    14175744
========================================
===== LoRA Model Summary (Rank 1) ======
Total parameters:     14243328
Trainable parameters: 67584 (0.474496%)
Frozen parameters:    14175744
========================================
===== LoRA Model Summary (Rank 3) ======
Total parameters:     14243328
Trainable parameters: 67584 (0.474496%)
Frozen parameters:    14175744
========================================
===== LoRA Model Summary (Rank 0) ======
Total parameters:     53627136
Trainable parameters: 67584 (0.126026%)
Frozen parameters:    53559552
========================================
===== LoRA Model Summary (Rank 7) ======
Total parameters:     45720576
Trainable parameters: 33792 (0.0739098%)
Frozen parameters:    45686784
========================================
E20260526 03:03:27.839483 140412446552064 main.cc:420] step    1/10 | train loss 5.219545 | lr 1.00e-04 | (383.03 ms | 13367 tok/s | peak used:  1675 MB | peak reserved:  1760 MB, DP=1, TP=1, SP=1, PP=8)
E20260526 03:03:28.122906 140412446552064 main.cc:420] step    2/10 | train loss 5.143064 | lr 1.00e-04 | (283.06 ms | 18088 tok/s | peak used:  1675 MB | peak reserved:  1856 MB, DP=1, TP=1, SP=1, PP=8)
E20260526 03:03:28.229889 140412446552064 main.cc:420] step    3/10 | train loss 5.074578 | lr 1.00e-04 | (106.92 ms | 47887 tok/s | peak used:  1675 MB | peak reserved:  1888 MB, DP=1, TP=1, SP=1, PP=8)
E20260526 03:03:28.337845 140412446552064 main.cc:420] step    4/10 | train loss 4.774480 | lr 1.00e-04 | (107.91 ms | 47448 tok/s | peak used:  1675 MB | peak reserved:  1952 MB, DP=1, TP=1, SP=1, PP=8)
E20260526 03:03:28.443627 140412446552064 main.cc:420] step    5/10 | train loss 4.900561 | lr 1.00e-04 | (105.71 ms | 48433 tok/s | peak used:  1675 MB | peak reserved:  2016 MB, DP=1, TP=1, SP=1, PP=8)
E20260526 03:03:28.550350 140412446552064 main.cc:420] step    6/10 | train loss 4.886525 | lr 1.00e-04 | (106.67 ms | 47997 tok/s | peak used:  1675 MB | peak reserved:  2016 MB, DP=1, TP=1, SP=1, PP=8)
E20260526 03:03:28.656997 140412446552064 main.cc:420] step    7/10 | train loss 4.977913 | lr 1.00e-04 | (106.60 ms | 48031 tok/s | peak used:  1675 MB | peak reserved:  2048 MB, DP=1, TP=1, SP=1, PP=8)
E20260526 03:03:28.762786 140412446552064 main.cc:420] step    8/10 | train loss 4.925584 | lr 1.00e-04 | (105.74 ms | 48420 tok/s | peak used:  1675 MB | peak reserved:  2112 MB, DP=1, TP=1, SP=1, PP=8)
E20260526 03:03:28.866788 140412446552064 main.cc:420] step    9/10 | train loss 4.957021 | lr 1.00e-04 | (103.95 ms | 49253 tok/s | peak used:  1675 MB | peak reserved:  2176 MB, DP=1, TP=1, SP=1, PP=8)
E20260526 03:03:28.971968 140412446552064 main.cc:420] step   10/10 | train loss 5.033323 | lr 1.00e-04 | (105.13 ms | 48701 tok/s | peak used:  1675 MB | peak reserved:  2272 MB, DP=1, TP=1, SP=1, PP=8)
