[LAST_CMAKE] cmake -DUSE_CUDA=ON -DUSE_NCCL=ON -DPROFILE_MODE=ON .. && make -j
[COMMAND] ./gpt2 --input_bin /data/shared/InfiniTrain-dev/data/llmc/gpt2/tinyshakespeare/tiny_shakespeare_train.bin --llmc_filepath /data/shared/InfiniTrain-dev/data/llmc/gpt2/gpt2_124M.bin --device cuda --dtype=float32 --nthread_per_process=8 --num_iteration=10 --batch_size=40 --total_batch_size=5120 --tensor_parallel=4 --lora_rank=4 --lora_alpha=8.0 --lora_target_modules=c_attn,c_fc,c_proj
===== LoRA Model Summary (Rank 0) ======
Total parameters:     41667840
Trainable parameters: 258048 (0.619298%)
Frozen parameters:    41409792
========================================
===== LoRA Model Summary (Rank 6) ======
Total parameters:     41667840
Trainable parameters: 258048 (0.619298%)
Frozen parameters:    41409792
========================================
===== LoRA Model Summary (Rank 2) ======
Total parameters:     41667840
Trainable parameters: 258048 (0.619298%)
Frozen parameters:    41409792
========================================
===== LoRA Model Summary (Rank 7) ======
Total parameters:     41667840
Trainable parameters: 258048 (0.619298%)
Frozen parameters:    41409792
========================================
===== LoRA Model Summary (Rank 3) ======
Total parameters:     41667840
Trainable parameters: 258048 (0.619298%)
Frozen parameters:    41409792
========================================
===== LoRA Model Summary (Rank 5) ======
Total parameters:     41667840
Trainable parameters: 258048 (0.619298%)
Frozen parameters:    41409792
========================================
===== LoRA Model Summary (Rank 1) ======
Total parameters:     41667840
Trainable parameters: 258048 (0.619298%)
Frozen parameters:    41409792
========================================
===== LoRA Model Summary (Rank 4) ======
Total parameters:     41667840
Trainable parameters: 258048 (0.619298%)
Frozen parameters:    41409792
========================================
E20260526 03:30:33.603707 140551554834432 main.cc:420] step    1/10 | train loss 5.219545 | lr 1.00e-04 | (810.35 ms | 6318 tok/s | peak used:  1905 MB | peak reserved:  1984 MB, DP=2, TP=4, SP=1, PP=1)
E20260526 03:30:34.068402 140551554834432 main.cc:420] step    2/10 | train loss 5.143055 | lr 1.00e-04 | (464.17 ms | 11030 tok/s | peak used:  1905 MB | peak reserved:  1984 MB, DP=2, TP=4, SP=1, PP=1)
E20260526 03:30:34.441588 140551554834432 main.cc:420] step    3/10 | train loss 5.074562 | lr 1.00e-04 | (373.12 ms | 13722 tok/s | peak used:  1905 MB | peak reserved:  1984 MB, DP=2, TP=4, SP=1, PP=1)
E20260526 03:30:34.771964 140551554834432 main.cc:420] step    4/10 | train loss 4.774455 | lr 1.00e-04 | (330.31 ms | 15500 tok/s | peak used:  1905 MB | peak reserved:  1984 MB, DP=2, TP=4, SP=1, PP=1)
E20260526 03:30:35.073995 140551554834432 main.cc:420] step    5/10 | train loss 4.900525 | lr 1.00e-04 | (301.97 ms | 16955 tok/s | peak used:  1905 MB | peak reserved:  1984 MB, DP=2, TP=4, SP=1, PP=1)
E20260526 03:30:35.428406 140551554834432 main.cc:420] step    6/10 | train loss 4.886478 | lr 1.00e-04 | (354.34 ms | 14450 tok/s | peak used:  1905 MB | peak reserved:  1984 MB, DP=2, TP=4, SP=1, PP=1)
E20260526 03:30:35.756467 140551554834432 main.cc:420] step    7/10 | train loss 4.977857 | lr 1.00e-04 | (328.00 ms | 15610 tok/s | peak used:  1905 MB | peak reserved:  1984 MB, DP=2, TP=4, SP=1, PP=1)
E20260526 03:30:36.062124 140551554834432 main.cc:420] step    8/10 | train loss 4.925504 | lr 1.00e-04 | (304.56 ms | 16811 tok/s | peak used:  1905 MB | peak reserved:  1984 MB, DP=2, TP=4, SP=1, PP=1)
E20260526 03:30:36.366161 140551554834432 main.cc:420] step    9/10 | train loss 4.956946 | lr 1.00e-04 | (303.97 ms | 16844 tok/s | peak used:  1905 MB | peak reserved:  1984 MB, DP=2, TP=4, SP=1, PP=1)
E20260526 03:30:37.365511 140551554834432 main.cc:420] step   10/10 | train loss 5.033233 | lr 1.00e-04 | (999.29 ms | 5124 tok/s | peak used:  1905 MB | peak reserved:  1984 MB, DP=2, TP=4, SP=1, PP=1)
