[LAST_CMAKE] cmake -DUSE_CUDA=ON -DUSE_NCCL=ON .. && make -j
[COMMAND] ./gpt2 --input_bin /data/shared/InfiniTrain-dev/data/llmc/gpt2/tinyshakespeare/tiny_shakespeare_train.bin --llmc_filepath /data/shared/InfiniTrain-dev/data/llmc/gpt2/gpt2_124M.bin --device cuda --dtype=float32 --nthread_per_process=8 --num_iteration=10 --batch_size=40 --total_batch_size=5120 --tensor_parallel=4 --sequence_parallel=true --lora_rank=4 --lora_alpha=8.0 --lora_target_modules=attn.c_proj,c_fc,c_proj
===== LoRA Model Summary (Rank 6) ======
Total parameters:     41603328
Trainable parameters: 193536 (0.465194%)
Frozen parameters:    41409792
========================================
===== LoRA Model Summary (Rank 0) ======
Total parameters:     41603328
Trainable parameters: 193536 (0.465194%)
Frozen parameters:    41409792
========================================
===== LoRA Model Summary (Rank 1) ======
Total parameters:     41603328
Trainable parameters: 193536 (0.465194%)
Frozen parameters:    41409792
========================================
===== LoRA Model Summary (Rank 3) ======
Total parameters:     41603328
Trainable parameters: 193536 (0.465194%)
Frozen parameters:    41409792
========================================
===== LoRA Model Summary (Rank 5) ======
Total parameters:     41603328
Trainable parameters: 193536 (0.465194%)
Frozen parameters:    41409792
========================================
===== LoRA Model Summary (Rank 4) ======
Total parameters:     41603328
Trainable parameters: 193536 (0.465194%)
Frozen parameters:    41409792
========================================
===== LoRA Model Summary (Rank 2) ======
Total parameters:     41603328
Trainable parameters: 193536 (0.465194%)
Frozen parameters:    41409792
========================================
===== LoRA Model Summary (Rank 7) ======
Total parameters:     41603328
Trainable parameters: 193536 (0.465194%)
Frozen parameters:    41409792
========================================
E20260526 03:02:32.341701 140673483243520 main.cc:420] step    1/10 | train loss 5.219545 | lr 1.00e-04 | (499.34 ms | 10254 tok/s | peak used:  1671 MB | peak reserved:  1856 MB, DP=2, TP=4, SP=4, PP=1)
E20260526 03:02:32.611641 140673483243520 main.cc:420] step    2/10 | train loss 5.143059 | lr 1.00e-04 | (269.28 ms | 19014 tok/s | peak used:  1671 MB | peak reserved:  1888 MB, DP=2, TP=4, SP=4, PP=1)
E20260526 03:02:32.821100 140673483243520 main.cc:420] step    3/10 | train loss 5.074570 | lr 1.00e-04 | (209.34 ms | 24458 tok/s | peak used:  1671 MB | peak reserved:  1888 MB, DP=2, TP=4, SP=4, PP=1)
E20260526 03:02:33.009256 140673483243520 main.cc:420] step    4/10 | train loss 4.774470 | lr 1.00e-04 | (188.07 ms | 27224 tok/s | peak used:  1671 MB | peak reserved:  1888 MB, DP=2, TP=4, SP=4, PP=1)
E20260526 03:02:33.189646 140673483243520 main.cc:420] step    5/10 | train loss 4.900544 | lr 1.00e-04 | (180.30 ms | 28397 tok/s | peak used:  1671 MB | peak reserved:  1888 MB, DP=2, TP=4, SP=4, PP=1)
E20260526 03:02:33.375597 140673483243520 main.cc:420] step    6/10 | train loss 4.886502 | lr 1.00e-04 | (185.82 ms | 27553 tok/s | peak used:  1671 MB | peak reserved:  1888 MB, DP=2, TP=4, SP=4, PP=1)
E20260526 03:02:33.545646 140673483243520 main.cc:420] step    7/10 | train loss 4.977886 | lr 1.00e-04 | (169.93 ms | 30130 tok/s | peak used:  1671 MB | peak reserved:  1888 MB, DP=2, TP=4, SP=4, PP=1)
E20260526 03:02:33.713170 140673483243520 main.cc:420] step    8/10 | train loss 4.925550 | lr 1.00e-04 | (167.43 ms | 30579 tok/s | peak used:  1671 MB | peak reserved:  1888 MB, DP=2, TP=4, SP=4, PP=1)
E20260526 03:02:33.892269 140673483243520 main.cc:420] step    9/10 | train loss 4.956982 | lr 1.00e-04 | (179.01 ms | 28602 tok/s | peak used:  1671 MB | peak reserved:  1888 MB, DP=2, TP=4, SP=4, PP=1)
E20260526 03:02:34.067740 140673483243520 main.cc:420] step   10/10 | train loss 5.033280 | lr 1.00e-04 | (175.38 ms | 29194 tok/s | peak used:  1671 MB | peak reserved:  1888 MB, DP=2, TP=4, SP=4, PP=1)
