[LAST_CMAKE] cmake -DUSE_CUDA=ON -DUSE_NCCL=ON .. && make -j
[COMMAND] ./gpt2 --input_bin /data/shared/InfiniTrain-dev/data/llmc/gpt2/tinyshakespeare/tiny_shakespeare_train.bin --llmc_filepath /data/shared/InfiniTrain-dev/data/llmc/gpt2/gpt2_124M.bin --device cuda --dtype=float32 --nthread_per_process=8 --num_iteration=10 --batch_size=10 --total_batch_size=5120 --lora_rank=8 --lora_alpha=16.0 --lora_target_modules=c_attn,attn.c_proj
===== LoRA Model Summary (Rank 2) ======
Total parameters:     163479552
Trainable parameters: 442368 (0.270595%)
Frozen parameters:    163037184
========================================
===== LoRA Model Summary (Rank 7) ======
Total parameters:     163479552
Trainable parameters: 442368 (0.270595%)
Frozen parameters:    163037184
========================================
===== LoRA Model Summary (Rank 1) ======
Total parameters:     163479552
Trainable parameters: 442368 (0.270595%)
Frozen parameters:    163037184
========================================
===== LoRA Model Summary (Rank 0) ======
Total parameters:     163479552
Trainable parameters: 442368 (0.270595%)
Frozen parameters:    163037184
========================================
===== LoRA Model Summary (Rank 3) ======
Total parameters:     163479552
Trainable parameters: 442368 (0.270595%)
Frozen parameters:    163037184
========================================
===== LoRA Model Summary (Rank 5) ======
Total parameters:     163479552
Trainable parameters: 442368 (0.270595%)
Frozen parameters:    163037184
========================================
===== LoRA Model Summary (Rank 6) ======
Total parameters:     163479552
Trainable parameters: 442368 (0.270595%)
Frozen parameters:    163037184
========================================
===== LoRA Model Summary (Rank 4) ======
Total parameters:     163479552
Trainable parameters: 442368 (0.270595%)
Frozen parameters:    163037184
========================================
E20260526 02:59:53.534056 139646386274304 main.cc:420] step    1/10 | train loss 5.219545 | lr 1.00e-04 | (254.39 ms | 20127 tok/s | peak used:  2083 MB | peak reserved:  2208 MB, DP=8, TP=1, SP=1, PP=1)
E20260526 02:59:53.689885 139646386274304 main.cc:420] step    2/10 | train loss 5.143064 | lr 1.00e-04 | (155.05 ms | 33021 tok/s | peak used:  2083 MB | peak reserved:  2272 MB, DP=8, TP=1, SP=1, PP=1)
E20260526 02:59:53.790821 139646386274304 main.cc:420] step    3/10 | train loss 5.074578 | lr 1.00e-04 | (100.83 ms | 50780 tok/s | peak used:  2083 MB | peak reserved:  2304 MB, DP=8, TP=1, SP=1, PP=1)
E20260526 02:59:53.886307 139646386274304 main.cc:420] step    4/10 | train loss 4.774478 | lr 1.00e-04 | (95.39 ms | 53674 tok/s | peak used:  2083 MB | peak reserved:  2368 MB, DP=8, TP=1, SP=1, PP=1)
E20260526 02:59:53.980169 139646386274304 main.cc:420] step    5/10 | train loss 4.900558 | lr 1.00e-04 | (93.76 ms | 54605 tok/s | peak used:  2083 MB | peak reserved:  2400 MB, DP=8, TP=1, SP=1, PP=1)
E20260526 02:59:54.071979 139646386274304 main.cc:420] step    6/10 | train loss 4.886523 | lr 1.00e-04 | (91.73 ms | 55815 tok/s | peak used:  2083 MB | peak reserved:  2432 MB, DP=8, TP=1, SP=1, PP=1)
E20260526 02:59:54.162723 139646386274304 main.cc:420] step    7/10 | train loss 4.977910 | lr 1.00e-04 | (90.67 ms | 56467 tok/s | peak used:  2083 MB | peak reserved:  2496 MB, DP=8, TP=1, SP=1, PP=1)
E20260526 02:59:54.256777 139646386274304 main.cc:420] step    8/10 | train loss 4.925584 | lr 1.00e-04 | (93.98 ms | 54478 tok/s | peak used:  2083 MB | peak reserved:  2528 MB, DP=8, TP=1, SP=1, PP=1)
E20260526 02:59:54.350879 139646386274304 main.cc:420] step    9/10 | train loss 4.957020 | lr 1.00e-04 | (94.03 ms | 54450 tok/s | peak used:  2083 MB | peak reserved:  2560 MB, DP=8, TP=1, SP=1, PP=1)
E20260526 02:59:54.445015 139646386274304 main.cc:420] step   10/10 | train loss 5.033316 | lr 1.00e-04 | (94.06 ms | 54431 tok/s | peak used:  2083 MB | peak reserved:  2624 MB, DP=8, TP=1, SP=1, PP=1)
