[LAST_CMAKE] cmake -DUSE_CUDA=ON -DUSE_NCCL=ON -DPROFILE_MODE=ON .. && make -j
[COMMAND] ./gpt2 --input_bin /data/shared/InfiniTrain-dev/data/llmc/gpt2/tinyshakespeare/tiny_shakespeare_train.bin --llmc_filepath /data/shared/InfiniTrain-dev/data/llmc/gpt2/gpt2_124M.bin --device cuda --dtype=bfloat16 --nthread_per_process=8 --num_iteration=10 --batch_size=40 --total_batch_size=5120 --tensor_parallel=4 --lora_rank=16 --lora_alpha=32.0 --lora_target_modules=c_attn,c_fc,c_proj
===== LoRA Model Summary (Rank 3) ======
Total parameters:     42441984
Trainable parameters: 1032192 (2.43201%)
Frozen parameters:    41409792
========================================
===== LoRA Model Summary (Rank 0) ======
Total parameters:     42441984
Trainable parameters: 1032192 (2.43201%)
Frozen parameters:    41409792
========================================
===== LoRA Model Summary (Rank 6) ======
Total parameters:     42441984
Trainable parameters: 1032192 (2.43201%)
Frozen parameters:    41409792
========================================
===== LoRA Model Summary (Rank 5) ======
Total parameters:     42441984
Trainable parameters: 1032192 (2.43201%)
Frozen parameters:    41409792
========================================
===== LoRA Model Summary (Rank 1) ======
Total parameters:     42441984
Trainable parameters: 1032192 (2.43201%)
Frozen parameters:    41409792
========================================
===== LoRA Model Summary (Rank 4) ======
Total parameters:     42441984
Trainable parameters: 1032192 (2.43201%)
Frozen parameters:    41409792
========================================
===== LoRA Model Summary (Rank 7) ======
Total parameters:     42441984
Trainable parameters: 1032192 (2.43201%)
Frozen parameters:    41409792
========================================
===== LoRA Model Summary (Rank 2) ======
Total parameters:     42441984
Trainable parameters: 1032192 (2.43201%)
Frozen parameters:    41409792
========================================
E20260526 03:31:24.802817 140256636555264 main.cc:420] step    1/10 | train loss 5.205599 | lr 1.00e-04 | (1096.32 ms | 4670 tok/s | peak used:  1753 MB | peak reserved:  1824 MB, DP=2, TP=4, SP=1, PP=1)
E20260526 03:31:25.367932 140256636555264 main.cc:420] step    2/10 | train loss 5.136294 | lr 1.00e-04 | (564.51 ms | 9070 tok/s | peak used:  1811 MB | peak reserved:  1888 MB, DP=2, TP=4, SP=1, PP=1)
E20260526 03:31:25.842031 140256636555264 main.cc:420] step    3/10 | train loss 5.077436 | lr 1.00e-04 | (474.01 ms | 10802 tok/s | peak used:  1811 MB | peak reserved:  1888 MB, DP=2, TP=4, SP=1, PP=1)
E20260526 03:31:26.253949 140256636555264 main.cc:420] step    4/10 | train loss 4.768060 | lr 1.00e-04 | (411.85 ms | 12432 tok/s | peak used:  1811 MB | peak reserved:  1888 MB, DP=2, TP=4, SP=1, PP=1)
E20260526 03:31:26.719776 140256636555264 main.cc:420] step    5/10 | train loss 4.896373 | lr 1.00e-04 | (465.75 ms | 10993 tok/s | peak used:  1811 MB | peak reserved:  1888 MB, DP=2, TP=4, SP=1, PP=1)
E20260526 03:31:27.145303 140256636555264 main.cc:420] step    6/10 | train loss 4.874796 | lr 1.00e-04 | (425.47 ms | 12034 tok/s | peak used:  1811 MB | peak reserved:  1888 MB, DP=2, TP=4, SP=1, PP=1)
E20260526 03:31:27.551717 140256636555264 main.cc:420] step    7/10 | train loss 4.966947 | lr 1.00e-04 | (406.36 ms | 12600 tok/s | peak used:  1811 MB | peak reserved:  1888 MB, DP=2, TP=4, SP=1, PP=1)
E20260526 03:31:27.930680 140256636555264 main.cc:420] step    8/10 | train loss 4.919127 | lr 1.00e-04 | (378.91 ms | 13512 tok/s | peak used:  1811 MB | peak reserved:  1888 MB, DP=2, TP=4, SP=1, PP=1)
E20260526 03:31:28.471495 140256636555264 main.cc:420] step    9/10 | train loss 4.960824 | lr 1.00e-04 | (540.76 ms | 9468 tok/s | peak used:  1811 MB | peak reserved:  1888 MB, DP=2, TP=4, SP=1, PP=1)
E20260526 03:31:29.754025 140256636555264 main.cc:420] step   10/10 | train loss 5.025612 | lr 1.00e-04 | (1282.47 ms | 3992 tok/s | peak used:  1811 MB | peak reserved:  1888 MB, DP=2, TP=4, SP=1, PP=1)
