==========================================
Running: gpt2_1_lora_fp32
==========================================
Running pytorch 2.8.0+metax3.5.3.9
using device: cuda
total desired batch size: 256
=> calculated gradient accumulation steps: 1
loading weights from pretrained gpt: gpt2
Applying LoRA with rank=8, alpha=16.0
Target modules: c_attn,attn.c_proj
trainable params: 442,368 || all params: 124,882,176 || trainable%: 0.3542
DataLoader: total number of tokens: 305,260 across 1 files
step    1/10 | train loss 5.356194 | norm -1.0000 | lr 1.00e-04 | (676.53 ms | 378 tok/s)
step    2/10 | train loss 5.144086 | norm -1.0000 | lr 1.00e-04 | (29.12 ms | 8790 tok/s)
step    3/10 | train loss 4.849665 | norm -1.0000 | lr 1.00e-04 | (28.84 ms | 8877 tok/s)
step    4/10 | train loss 4.976915 | norm -1.0000 | lr 1.00e-04 | (28.78 ms | 8896 tok/s)
step    5/10 | train loss 4.895229 | norm -1.0000 | lr 1.00e-04 | (29.12 ms | 8792 tok/s)
step    6/10 | train loss 5.197306 | norm -1.0000 | lr 1.00e-04 | (26.69 ms | 9592 tok/s)
step    7/10 | train loss 5.058922 | norm -1.0000 | lr 1.00e-04 | (28.38 ms | 9019 tok/s)
step    8/10 | train loss 5.261157 | norm -1.0000 | lr 1.00e-04 | (28.50 ms | 8982 tok/s)
step    9/10 | train loss 5.313334 | norm -1.0000 | lr 1.00e-04 | (29.42 ms | 8700 tok/s)
step   10/10 | train loss 5.574057 | norm -1.0000 | lr 1.00e-04 | (28.07 ms | 9120 tok/s)
final 9 iters Latency avg: 28.548ms
final 9 iters Throughput avg: 8974 tok/s
peak memory consumption: 1022 MiB
==========================================
Running: gpt2_1_lora_bfloat16
==========================================
Running pytorch 2.8.0+metax3.5.3.9
using device: cuda
total desired batch size: 256
=> calculated gradient accumulation steps: 1
loading weights from pretrained gpt: gpt2
Applying LoRA with rank=8, alpha=16.0
Target modules: c_attn,attn.c_proj
trainable params: 442,368 || all params: 124,882,176 || trainable%: 0.3542
DataLoader: total number of tokens: 305,260 across 1 files
step    1/10 | train loss 5.333876 | norm -1.0000 | lr 1.00e-04 | (689.47 ms | 371 tok/s)
step    2/10 | train loss 5.117111 | norm -1.0000 | lr 1.00e-04 | (30.38 ms | 8427 tok/s)
step    3/10 | train loss 4.857628 | norm -1.0000 | lr 1.00e-04 | (28.06 ms | 9123 tok/s)
step    4/10 | train loss 4.984291 | norm -1.0000 | lr 1.00e-04 | (28.38 ms | 9021 tok/s)
step    5/10 | train loss 4.909014 | norm -1.0000 | lr 1.00e-04 | (28.69 ms | 8924 tok/s)
step    6/10 | train loss 5.179301 | norm -1.0000 | lr 1.00e-04 | (32.29 ms | 7929 tok/s)
step    7/10 | train loss 5.045848 | norm -1.0000 | lr 1.00e-04 | (28.82 ms | 8882 tok/s)
step    8/10 | train loss 5.232363 | norm -1.0000 | lr 1.00e-04 | (29.40 ms | 8709 tok/s)
step    9/10 | train loss 5.296677 | norm -1.0000 | lr 1.00e-04 | (29.25 ms | 8753 tok/s)
step   10/10 | train loss 5.556975 | norm -1.0000 | lr 1.00e-04 | (29.12 ms | 8791 tok/s)
final 9 iters Latency avg: 29.376ms
final 9 iters Throughput avg: 8729 tok/s
peak memory consumption: 1204 MiB
==========================================
Running: gpt2_2_lora_fp32
==========================================
Running pytorch 2.8.0+metax3.5.3.9
using device: cuda
total desired batch size: 5120
=> calculated gradient accumulation steps: 1
loading weights from pretrained gpt: gpt2
Applying LoRA with rank=8, alpha=16.0
Target modules: c_attn,attn.c_proj
trainable params: 442,368 || all params: 124,882,176 || trainable%: 0.3542
DataLoader: total number of tokens: 305,260 across 1 files
step    1/10 | train loss 5.219545 | norm -1.0000 | lr 1.00e-04 | (808.41 ms | 6333 tok/s)
step    2/10 | train loss 5.143064 | norm -1.0000 | lr 1.00e-04 | (153.58 ms | 33337 tok/s)
step    3/10 | train loss 5.074578 | norm -1.0000 | lr 1.00e-04 | (153.18 ms | 33426 tok/s)
step    4/10 | train loss 4.774480 | norm -1.0000 | lr 1.00e-04 | (154.10 ms | 33226 tok/s)
step    5/10 | train loss 4.900561 | norm -1.0000 | lr 1.00e-04 | (159.63 ms | 32075 tok/s)
step    6/10 | train loss 4.886527 | norm -1.0000 | lr 1.00e-04 | (155.49 ms | 32928 tok/s)
step    7/10 | train loss 4.977918 | norm -1.0000 | lr 1.00e-04 | (155.13 ms | 33005 tok/s)
step    8/10 | train loss 4.925590 | norm -1.0000 | lr 1.00e-04 | (153.37 ms | 33384 tok/s)
step    9/10 | train loss 4.957023 | norm -1.0000 | lr 1.00e-04 | (154.02 ms | 33243 tok/s)
step   10/10 | train loss 5.033326 | norm -1.0000 | lr 1.00e-04 | (155.27 ms | 32975 tok/s)
final 9 iters Latency avg: 154.862ms
final 9 iters Throughput avg: 33067 tok/s
peak memory consumption: 7931 MiB
==========================================
Running: gpt2_2_lora_bfloat16
==========================================
Running pytorch 2.8.0+metax3.5.3.9
using device: cuda
total desired batch size: 5120
=> calculated gradient accumulation steps: 1
loading weights from pretrained gpt: gpt2
Applying LoRA with rank=8, alpha=16.0
Target modules: c_attn,attn.c_proj
trainable params: 442,368 || all params: 124,882,176 || trainable%: 0.3542
DataLoader: total number of tokens: 305,260 across 1 files
step    1/10 | train loss 5.208039 | norm -1.0000 | lr 1.00e-04 | (716.75 ms | 7143 tok/s)
step    2/10 | train loss 5.141036 | norm -1.0000 | lr 1.00e-04 | (83.69 ms | 61176 tok/s)
step    3/10 | train loss 5.070267 | norm -1.0000 | lr 1.00e-04 | (83.74 ms | 61145 tok/s)
step    4/10 | train loss 4.766779 | norm -1.0000 | lr 1.00e-04 | (84.20 ms | 60810 tok/s)
step    5/10 | train loss 4.897858 | norm -1.0000 | lr 1.00e-04 | (84.26 ms | 60765 tok/s)
step    6/10 | train loss 4.873826 | norm -1.0000 | lr 1.00e-04 | (84.05 ms | 60918 tok/s)
step    7/10 | train loss 4.965813 | norm -1.0000 | lr 1.00e-04 | (82.32 ms | 62200 tok/s)
step    8/10 | train loss 4.919214 | norm -1.0000 | lr 1.00e-04 | (84.19 ms | 60818 tok/s)
step    9/10 | train loss 4.959752 | norm -1.0000 | lr 1.00e-04 | (84.25 ms | 60769 tok/s)
step   10/10 | train loss 5.022075 | norm -1.0000 | lr 1.00e-04 | (84.22 ms | 60793 tok/s)
final 9 iters Latency avg: 83.879ms
final 9 iters Throughput avg: 61044 tok/s
peak memory consumption: 6963 MiB
==========================================
Running: gpt2_3_lora_fp32 (8 GPUs)
==========================================
W0723 09:00:19.424000 2620161 site-packages/torch/distributed/run.py:774] 
W0723 09:00:19.424000 2620161 site-packages/torch/distributed/run.py:774] *****************************************
W0723 09:00:19.424000 2620161 site-packages/torch/distributed/run.py:774] Setting OMP_NUM_THREADS environment variable for each process to be 1 in default, to avoid your system being overloaded, please further tune the variable for optimal performance in your application as needed. 
W0723 09:00:19.424000 2620161 site-packages/torch/distributed/run.py:774] *****************************************
Running pytorch 2.8.0+metax3.5.3.9
using device: cuda:2using device: cuda:3

using device: cuda:7
using device: cuda:5
using device: cuda:0
total desired batch size: 5120
=> calculated gradient accumulation steps: 1
using device: cuda:6
using device: cuda:4
using device: cuda:1
loading weights from pretrained gpt: gpt2
loading weights from pretrained gpt: gpt2
loading weights from pretrained gpt: gpt2
loading weights from pretrained gpt: gpt2
loading weights from pretrained gpt: gpt2
loading weights from pretrained gpt: gpt2
loading weights from pretrained gpt: gpt2
loading weights from pretrained gpt: gpt2
trainable params: 442,368 || all params: 124,882,176 || trainable%: 0.3542
trainable params: 442,368 || all params: 124,882,176 || trainable%: 0.3542
Applying LoRA with rank=8, alpha=16.0
Target modules: c_attn,attn.c_proj
trainable params: 442,368 || all params: 124,882,176 || trainable%: 0.3542
trainable params: 442,368 || all params: 124,882,176 || trainable%: 0.3542
trainable params: 442,368 || all params: 124,882,176 || trainable%: 0.3542
trainable params: 442,368 || all params: 124,882,176 || trainable%: 0.3542
trainable params: 442,368 || all params: 124,882,176 || trainable%: 0.3542
trainable params: 442,368 || all params: 124,882,176 || trainable%: 0.3542
DataLoader: total number of tokens: 305,260 across 1 files
step    1/10 | train loss 5.219545 | norm -1.0000 | lr 1.00e-04 | (1170.95 ms | 4373 tok/s)
step    2/10 | train loss 5.143064 | norm -1.0000 | lr 1.00e-04 | (44.69 ms | 114577 tok/s)
step    3/10 | train loss 5.074578 | norm -1.0000 | lr 1.00e-04 | (42.78 ms | 119672 tok/s)
step    4/10 | train loss 4.774481 | norm -1.0000 | lr 1.00e-04 | (44.01 ms | 116329 tok/s)
step    5/10 | train loss 4.900560 | norm -1.0000 | lr 1.00e-04 | (43.94 ms | 116514 tok/s)
step    6/10 | train loss 4.886528 | norm -1.0000 | lr 1.00e-04 | (43.74 ms | 117058 tok/s)
step    7/10 | train loss 4.977918 | norm -1.0000 | lr 1.00e-04 | (44.17 ms | 115922 tok/s)
step    8/10 | train loss 4.925590 | norm -1.0000 | lr 1.00e-04 | (43.96 ms | 116464 tok/s)
step    9/10 | train loss 4.957023 | norm -1.0000 | lr 1.00e-04 | (44.66 ms | 114652 tok/s)
step   10/10 | train loss 5.033326 | norm -1.0000 | lr 1.00e-04 | (44.27 ms | 115665 tok/s)
final 9 iters Latency avg: 44.024ms
final 9 iters Throughput avg: 116317 tok/s
peak memory consumption: 1571 MiB
==========================================
Running: gpt2_3_lora_bfloat16 (8 GPUs)
==========================================
W0723 09:03:37.024000 2627230 site-packages/torch/distributed/run.py:774] 
W0723 09:03:37.024000 2627230 site-packages/torch/distributed/run.py:774] *****************************************
W0723 09:03:37.024000 2627230 site-packages/torch/distributed/run.py:774] Setting OMP_NUM_THREADS environment variable for each process to be 1 in default, to avoid your system being overloaded, please further tune the variable for optimal performance in your application as needed. 
W0723 09:03:37.024000 2627230 site-packages/torch/distributed/run.py:774] *****************************************
Running pytorch 2.8.0+metax3.5.3.9
using device: cuda:4
using device: cuda:2
using device: cuda:0
total desired batch size: 5120
=> calculated gradient accumulation steps: 1
using device: cuda:1
using device: cuda:5
using device: cuda:7
using device: cuda:3
using device: cuda:6
loading weights from pretrained gpt: gpt2
loading weights from pretrained gpt: gpt2
loading weights from pretrained gpt: gpt2
loading weights from pretrained gpt: gpt2
loading weights from pretrained gpt: gpt2
loading weights from pretrained gpt: gpt2
loading weights from pretrained gpt: gpt2
loading weights from pretrained gpt: gpt2
Applying LoRA with rank=8, alpha=16.0
Target modules: c_attn,attn.c_proj
trainable params: 442,368 || all params: 124,882,176 || trainable%: 0.3542
trainable params: 442,368 || all params: 124,882,176 || trainable%: 0.3542
trainable params: 442,368 || all params: 124,882,176 || trainable%: 0.3542
trainable params: 442,368 || all params: 124,882,176 || trainable%: 0.3542
DataLoader: total number of tokens: 305,260 across 1 files
trainable params: 442,368 || all params: 124,882,176 || trainable%: 0.3542
trainable params: 442,368 || all params: 124,882,176 || trainable%: 0.3542
trainable params: 442,368 || all params: 124,882,176 || trainable%: 0.3542
trainable params: 442,368 || all params: 124,882,176 || trainable%: 0.3542
step    1/10 | train loss 5.204671 | norm -1.0000 | lr 1.00e-04 | (1148.46 ms | 4458 tok/s)
step    2/10 | train loss 5.140466 | norm -1.0000 | lr 1.00e-04 | (46.56 ms | 109964 tok/s)
step    3/10 | train loss 5.066905 | norm -1.0000 | lr 1.00e-04 | (34.85 ms | 146905 tok/s)
step    4/10 | train loss 4.766565 | norm -1.0000 | lr 1.00e-04 | (43.36 ms | 118072 tok/s)
step    5/10 | train loss 4.895028 | norm -1.0000 | lr 1.00e-04 | (40.99 ms | 124923 tok/s)
step    6/10 | train loss 4.875154 | norm -1.0000 | lr 1.00e-04 | (41.70 ms | 122783 tok/s)
step    7/10 | train loss 4.968864 | norm -1.0000 | lr 1.00e-04 | (42.92 ms | 119293 tok/s)
step    8/10 | train loss 4.917142 | norm -1.0000 | lr 1.00e-04 | (45.95 ms | 111431 tok/s)
step    9/10 | train loss 4.957081 | norm -1.0000 | lr 1.00e-04 | (39.65 ms | 129117 tok/s)
step   10/10 | train loss 5.027645 | norm -1.0000 | lr 1.00e-04 | (40.64 ms | 125997 tok/s)
final 9 iters Latency avg: 41.847ms
final 9 iters Throughput avg: 123165 tok/s
peak memory consumption: 1662 MiB
==========================================
Running: llama3_1_lora_fp32
==========================================
/opt/conda/lib/python3.12/site-packages/torch/__init__.py:1269: UserWarning: torch.set_default_tensor_type() is deprecated as of PyTorch 2.1, please use torch.set_default_dtype() and torch.set_default_device() as alternatives. (Triggered internally at /workspace/framework/mcPytorch/torch/csrc/tensor/python_tensor.cpp:434.)
  _C._set_default_tensor_type(t)
Running pytorch 2.8.0+metax3.5.3.9
using device: cuda
total desired batch size: 256
=> calculated gradient accumulation steps: 1
write tokenizer from huggingface: wrote llama3_tokenizer.bin with 128256 tokens.
Applying LoRA with rank=8, alpha=16.0
Target modules: c_attn,attn.c_proj
trainable params: 1,179,648 || all params: 1,499,662,336 || trainable%: 0.0787
DataLoader: total number of tokens: 276,224 across 1 files
step    1/10 | train loss 4.899450 | norm -1.0000 | lr 1.00e-05 | (820.23 ms | 312 tok/s)
step    2/10 | train loss 4.868546 | norm -1.0000 | lr 1.00e-05 | (81.22 ms | 3152 tok/s)
step    3/10 | train loss 4.770337 | norm -1.0000 | lr 1.00e-05 | (77.50 ms | 3303 tok/s)
step    4/10 | train loss 5.010626 | norm -1.0000 | lr 1.00e-05 | (77.95 ms | 3284 tok/s)
step    5/10 | train loss 4.922276 | norm -1.0000 | lr 1.00e-05 | (76.93 ms | 3328 tok/s)
step    6/10 | train loss 4.973808 | norm -1.0000 | lr 1.00e-05 | (77.85 ms | 3289 tok/s)
step    7/10 | train loss 4.883525 | norm -1.0000 | lr 1.00e-05 | (78.17 ms | 3275 tok/s)
step    8/10 | train loss 4.800917 | norm -1.0000 | lr 1.00e-05 | (78.53 ms | 3260 tok/s)
step    9/10 | train loss 4.702595 | norm -1.0000 | lr 1.00e-05 | (78.23 ms | 3272 tok/s)
step   10/10 | train loss 4.320539 | norm -1.0000 | lr 1.00e-05 | (77.50 ms | 3303 tok/s)
final 9 iters Latency avg: 78.209ms
final 9 iters Throughput avg: 3274 tok/s
peak memory consumption: 7009 MiB
==========================================
Running: llama3_1_lora_bfloat16
==========================================
/opt/conda/lib/python3.12/site-packages/torch/__init__.py:1269: UserWarning: torch.set_default_tensor_type() is deprecated as of PyTorch 2.1, please use torch.set_default_dtype() and torch.set_default_device() as alternatives. (Triggered internally at /workspace/framework/mcPytorch/torch/csrc/tensor/python_tensor.cpp:434.)
  _C._set_default_tensor_type(t)
Running pytorch 2.8.0+metax3.5.3.9
using device: cuda
total desired batch size: 256
=> calculated gradient accumulation steps: 1
write tokenizer from huggingface: wrote llama3_tokenizer.bin with 128256 tokens.
Applying LoRA with rank=8, alpha=16.0
Target modules: c_attn,attn.c_proj
trainable params: 1,179,648 || all params: 1,499,662,336 || trainable%: 0.0787
DataLoader: total number of tokens: 276,224 across 1 files
step    1/10 | train loss 4.901941 | norm -1.0000 | lr 1.00e-05 | (772.39 ms | 331 tok/s)
step    2/10 | train loss 4.869547 | norm -1.0000 | lr 1.00e-05 | (77.04 ms | 3323 tok/s)
step    3/10 | train loss 4.772050 | norm -1.0000 | lr 1.00e-05 | (75.96 ms | 3370 tok/s)
step    4/10 | train loss 5.015519 | norm -1.0000 | lr 1.00e-05 | (75.56 ms | 3388 tok/s)
step    5/10 | train loss 4.928331 | norm -1.0000 | lr 1.00e-05 | (74.32 ms | 3444 tok/s)
step    6/10 | train loss 4.981339 | norm -1.0000 | lr 1.00e-05 | (75.10 ms | 3409 tok/s)
step    7/10 | train loss 4.892840 | norm -1.0000 | lr 1.00e-05 | (75.53 ms | 3389 tok/s)
step    8/10 | train loss 4.810061 | norm -1.0000 | lr 1.00e-05 | (74.68 ms | 3428 tok/s)
step    9/10 | train loss 4.714588 | norm -1.0000 | lr 1.00e-05 | (75.27 ms | 3401 tok/s)
step   10/10 | train loss 4.325320 | norm -1.0000 | lr 1.00e-05 | (74.00 ms | 3459 tok/s)
final 9 iters Latency avg: 75.275ms
final 9 iters Throughput avg: 3401 tok/s
peak memory consumption: 9036 MiB
==========================================
Running: llama3_2_lora_fp32
==========================================
/opt/conda/lib/python3.12/site-packages/torch/__init__.py:1269: UserWarning: torch.set_default_tensor_type() is deprecated as of PyTorch 2.1, please use torch.set_default_dtype() and torch.set_default_device() as alternatives. (Triggered internally at /workspace/framework/mcPytorch/torch/csrc/tensor/python_tensor.cpp:434.)
  _C._set_default_tensor_type(t)
Running pytorch 2.8.0+metax3.5.3.9
using device: cuda
total desired batch size: 5120
=> calculated gradient accumulation steps: 1
write tokenizer from huggingface: wrote llama3_tokenizer.bin with 128256 tokens.
Applying LoRA with rank=8, alpha=16.0
Target modules: c_attn,attn.c_proj
trainable params: 1,179,648 || all params: 1,499,662,336 || trainable%: 0.0787
DataLoader: total number of tokens: 276,224 across 1 files
step    1/10 | train loss 4.726651 | norm -1.0000 | lr 1.00e-05 | (1736.10 ms | 2949 tok/s)
step    2/10 | train loss 4.578903 | norm -1.0000 | lr 1.00e-05 | (1010.47 ms | 5067 tok/s)
step    3/10 | train loss 4.217411 | norm -1.0000 | lr 1.00e-05 | (1007.73 ms | 5081 tok/s)
step    4/10 | train loss 4.375905 | norm -1.0000 | lr 1.00e-05 | (1007.14 ms | 5084 tok/s)
step    5/10 | train loss 4.413910 | norm -1.0000 | lr 1.00e-05 | (1008.39 ms | 5077 tok/s)
step    6/10 | train loss 4.446320 | norm -1.0000 | lr 1.00e-05 | (1008.63 ms | 5076 tok/s)
step    7/10 | train loss 4.510069 | norm -1.0000 | lr 1.00e-05 | (1008.89 ms | 5075 tok/s)
step    8/10 | train loss 4.406634 | norm -1.0000 | lr 1.00e-05 | (1008.73 ms | 5076 tok/s)
step    9/10 | train loss 4.425782 | norm -1.0000 | lr 1.00e-05 | (1006.00 ms | 5089 tok/s)
step   10/10 | train loss 4.382312 | norm -1.0000 | lr 1.00e-05 | (1006.59 ms | 5086 tok/s)
final 9 iters Latency avg: 1008.065ms
final 9 iters Throughput avg: 5079 tok/s
peak memory consumption: 28745 MiB
==========================================
Running: llama3_2_lora_bfloat16
==========================================
/opt/conda/lib/python3.12/site-packages/torch/__init__.py:1269: UserWarning: torch.set_default_tensor_type() is deprecated as of PyTorch 2.1, please use torch.set_default_dtype() and torch.set_default_device() as alternatives. (Triggered internally at /workspace/framework/mcPytorch/torch/csrc/tensor/python_tensor.cpp:434.)
  _C._set_default_tensor_type(t)
Running pytorch 2.8.0+metax3.5.3.9
using device: cuda
total desired batch size: 5120
=> calculated gradient accumulation steps: 1
write tokenizer from huggingface: wrote llama3_tokenizer.bin with 128256 tokens.
Applying LoRA with rank=8, alpha=16.0
Target modules: c_attn,attn.c_proj
trainable params: 1,179,648 || all params: 1,499,662,336 || trainable%: 0.0787
DataLoader: total number of tokens: 276,224 across 1 files
step    1/10 | train loss 4.727628 | norm -1.0000 | lr 1.00e-05 | (1017.68 ms | 5031 tok/s)
step    2/10 | train loss 4.582141 | norm -1.0000 | lr 1.00e-05 | (332.17 ms | 15414 tok/s)
step    3/10 | train loss 4.221061 | norm -1.0000 | lr 1.00e-05 | (330.18 ms | 15507 tok/s)
step    4/10 | train loss 4.380396 | norm -1.0000 | lr 1.00e-05 | (329.59 ms | 15534 tok/s)
step    5/10 | train loss 4.419182 | norm -1.0000 | lr 1.00e-05 | (330.44 ms | 15494 tok/s)
step    6/10 | train loss 4.453708 | norm -1.0000 | lr 1.00e-05 | (329.21 ms | 15553 tok/s)
step    7/10 | train loss 4.518876 | norm -1.0000 | lr 1.00e-05 | (330.00 ms | 15515 tok/s)
step    8/10 | train loss 4.415443 | norm -1.0000 | lr 1.00e-05 | (330.23 ms | 15504 tok/s)
step    9/10 | train loss 4.434689 | norm -1.0000 | lr 1.00e-05 | (329.13 ms | 15556 tok/s)
step   10/10 | train loss 4.389924 | norm -1.0000 | lr 1.00e-05 | (329.76 ms | 15526 tok/s)
final 9 iters Latency avg: 330.080ms
final 9 iters Throughput avg: 15512 tok/s
peak memory consumption: 24690 MiB
==========================================
Running: llama3_3_lora_fp32 (8 GPUs)
==========================================
W0723 09:08:24.505000 2640718 site-packages/torch/distributed/run.py:774] 
W0723 09:08:24.505000 2640718 site-packages/torch/distributed/run.py:774] *****************************************
W0723 09:08:24.505000 2640718 site-packages/torch/distributed/run.py:774] Setting OMP_NUM_THREADS environment variable for each process to be 1 in default, to avoid your system being overloaded, please further tune the variable for optimal performance in your application as needed. 
W0723 09:08:24.505000 2640718 site-packages/torch/distributed/run.py:774] *****************************************
Running pytorch 2.8.0+metax3.5.3.9
using device: cuda:0
total desired batch size: 5120
=> calculated gradient accumulation steps: 1
using device: cuda:5
using device: cuda:7
using device: cuda:2
using device: cuda:1
using device: cuda:3
using device: cuda:4
using device: cuda:6
/opt/conda/lib/python3.12/site-packages/torch/__init__.py:1269: UserWarning: torch.set_default_tensor_type() is deprecated as of PyTorch 2.1, please use torch.set_default_dtype() and torch.set_default_device() as alternatives. (Triggered internally at /workspace/framework/mcPytorch/torch/csrc/tensor/python_tensor.cpp:434.)
  _C._set_default_tensor_type(t)
/opt/conda/lib/python3.12/site-packages/torch/__init__.py:1269: UserWarning: torch.set_default_tensor_type() is deprecated as of PyTorch 2.1, please use torch.set_default_dtype() and torch.set_default_device() as alternatives. (Triggered internally at /workspace/framework/mcPytorch/torch/csrc/tensor/python_tensor.cpp:434.)
  _C._set_default_tensor_type(t)
/opt/conda/lib/python3.12/site-packages/torch/__init__.py:1269: UserWarning: torch.set_default_tensor_type() is deprecated as of PyTorch 2.1, please use torch.set_default_dtype() and torch.set_default_device() as alternatives. (Triggered internally at /workspace/framework/mcPytorch/torch/csrc/tensor/python_tensor.cpp:434.)
  _C._set_default_tensor_type(t)
/opt/conda/lib/python3.12/site-packages/torch/__init__.py:1269: UserWarning: torch.set_default_tensor_type() is deprecated as of PyTorch 2.1, please use torch.set_default_dtype() and torch.set_default_device() as alternatives. (Triggered internally at /workspace/framework/mcPytorch/torch/csrc/tensor/python_tensor.cpp:434.)
  _C._set_default_tensor_type(t)
/opt/conda/lib/python3.12/site-packages/torch/__init__.py:1269: UserWarning: torch.set_default_tensor_type() is deprecated as of PyTorch 2.1, please use torch.set_default_dtype() and torch.set_default_device() as alternatives. (Triggered internally at /workspace/framework/mcPytorch/torch/csrc/tensor/python_tensor.cpp:434.)
  _C._set_default_tensor_type(t)
/opt/conda/lib/python3.12/site-packages/torch/__init__.py:1269: UserWarning: torch.set_default_tensor_type() is deprecated as of PyTorch 2.1, please use torch.set_default_dtype() and torch.set_default_device() as alternatives. (Triggered internally at /workspace/framework/mcPytorch/torch/csrc/tensor/python_tensor.cpp:434.)
  _C._set_default_tensor_type(t)
/opt/conda/lib/python3.12/site-packages/torch/__init__.py:1269: UserWarning: torch.set_default_tensor_type() is deprecated as of PyTorch 2.1, please use torch.set_default_dtype() and torch.set_default_device() as alternatives. (Triggered internally at /workspace/framework/mcPytorch/torch/csrc/tensor/python_tensor.cpp:434.)
  _C._set_default_tensor_type(t)
/opt/conda/lib/python3.12/site-packages/torch/__init__.py:1269: UserWarning: torch.set_default_tensor_type() is deprecated as of PyTorch 2.1, please use torch.set_default_dtype() and torch.set_default_device() as alternatives. (Triggered internally at /workspace/framework/mcPytorch/torch/csrc/tensor/python_tensor.cpp:434.)
  _C._set_default_tensor_type(t)
write tokenizer from huggingface: wrote llama3_tokenizer.bin with 128256 tokens.
write tokenizer from huggingface: wrote llama3_tokenizer.bin with 128256 tokens.
write tokenizer from huggingface: wrote llama3_tokenizer.bin with 128256 tokens.
write tokenizer from huggingface: wrote llama3_tokenizer.bin with 128256 tokens.
write tokenizer from huggingface: wrote llama3_tokenizer.bin with 128256 tokens.
Applying LoRA with rank=8, alpha=16.0
Target modules: c_attn,attn.c_proj
write tokenizer from huggingface: wrote llama3_tokenizer.bin with 128256 tokens.
write tokenizer from huggingface: wrote llama3_tokenizer.bin with 128256 tokens.
trainable params: 1,179,648 || all params: 1,499,662,336 || trainable%: 0.0787
trainable params: 1,179,648 || all params: 1,499,662,336 || trainable%: 0.0787
write tokenizer from huggingface: wrote llama3_tokenizer.bin with 128256 tokens.
trainable params: 1,179,648 || all params: 1,499,662,336 || trainable%: 0.0787
trainable params: 1,179,648 || all params: 1,499,662,336 || trainable%: 0.0787
trainable params: 1,179,648 || all params: 1,499,662,336 || trainable%: 0.0787
trainable params: 1,179,648 || all params: 1,499,662,336 || trainable%: 0.0787
DataLoader: total number of tokens: 276,224 across 1 files
trainable params: 1,179,648 || all params: 1,499,662,336 || trainable%: 0.0787
trainable params: 1,179,648 || all params: 1,499,662,336 || trainable%: 0.0787
DDP all-reduce chunk size: 64 MiB
C550 chunked all-reduce: bucket=4.5 MiB, chunks=1, max_chunk=64 MiB
step    1/10 | train loss 4.726650 | norm -1.0000 | lr 1.00e-05 | (1626.32 ms | 3148 tok/s)
step    2/10 | train loss 4.578903 | norm -1.0000 | lr 1.00e-05 | (179.50 ms | 28524 tok/s)
step    3/10 | train loss 4.217411 | norm -1.0000 | lr 1.00e-05 | (157.98 ms | 32408 tok/s)
step    4/10 | train loss 4.375905 | norm -1.0000 | lr 1.00e-05 | (160.53 ms | 31893 tok/s)
step    5/10 | train loss 4.413910 | norm -1.0000 | lr 1.00e-05 | (158.62 ms | 32278 tok/s)
step    6/10 | train loss 4.446320 | norm -1.0000 | lr 1.00e-05 | (159.04 ms | 32194 tok/s)
step    7/10 | train loss 4.510069 | norm -1.0000 | lr 1.00e-05 | (157.52 ms | 32504 tok/s)
step    8/10 | train loss 4.406634 | norm -1.0000 | lr 1.00e-05 | (161.08 ms | 31785 tok/s)
step    9/10 | train loss 4.425782 | norm -1.0000 | lr 1.00e-05 | (158.62 ms | 32278 tok/s)
step   10/10 | train loss 4.382312 | norm -1.0000 | lr 1.00e-05 | (157.58 ms | 32491 tok/s)
final 9 iters Latency avg: 161.165ms
final 9 iters Throughput avg: 31817 tok/s
peak memory consumption: 8728 MiB
==========================================
Running: llama3_3_lora_bfloat16 (8 GPUs)
==========================================
W0723 09:11:37.664000 2647758 site-packages/torch/distributed/run.py:774] 
W0723 09:11:37.664000 2647758 site-packages/torch/distributed/run.py:774] *****************************************
W0723 09:11:37.664000 2647758 site-packages/torch/distributed/run.py:774] Setting OMP_NUM_THREADS environment variable for each process to be 1 in default, to avoid your system being overloaded, please further tune the variable for optimal performance in your application as needed. 
W0723 09:11:37.664000 2647758 site-packages/torch/distributed/run.py:774] *****************************************
Running pytorch 2.8.0+metax3.5.3.9
using device: cuda:0
total desired batch size: 5120
=> calculated gradient accumulation steps: 1
using device: cuda:4
using device: cuda:1
using device: cuda:5
using device: cuda:7
using device: cuda:3
using device: cuda:6
using device: cuda:2
/opt/conda/lib/python3.12/site-packages/torch/__init__.py:1269: UserWarning: torch.set_default_tensor_type() is deprecated as of PyTorch 2.1, please use torch.set_default_dtype() and torch.set_default_device() as alternatives. (Triggered internally at /workspace/framework/mcPytorch/torch/csrc/tensor/python_tensor.cpp:434.)
  _C._set_default_tensor_type(t)
/opt/conda/lib/python3.12/site-packages/torch/__init__.py:1269: UserWarning: torch.set_default_tensor_type() is deprecated as of PyTorch 2.1, please use torch.set_default_dtype() and torch.set_default_device() as alternatives. (Triggered internally at /workspace/framework/mcPytorch/torch/csrc/tensor/python_tensor.cpp:434.)
  _C._set_default_tensor_type(t)
/opt/conda/lib/python3.12/site-packages/torch/__init__.py:1269: UserWarning: torch.set_default_tensor_type() is deprecated as of PyTorch 2.1, please use torch.set_default_dtype() and torch.set_default_device() as alternatives. (Triggered internally at /workspace/framework/mcPytorch/torch/csrc/tensor/python_tensor.cpp:434.)
  _C._set_default_tensor_type(t)
/opt/conda/lib/python3.12/site-packages/torch/__init__.py:1269: UserWarning: torch.set_default_tensor_type() is deprecated as of PyTorch 2.1, please use torch.set_default_dtype() and torch.set_default_device() as alternatives. (Triggered internally at /workspace/framework/mcPytorch/torch/csrc/tensor/python_tensor.cpp:434.)
  _C._set_default_tensor_type(t)
/opt/conda/lib/python3.12/site-packages/torch/__init__.py:1269: UserWarning: torch.set_default_tensor_type() is deprecated as of PyTorch 2.1, please use torch.set_default_dtype() and torch.set_default_device() as alternatives. (Triggered internally at /workspace/framework/mcPytorch/torch/csrc/tensor/python_tensor.cpp:434.)
  _C._set_default_tensor_type(t)
/opt/conda/lib/python3.12/site-packages/torch/__init__.py:1269: UserWarning: torch.set_default_tensor_type() is deprecated as of PyTorch 2.1, please use torch.set_default_dtype() and torch.set_default_device() as alternatives. (Triggered internally at /workspace/framework/mcPytorch/torch/csrc/tensor/python_tensor.cpp:434.)
  _C._set_default_tensor_type(t)
/opt/conda/lib/python3.12/site-packages/torch/__init__.py:1269: UserWarning: torch.set_default_tensor_type() is deprecated as of PyTorch 2.1, please use torch.set_default_dtype() and torch.set_default_device() as alternatives. (Triggered internally at /workspace/framework/mcPytorch/torch/csrc/tensor/python_tensor.cpp:434.)
  _C._set_default_tensor_type(t)
/opt/conda/lib/python3.12/site-packages/torch/__init__.py:1269: UserWarning: torch.set_default_tensor_type() is deprecated as of PyTorch 2.1, please use torch.set_default_dtype() and torch.set_default_device() as alternatives. (Triggered internally at /workspace/framework/mcPytorch/torch/csrc/tensor/python_tensor.cpp:434.)
  _C._set_default_tensor_type(t)
write tokenizer from huggingface: wrote llama3_tokenizer.bin with 128256 tokens.
write tokenizer from huggingface: wrote llama3_tokenizer.bin with 128256 tokens.
write tokenizer from huggingface: wrote llama3_tokenizer.bin with 128256 tokens.
write tokenizer from huggingface: wrote llama3_tokenizer.bin with 128256 tokens.
Applying LoRA with rank=8, alpha=16.0
Target modules: c_attn,attn.c_proj
write tokenizer from huggingface: wrote llama3_tokenizer.bin with 128256 tokens.
trainable params: 1,179,648 || all params: 1,499,662,336 || trainable%: 0.0787
write tokenizer from huggingface: wrote llama3_tokenizer.bin with 128256 tokens.
write tokenizer from huggingface: wrote llama3_tokenizer.bin with 128256 tokens.
trainable params: 1,179,648 || all params: 1,499,662,336 || trainable%: 0.0787
trainable params: 1,179,648 || all params: 1,499,662,336 || trainable%: 0.0787
trainable params: 1,179,648 || all params: 1,499,662,336 || trainable%: 0.0787
DataLoader: total number of tokens: 276,224 across 1 files
trainable params: 1,179,648 || all params: 1,499,662,336 || trainable%: 0.0787
trainable params: 1,179,648 || all params: 1,499,662,336 || trainable%: 0.0787
write tokenizer from huggingface: wrote llama3_tokenizer.bin with 128256 tokens.
trainable params: 1,179,648 || all params: 1,499,662,336 || trainable%: 0.0787
trainable params: 1,179,648 || all params: 1,499,662,336 || trainable%: 0.0787
DDP all-reduce chunk size: 64 MiB
C550 chunked all-reduce: bucket=4.5 MiB, chunks=1, max_chunk=64 MiB
step    1/10 | train loss 4.726844 | norm -1.0000 | lr 1.00e-05 | (1599.07 ms | 3202 tok/s)
step    2/10 | train loss 4.581047 | norm -1.0000 | lr 1.00e-05 | (86.89 ms | 58924 tok/s)
step    3/10 | train loss 4.220744 | norm -1.0000 | lr 1.00e-05 | (82.56 ms | 62015 tok/s)
step    4/10 | train loss 4.380705 | norm -1.0000 | lr 1.00e-05 | (75.99 ms | 67373 tok/s)
step    5/10 | train loss 4.418714 | norm -1.0000 | lr 1.00e-05 | (82.29 ms | 62220 tok/s)
step    6/10 | train loss 4.453899 | norm -1.0000 | lr 1.00e-05 | (82.99 ms | 61693 tok/s)
step    7/10 | train loss 4.518734 | norm -1.0000 | lr 1.00e-05 | (88.43 ms | 57899 tok/s)
step    8/10 | train loss 4.415066 | norm -1.0000 | lr 1.00e-05 | (76.51 ms | 66918 tok/s)
step    9/10 | train loss 4.434129 | norm -1.0000 | lr 1.00e-05 | (83.24 ms | 61507 tok/s)
step   10/10 | train loss 4.390636 | norm -1.0000 | lr 1.00e-05 | (75.63 ms | 67697 tok/s)
final 9 iters Latency avg: 81.616ms
final 9 iters Throughput avg: 62916 tok/s
peak memory consumption: 10276 MiB
==========================================
All Maca LoRA training jobs finished.
==========================================
