[LAST_CMAKE] cmake -DUSE_CUDA=ON -DUSE_NCCL=ON -DBUILD_TEST=ON -DPROFILE_MODE=OFF .. && make -j
[RUN_METADATA] /home/chenxi/InfiniTrain/scripts/20260918/fix_cuda-64-lane-warp-reduction_dea656b/logs/run_metadata.log
[RUN_STARTED_AT] 2026-09-18 05:25:49
[GIT_BRANCH] fix/cuda-64-lane-warp-reduction
[GIT_COMMIT] dea656b67308219272231f0170f08632ac0736f0
[GIT_COMMIT_SHORT] dea656b
[COMMAND] ./gpt2 --input_bin /data1/shared/InfiniTrain-dev/data/llmc/gpt2/tinyshakespeare/tiny_shakespeare_train.bin --llmc_filepath /data1/shared/InfiniTrain-dev/data/llmc/gpt2/gpt2_124M.bin --device cuda --dtype bfloat16 --nthread_per_process 8 --num_iteration 10 --batch_size 40 --total_batch_size 5120 --tensor_parallel 4 --lora_rank 8 --lora_alpha 16.0 --lora_target_modules c_attn,attn.c_proj --lora_load_path /data1/shared/InfiniTrain-dev/data/llmc/gpt2/gpt2_124M_lora_weights_rank8_alpha16.bin
===== LoRA Model Summary (Rank 6) ======
Total parameters:     41630976
Trainable parameters: 221184 (0.531297%)
Frozen parameters:    41409792
========================================
===== LoRA Model Summary (Rank 7) ======
Total parameters:     41630976
Trainable parameters: 221184 (0.531297%)
Frozen parameters:    41409792
========================================
===== LoRA Model Summary (Rank 5) ======
Total parameters:     41630976
Trainable parameters: 221184 (0.531297%)
Frozen parameters:    41409792
========================================
===== LoRA Model Summary (Rank 4) ======
Total parameters:     41630976
Trainable parameters: 221184 (0.531297%)
Frozen parameters:    41409792
========================================
===== LoRA Model Summary (Rank 3) ======
Total parameters:     41630976
Trainable parameters: 221184 (0.531297%)
Frozen parameters:    41409792
========================================
===== LoRA Model Summary (Rank 2) ======
Total parameters:     41630976
Trainable parameters: 221184 (0.531297%)
Frozen parameters:    41409792
========================================
===== LoRA Model Summary (Rank 1) ======
Total parameters:     41630976
Trainable parameters: 221184 (0.531297%)
Frozen parameters:    41409792
========================================
===== LoRA Model Summary (Rank 0) ======
Total parameters:     41630976
Trainable parameters: 221184 (0.531297%)
Frozen parameters:    41409792
========================================
E20260918 05:53:00.645700 140306179661824 main.cc:541] step    1/10 | train loss 5.207772 | lr 1.00e-04 | (708.57 ms | 7226 tok/s | peak used:  1731 MB | peak reserved:  1824 MB, DP=2, TP=4, SP=1, PP=1)
E20260918 05:53:00.800895 140306179661824 main.cc:541] step    2/10 | train loss 5.136318 | lr 1.00e-04 | (154.69 ms | 33098 tok/s | peak used:  1789 MB | peak reserved:  1952 MB, DP=2, TP=4, SP=1, PP=1)
E20260918 05:53:00.957076 140306179661824 main.cc:541] step    3/10 | train loss 5.073141 | lr 1.00e-04 | (156.11 ms | 32797 tok/s | peak used:  1789 MB | peak reserved:  1952 MB, DP=2, TP=4, SP=1, PP=1)
E20260918 05:53:01.107031 140306179661824 main.cc:541] step    4/10 | train loss 4.770535 | lr 1.00e-04 | (149.91 ms | 34155 tok/s | peak used:  1789 MB | peak reserved:  1952 MB, DP=2, TP=4, SP=1, PP=1)
E20260918 05:53:01.261946 140306179661824 main.cc:541] step    5/10 | train loss 4.898481 | lr 1.00e-04 | (154.86 ms | 33062 tok/s | peak used:  1789 MB | peak reserved:  1952 MB, DP=2, TP=4, SP=1, PP=1)
E20260918 05:53:01.419710 140306179661824 main.cc:541] step    6/10 | train loss 4.875328 | lr 1.00e-04 | (157.71 ms | 32465 tok/s | peak used:  1789 MB | peak reserved:  1952 MB, DP=2, TP=4, SP=1, PP=1)
E20260918 05:53:01.571933 140306179661824 main.cc:541] step    7/10 | train loss 4.965364 | lr 1.00e-04 | (152.16 ms | 33648 tok/s | peak used:  1789 MB | peak reserved:  1952 MB, DP=2, TP=4, SP=1, PP=1)
E20260918 05:53:01.717804 140306179661824 main.cc:541] step    8/10 | train loss 4.920703 | lr 1.00e-04 | (145.81 ms | 35114 tok/s | peak used:  1789 MB | peak reserved:  1952 MB, DP=2, TP=4, SP=1, PP=1)
E20260918 05:53:01.866375 140306179661824 main.cc:541] step    9/10 | train loss 4.955898 | lr 1.00e-04 | (148.52 ms | 34474 tok/s | peak used:  1789 MB | peak reserved:  1952 MB, DP=2, TP=4, SP=1, PP=1)
E20260918 05:53:02.020274 140306179661824 main.cc:541] step   10/10 | train loss 5.026916 | lr 1.00e-04 | (153.84 ms | 33282 tok/s | peak used:  1789 MB | peak reserved:  1952 MB, DP=2, TP=4, SP=1, PP=1)
