[LAST_CMAKE] cmake -DUSE_CUDA=ON -DUSE_NCCL=ON -DBUILD_TEST=ON -DPROFILE_MODE=OFF .. && make -j
[RUN_METADATA] /home/chenxi/InfiniTrain/scripts/20260918/fix_cuda-64-lane-warp-reduction_dea656b/logs/run_metadata.log
[RUN_STARTED_AT] 2026-09-18 05:25:49
[GIT_BRANCH] fix/cuda-64-lane-warp-reduction
[GIT_COMMIT] dea656b67308219272231f0170f08632ac0736f0
[GIT_COMMIT_SHORT] dea656b
[COMMAND] ./gpt2 --input_bin /data1/shared/InfiniTrain-dev/data/llmc/gpt2/tinyshakespeare/tiny_shakespeare_train.bin --llmc_filepath /data1/shared/InfiniTrain-dev/data/llmc/gpt2/gpt2_124M.bin --device cuda --dtype bfloat16 --nthread_per_process 8 --num_iteration 10 --batch_size 40 --total_batch_size 5120 --tensor_parallel 4 --sequence_parallel true --lora_rank 16 --lora_alpha 32.0 --lora_target_modules attn.c_proj,c_fc,c_proj
===== LoRA Model Summary (Rank 6) ======
Total parameters:     42183936
Trainable parameters: 774144 (1.83516%)
Frozen parameters:    41409792
========================================
===== LoRA Model Summary (Rank 5) ======
Total parameters:     42183936
Trainable parameters: 774144 (1.83516%)
Frozen parameters:    41409792
========================================
===== LoRA Model Summary (Rank 2) ======
Total parameters:     42183936
Trainable parameters: 774144 (1.83516%)
Frozen parameters:    41409792
========================================
===== LoRA Model Summary (Rank 3) ======
Total parameters:     42183936
Trainable parameters: 774144 (1.83516%)
Frozen parameters:    41409792
========================================
===== LoRA Model Summary (Rank 7) ======
Total parameters:     42183936
Trainable parameters: 774144 (1.83516%)
Frozen parameters:    41409792
========================================
===== LoRA Model Summary (Rank 1) ======
Total parameters:     42183936
Trainable parameters: 774144 (1.83516%)
Frozen parameters:    41409792
========================================
===== LoRA Model Summary (Rank 4) ======
Total parameters:     42183936
Trainable parameters: 774144 (1.83516%)
Frozen parameters:    41409792
========================================
===== LoRA Model Summary (Rank 0) ======
Total parameters:     42183936
Trainable parameters: 774144 (1.83516%)
Frozen parameters:    41409792
========================================
E20260918 05:53:58.224526 140006135930880 main.cc:541] step    1/10 | train loss 5.206748 | lr 1.00e-04 | (809.78 ms | 6323 tok/s | peak used:  1641 MB | peak reserved:  1792 MB, DP=2, TP=4, SP=4, PP=1)
E20260918 05:53:58.379170 140006135930880 main.cc:541] step    2/10 | train loss 5.138315 | lr 1.00e-04 | (153.96 ms | 33255 tok/s | peak used:  1699 MB | peak reserved:  1920 MB, DP=2, TP=4, SP=4, PP=1)
E20260918 05:53:58.535083 140006135930880 main.cc:541] step    3/10 | train loss 5.070421 | lr 1.00e-04 | (155.85 ms | 32852 tok/s | peak used:  1699 MB | peak reserved:  2048 MB, DP=2, TP=4, SP=4, PP=1)
E20260918 05:53:58.676957 140006135930880 main.cc:541] step    4/10 | train loss 4.770267 | lr 1.00e-04 | (141.82 ms | 36101 tok/s | peak used:  1699 MB | peak reserved:  2048 MB, DP=2, TP=4, SP=4, PP=1)
E20260918 05:53:58.819861 140006135930880 main.cc:541] step    5/10 | train loss 4.899646 | lr 1.00e-04 | (142.85 ms | 35841 tok/s | peak used:  1699 MB | peak reserved:  2048 MB, DP=2, TP=4, SP=4, PP=1)
E20260918 05:53:58.966463 140006135930880 main.cc:541] step    6/10 | train loss 4.873663 | lr 1.00e-04 | (146.54 ms | 34939 tok/s | peak used:  1699 MB | peak reserved:  2048 MB, DP=2, TP=4, SP=4, PP=1)
E20260918 05:53:59.104546 140006135930880 main.cc:541] step    7/10 | train loss 4.963442 | lr 1.00e-04 | (138.00 ms | 37102 tok/s | peak used:  1699 MB | peak reserved:  2048 MB, DP=2, TP=4, SP=4, PP=1)
E20260918 05:53:59.246582 140006135930880 main.cc:541] step    8/10 | train loss 4.918138 | lr 1.00e-04 | (141.98 ms | 36063 tok/s | peak used:  1699 MB | peak reserved:  2048 MB, DP=2, TP=4, SP=4, PP=1)
E20260918 05:53:59.393339 140006135930880 main.cc:541] step    9/10 | train loss 4.958781 | lr 1.00e-04 | (146.69 ms | 34902 tok/s | peak used:  1699 MB | peak reserved:  2048 MB, DP=2, TP=4, SP=4, PP=1)
E20260918 05:53:59.559104 140006135930880 main.cc:541] step   10/10 | train loss 5.017825 | lr 1.00e-04 | (165.68 ms | 30904 tok/s | peak used:  1699 MB | peak reserved:  2048 MB, DP=2, TP=4, SP=4, PP=1)
