[LAST_CMAKE] cmake -DUSE_CUDA=ON -DUSE_NCCL=ON -DBUILD_TEST=OFF -DPROFILE_MODE=ON .. && make -j
[RUN_METADATA] /home/chenxi/InfiniTrain/scripts/20260918/fix_cuda-64-lane-warp-reduction_dea656b/logs/run_metadata.log
[RUN_STARTED_AT] 2026-09-18 05:25:49
[GIT_BRANCH] fix/cuda-64-lane-warp-reduction
[GIT_COMMIT] dea656b67308219272231f0170f08632ac0736f0
[GIT_COMMIT_SHORT] dea656b
[COMMAND] ./gpt2 --input_bin /data1/shared/InfiniTrain-dev/data/llmc/gpt2/tinyshakespeare/tiny_shakespeare_train.bin --llmc_filepath /data1/shared/InfiniTrain-dev/data/llmc/gpt2/gpt2_124M.bin --device cuda --dtype bfloat16 --nthread_per_process 8 --num_iteration 10 --batch_size 10 --total_batch_size 5120 --lora_rank 8 --lora_alpha 16.0 --lora_target_modules c_attn,attn.c_proj --lora_load_path /data1/shared/InfiniTrain-dev/data/llmc/gpt2/gpt2_124M_lora_weights_rank8_alpha16.bin
===== LoRA Model Summary (Rank 7) ======
Total parameters:     163479552
Trainable parameters: 442368 (0.270595%)
Frozen parameters:    163037184
========================================
===== LoRA Model Summary (Rank 4) ======
Total parameters:     163479552
Trainable parameters: 442368 (0.270595%)
Frozen parameters:    163037184
========================================
===== LoRA Model Summary (Rank 2) ======
Total parameters:     163479552
Trainable parameters: 442368 (0.270595%)
Frozen parameters:    163037184
========================================
===== LoRA Model Summary (Rank 1) ======
Total parameters:     163479552
Trainable parameters: 442368 (0.270595%)
Frozen parameters:    163037184
========================================
===== LoRA Model Summary (Rank 3) ======
Total parameters:     163479552
Trainable parameters: 442368 (0.270595%)
Frozen parameters:    163037184
========================================
===== LoRA Model Summary (Rank 0) ======
Total parameters:     163479552
Trainable parameters: 442368 (0.270595%)
Frozen parameters:    163037184
========================================
===== LoRA Model Summary (Rank 6) ======
Total parameters:     163479552
Trainable parameters: 442368 (0.270595%)
Frozen parameters:    163037184
========================================
===== LoRA Model Summary (Rank 5) ======
Total parameters:     163479552
Trainable parameters: 442368 (0.270595%)
Frozen parameters:    163037184
========================================
E20260918 06:52:59.570696 139806352842752 main.cc:541] step    1/10 | train loss 5.213315 | lr 1.00e-04 | (1039.78 ms | 4924 tok/s | peak used:  2296 MB | peak reserved:  2368 MB, DP=8, TP=1, SP=1, PP=1)
E20260918 06:52:59.885404 139806352842752 main.cc:541] step    2/10 | train loss 5.137924 | lr 1.00e-04 | (314.21 ms | 16295 tok/s | peak used:  2529 MB | peak reserved:  2592 MB, DP=8, TP=1, SP=1, PP=1)
E20260918 06:53:00.250435 139806352842752 main.cc:541] step    3/10 | train loss 5.068576 | lr 1.00e-04 | (364.96 ms | 14029 tok/s | peak used:  2529 MB | peak reserved:  2592 MB, DP=8, TP=1, SP=1, PP=1)
E20260918 06:53:00.547148 139806352842752 main.cc:541] step    4/10 | train loss 4.765970 | lr 1.00e-04 | (296.65 ms | 17259 tok/s | peak used:  2529 MB | peak reserved:  2592 MB, DP=8, TP=1, SP=1, PP=1)
E20260918 06:53:00.862772 139806352842752 main.cc:541] step    5/10 | train loss 4.891813 | lr 1.00e-04 | (315.57 ms | 16225 tok/s | peak used:  2529 MB | peak reserved:  2592 MB, DP=8, TP=1, SP=1, PP=1)
E20260918 06:53:01.246418 139806352842752 main.cc:541] step    6/10 | train loss 4.873837 | lr 1.00e-04 | (383.59 ms | 13348 tok/s | peak used:  2529 MB | peak reserved:  2592 MB, DP=8, TP=1, SP=1, PP=1)
E20260918 06:53:01.603714 139806352842752 main.cc:541] step    7/10 | train loss 4.963837 | lr 1.00e-04 | (357.22 ms | 14333 tok/s | peak used:  2529 MB | peak reserved:  2592 MB, DP=8, TP=1, SP=1, PP=1)
E20260918 06:53:01.901415 139806352842752 main.cc:541] step    8/10 | train loss 4.914639 | lr 1.00e-04 | (297.65 ms | 17202 tok/s | peak used:  2529 MB | peak reserved:  2592 MB, DP=8, TP=1, SP=1, PP=1)
E20260918 06:53:02.239380 139806352842752 main.cc:541] step    9/10 | train loss 4.957604 | lr 1.00e-04 | (337.91 ms | 15152 tok/s | peak used:  2529 MB | peak reserved:  2592 MB, DP=8, TP=1, SP=1, PP=1)
E20260918 06:53:02.541767 139806352842752 main.cc:541] step   10/10 | train loss 5.022871 | lr 1.00e-04 | (302.32 ms | 16936 tok/s | peak used:  2529 MB | peak reserved:  2592 MB, DP=8, TP=1, SP=1, PP=1)
