[LAST_CMAKE] cmake -DUSE_CUDA=ON -DUSE_NCCL=ON -DBUILD_TEST=OFF -DPROFILE_MODE=ON .. && make -j
[RUN_METADATA] /home/chenxi/InfiniTrain/scripts/20260918/fix_cuda-64-lane-warp-reduction_dea656b/logs/run_metadata.log
[RUN_STARTED_AT] 2026-09-18 05:25:49
[GIT_BRANCH] fix/cuda-64-lane-warp-reduction
[GIT_COMMIT] dea656b67308219272231f0170f08632ac0736f0
[GIT_COMMIT_SHORT] dea656b
[COMMAND] ./gpt2 --input_bin /data1/shared/InfiniTrain-dev/data/llmc/gpt2/tinyshakespeare/tiny_shakespeare_train.bin --llmc_filepath /data1/shared/InfiniTrain-dev/data/llmc/gpt2/gpt2_124M.bin --device cuda --dtype float32 --nthread_per_process 8 --num_iteration 10 --batch_size 10 --total_batch_size 5120 --lora_rank 8 --lora_alpha 16.0 --lora_target_modules c_attn,attn.c_proj --lora_load_path /data1/shared/InfiniTrain-dev/data/llmc/gpt2/gpt2_124M_lora_weights_rank8_alpha16.bin
===== LoRA Model Summary (Rank 0) ======
Total parameters:     163479552
Trainable parameters: 442368 (0.270595%)
Frozen parameters:    163037184
========================================
===== LoRA Model Summary (Rank 3) ======
Total parameters:     163479552
Trainable parameters: 442368 (0.270595%)
Frozen parameters:    163037184
========================================
===== LoRA Model Summary (Rank 4) ======
Total parameters:     163479552
Trainable parameters: 442368 (0.270595%)
Frozen parameters:    163037184
========================================
===== LoRA Model Summary (Rank 7) ======
Total parameters:     163479552
Trainable parameters: 442368 (0.270595%)
Frozen parameters:    163037184
========================================
===== LoRA Model Summary (Rank 1) ======
Total parameters:     163479552
Trainable parameters: 442368 (0.270595%)
Frozen parameters:    163037184
========================================
===== LoRA Model Summary (Rank 6) ======
Total parameters:     163479552
Trainable parameters: 442368 (0.270595%)
Frozen parameters:    163037184
========================================
===== LoRA Model Summary (Rank 5) ======
Total parameters:     163479552
Trainable parameters: 442368 (0.270595%)
Frozen parameters:    163037184
========================================
===== LoRA Model Summary (Rank 2) ======
Total parameters:     163479552
Trainable parameters: 442368 (0.270595%)
Frozen parameters:    163037184
========================================
E20260918 06:52:02.748072 139984929529856 main.cc:541] step    1/10 | train loss 5.219545 | lr 1.00e-04 | (693.06 ms | 7388 tok/s | peak used:  2150 MB | peak reserved:  2208 MB, DP=8, TP=1, SP=1, PP=1)
E20260918 06:52:02.995765 139984929529856 main.cc:541] step    2/10 | train loss 5.143065 | lr 1.00e-04 | (247.19 ms | 20713 tok/s | peak used:  2150 MB | peak reserved:  2208 MB, DP=8, TP=1, SP=1, PP=1)
E20260918 06:52:03.201468 139984929529856 main.cc:541] step    3/10 | train loss 5.074579 | lr 1.00e-04 | (205.63 ms | 24899 tok/s | peak used:  2150 MB | peak reserved:  2208 MB, DP=8, TP=1, SP=1, PP=1)
E20260918 06:52:03.444664 139984929529856 main.cc:541] step    4/10 | train loss 4.774479 | lr 1.00e-04 | (243.12 ms | 21060 tok/s | peak used:  2150 MB | peak reserved:  2208 MB, DP=8, TP=1, SP=1, PP=1)
E20260918 06:52:03.666838 139984929529856 main.cc:541] step    5/10 | train loss 4.900561 | lr 1.00e-04 | (222.12 ms | 23051 tok/s | peak used:  2150 MB | peak reserved:  2208 MB, DP=8, TP=1, SP=1, PP=1)
E20260918 06:52:03.918541 139984929529856 main.cc:541] step    6/10 | train loss 4.886528 | lr 1.00e-04 | (251.64 ms | 20347 tok/s | peak used:  2150 MB | peak reserved:  2208 MB, DP=8, TP=1, SP=1, PP=1)
E20260918 06:52:04.146037 139984929529856 main.cc:541] step    7/10 | train loss 4.977917 | lr 1.00e-04 | (227.44 ms | 22511 tok/s | peak used:  2150 MB | peak reserved:  2208 MB, DP=8, TP=1, SP=1, PP=1)
E20260918 06:52:04.395977 139984929529856 main.cc:541] step    8/10 | train loss 4.925588 | lr 1.00e-04 | (249.86 ms | 20492 tok/s | peak used:  2150 MB | peak reserved:  2208 MB, DP=8, TP=1, SP=1, PP=1)
E20260918 06:52:04.597801 139984929529856 main.cc:541] step    9/10 | train loss 4.957026 | lr 1.00e-04 | (201.65 ms | 25391 tok/s | peak used:  2150 MB | peak reserved:  2208 MB, DP=8, TP=1, SP=1, PP=1)
E20260918 06:52:04.825883 139984929529856 main.cc:541] step   10/10 | train loss 5.033325 | lr 1.00e-04 | (228.01 ms | 22456 tok/s | peak used:  2150 MB | peak reserved:  2208 MB, DP=8, TP=1, SP=1, PP=1)
