[LAST_CMAKE] cmake -DUSE_CUDA=ON -DUSE_NCCL=ON -DBUILD_TEST=ON -DPROFILE_MODE=OFF .. && make -j
[RUN_METADATA] /workspace/Github/InfiniTrain-packed-swiglu/scripts/20260921/feat_packed-swiglu_d464012/logs/run_metadata.log
[RUN_STARTED_AT] 2026-09-21 09:13:58
[GIT_BRANCH] feat/packed-swiglu
[GIT_COMMIT] d464012fe170830acb1fff148923505690bdb82a
[GIT_COMMIT_SHORT] d464012
[COMMAND] ./gpt2 --input_bin /data1/shared/InfiniTrain-dev/data/llmc/gpt2/tinyshakespeare/tiny_shakespeare_train.bin --llmc_filepath /data1/shared/InfiniTrain-dev/data/llmc/gpt2/gpt2_124M.bin --device cuda --dtype=float32 --nthread_per_process=8 --num_iteration=10 --batch_size=10 --total_batch_size=5120 --lora_rank=8 --lora_alpha=16.0 --lora_target_modules=c_attn,attn.c_proj --lora_load_path=/data1/shared/InfiniTrain-dev/data/llmc/gpt2/gpt2_124M_lora_weights_rank8_alpha16.bin
===== LoRA Model Summary (Rank 0) ======
Total parameters:     163479552
Trainable parameters: 442368 (0.270595%)
Frozen parameters:    163037184
========================================
===== LoRA Model Summary (Rank 5) ======
Total parameters:     163479552
Trainable parameters: 442368 (0.270595%)
Frozen parameters:    163037184
========================================
===== LoRA Model Summary (Rank 6) ======
Total parameters:     163479552
Trainable parameters: 442368 (0.270595%)
Frozen parameters:    163037184
========================================
===== LoRA Model Summary (Rank 1) ======
Total parameters:     163479552
Trainable parameters: 442368 (0.270595%)
Frozen parameters:    163037184
========================================
===== LoRA Model Summary (Rank 4) ======
Total parameters:     163479552
Trainable parameters: 442368 (0.270595%)
Frozen parameters:    163037184
========================================
===== LoRA Model Summary (Rank 7) ======
Total parameters:     163479552
Trainable parameters: 442368 (0.270595%)
Frozen parameters:    163037184
========================================
===== LoRA Model Summary (Rank 2) ======
Total parameters:     163479552
Trainable parameters: 442368 (0.270595%)
Frozen parameters:    163037184
========================================
===== LoRA Model Summary (Rank 3) ======
Total parameters:     163479552
Trainable parameters: 442368 (0.270595%)
Frozen parameters:    163037184
========================================
E20260921 09:40:26.694115 140448383344640 main.cc:547] step    1/10 | train loss 5.219545 | lr 1.00e-04 | (261.67 ms | 19567 tok/s | peak used:  2150 MB | peak reserved:  2304 MB, DP=8, TP=1, SP=1, PP=1)
E20260921 09:40:26.816221 140448383344640 main.cc:547] step    2/10 | train loss 5.143065 | lr 1.00e-04 | (121.68 ms | 42079 tok/s | peak used:  2150 MB | peak reserved:  2368 MB, DP=8, TP=1, SP=1, PP=1)
E20260921 09:40:26.934655 140448383344640 main.cc:547] step    3/10 | train loss 5.074579 | lr 1.00e-04 | (118.37 ms | 43254 tok/s | peak used:  2150 MB | peak reserved:  2400 MB, DP=8, TP=1, SP=1, PP=1)
E20260921 09:40:27.053929 140448383344640 main.cc:547] step    4/10 | train loss 4.774479 | lr 1.00e-04 | (119.21 ms | 42950 tok/s | peak used:  2150 MB | peak reserved:  2432 MB, DP=8, TP=1, SP=1, PP=1)
E20260921 09:40:27.170941 140448383344640 main.cc:547] step    5/10 | train loss 4.900561 | lr 1.00e-04 | (116.95 ms | 43781 tok/s | peak used:  2150 MB | peak reserved:  2464 MB, DP=8, TP=1, SP=1, PP=1)
E20260921 09:40:27.294910 140448383344640 main.cc:547] step    6/10 | train loss 4.886528 | lr 1.00e-04 | (123.92 ms | 41317 tok/s | peak used:  2150 MB | peak reserved:  2496 MB, DP=8, TP=1, SP=1, PP=1)
E20260921 09:40:27.415822 140448383344640 main.cc:547] step    7/10 | train loss 4.977917 | lr 1.00e-04 | (120.86 ms | 42362 tok/s | peak used:  2150 MB | peak reserved:  2560 MB, DP=8, TP=1, SP=1, PP=1)
E20260921 09:40:27.536741 140448383344640 main.cc:547] step    8/10 | train loss 4.925588 | lr 1.00e-04 | (120.86 ms | 42361 tok/s | peak used:  2150 MB | peak reserved:  2592 MB, DP=8, TP=1, SP=1, PP=1)
E20260921 09:40:27.657427 140448383344640 main.cc:547] step    9/10 | train loss 4.957026 | lr 1.00e-04 | (120.62 ms | 42446 tok/s | peak used:  2150 MB | peak reserved:  2624 MB, DP=8, TP=1, SP=1, PP=1)
E20260921 09:40:27.769281 140448383344640 main.cc:547] step   10/10 | train loss 5.033325 | lr 1.00e-04 | (111.76 ms | 45814 tok/s | peak used:  2150 MB | peak reserved:  2656 MB, DP=8, TP=1, SP=1, PP=1)
