[LAST_CMAKE] cmake -DUSE_CUDA=ON -DUSE_NCCL=ON -DBUILD_TEST=ON -DPROFILE_MODE=OFF .. && make -j
[RUN_METADATA] /workspace/Github/InfiniTrain-packed-swiglu/scripts/20260921/feat_packed-swiglu_d464012/logs/run_metadata.log
[RUN_STARTED_AT] 2026-09-21 09:13:58
[GIT_BRANCH] feat/packed-swiglu
[GIT_COMMIT] d464012fe170830acb1fff148923505690bdb82a
[GIT_COMMIT_SHORT] d464012
[COMMAND] ./gpt2 --input_bin /data1/shared/InfiniTrain-dev/data/llmc/gpt2/tinyshakespeare/tiny_shakespeare_train.bin --llmc_filepath /data1/shared/InfiniTrain-dev/data/llmc/gpt2/gpt2_124M.bin --device cuda --dtype=float32 --nthread_per_process=8 --num_iteration=10 --batch_size=10 --total_batch_size=5120 --pipeline_parallel=8 --lora_rank=4 --lora_alpha=8.0 --lora_target_modules=c_attn,attn.c_proj,c_fc
===== LoRA Model Summary (Rank 4) ======
Total parameters:     7121664
Trainable parameters: 33792 (0.474496%)
Frozen parameters:    7087872
========================================
===== LoRA Model Summary (Rank 5) ======
Total parameters:     7121664
Trainable parameters: 33792 (0.474496%)
Frozen parameters:    7087872
========================================
===== LoRA Model Summary (Rank 6) ======
Total parameters:     7121664
Trainable parameters: 33792 (0.474496%)
Frozen parameters:    7087872
========================================
===== LoRA Model Summary (Rank 1) ======
Total parameters:     14243328
Trainable parameters: 67584 (0.474496%)
Frozen parameters:    14175744
========================================
===== LoRA Model Summary (Rank 2) ======
Total parameters:     14243328
Trainable parameters: 67584 (0.474496%)
Frozen parameters:    14175744
========================================
===== LoRA Model Summary (Rank 3) ======
Total parameters:     14243328
Trainable parameters: 67584 (0.474496%)
Frozen parameters:    14175744
========================================
===== LoRA Model Summary (Rank 0) ======
Total parameters:     53627136
Trainable parameters: 67584 (0.126026%)
Frozen parameters:    53559552
========================================
===== LoRA Model Summary (Rank 7) ======
Total parameters:     45720576
Trainable parameters: 33792 (0.0739098%)
Frozen parameters:    45686784
========================================
E20260921 09:43:54.695759 140419123879936 main.cc:547] step    1/10 | train loss 5.219545 | lr 1.00e-04 | (696.68 ms | 7349 tok/s | peak used:  1339 MB | peak reserved:  1632 MB, DP=1, TP=1, SP=1, PP=8)
E20260921 09:43:54.950050 140419123879936 main.cc:547] step    2/10 | train loss 5.143064 | lr 1.00e-04 | (253.93 ms | 20163 tok/s | peak used:  1339 MB | peak reserved:  1664 MB, DP=1, TP=1, SP=1, PP=8)
E20260921 09:43:55.081342 140419123879936 main.cc:547] step    3/10 | train loss 5.074578 | lr 1.00e-04 | (131.19 ms | 39026 tok/s | peak used:  1339 MB | peak reserved:  1664 MB, DP=1, TP=1, SP=1, PP=8)
E20260921 09:43:55.211316 140419123879936 main.cc:547] step    4/10 | train loss 4.774479 | lr 1.00e-04 | (129.92 ms | 39410 tok/s | peak used:  1339 MB | peak reserved:  1696 MB, DP=1, TP=1, SP=1, PP=8)
E20260921 09:43:55.345357 140419123879936 main.cc:547] step    5/10 | train loss 4.900562 | lr 1.00e-04 | (133.99 ms | 38213 tok/s | peak used:  1339 MB | peak reserved:  1696 MB, DP=1, TP=1, SP=1, PP=8)
E20260921 09:43:55.473982 140419123879936 main.cc:547] step    6/10 | train loss 4.886525 | lr 1.00e-04 | (128.57 ms | 39824 tok/s | peak used:  1339 MB | peak reserved:  1696 MB, DP=1, TP=1, SP=1, PP=8)
E20260921 09:43:55.610764 140419123879936 main.cc:547] step    7/10 | train loss 4.977913 | lr 1.00e-04 | (136.73 ms | 37447 tok/s | peak used:  1339 MB | peak reserved:  1696 MB, DP=1, TP=1, SP=1, PP=8)
E20260921 09:43:55.741324 140419123879936 main.cc:547] step    8/10 | train loss 4.925584 | lr 1.00e-04 | (130.51 ms | 39231 tok/s | peak used:  1339 MB | peak reserved:  1696 MB, DP=1, TP=1, SP=1, PP=8)
E20260921 09:43:55.879843 140419123879936 main.cc:547] step    9/10 | train loss 4.957020 | lr 1.00e-04 | (138.46 ms | 36979 tok/s | peak used:  1339 MB | peak reserved:  1696 MB, DP=1, TP=1, SP=1, PP=8)
E20260921 09:43:56.002415 140419123879936 main.cc:547] step   10/10 | train loss 5.033323 | lr 1.00e-04 | (122.50 ms | 41797 tok/s | peak used:  1339 MB | peak reserved:  1696 MB, DP=1, TP=1, SP=1, PP=8)
