[LAST_CMAKE] cmake -DUSE_CUDA=ON -DUSE_NCCL=ON -DBUILD_TEST=ON -DPROFILE_MODE=OFF .. && make -j
[RUN_METADATA] /workspace/Github/InfiniTrain-packed-swiglu/scripts/20260921/feat_packed-swiglu_d464012/logs/run_metadata.log
[RUN_STARTED_AT] 2026-09-21 09:13:58
[GIT_BRANCH] feat/packed-swiglu
[GIT_COMMIT] d464012fe170830acb1fff148923505690bdb82a
[GIT_COMMIT_SHORT] d464012
[COMMAND] ./gpt2 --input_bin /data1/shared/InfiniTrain-dev/data/llmc/gpt2/tinyshakespeare/tiny_shakespeare_train.bin --llmc_filepath /data1/shared/InfiniTrain-dev/data/llmc/gpt2/gpt2_124M.bin --device cuda --dtype=float32 --num_iteration=10 --batch_size=80 --total_batch_size=5120 --lora_rank=8 --lora_alpha=16.0 --lora_target_modules=c_attn,attn.c_proj --lora_load_path=/data1/shared/InfiniTrain-dev/data/llmc/gpt2/gpt2_124M_lora_weights_rank8_alpha16.bin
===== LoRA Model Summary (Rank 0) ======
Total parameters:     163479552
Trainable parameters: 442368 (0.270595%)
Frozen parameters:    163037184
========================================
E20260921 09:39:15.362758 140271835668480 main.cc:547] step    1/10 | train loss 5.219541 | lr 1.00e-04 | (296.08 ms | 17293 tok/s | peak used:  7514 MB | peak reserved:  7712 MB, DP=1, TP=1, SP=1, PP=1)
E20260921 09:39:15.588943 140271835668480 main.cc:547] step    2/10 | train loss 5.143070 | lr 1.00e-04 | (225.72 ms | 22683 tok/s | peak used:  7514 MB | peak reserved:  7776 MB, DP=1, TP=1, SP=1, PP=1)
E20260921 09:39:15.813747 140271835668480 main.cc:547] step    3/10 | train loss 5.074582 | lr 1.00e-04 | (224.76 ms | 22780 tok/s | peak used:  7514 MB | peak reserved:  7872 MB, DP=1, TP=1, SP=1, PP=1)
E20260921 09:39:16.038525 140271835668480 main.cc:547] step    4/10 | train loss 4.774476 | lr 1.00e-04 | (224.74 ms | 22782 tok/s | peak used:  7514 MB | peak reserved:  7936 MB, DP=1, TP=1, SP=1, PP=1)
E20260921 09:39:16.276649 140271835668480 main.cc:547] step    5/10 | train loss 4.900559 | lr 1.00e-04 | (238.08 ms | 21505 tok/s | peak used:  7514 MB | peak reserved:  8032 MB, DP=1, TP=1, SP=1, PP=1)
E20260921 09:39:16.501363 140271835668480 main.cc:547] step    6/10 | train loss 4.886520 | lr 1.00e-04 | (224.67 ms | 22788 tok/s | peak used:  7514 MB | peak reserved:  8128 MB, DP=1, TP=1, SP=1, PP=1)
E20260921 09:39:16.730655 140271835668480 main.cc:547] step    7/10 | train loss 4.977927 | lr 1.00e-04 | (229.25 ms | 22333 tok/s | peak used:  7514 MB | peak reserved:  8192 MB, DP=1, TP=1, SP=1, PP=1)
E20260921 09:39:16.963352 140271835668480 main.cc:547] step    8/10 | train loss 4.925592 | lr 1.00e-04 | (232.66 ms | 22007 tok/s | peak used:  7514 MB | peak reserved:  8256 MB, DP=1, TP=1, SP=1, PP=1)
E20260921 09:39:17.188206 140271835668480 main.cc:547] step    9/10 | train loss 4.957020 | lr 1.00e-04 | (224.82 ms | 22774 tok/s | peak used:  7514 MB | peak reserved:  8320 MB, DP=1, TP=1, SP=1, PP=1)
E20260921 09:39:17.412931 140271835668480 main.cc:547] step   10/10 | train loss 5.033314 | lr 1.00e-04 | (224.69 ms | 22787 tok/s | peak used:  7514 MB | peak reserved:  8416 MB, DP=1, TP=1, SP=1, PP=1)
