[LAST_CMAKE] cmake -DUSE_CUDA=ON -DUSE_NCCL=ON -DBUILD_TEST=ON -DPROFILE_MODE=OFF .. && make -j
[RUN_METADATA] /home/chenxi/InfiniTrain/scripts/20260911/fix_backend-independent-correctness_22bf5b5/logs/run_metadata.log
[RUN_STARTED_AT] 2026-09-11 05:32:29
[GIT_BRANCH] fix/backend-independent-correctness
[GIT_COMMIT] 22bf5b5736e9638d59f07cc50ec2de589cef7978
[GIT_COMMIT_SHORT] 22bf5b5
[COMMAND] ./gpt2 --input_bin /data1/shared/InfiniTrain-dev/data/llmc/gpt2/tinyshakespeare/tiny_shakespeare_train.bin --llmc_filepath /data1/shared/InfiniTrain-dev/data/llmc/gpt2/gpt2_124M.bin --device cuda --dtype bfloat16 --lora_rank 8 --lora_alpha 16.0 --lora_target_modules c_attn,attn.c_proj --lora_load_path /data1/shared/InfiniTrain-dev/data/llmc/gpt2/gpt2_124M_lora_weights_rank8_alpha16.bin
===== LoRA Model Summary (Rank 0) ======
Total parameters:     163479552
Trainable parameters: 442368 (0.270595%)
Frozen parameters:    163037184
========================================
E20260911 05:56:08.946896 140387609989120 main.cc:537] step    1/10 | train loss 5.336104 | lr 1.00e-04 | (169.01 ms | 1515 tok/s | peak used:  1212 MB | peak reserved:  1248 MB, DP=1, TP=1, SP=1, PP=1)
E20260911 05:56:08.982738 140387609989120 main.cc:537] step    2/10 | train loss 5.133491 | lr 1.00e-04 | (35.32 ms | 7249 tok/s | peak used:  1212 MB | peak reserved:  1280 MB, DP=1, TP=1, SP=1, PP=1)
E20260911 05:56:09.016826 140387609989120 main.cc:537] step    3/10 | train loss 4.878366 | lr 1.00e-04 | (34.04 ms | 7520 tok/s | peak used:  1212 MB | peak reserved:  1280 MB, DP=1, TP=1, SP=1, PP=1)
E20260911 05:56:09.051021 140387609989120 main.cc:537] step    4/10 | train loss 4.995970 | lr 1.00e-04 | (34.16 ms | 7495 tok/s | peak used:  1212 MB | peak reserved:  1312 MB, DP=1, TP=1, SP=1, PP=1)
E20260911 05:56:09.085146 140387609989120 main.cc:537] step    5/10 | train loss 4.894534 | lr 1.00e-04 | (34.09 ms | 7510 tok/s | peak used:  1212 MB | peak reserved:  1312 MB, DP=1, TP=1, SP=1, PP=1)
E20260911 05:56:09.119430 140387609989120 main.cc:537] step    6/10 | train loss 5.190879 | lr 1.00e-04 | (34.24 ms | 7476 tok/s | peak used:  1212 MB | peak reserved:  1344 MB, DP=1, TP=1, SP=1, PP=1)
E20260911 05:56:09.153506 140387609989120 main.cc:537] step    7/10 | train loss 5.033346 | lr 1.00e-04 | (34.04 ms | 7521 tok/s | peak used:  1212 MB | peak reserved:  1344 MB, DP=1, TP=1, SP=1, PP=1)
E20260911 05:56:09.187547 140387609989120 main.cc:537] step    8/10 | train loss 5.265908 | lr 1.00e-04 | (34.00 ms | 7529 tok/s | peak used:  1212 MB | peak reserved:  1344 MB, DP=1, TP=1, SP=1, PP=1)
E20260911 05:56:09.221627 140387609989120 main.cc:537] step    9/10 | train loss 5.308733 | lr 1.00e-04 | (34.04 ms | 7520 tok/s | peak used:  1212 MB | peak reserved:  1376 MB, DP=1, TP=1, SP=1, PP=1)
E20260911 05:56:09.255684 140387609989120 main.cc:537] step   10/10 | train loss 5.563834 | lr 1.00e-04 | (34.02 ms | 7525 tok/s | peak used:  1212 MB | peak reserved:  1408 MB, DP=1, TP=1, SP=1, PP=1)
