[LAST_CMAKE] cmake -DUSE_CUDA=ON -DUSE_NCCL=ON -DBUILD_TEST=OFF -DPROFILE_MODE=ON .. && make -j
[RUN_METADATA] /home/chenxi/InfiniTrain/scripts/20260911/fix_backend-independent-correctness_22bf5b5/logs/run_metadata.log
[RUN_STARTED_AT] 2026-09-11 05:32:29
[GIT_BRANCH] fix/backend-independent-correctness
[GIT_COMMIT] 22bf5b5736e9638d59f07cc50ec2de589cef7978
[GIT_COMMIT_SHORT] 22bf5b5
[COMMAND] ./gpt2 --input_bin /data1/shared/InfiniTrain-dev/data/llmc/gpt2/tinyshakespeare/tiny_shakespeare_train.bin --llmc_filepath /data1/shared/InfiniTrain-dev/data/llmc/gpt2/gpt2_124M.bin --device cuda --dtype float32 --nthread_per_process 8 --num_iteration 10 --batch_size 10 --total_batch_size 5120 --lora_rank 8 --lora_alpha 16.0 --lora_target_modules c_attn,attn.c_proj --lora_load_path /data1/shared/InfiniTrain-dev/data/llmc/gpt2/gpt2_124M_lora_weights_rank8_alpha16.bin
===== LoRA Model Summary (Rank 2) ======
Total parameters:     163479552
Trainable parameters: 442368 (0.270595%)
Frozen parameters:    163037184
========================================
===== LoRA Model Summary (Rank 0) ======
Total parameters:     163479552
Trainable parameters: 442368 (0.270595%)
Frozen parameters:    163037184
========================================
===== LoRA Model Summary (Rank 3) ======
Total parameters:     163479552
Trainable parameters: 442368 (0.270595%)
Frozen parameters:    163037184
========================================
===== LoRA Model Summary (Rank 6) ======
Total parameters:     163479552
Trainable parameters: 442368 (0.270595%)
Frozen parameters:    163037184
========================================
===== LoRA Model Summary (Rank 1) ======
Total parameters:     163479552
Trainable parameters: 442368 (0.270595%)
Frozen parameters:    163037184
========================================
===== LoRA Model Summary (Rank 5) ======
Total parameters:     163479552
Trainable parameters: 442368 (0.270595%)
Frozen parameters:    163037184
========================================
===== LoRA Model Summary (Rank 7) ======
Total parameters:     163479552
Trainable parameters: 442368 (0.270595%)
Frozen parameters:    163037184
========================================
===== LoRA Model Summary (Rank 4) ======
Total parameters:     163479552
Trainable parameters: 442368 (0.270595%)
Frozen parameters:    163037184
========================================
E20260911 06:58:37.695917 140014860083200 main.cc:537] step    1/10 | train loss 5.219545 | lr 1.00e-04 | (566.30 ms | 9041 tok/s | peak used:  2150 MB | peak reserved:  2208 MB, DP=8, TP=1, SP=1, PP=1)
E20260911 06:58:37.958025 140014860083200 main.cc:537] step    2/10 | train loss 5.143065 | lr 1.00e-04 | (261.67 ms | 19567 tok/s | peak used:  2150 MB | peak reserved:  2208 MB, DP=8, TP=1, SP=1, PP=1)
E20260911 06:58:38.157438 140014860083200 main.cc:537] step    3/10 | train loss 5.074579 | lr 1.00e-04 | (199.36 ms | 25683 tok/s | peak used:  2150 MB | peak reserved:  2208 MB, DP=8, TP=1, SP=1, PP=1)
E20260911 06:58:38.422767 140014860083200 main.cc:537] step    4/10 | train loss 4.774479 | lr 1.00e-04 | (265.27 ms | 19301 tok/s | peak used:  2150 MB | peak reserved:  2208 MB, DP=8, TP=1, SP=1, PP=1)
E20260911 06:58:38.623690 140014860083200 main.cc:537] step    5/10 | train loss 4.900561 | lr 1.00e-04 | (200.87 ms | 25489 tok/s | peak used:  2150 MB | peak reserved:  2208 MB, DP=8, TP=1, SP=1, PP=1)
E20260911 06:58:38.867489 140014860083200 main.cc:537] step    6/10 | train loss 4.886528 | lr 1.00e-04 | (243.75 ms | 21005 tok/s | peak used:  2150 MB | peak reserved:  2208 MB, DP=8, TP=1, SP=1, PP=1)
E20260911 06:58:39.090191 140014860083200 main.cc:537] step    7/10 | train loss 4.977917 | lr 1.00e-04 | (222.65 ms | 22996 tok/s | peak used:  2150 MB | peak reserved:  2208 MB, DP=8, TP=1, SP=1, PP=1)
E20260911 06:58:39.348043 140014860083200 main.cc:537] step    8/10 | train loss 4.925588 | lr 1.00e-04 | (257.80 ms | 19860 tok/s | peak used:  2150 MB | peak reserved:  2208 MB, DP=8, TP=1, SP=1, PP=1)
E20260911 06:58:39.546768 140014860083200 main.cc:537] step    9/10 | train loss 4.957026 | lr 1.00e-04 | (198.67 ms | 25771 tok/s | peak used:  2150 MB | peak reserved:  2208 MB, DP=8, TP=1, SP=1, PP=1)
E20260911 06:58:39.813960 140014860083200 main.cc:537] step   10/10 | train loss 5.033325 | lr 1.00e-04 | (267.13 ms | 19167 tok/s | peak used:  2150 MB | peak reserved:  2208 MB, DP=8, TP=1, SP=1, PP=1)
