[LAST_CMAKE] cmake -DUSE_CUDA=ON -DUSE_NCCL=ON -DBUILD_TEST=OFF -DPROFILE_MODE=ON .. && make -j
[RUN_METADATA] /home/chenxi/InfiniTrain/scripts/20260911/fix_backend-independent-correctness_22bf5b5/logs/run_metadata.log
[RUN_STARTED_AT] 2026-09-11 05:32:29
[GIT_BRANCH] fix/backend-independent-correctness
[GIT_COMMIT] 22bf5b5736e9638d59f07cc50ec2de589cef7978
[GIT_COMMIT_SHORT] 22bf5b5
[COMMAND] ./gpt2 --input_bin /data1/shared/InfiniTrain-dev/data/llmc/gpt2/tinyshakespeare/tiny_shakespeare_train.bin --llmc_filepath /data1/shared/InfiniTrain-dev/data/llmc/gpt2/gpt2_124M.bin --device cuda --dtype bfloat16 --nthread_per_process 8 --num_iteration 10 --batch_size 40 --total_batch_size 5120 --tensor_parallel 4 --lora_rank 8 --lora_alpha 16.0 --lora_target_modules c_attn,attn.c_proj --lora_load_path /data1/shared/InfiniTrain-dev/data/llmc/gpt2/gpt2_124M_lora_weights_rank8_alpha16.bin
===== LoRA Model Summary (Rank 7) ======
Total parameters:     41630976
Trainable parameters: 221184 (0.531297%)
Frozen parameters:    41409792
========================================
===== LoRA Model Summary (Rank 6) ======
Total parameters:     41630976
Trainable parameters: 221184 (0.531297%)
Frozen parameters:    41409792
========================================
===== LoRA Model Summary (Rank 5) ======
Total parameters:     41630976
Trainable parameters: 221184 (0.531297%)
Frozen parameters:    41409792
========================================
===== LoRA Model Summary (Rank 4) ======
Total parameters:     41630976
Trainable parameters: 221184 (0.531297%)
Frozen parameters:    41409792
========================================
===== LoRA Model Summary (Rank 2) ======
Total parameters:     41630976
Trainable parameters: 221184 (0.531297%)
Frozen parameters:    41409792
========================================
===== LoRA Model Summary (Rank 1) ======
Total parameters:     41630976
Trainable parameters: 221184 (0.531297%)
Frozen parameters:    41409792
========================================
===== LoRA Model Summary (Rank 3) ======
Total parameters:     41630976
Trainable parameters: 221184 (0.531297%)
Frozen parameters:    41409792
========================================
===== LoRA Model Summary (Rank 0) ======
Total parameters:     41630976
Trainable parameters: 221184 (0.531297%)
Frozen parameters:    41409792
========================================
E20260911 07:01:13.887763 139812795293696 main.cc:537] step    1/10 | train loss 5.207772 | lr 1.00e-04 | (892.57 ms | 5736 tok/s | peak used:  1731 MB | peak reserved:  1792 MB, DP=2, TP=4, SP=1, PP=1)
E20260911 07:01:14.254847 139812795293696 main.cc:537] step    2/10 | train loss 5.136318 | lr 1.00e-04 | (366.42 ms | 13973 tok/s | peak used:  1789 MB | peak reserved:  1856 MB, DP=2, TP=4, SP=1, PP=1)
E20260911 07:01:14.643210 139812795293696 main.cc:537] step    3/10 | train loss 5.073141 | lr 1.00e-04 | (388.29 ms | 13186 tok/s | peak used:  1789 MB | peak reserved:  1856 MB, DP=2, TP=4, SP=1, PP=1)
E20260911 07:01:15.008770 139812795293696 main.cc:537] step    4/10 | train loss 4.770535 | lr 1.00e-04 | (365.51 ms | 14008 tok/s | peak used:  1789 MB | peak reserved:  1856 MB, DP=2, TP=4, SP=1, PP=1)
E20260911 07:01:15.367727 139812795293696 main.cc:537] step    5/10 | train loss 4.898481 | lr 1.00e-04 | (358.91 ms | 14265 tok/s | peak used:  1789 MB | peak reserved:  1856 MB, DP=2, TP=4, SP=1, PP=1)
E20260911 07:01:15.736584 139812795293696 main.cc:537] step    6/10 | train loss 4.875328 | lr 1.00e-04 | (368.79 ms | 13883 tok/s | peak used:  1789 MB | peak reserved:  1856 MB, DP=2, TP=4, SP=1, PP=1)
E20260911 07:01:16.039463 139812795293696 main.cc:537] step    7/10 | train loss 4.965364 | lr 1.00e-04 | (302.82 ms | 16908 tok/s | peak used:  1789 MB | peak reserved:  1856 MB, DP=2, TP=4, SP=1, PP=1)
E20260911 07:01:16.380436 139812795293696 main.cc:537] step    8/10 | train loss 4.920703 | lr 1.00e-04 | (340.89 ms | 15020 tok/s | peak used:  1789 MB | peak reserved:  1856 MB, DP=2, TP=4, SP=1, PP=1)
E20260911 07:01:16.686741 139812795293696 main.cc:537] step    9/10 | train loss 4.955898 | lr 1.00e-04 | (306.25 ms | 16718 tok/s | peak used:  1789 MB | peak reserved:  1856 MB, DP=2, TP=4, SP=1, PP=1)
E20260911 07:01:17.285517 139812795293696 main.cc:537] step   10/10 | train loss 5.026916 | lr 1.00e-04 | (598.70 ms | 8552 tok/s | peak used:  1789 MB | peak reserved:  1856 MB, DP=2, TP=4, SP=1, PP=1)
