[LAST_CMAKE] cmake -DUSE_CUDA=ON -DUSE_NCCL=ON -DBUILD_TEST=OFF -DPROFILE_MODE=ON .. && make -j
[RUN_METADATA] /home/chenxi/InfiniTrain/scripts/20260911/fix_backend-independent-correctness_22bf5b5/logs/run_metadata.log
[RUN_STARTED_AT] 2026-09-11 05:32:29
[GIT_BRANCH] fix/backend-independent-correctness
[GIT_COMMIT] 22bf5b5736e9638d59f07cc50ec2de589cef7978
[GIT_COMMIT_SHORT] 22bf5b5
[COMMAND] ./gpt2 --input_bin /data1/shared/InfiniTrain-dev/data/llmc/gpt2/tinyshakespeare/tiny_shakespeare_train.bin --llmc_filepath /data1/shared/InfiniTrain-dev/data/llmc/gpt2/gpt2_124M.bin --device cuda --dtype float32 --lora_rank 8 --lora_alpha 16.0 --lora_target_modules c_attn,attn.c_proj --lora_load_path /data1/shared/InfiniTrain-dev/data/llmc/gpt2/gpt2_124M_lora_weights_rank8_alpha16.bin
===== LoRA Model Summary (Rank 0) ======
Total parameters:     163479552
Trainable parameters: 442368 (0.270595%)
Frozen parameters:    163037184
========================================
E20260911 06:55:50.569031 139922654408704 main.cc:537] step    1/10 | train loss 5.356189 | lr 1.00e-04 | (145.12 ms | 1764 tok/s | peak used:  1013 MB | peak reserved:  1056 MB, DP=1, TP=1, SP=1, PP=1)
E20260911 06:55:50.665369 139922654408704 main.cc:537] step    2/10 | train loss 5.144087 | lr 1.00e-04 | (96.00 ms | 2667 tok/s | peak used:  1013 MB | peak reserved:  1056 MB, DP=1, TP=1, SP=1, PP=1)
E20260911 06:55:50.754182 139922654408704 main.cc:537] step    3/10 | train loss 4.849666 | lr 1.00e-04 | (88.77 ms | 2884 tok/s | peak used:  1013 MB | peak reserved:  1056 MB, DP=1, TP=1, SP=1, PP=1)
E20260911 06:55:50.844004 139922654408704 main.cc:537] step    4/10 | train loss 4.976914 | lr 1.00e-04 | (89.78 ms | 2851 tok/s | peak used:  1013 MB | peak reserved:  1056 MB, DP=1, TP=1, SP=1, PP=1)
E20260911 06:55:50.933790 139922654408704 main.cc:537] step    5/10 | train loss 4.895231 | lr 1.00e-04 | (89.74 ms | 2853 tok/s | peak used:  1013 MB | peak reserved:  1056 MB, DP=1, TP=1, SP=1, PP=1)
E20260911 06:55:51.035695 139922654408704 main.cc:537] step    6/10 | train loss 5.197303 | lr 1.00e-04 | (101.86 ms | 2513 tok/s | peak used:  1013 MB | peak reserved:  1056 MB, DP=1, TP=1, SP=1, PP=1)
E20260911 06:55:51.132729 139922654408704 main.cc:537] step    7/10 | train loss 5.058922 | lr 1.00e-04 | (96.99 ms | 2639 tok/s | peak used:  1013 MB | peak reserved:  1056 MB, DP=1, TP=1, SP=1, PP=1)
E20260911 06:55:51.224127 139922654408704 main.cc:537] step    8/10 | train loss 5.261155 | lr 1.00e-04 | (91.36 ms | 2802 tok/s | peak used:  1013 MB | peak reserved:  1056 MB, DP=1, TP=1, SP=1, PP=1)
E20260911 06:55:51.307773 139922654408704 main.cc:537] step    9/10 | train loss 5.313336 | lr 1.00e-04 | (83.60 ms | 3062 tok/s | peak used:  1013 MB | peak reserved:  1056 MB, DP=1, TP=1, SP=1, PP=1)
E20260911 06:55:51.391381 139922654408704 main.cc:537] step   10/10 | train loss 5.574056 | lr 1.00e-04 | (83.57 ms | 3063 tok/s | peak used:  1013 MB | peak reserved:  1056 MB, DP=1, TP=1, SP=1, PP=1)
