[LAST_CMAKE] cmake -DUSE_CUDA=ON -DUSE_NCCL=ON -DBUILD_TEST=OFF -DPROFILE_MODE=ON .. && make -j
[RUN_METADATA] /home/chenxi/InfiniTrain/scripts/20260911/fix_backend-independent-correctness_22bf5b5/logs/run_metadata.log
[RUN_STARTED_AT] 2026-09-11 05:32:29
[GIT_BRANCH] fix/backend-independent-correctness
[GIT_COMMIT] 22bf5b5736e9638d59f07cc50ec2de589cef7978
[GIT_COMMIT_SHORT] 22bf5b5
[COMMAND] ./gpt2 --input_bin /data1/shared/InfiniTrain-dev/data/llmc/gpt2/tinyshakespeare/tiny_shakespeare_train.bin --llmc_filepath /data1/shared/InfiniTrain-dev/data/llmc/gpt2/gpt2_124M.bin --device cuda --dtype float32 --nthread_per_process 4 --num_iteration 10 --batch_size 10 --total_batch_size 5120 --pipeline_parallel 4 --virtual_pipeline_parallel 2 --lora_rank 4 --lora_alpha 8.0 --lora_target_modules c_attn,c_proj
===== LoRA Model Summary (Rank 1) ======
Total parameters:     21364992
Trainable parameters: 101376 (0.474496%)
Frozen parameters:    21263616
========================================
===== LoRA Model Summary (Rank 2) ======
Total parameters:     21364992
Trainable parameters: 101376 (0.474496%)
Frozen parameters:    21263616
========================================
===== LoRA Model Summary (Rank 0) ======
Total parameters:     60748800
Trainable parameters: 101376 (0.166877%)
Frozen parameters:    60647424
========================================
===== LoRA Model Summary (Rank 3) ======
Total parameters:     59963904
Trainable parameters: 101376 (0.169062%)
Frozen parameters:    59862528
========================================
E20260911 07:04:50.166502 139655357915136 main.cc:537] step    1/10 | train loss 5.219545 | lr 1.00e-04 | (665.62 ms | 7692 tok/s | peak used:  2773 MB | peak reserved:  2816 MB, DP=1, TP=1, SP=1, PP=4)
E20260911 07:04:50.643962 139655357915136 main.cc:537] step    2/10 | train loss 5.143067 | lr 1.00e-04 | (477.03 ms | 10733 tok/s | peak used:  2773 MB | peak reserved:  2816 MB, DP=1, TP=1, SP=1, PP=4)
E20260911 07:04:51.118405 139655357915136 main.cc:537] step    3/10 | train loss 5.074584 | lr 1.00e-04 | (474.38 ms | 10793 tok/s | peak used:  2773 MB | peak reserved:  2816 MB, DP=1, TP=1, SP=1, PP=4)
E20260911 07:04:51.610517 139655357915136 main.cc:537] step    4/10 | train loss 4.774490 | lr 1.00e-04 | (492.05 ms | 10405 tok/s | peak used:  2773 MB | peak reserved:  2816 MB, DP=1, TP=1, SP=1, PP=4)
E20260911 07:04:52.114027 139655357915136 main.cc:537] step    5/10 | train loss 4.900574 | lr 1.00e-04 | (503.43 ms | 10170 tok/s | peak used:  2773 MB | peak reserved:  2816 MB, DP=1, TP=1, SP=1, PP=4)
E20260911 07:04:52.527942 139655357915136 main.cc:537] step    6/10 | train loss 4.886541 | lr 1.00e-04 | (413.84 ms | 12372 tok/s | peak used:  2773 MB | peak reserved:  2816 MB, DP=1, TP=1, SP=1, PP=4)
E20260911 07:04:52.970847 139655357915136 main.cc:537] step    7/10 | train loss 4.977935 | lr 1.00e-04 | (442.85 ms | 11562 tok/s | peak used:  2773 MB | peak reserved:  2816 MB, DP=1, TP=1, SP=1, PP=4)
E20260911 07:04:53.428005 139655357915136 main.cc:537] step    8/10 | train loss 4.925617 | lr 1.00e-04 | (457.10 ms | 11201 tok/s | peak used:  2773 MB | peak reserved:  2816 MB, DP=1, TP=1, SP=1, PP=4)
E20260911 07:04:53.880191 139655357915136 main.cc:537] step    9/10 | train loss 4.957046 | lr 1.00e-04 | (452.14 ms | 11324 tok/s | peak used:  2773 MB | peak reserved:  2816 MB, DP=1, TP=1, SP=1, PP=4)
E20260911 07:04:54.326506 139655357915136 main.cc:537] step   10/10 | train loss 5.033357 | lr 1.00e-04 | (446.27 ms | 11473 tok/s | peak used:  2773 MB | peak reserved:  2816 MB, DP=1, TP=1, SP=1, PP=4)
