[LAST_CMAKE] cmake -DUSE_CUDA=ON -DUSE_NCCL=ON -DBUILD_TEST=ON -DPROFILE_MODE=OFF .. && make -j
[RUN_METADATA] /home/chenxi/InfiniTrain/scripts/20260911/fix_backend-independent-correctness_22bf5b5/logs/run_metadata.log
[RUN_STARTED_AT] 2026-09-11 05:32:29
[GIT_BRANCH] fix/backend-independent-correctness
[GIT_COMMIT] 22bf5b5736e9638d59f07cc50ec2de589cef7978
[GIT_COMMIT_SHORT] 22bf5b5
[COMMAND] ./gpt2 --input_bin /data1/shared/InfiniTrain-dev/data/llmc/gpt2/tinyshakespeare/tiny_shakespeare_train.bin --llmc_filepath /data1/shared/InfiniTrain-dev/data/llmc/gpt2/gpt2_124M.bin --device cuda --dtype bfloat16 --nthread_per_process 8 --num_iteration 10 --batch_size 40 --total_batch_size 5120 --tensor_parallel 2 --sequence_parallel true --pipeline_parallel 2 --virtual_pipeline_parallel 2 --lora_rank 16 --lora_alpha 32.0 --lora_target_modules c_fc,c_proj
===== LoRA Model Summary (Rank 3) ======
Total parameters:     41933568
Trainable parameters: 552960 (1.31866%)
Frozen parameters:    41380608
========================================
===== LoRA Model Summary (Rank 2) ======
Total parameters:     41933568
Trainable parameters: 552960 (1.31866%)
Frozen parameters:    41380608
========================================
===== LoRA Model Summary (Rank 7) ======
Total parameters:     41148672
Trainable parameters: 552960 (1.34381%)
Frozen parameters:    40595712
========================================
===== LoRA Model Summary (Rank 6) ======
Total parameters:     41148672
Trainable parameters: 552960 (1.34381%)
Frozen parameters:    40595712
========================================
===== LoRA Model Summary (Rank 5) ======
Total parameters:     41148672
Trainable parameters: 552960 (1.34381%)
Frozen parameters:    40595712
========================================
===== LoRA Model Summary (Rank 0) ======
Total parameters:     41933568
Trainable parameters: 552960 (1.31866%)
Frozen parameters:    41380608
========================================
===== LoRA Model Summary (Rank 1) ======
Total parameters:     41933568
Trainable parameters: 552960 (1.31866%)
Frozen parameters:    41380608
========================================
===== LoRA Model Summary (Rank 4) ======
Total parameters:     41148672
Trainable parameters: 552960 (1.34381%)
Frozen parameters:    40595712
========================================
E20260911 06:03:28.519008 140196523778048 main.cc:537] step    1/10 | train loss 5.211551 | lr 1.00e-04 | (761.29 ms | 6725 tok/s | peak used:  2294 MB | peak reserved:  2464 MB, DP=2, TP=2, SP=2, PP=2)
E20260911 06:03:28.655810 140196523778048 main.cc:537] step    2/10 | train loss 5.137963 | lr 1.00e-04 | (136.35 ms | 37551 tok/s | peak used:  2371 MB | peak reserved:  2688 MB, DP=2, TP=2, SP=2, PP=2)
E20260911 06:03:28.772482 140196523778048 main.cc:537] step    3/10 | train loss 5.078453 | lr 1.00e-04 | (116.58 ms | 43920 tok/s | peak used:  2371 MB | peak reserved:  2688 MB, DP=2, TP=2, SP=2, PP=2)
E20260911 06:03:28.888900 140196523778048 main.cc:537] step    4/10 | train loss 4.768533 | lr 1.00e-04 | (116.25 ms | 44041 tok/s | peak used:  2371 MB | peak reserved:  2688 MB, DP=2, TP=2, SP=2, PP=2)
E20260911 06:03:29.002927 140196523778048 main.cc:537] step    5/10 | train loss 4.898604 | lr 1.00e-04 | (113.96 ms | 44929 tok/s | peak used:  2371 MB | peak reserved:  2688 MB, DP=2, TP=2, SP=2, PP=2)
E20260911 06:03:29.121251 140196523778048 main.cc:537] step    6/10 | train loss 4.874559 | lr 1.00e-04 | (118.26 ms | 43295 tok/s | peak used:  2371 MB | peak reserved:  2688 MB, DP=2, TP=2, SP=2, PP=2)
E20260911 06:03:29.241031 140196523778048 main.cc:537] step    7/10 | train loss 4.963145 | lr 1.00e-04 | (119.71 ms | 42769 tok/s | peak used:  2371 MB | peak reserved:  2688 MB, DP=2, TP=2, SP=2, PP=2)
E20260911 06:03:29.354490 140196523778048 main.cc:537] step    8/10 | train loss 4.916663 | lr 1.00e-04 | (113.39 ms | 45155 tok/s | peak used:  2371 MB | peak reserved:  2688 MB, DP=2, TP=2, SP=2, PP=2)
E20260911 06:03:29.470273 140196523778048 main.cc:537] step    9/10 | train loss 4.958899 | lr 1.00e-04 | (115.72 ms | 44245 tok/s | peak used:  2371 MB | peak reserved:  2688 MB, DP=2, TP=2, SP=2, PP=2)
E20260911 06:03:29.587762 140196523778048 main.cc:537] step   10/10 | train loss 5.021286 | lr 1.00e-04 | (117.40 ms | 43611 tok/s | peak used:  2371 MB | peak reserved:  2688 MB, DP=2, TP=2, SP=2, PP=2)
