[LAST_CMAKE] cmake -DUSE_CUDA=ON -DUSE_NCCL=ON -DBUILD_TEST=OFF -DPROFILE_MODE=ON .. && make -j
[RUN_METADATA] /home/chenxi/InfiniTrain/scripts/20260911/fix_backend-independent-correctness_22bf5b5/logs/run_metadata.log
[RUN_STARTED_AT] 2026-09-11 05:32:29
[GIT_BRANCH] fix/backend-independent-correctness
[GIT_COMMIT] 22bf5b5736e9638d59f07cc50ec2de589cef7978
[GIT_COMMIT_SHORT] 22bf5b5
[COMMAND] ./gpt2 --input_bin /data1/shared/InfiniTrain-dev/data/llmc/gpt2/tinyshakespeare/tiny_shakespeare_train.bin --llmc_filepath /data1/shared/InfiniTrain-dev/data/llmc/gpt2/gpt2_124M.bin --device cuda --dtype bfloat16 --lora_rank 8 --lora_alpha 16.0 --lora_target_modules c_attn,attn.c_proj --lora_load_path /data1/shared/InfiniTrain-dev/data/llmc/gpt2/gpt2_124M_lora_weights_rank8_alpha16.bin
===== LoRA Model Summary (Rank 0) ======
Total parameters:     163479552
Trainable parameters: 442368 (0.270595%)
Frozen parameters:    163037184
========================================
E20260911 06:56:15.643669 140072730800128 main.cc:537] step    1/10 | train loss 5.336104 | lr 1.00e-04 | (190.86 ms | 1341 tok/s | peak used:  1212 MB | peak reserved:  1248 MB, DP=1, TP=1, SP=1, PP=1)
E20260911 06:56:15.746752 140072730800128 main.cc:537] step    2/10 | train loss 5.133491 | lr 1.00e-04 | (102.62 ms | 2495 tok/s | peak used:  1212 MB | peak reserved:  1248 MB, DP=1, TP=1, SP=1, PP=1)
E20260911 06:56:15.864802 140072730800128 main.cc:537] step    3/10 | train loss 4.878366 | lr 1.00e-04 | (118.00 ms | 2169 tok/s | peak used:  1212 MB | peak reserved:  1248 MB, DP=1, TP=1, SP=1, PP=1)
E20260911 06:56:15.981661 140072730800128 main.cc:537] step    4/10 | train loss 4.995970 | lr 1.00e-04 | (116.82 ms | 2191 tok/s | peak used:  1212 MB | peak reserved:  1248 MB, DP=1, TP=1, SP=1, PP=1)
E20260911 06:56:16.072966 140072730800128 main.cc:537] step    5/10 | train loss 4.894534 | lr 1.00e-04 | (91.26 ms | 2805 tok/s | peak used:  1212 MB | peak reserved:  1248 MB, DP=1, TP=1, SP=1, PP=1)
E20260911 06:56:16.166580 140072730800128 main.cc:537] step    6/10 | train loss 5.190879 | lr 1.00e-04 | (93.57 ms | 2736 tok/s | peak used:  1212 MB | peak reserved:  1248 MB, DP=1, TP=1, SP=1, PP=1)
E20260911 06:56:16.254591 140072730800128 main.cc:537] step    7/10 | train loss 5.033346 | lr 1.00e-04 | (87.97 ms | 2910 tok/s | peak used:  1212 MB | peak reserved:  1248 MB, DP=1, TP=1, SP=1, PP=1)
E20260911 06:56:16.356373 140072730800128 main.cc:537] step    8/10 | train loss 5.265908 | lr 1.00e-04 | (101.74 ms | 2516 tok/s | peak used:  1212 MB | peak reserved:  1248 MB, DP=1, TP=1, SP=1, PP=1)
E20260911 06:56:16.469242 140072730800128 main.cc:537] step    9/10 | train loss 5.308733 | lr 1.00e-04 | (112.83 ms | 2269 tok/s | peak used:  1212 MB | peak reserved:  1248 MB, DP=1, TP=1, SP=1, PP=1)
E20260911 06:56:16.578677 140072730800128 main.cc:537] step   10/10 | train loss 5.563834 | lr 1.00e-04 | (109.39 ms | 2340 tok/s | peak used:  1212 MB | peak reserved:  1248 MB, DP=1, TP=1, SP=1, PP=1)
