[LAST_CMAKE] cmake -DUSE_CUDA=ON -DUSE_NCCL=ON -DBUILD_TEST=OFF -DPROFILE_MODE=ON .. && make -j
[COMMAND] ./gpt2 --input_bin /data1/shared/InfiniTrain-dev/data/llmc/gpt2/tinyshakespeare/tiny_shakespeare_train.bin --llmc_filepath /data1/shared/InfiniTrain-dev/data/llmc/gpt2/gpt2_124M.bin --device cuda --dtype bfloat16 --nthread_per_process 4 --num_iteration 10 --batch_size 10 --total_batch_size 5120 --pipeline_parallel 4 --virtual_pipeline_parallel 2 --lora_rank 16 --lora_alpha 32.0 --lora_target_modules c_attn,c_proj
===== LoRA Model Summary (Rank 1) ======
Total parameters:     21669120
Trainable parameters: 405504 (1.87135%)
Frozen parameters:    21263616
========================================
===== LoRA Model Summary (Rank 2) ======
Total parameters:     21669120
Trainable parameters: 405504 (1.87135%)
Frozen parameters:    21263616
========================================
===== LoRA Model Summary (Rank 0) ======
Total parameters:     61052928
Trainable parameters: 405504 (0.664184%)
Frozen parameters:    60647424
========================================
===== LoRA Model Summary (Rank 3) ======
Total parameters:     60268032
Trainable parameters: 405504 (0.672834%)
Frozen parameters:    59862528
========================================
E20260625 04:50:44.914809 139829639634944 main.cc:493] step    1/10 | train loss 5.213315 | lr 1.00e-04 | (978.13 ms | 5234 tok/s | peak used:  2874 MB | peak reserved:  2944 MB, DP=1, TP=1, SP=1, PP=4)
E20260625 04:50:45.339203 139829639634944 main.cc:493] step    2/10 | train loss 5.138343 | lr 1.00e-04 | (423.97 ms | 12076 tok/s | peak used:  2874 MB | peak reserved:  2944 MB, DP=1, TP=1, SP=1, PP=4)
E20260625 04:50:45.820942 139829639634944 main.cc:493] step    3/10 | train loss 5.071633 | lr 1.00e-04 | (481.69 ms | 10629 tok/s | peak used:  2874 MB | peak reserved:  2944 MB, DP=1, TP=1, SP=1, PP=4)
E20260625 04:50:46.279116 139829639634944 main.cc:493] step    4/10 | train loss 4.766954 | lr 1.00e-04 | (458.13 ms | 11176 tok/s | peak used:  2874 MB | peak reserved:  2944 MB, DP=1, TP=1, SP=1, PP=4)
E20260625 04:50:46.748356 139829639634944 main.cc:493] step    5/10 | train loss 4.898321 | lr 1.00e-04 | (469.19 ms | 10912 tok/s | peak used:  2874 MB | peak reserved:  2944 MB, DP=1, TP=1, SP=1, PP=4)
E20260625 04:50:47.247871 139829639634944 main.cc:493] step    6/10 | train loss 4.875345 | lr 1.00e-04 | (499.45 ms | 10251 tok/s | peak used:  2874 MB | peak reserved:  2944 MB, DP=1, TP=1, SP=1, PP=4)
E20260625 04:50:47.699440 139829639634944 main.cc:493] step    7/10 | train loss 4.962422 | lr 1.00e-04 | (451.51 ms | 11340 tok/s | peak used:  2874 MB | peak reserved:  2944 MB, DP=1, TP=1, SP=1, PP=4)
E20260625 04:50:48.114790 139829639634944 main.cc:493] step    8/10 | train loss 4.918651 | lr 1.00e-04 | (415.30 ms | 12328 tok/s | peak used:  2874 MB | peak reserved:  2944 MB, DP=1, TP=1, SP=1, PP=4)
E20260625 04:50:48.527779 139829639634944 main.cc:493] step    9/10 | train loss 4.957631 | lr 1.00e-04 | (412.93 ms | 12399 tok/s | peak used:  2874 MB | peak reserved:  2944 MB, DP=1, TP=1, SP=1, PP=4)
E20260625 04:50:49.068193 139829639634944 main.cc:493] step   10/10 | train loss 5.023508 | lr 1.00e-04 | (540.37 ms | 9475 tok/s | peak used:  2874 MB | peak reserved:  2944 MB, DP=1, TP=1, SP=1, PP=4)
