[LAST_CMAKE] cmake -DUSE_CUDA=ON -DUSE_NCCL=ON -DBUILD_TEST=ON -DPROFILE_MODE=OFF .. && make -j
[COMMAND] ./gpt2 --input_bin /data1/shared/InfiniTrain-dev/data/llmc/gpt2/tinyshakespeare/tiny_shakespeare_train.bin --llmc_filepath /data1/shared/InfiniTrain-dev/data/llmc/gpt2/gpt2_124M.bin --device cuda --dtype bfloat16 --nthread_per_process 8 --num_iteration 10 --batch_size 10 --total_batch_size 5120 --lora_rank 8 --lora_alpha 16.0 --lora_target_modules c_attn,attn.c_proj
===== LoRA Model Summary (Rank 0) ======
Total parameters:     163479552
Trainable parameters: 442368 (0.270595%)
Frozen parameters:    163037184
========================================
===== LoRA Model Summary (Rank 4) ======
Total parameters:     163479552
Trainable parameters: 442368 (0.270595%)
Frozen parameters:    163037184
========================================
===== LoRA Model Summary (Rank 1) ======
Total parameters:     163479552
Trainable parameters: 442368 (0.270595%)
Frozen parameters:    163037184
========================================
===== LoRA Model Summary (Rank 7) ======
Total parameters:     163479552
Trainable parameters: 442368 (0.270595%)
Frozen parameters:    163037184
========================================
===== LoRA Model Summary (Rank 5) ======
Total parameters:     163479552
Trainable parameters: 442368 (0.270595%)
Frozen parameters:    163037184
========================================
===== LoRA Model Summary (Rank 2) ======
Total parameters:     163479552
Trainable parameters: 442368 (0.270595%)
Frozen parameters:    163037184
========================================
===== LoRA Model Summary (Rank 6) ======
Total parameters:     163479552
Trainable parameters: 442368 (0.270595%)
Frozen parameters:    163037184
========================================
===== LoRA Model Summary (Rank 3) ======
Total parameters:     163479552
Trainable parameters: 442368 (0.270595%)
Frozen parameters:    163037184
========================================
E20260625 03:58:24.250040 140100558102528 main.cc:493] step    1/10 | train loss 5.213315 | lr 1.00e-04 | (1219.53 ms | 4198 tok/s | peak used:  2263 MB | peak reserved:  2336 MB, DP=8, TP=1, SP=1, PP=1)
E20260625 03:58:24.373979 140100558102528 main.cc:493] step    2/10 | train loss 5.135671 | lr 1.00e-04 | (123.55 ms | 41441 tok/s | peak used:  2495 MB | peak reserved:  2624 MB, DP=8, TP=1, SP=1, PP=1)
E20260625 03:58:24.490013 140100558102528 main.cc:493] step    3/10 | train loss 5.072178 | lr 1.00e-04 | (115.98 ms | 44145 tok/s | peak used:  2495 MB | peak reserved:  2688 MB, DP=8, TP=1, SP=1, PP=1)
E20260625 03:58:24.605491 140100558102528 main.cc:493] step    4/10 | train loss 4.767311 | lr 1.00e-04 | (115.41 ms | 44363 tok/s | peak used:  2495 MB | peak reserved:  2752 MB, DP=8, TP=1, SP=1, PP=1)
E20260625 03:58:24.723690 140100558102528 main.cc:493] step    5/10 | train loss 4.896609 | lr 1.00e-04 | (118.14 ms | 43338 tok/s | peak used:  2495 MB | peak reserved:  2816 MB, DP=8, TP=1, SP=1, PP=1)
E20260625 03:58:24.849157 140100558102528 main.cc:493] step    6/10 | train loss 4.874359 | lr 1.00e-04 | (125.41 ms | 40825 tok/s | peak used:  2495 MB | peak reserved:  2880 MB, DP=8, TP=1, SP=1, PP=1)
E20260625 03:58:24.970575 140100558102528 main.cc:493] step    7/10 | train loss 4.968223 | lr 1.00e-04 | (121.35 ms | 42192 tok/s | peak used:  2495 MB | peak reserved:  2912 MB, DP=8, TP=1, SP=1, PP=1)
E20260625 03:58:25.094869 140100558102528 main.cc:493] step    8/10 | train loss 4.920205 | lr 1.00e-04 | (124.25 ms | 41208 tok/s | peak used:  2495 MB | peak reserved:  2976 MB, DP=8, TP=1, SP=1, PP=1)
E20260625 03:58:25.223019 140100558102528 main.cc:493] step    9/10 | train loss 4.959652 | lr 1.00e-04 | (128.09 ms | 39972 tok/s | peak used:  2495 MB | peak reserved:  3040 MB, DP=8, TP=1, SP=1, PP=1)
E20260625 03:58:25.347193 140100558102528 main.cc:493] step   10/10 | train loss 5.022832 | lr 1.00e-04 | (124.13 ms | 41248 tok/s | peak used:  2495 MB | peak reserved:  3072 MB, DP=8, TP=1, SP=1, PP=1)
