[LAST_CMAKE] cmake -DUSE_CUDA=ON -DUSE_NCCL=ON -DBUILD_TEST=ON -DPROFILE_MODE=OFF .. && make -j
[RUN_METADATA] /home/jiyiming/code/infiniTrain_test_Megaron_base/InfiniTrain/scripts/20260923/feat_add_Qwen3-8B_3ea4d93/logs/run_metadata.log
[RUN_STARTED_AT] 2026-09-23 02:20:16
[GIT_BRANCH] feat/add_Qwen3-8B
[GIT_COMMIT] 3ea4d9340078f51276f5e884f804185bf4046edc
[GIT_COMMIT_SHORT] 3ea4d93
[COMMAND] ./gpt2 --input_bin /data1/shared/InfiniTrain-dev/data/llmc/gpt2/tinyshakespeare/tiny_shakespeare_train.bin --llmc_filepath /data1/shared/InfiniTrain-dev/data/llmc/gpt2/gpt2_124M.bin --device cuda --nthread_per_process=8 --num_iteration=50 --save_interval=10 --batch_size=40 --total_batch_size=5120 --tensor_parallel=2 --sequence_parallel=true --pipeline_parallel=2 --virtual_pipeline_parallel=2 --save=/data1/ckpt/3d_ddp2_tp2_pp2_no_resume/gpt2/no_resume --max_checkpoint_keep=5
E20260923 03:03:55.367172 140264572166144 main.cc:547] step    1/50 | train loss 5.219545 | lr 1.00e-04 | (834.77 ms | 6133 tok/s | peak used:  2342 MB | peak reserved:  2432 MB, DP=2, TP=2, SP=2, PP=2)
E20260923 03:03:55.495716 140264572166144 main.cc:547] step    2/50 | train loss 5.111315 | lr 1.00e-04 | (127.61 ms | 40123 tok/s | peak used:  2342 MB | peak reserved:  2528 MB, DP=2, TP=2, SP=2, PP=2)
E20260923 03:03:55.613126 140264572166144 main.cc:547] step    3/50 | train loss 5.023197 | lr 1.00e-04 | (117.34 ms | 43634 tok/s | peak used:  2342 MB | peak reserved:  2528 MB, DP=2, TP=2, SP=2, PP=2)
E20260923 03:03:55.726863 140264572166144 main.cc:547] step    4/50 | train loss 4.688461 | lr 1.00e-04 | (113.68 ms | 45040 tok/s | peak used:  2342 MB | peak reserved:  2528 MB, DP=2, TP=2, SP=2, PP=2)
E20260923 03:03:55.837198 140264572166144 main.cc:547] step    5/50 | train loss 4.800188 | lr 1.00e-04 | (110.28 ms | 46427 tok/s | peak used:  2342 MB | peak reserved:  2528 MB, DP=2, TP=2, SP=2, PP=2)
E20260923 03:03:55.949608 140264572166144 main.cc:547] step    6/50 | train loss 4.738170 | lr 1.00e-04 | (112.36 ms | 45569 tok/s | peak used:  2342 MB | peak reserved:  2528 MB, DP=2, TP=2, SP=2, PP=2)
E20260923 03:03:56.061049 140264572166144 main.cc:547] step    7/50 | train loss 4.796781 | lr 1.00e-04 | (111.38 ms | 45969 tok/s | peak used:  2342 MB | peak reserved:  2528 MB, DP=2, TP=2, SP=2, PP=2)
E20260923 03:03:56.171651 140264572166144 main.cc:547] step    8/50 | train loss 4.689087 | lr 1.00e-04 | (110.55 ms | 46315 tok/s | peak used:  2342 MB | peak reserved:  2528 MB, DP=2, TP=2, SP=2, PP=2)
E20260923 03:03:56.282833 140264572166144 main.cc:547] step    9/50 | train loss 4.797917 | lr 1.00e-04 | (111.13 ms | 46071 tok/s | peak used:  2342 MB | peak reserved:  2528 MB, DP=2, TP=2, SP=2, PP=2)
E20260923 03:03:56.393703 140264572166144 main.cc:547] step   10/50 | train loss 4.803396 | lr 1.00e-04 | (110.82 ms | 46203 tok/s | peak used:  2342 MB | peak reserved:  2528 MB, DP=2, TP=2, SP=2, PP=2)
E20260923 03:03:56.767306 140264572166144 checkpoint.cc:206] [CKPT] Save done: dir="/data1/ckpt/3d_ddp2_tp2_pp2_no_resume/gpt2/no_resume/checkpoint_step_000010/rank_000007"
E20260923 03:03:56.767308 140265100664832 checkpoint.cc:206] [CKPT] Save done: dir="/data1/ckpt/3d_ddp2_tp2_pp2_no_resume/gpt2/no_resume/checkpoint_step_000010/rank_000001"
E20260923 03:03:56.767306 140264639279104 checkpoint.cc:206] [CKPT] Save done: dir="/data1/ckpt/3d_ddp2_tp2_pp2_no_resume/gpt2/no_resume/checkpoint_step_000010/rank_000006"
E20260923 03:03:56.767309 140264706392064 checkpoint.cc:206] [CKPT] Save done: dir="/data1/ckpt/3d_ddp2_tp2_pp2_no_resume/gpt2/no_resume/checkpoint_step_000010/rank_000005"
E20260923 03:03:56.767310 140264907730944 checkpoint.cc:206] [CKPT] Save done: dir="/data1/ckpt/3d_ddp2_tp2_pp2_no_resume/gpt2/no_resume/checkpoint_step_000010/rank_000002"
E20260923 03:03:56.767308 140265167777792 checkpoint.cc:206] [CKPT] Save done: dir="/data1/ckpt/3d_ddp2_tp2_pp2_no_resume/gpt2/no_resume/checkpoint_step_000010/rank_000000"
E20260923 03:03:56.767306 140264840617984 checkpoint.cc:206] [CKPT] Save done: dir="/data1/ckpt/3d_ddp2_tp2_pp2_no_resume/gpt2/no_resume/checkpoint_step_000010/rank_000003"
E20260923 03:03:56.767308 140264773505024 checkpoint.cc:206] [CKPT] Save done: dir="/data1/ckpt/3d_ddp2_tp2_pp2_no_resume/gpt2/no_resume/checkpoint_step_000010/rank_000004"
E20260923 03:03:56.862292 140264572166144 main.cc:547] step   11/50 | train loss 4.597945 | lr 1.00e-04 | (94.91 ms | 53946 tok/s | peak used:  2342 MB | peak reserved:  2528 MB, DP=2, TP=2, SP=2, PP=2)
E20260923 03:03:56.979241 140264572166144 main.cc:547] step   12/50 | train loss 4.724608 | lr 1.00e-04 | (116.88 ms | 43804 tok/s | peak used:  2342 MB | peak reserved:  2528 MB, DP=2, TP=2, SP=2, PP=2)
E20260923 03:03:57.096693 140264572166144 main.cc:547] step   13/50 | train loss 4.810929 | lr 1.00e-04 | (117.40 ms | 43611 tok/s | peak used:  2342 MB | peak reserved:  2528 MB, DP=2, TP=2, SP=2, PP=2)
E20260923 03:03:57.207885 140264572166144 main.cc:547] step   14/50 | train loss 4.837930 | lr 1.00e-04 | (111.13 ms | 46070 tok/s | peak used:  2342 MB | peak reserved:  2528 MB, DP=2, TP=2, SP=2, PP=2)
E20260923 03:03:57.318503 140264572166144 main.cc:547] step   15/50 | train loss 4.827017 | lr 1.00e-04 | (110.57 ms | 46306 tok/s | peak used:  2342 MB | peak reserved:  2528 MB, DP=2, TP=2, SP=2, PP=2)
E20260923 03:03:57.429338 140264572166144 main.cc:547] step   16/50 | train loss 4.771918 | lr 1.00e-04 | (110.79 ms | 46215 tok/s | peak used:  2342 MB | peak reserved:  2528 MB, DP=2, TP=2, SP=2, PP=2)
E20260923 03:03:57.545852 140264572166144 main.cc:547] step   17/50 | train loss 4.782903 | lr 1.00e-04 | (116.46 ms | 43962 tok/s | peak used:  2342 MB | peak reserved:  2528 MB, DP=2, TP=2, SP=2, PP=2)
E20260923 03:03:57.656511 140264572166144 main.cc:547] step   18/50 | train loss 4.727721 | lr 1.00e-04 | (110.61 ms | 46288 tok/s | peak used:  2342 MB | peak reserved:  2528 MB, DP=2, TP=2, SP=2, PP=2)
E20260923 03:03:57.766981 140264572166144 main.cc:547] step   19/50 | train loss 4.660033 | lr 1.00e-04 | (110.42 ms | 46367 tok/s | peak used:  2342 MB | peak reserved:  2528 MB, DP=2, TP=2, SP=2, PP=2)
E20260923 03:03:57.878394 140264572166144 main.cc:547] step   20/50 | train loss 4.679314 | lr 1.00e-04 | (111.36 ms | 45975 tok/s | peak used:  2342 MB | peak reserved:  2528 MB, DP=2, TP=2, SP=2, PP=2)
E20260923 03:03:58.125344 140265100664832 checkpoint.cc:206] [CKPT] Save done: dir="/data1/ckpt/3d_ddp2_tp2_pp2_no_resume/gpt2/no_resume/checkpoint_step_000020/rank_000001"
E20260923 03:03:58.125486 140264572166144 checkpoint.cc:206] [CKPT] Save done: dir="/data1/ckpt/3d_ddp2_tp2_pp2_no_resume/gpt2/no_resume/checkpoint_step_000020/rank_000007"
E20260923 03:03:58.127582 140264840617984 checkpoint.cc:206] [CKPT] Save done: dir="/data1/ckpt/3d_ddp2_tp2_pp2_no_resume/gpt2/no_resume/checkpoint_step_000020/rank_000003"
E20260923 03:03:58.136616 140264639279104 checkpoint.cc:206] [CKPT] Save done: dir="/data1/ckpt/3d_ddp2_tp2_pp2_no_resume/gpt2/no_resume/checkpoint_step_000020/rank_000006"
E20260923 03:03:58.136708 140264773505024 checkpoint.cc:206] [CKPT] Save done: dir="/data1/ckpt/3d_ddp2_tp2_pp2_no_resume/gpt2/no_resume/checkpoint_step_000020/rank_000004"
E20260923 03:03:58.147152 140264706392064 checkpoint.cc:206] [CKPT] Save done: dir="/data1/ckpt/3d_ddp2_tp2_pp2_no_resume/gpt2/no_resume/checkpoint_step_000020/rank_000005"
E20260923 03:03:58.169380 140264907730944 checkpoint.cc:206] [CKPT] Save done: dir="/data1/ckpt/3d_ddp2_tp2_pp2_no_resume/gpt2/no_resume/checkpoint_step_000020/rank_000002"
E20260923 03:03:58.169869 140265167777792 checkpoint.cc:206] [CKPT] Save done: dir="/data1/ckpt/3d_ddp2_tp2_pp2_no_resume/gpt2/no_resume/checkpoint_step_000020/rank_000000"
E20260923 03:03:58.262409 140264572166144 main.cc:547] step   21/50 | train loss 4.836597 | lr 1.00e-04 | (136.88 ms | 37406 tok/s | peak used:  2342 MB | peak reserved:  2528 MB, DP=2, TP=2, SP=2, PP=2)
E20260923 03:03:58.372634 140264572166144 main.cc:547] step   22/50 | train loss 4.628773 | lr 1.00e-04 | (110.17 ms | 46473 tok/s | peak used:  2342 MB | peak reserved:  2528 MB, DP=2, TP=2, SP=2, PP=2)
E20260923 03:03:58.483169 140264572166144 main.cc:547] step   23/50 | train loss 4.747487 | lr 1.00e-04 | (110.49 ms | 46341 tok/s | peak used:  2342 MB | peak reserved:  2528 MB, DP=2, TP=2, SP=2, PP=2)
E20260923 03:03:58.593638 140264572166144 main.cc:547] step   24/50 | train loss 4.706682 | lr 1.00e-04 | (110.42 ms | 46370 tok/s | peak used:  2342 MB | peak reserved:  2528 MB, DP=2, TP=2, SP=2, PP=2)
E20260923 03:03:58.704683 140264572166144 main.cc:547] step   25/50 | train loss 4.494288 | lr 1.00e-04 | (111.00 ms | 46126 tok/s | peak used:  2342 MB | peak reserved:  2528 MB, DP=2, TP=2, SP=2, PP=2)
E20260923 03:03:58.817616 140264572166144 main.cc:547] step   26/50 | train loss 4.537567 | lr 1.00e-04 | (112.89 ms | 45355 tok/s | peak used:  2342 MB | peak reserved:  2528 MB, DP=2, TP=2, SP=2, PP=2)
E20260923 03:03:58.927434 140264572166144 main.cc:547] step   27/50 | train loss 4.640106 | lr 1.00e-04 | (109.76 ms | 46647 tok/s | peak used:  2342 MB | peak reserved:  2528 MB, DP=2, TP=2, SP=2, PP=2)
E20260923 03:03:59.038105 140264572166144 main.cc:547] step   28/50 | train loss 4.582927 | lr 1.00e-04 | (110.62 ms | 46283 tok/s | peak used:  2342 MB | peak reserved:  2528 MB, DP=2, TP=2, SP=2, PP=2)
E20260923 03:03:59.148959 140264572166144 main.cc:547] step   29/50 | train loss 4.502010 | lr 1.00e-04 | (110.81 ms | 46207 tok/s | peak used:  2342 MB | peak reserved:  2528 MB, DP=2, TP=2, SP=2, PP=2)
E20260923 03:03:59.262675 140264572166144 main.cc:547] step   30/50 | train loss 4.651812 | lr 1.00e-04 | (113.67 ms | 45044 tok/s | peak used:  2342 MB | peak reserved:  2528 MB, DP=2, TP=2, SP=2, PP=2)
E20260923 03:03:59.534663 140264840617984 checkpoint.cc:206] [CKPT] Save done: dir="/data1/ckpt/3d_ddp2_tp2_pp2_no_resume/gpt2/no_resume/checkpoint_step_000030/rank_000003"
E20260923 03:03:59.535643 140264773505024 checkpoint.cc:206] [CKPT] Save done: dir="/data1/ckpt/3d_ddp2_tp2_pp2_no_resume/gpt2/no_resume/checkpoint_step_000030/rank_000004"
E20260923 03:03:59.538672 140264639279104 checkpoint.cc:206] [CKPT] Save done: dir="/data1/ckpt/3d_ddp2_tp2_pp2_no_resume/gpt2/no_resume/checkpoint_step_000030/rank_000006"
E20260923 03:03:59.541930 140265167777792 checkpoint.cc:206] [CKPT] Save done: dir="/data1/ckpt/3d_ddp2_tp2_pp2_no_resume/gpt2/no_resume/checkpoint_step_000030/rank_000000"
E20260923 03:03:59.560471 140265100664832 checkpoint.cc:206] [CKPT] Save done: dir="/data1/ckpt/3d_ddp2_tp2_pp2_no_resume/gpt2/no_resume/checkpoint_step_000030/rank_000001"
E20260923 03:03:59.563495 140264572166144 checkpoint.cc:206] [CKPT] Save done: dir="/data1/ckpt/3d_ddp2_tp2_pp2_no_resume/gpt2/no_resume/checkpoint_step_000030/rank_000007"
E20260923 03:03:59.566103 140264907730944 checkpoint.cc:206] [CKPT] Save done: dir="/data1/ckpt/3d_ddp2_tp2_pp2_no_resume/gpt2/no_resume/checkpoint_step_000030/rank_000002"
E20260923 03:03:59.567518 140264706392064 checkpoint.cc:206] [CKPT] Save done: dir="/data1/ckpt/3d_ddp2_tp2_pp2_no_resume/gpt2/no_resume/checkpoint_step_000030/rank_000005"
E20260923 03:03:59.658600 140264572166144 main.cc:547] step   31/50 | train loss 4.645424 | lr 1.00e-04 | (95.07 ms | 53856 tok/s | peak used:  2342 MB | peak reserved:  2528 MB, DP=2, TP=2, SP=2, PP=2)
E20260923 03:03:59.774060 140264572166144 main.cc:547] step   32/50 | train loss 4.359369 | lr 1.00e-04 | (115.40 ms | 44367 tok/s | peak used:  2342 MB | peak reserved:  2528 MB, DP=2, TP=2, SP=2, PP=2)
E20260923 03:03:59.888623 140264572166144 main.cc:547] step   33/50 | train loss 4.687897 | lr 1.00e-04 | (114.51 ms | 44712 tok/s | peak used:  2342 MB | peak reserved:  2528 MB, DP=2, TP=2, SP=2, PP=2)
E20260923 03:04:00.006362 140264572166144 main.cc:547] step   34/50 | train loss 4.650237 | lr 1.00e-04 | (117.69 ms | 43505 tok/s | peak used:  2342 MB | peak reserved:  2528 MB, DP=2, TP=2, SP=2, PP=2)
E20260923 03:04:00.124288 140264572166144 main.cc:547] step   35/50 | train loss 4.542119 | lr 1.00e-04 | (117.87 ms | 43436 tok/s | peak used:  2342 MB | peak reserved:  2528 MB, DP=2, TP=2, SP=2, PP=2)
E20260923 03:04:00.242585 140264572166144 main.cc:547] step   36/50 | train loss 4.830545 | lr 1.00e-04 | (118.24 ms | 43300 tok/s | peak used:  2342 MB | peak reserved:  2528 MB, DP=2, TP=2, SP=2, PP=2)
E20260923 03:04:00.358455 140264572166144 main.cc:547] step   37/50 | train loss 4.861055 | lr 1.00e-04 | (115.81 ms | 44210 tok/s | peak used:  2342 MB | peak reserved:  2528 MB, DP=2, TP=2, SP=2, PP=2)
E20260923 03:04:00.473209 140264572166144 main.cc:547] step   38/50 | train loss 4.821849 | lr 1.00e-04 | (114.70 ms | 44639 tok/s | peak used:  2342 MB | peak reserved:  2528 MB, DP=2, TP=2, SP=2, PP=2)
E20260923 03:04:00.590489 140264572166144 main.cc:547] step   39/50 | train loss 4.851664 | lr 1.00e-04 | (117.22 ms | 43677 tok/s | peak used:  2342 MB | peak reserved:  2528 MB, DP=2, TP=2, SP=2, PP=2)
E20260923 03:04:00.705356 140264572166144 main.cc:547] step   40/50 | train loss 4.822882 | lr 1.00e-04 | (114.81 ms | 44594 tok/s | peak used:  2342 MB | peak reserved:  2528 MB, DP=2, TP=2, SP=2, PP=2)
E20260923 03:04:00.974771 140265167777792 checkpoint.cc:206] [CKPT] Save done: dir="/data1/ckpt/3d_ddp2_tp2_pp2_no_resume/gpt2/no_resume/checkpoint_step_000040/rank_000000"
E20260923 03:04:00.976440 140264639279104 checkpoint.cc:206] [CKPT] Save done: dir="/data1/ckpt/3d_ddp2_tp2_pp2_no_resume/gpt2/no_resume/checkpoint_step_000040/rank_000006"
E20260923 03:04:00.980235 140264773505024 checkpoint.cc:206] [CKPT] Save done: dir="/data1/ckpt/3d_ddp2_tp2_pp2_no_resume/gpt2/no_resume/checkpoint_step_000040/rank_000004"
E20260923 03:04:00.982019 140264907730944 checkpoint.cc:206] [CKPT] Save done: dir="/data1/ckpt/3d_ddp2_tp2_pp2_no_resume/gpt2/no_resume/checkpoint_step_000040/rank_000002"
E20260923 03:04:00.987184 140264840617984 checkpoint.cc:206] [CKPT] Save done: dir="/data1/ckpt/3d_ddp2_tp2_pp2_no_resume/gpt2/no_resume/checkpoint_step_000040/rank_000003"
E20260923 03:04:00.993333 140265100664832 checkpoint.cc:206] [CKPT] Save done: dir="/data1/ckpt/3d_ddp2_tp2_pp2_no_resume/gpt2/no_resume/checkpoint_step_000040/rank_000001"
E20260923 03:04:00.995134 140264706392064 checkpoint.cc:206] [CKPT] Save done: dir="/data1/ckpt/3d_ddp2_tp2_pp2_no_resume/gpt2/no_resume/checkpoint_step_000040/rank_000005"
E20260923 03:04:00.996948 140264572166144 checkpoint.cc:206] [CKPT] Save done: dir="/data1/ckpt/3d_ddp2_tp2_pp2_no_resume/gpt2/no_resume/checkpoint_step_000040/rank_000007"
E20260923 03:04:01.087218 140264572166144 main.cc:547] step   41/50 | train loss 4.770538 | lr 1.00e-04 | (90.23 ms | 56747 tok/s | peak used:  2342 MB | peak reserved:  2528 MB, DP=2, TP=2, SP=2, PP=2)
E20260923 03:04:01.202856 140264572166144 main.cc:547] step   42/50 | train loss 4.770846 | lr 1.00e-04 | (115.58 ms | 44299 tok/s | peak used:  2342 MB | peak reserved:  2528 MB, DP=2, TP=2, SP=2, PP=2)
E20260923 03:04:01.315737 140264572166144 main.cc:547] step   43/50 | train loss 4.793461 | lr 1.00e-04 | (112.83 ms | 45379 tok/s | peak used:  2342 MB | peak reserved:  2528 MB, DP=2, TP=2, SP=2, PP=2)
E20260923 03:04:01.432248 140264572166144 main.cc:547] step   44/50 | train loss 4.679438 | lr 1.00e-04 | (116.46 ms | 43964 tok/s | peak used:  2342 MB | peak reserved:  2528 MB, DP=2, TP=2, SP=2, PP=2)
E20260923 03:04:01.552028 140264572166144 main.cc:547] step   45/50 | train loss 4.519821 | lr 1.00e-04 | (119.73 ms | 42764 tok/s | peak used:  2342 MB | peak reserved:  2528 MB, DP=2, TP=2, SP=2, PP=2)
E20260923 03:04:01.666025 140264572166144 main.cc:547] step   46/50 | train loss 4.542992 | lr 1.00e-04 | (113.95 ms | 44933 tok/s | peak used:  2342 MB | peak reserved:  2528 MB, DP=2, TP=2, SP=2, PP=2)
E20260923 03:04:01.778801 140264572166144 main.cc:547] step   47/50 | train loss 4.616622 | lr 1.00e-04 | (112.71 ms | 45427 tok/s | peak used:  2342 MB | peak reserved:  2528 MB, DP=2, TP=2, SP=2, PP=2)
E20260923 03:04:01.896757 140264572166144 main.cc:547] step   48/50 | train loss 4.624648 | lr 1.00e-04 | (117.91 ms | 43424 tok/s | peak used:  2342 MB | peak reserved:  2528 MB, DP=2, TP=2, SP=2, PP=2)
E20260923 03:04:02.016050 140264572166144 main.cc:547] step   49/50 | train loss 4.612357 | lr 1.00e-04 | (119.24 ms | 42938 tok/s | peak used:  2342 MB | peak reserved:  2528 MB, DP=2, TP=2, SP=2, PP=2)
E20260923 03:04:02.131862 140264572166144 main.cc:547] step   50/50 | train loss 4.524048 | lr 1.00e-04 | (115.75 ms | 44232 tok/s | peak used:  2342 MB | peak reserved:  2528 MB, DP=2, TP=2, SP=2, PP=2)
E20260923 03:04:02.404586 140264572166144 checkpoint.cc:206] [CKPT] Save done: dir="/data1/ckpt/3d_ddp2_tp2_pp2_no_resume/gpt2/no_resume/checkpoint_step_000050/rank_000007"
E20260923 03:04:02.414587 140264773505024 checkpoint.cc:206] [CKPT] Save done: dir="/data1/ckpt/3d_ddp2_tp2_pp2_no_resume/gpt2/no_resume/checkpoint_step_000050/rank_000004"
E20260923 03:04:02.419388 140264840617984 checkpoint.cc:206] [CKPT] Save done: dir="/data1/ckpt/3d_ddp2_tp2_pp2_no_resume/gpt2/no_resume/checkpoint_step_000050/rank_000003"
E20260923 03:04:02.420274 140264706392064 checkpoint.cc:206] [CKPT] Save done: dir="/data1/ckpt/3d_ddp2_tp2_pp2_no_resume/gpt2/no_resume/checkpoint_step_000050/rank_000005"
E20260923 03:04:02.428190 140264907730944 checkpoint.cc:206] [CKPT] Save done: dir="/data1/ckpt/3d_ddp2_tp2_pp2_no_resume/gpt2/no_resume/checkpoint_step_000050/rank_000002"
E20260923 03:04:02.431853 140265167777792 checkpoint.cc:206] [CKPT] Save done: dir="/data1/ckpt/3d_ddp2_tp2_pp2_no_resume/gpt2/no_resume/checkpoint_step_000050/rank_000000"
E20260923 03:04:02.434070 140264639279104 checkpoint.cc:206] [CKPT] Save done: dir="/data1/ckpt/3d_ddp2_tp2_pp2_no_resume/gpt2/no_resume/checkpoint_step_000050/rank_000006"
E20260923 03:04:02.438817 140265100664832 checkpoint.cc:206] [CKPT] Save done: dir="/data1/ckpt/3d_ddp2_tp2_pp2_no_resume/gpt2/no_resume/checkpoint_step_000050/rank_000001"
