[LAST_CMAKE] cmake -DUSE_CUDA=ON -DUSE_NCCL=ON -DBUILD_TEST=OFF -DPROFILE_MODE=ON .. && make -j
[RUN_METADATA] /home/jiyiming/code/infiniTrain_test_Megaron_base/InfiniTrain/scripts/20260923/feat_add_Qwen3-8B_3ea4d93/logs/run_metadata.log
[RUN_STARTED_AT] 2026-09-23 02:20:16
[GIT_BRANCH] feat/add_Qwen3-8B
[GIT_COMMIT] 3ea4d9340078f51276f5e884f804185bf4046edc
[GIT_COMMIT_SHORT] 3ea4d93
[COMMAND] ./gpt2 --input_bin /data1/shared/InfiniTrain-dev/data/llmc/gpt2/tinyshakespeare/tiny_shakespeare_train.bin --llmc_filepath /data1/shared/InfiniTrain-dev/data/llmc/gpt2/gpt2_124M.bin --device cuda --nthread_per_process=8 --num_iteration=50 --save_interval=10 --batch_size=40 --total_batch_size=5120 --tensor_parallel=2 --sequence_parallel=true --pipeline_parallel=2 --virtual_pipeline_parallel=2 --load=/data1/ckpt/3d_ddp2_tp2_pp2_no_resume/gpt2/no_resume/checkpoint_step_000030 --save=/data1/ckpt/3d_tp2_pp2_resume/gpt2/resume --max_checkpoint_keep=5
E20260923 04:22:24.011851 140131696635904 checkpoint.cc:239] [CKPT] Load done: global_step=30, consumed_train_samples=2400, topology(ddp,tp,sp,pp)=(2,2,2,2)
E20260923 04:22:24.084464 140131629522944 checkpoint.cc:239] [CKPT] Load done: global_step=30, consumed_train_samples=2400, topology(ddp,tp,sp,pp)=(2,2,2,2)
E20260923 04:22:24.095212 140131891118080 checkpoint.cc:239] [CKPT] Load done: global_step=30, consumed_train_samples=2400, topology(ddp,tp,sp,pp)=(2,2,2,2)
E20260923 04:22:24.118373 140131958231040 checkpoint.cc:239] [CKPT] Load done: global_step=30, consumed_train_samples=2400, topology(ddp,tp,sp,pp)=(2,2,2,2)
E20260923 04:22:24.274616 140131562409984 checkpoint.cc:239] [CKPT] Load done: global_step=30, consumed_train_samples=2400, topology(ddp,tp,sp,pp)=(2,2,2,2)
E20260923 04:22:24.276717 140131361071104 checkpoint.cc:239] [CKPT] Load done: global_step=30, consumed_train_samples=2400, topology(ddp,tp,sp,pp)=(2,2,2,2)
E20260923 04:22:24.290483 140131428184064 checkpoint.cc:239] [CKPT] Load done: global_step=30, consumed_train_samples=2400, topology(ddp,tp,sp,pp)=(2,2,2,2)
E20260923 04:22:24.308015 140131495297024 checkpoint.cc:239] [CKPT] Load done: global_step=30, consumed_train_samples=2400, topology(ddp,tp,sp,pp)=(2,2,2,2)
E20260923 04:22:25.370713 140131361071104 main.cc:547] step   31/50 | train loss 4.645424 | lr 1.00e-04 | (1093.93 ms | 4680 tok/s | peak used:  2342 MB | peak reserved:  2400 MB, DP=2, TP=2, SP=2, PP=2)
E20260923 04:22:25.764274 140131361071104 main.cc:547] step   32/50 | train loss 4.359369 | lr 1.00e-04 | (393.44 ms | 13014 tok/s | peak used:  2342 MB | peak reserved:  2400 MB, DP=2, TP=2, SP=2, PP=2)
E20260923 04:22:26.177113 140131361071104 main.cc:547] step   33/50 | train loss 4.687897 | lr 1.00e-04 | (412.74 ms | 12405 tok/s | peak used:  2342 MB | peak reserved:  2400 MB, DP=2, TP=2, SP=2, PP=2)
E20260923 04:22:26.544879 140131361071104 main.cc:547] step   34/50 | train loss 4.650237 | lr 1.00e-04 | (367.63 ms | 13927 tok/s | peak used:  2342 MB | peak reserved:  2400 MB, DP=2, TP=2, SP=2, PP=2)
E20260923 04:22:26.930354 140131361071104 main.cc:547] step   35/50 | train loss 4.542120 | lr 1.00e-04 | (385.38 ms | 13285 tok/s | peak used:  2342 MB | peak reserved:  2400 MB, DP=2, TP=2, SP=2, PP=2)
E20260923 04:22:27.336211 140131361071104 main.cc:547] step   36/50 | train loss 4.830545 | lr 1.00e-04 | (405.77 ms | 12618 tok/s | peak used:  2342 MB | peak reserved:  2400 MB, DP=2, TP=2, SP=2, PP=2)
E20260923 04:22:27.747151 140131361071104 main.cc:547] step   37/50 | train loss 4.861055 | lr 1.00e-04 | (410.85 ms | 12462 tok/s | peak used:  2342 MB | peak reserved:  2400 MB, DP=2, TP=2, SP=2, PP=2)
E20260923 04:22:28.160362 140131361071104 main.cc:547] step   38/50 | train loss 4.821849 | lr 1.00e-04 | (413.12 ms | 12394 tok/s | peak used:  2342 MB | peak reserved:  2400 MB, DP=2, TP=2, SP=2, PP=2)
E20260923 04:22:28.556518 140131361071104 main.cc:547] step   39/50 | train loss 4.851664 | lr 1.00e-04 | (396.06 ms | 12927 tok/s | peak used:  2342 MB | peak reserved:  2400 MB, DP=2, TP=2, SP=2, PP=2)
E20260923 04:22:28.923571 140131361071104 main.cc:547] step   40/50 | train loss 4.822882 | lr 1.00e-04 | (366.95 ms | 13953 tok/s | peak used:  2342 MB | peak reserved:  2400 MB, DP=2, TP=2, SP=2, PP=2)
E20260923 04:22:29.165479 140131562409984 checkpoint.cc:206] [CKPT] Save done: dir="/data1/ckpt/3d_tp2_pp2_resume/gpt2/resume/checkpoint_step_000040/rank_000004"
E20260923 04:22:29.183554 140131428184064 checkpoint.cc:206] [CKPT] Save done: dir="/data1/ckpt/3d_tp2_pp2_resume/gpt2/resume/checkpoint_step_000040/rank_000006"
E20260923 04:22:29.187147 140131361071104 checkpoint.cc:206] [CKPT] Save done: dir="/data1/ckpt/3d_tp2_pp2_resume/gpt2/resume/checkpoint_step_000040/rank_000007"
E20260923 04:22:29.218546 140131495297024 checkpoint.cc:206] [CKPT] Save done: dir="/data1/ckpt/3d_tp2_pp2_resume/gpt2/resume/checkpoint_step_000040/rank_000005"
E20260923 04:22:29.219777 140131696635904 checkpoint.cc:206] [CKPT] Save done: dir="/data1/ckpt/3d_tp2_pp2_resume/gpt2/resume/checkpoint_step_000040/rank_000002"
E20260923 04:22:29.225440 140131629522944 checkpoint.cc:206] [CKPT] Save done: dir="/data1/ckpt/3d_tp2_pp2_resume/gpt2/resume/checkpoint_step_000040/rank_000003"
E20260923 04:22:29.229512 140131891118080 checkpoint.cc:206] [CKPT] Save done: dir="/data1/ckpt/3d_tp2_pp2_resume/gpt2/resume/checkpoint_step_000040/rank_000001"
E20260923 04:22:29.242606 140131958231040 checkpoint.cc:206] [CKPT] Save done: dir="/data1/ckpt/3d_tp2_pp2_resume/gpt2/resume/checkpoint_step_000040/rank_000000"
E20260923 04:22:29.528811 140131361071104 main.cc:547] step   41/50 | train loss 4.770537 | lr 1.00e-04 | (341.61 ms | 14988 tok/s | peak used:  2342 MB | peak reserved:  2400 MB, DP=2, TP=2, SP=2, PP=2)
E20260923 04:22:29.967055 140131361071104 main.cc:547] step   42/50 | train loss 4.770846 | lr 1.00e-04 | (438.17 ms | 11685 tok/s | peak used:  2342 MB | peak reserved:  2400 MB, DP=2, TP=2, SP=2, PP=2)
E20260923 04:22:30.348780 140131361071104 main.cc:547] step   43/50 | train loss 4.793460 | lr 1.00e-04 | (381.64 ms | 13416 tok/s | peak used:  2342 MB | peak reserved:  2400 MB, DP=2, TP=2, SP=2, PP=2)
E20260923 04:22:30.747405 140131361071104 main.cc:547] step   44/50 | train loss 4.679438 | lr 1.00e-04 | (398.00 ms | 12864 tok/s | peak used:  2342 MB | peak reserved:  2400 MB, DP=2, TP=2, SP=2, PP=2)
E20260923 04:22:31.147770 140131361071104 main.cc:547] step   45/50 | train loss 4.519821 | lr 1.00e-04 | (400.27 ms | 12791 tok/s | peak used:  2342 MB | peak reserved:  2400 MB, DP=2, TP=2, SP=2, PP=2)
E20260923 04:22:31.532426 140131361071104 main.cc:547] step   46/50 | train loss 4.542992 | lr 1.00e-04 | (384.57 ms | 13314 tok/s | peak used:  2342 MB | peak reserved:  2400 MB, DP=2, TP=2, SP=2, PP=2)
E20260923 04:22:31.925657 140131361071104 main.cc:547] step   47/50 | train loss 4.616622 | lr 1.00e-04 | (393.12 ms | 13024 tok/s | peak used:  2342 MB | peak reserved:  2400 MB, DP=2, TP=2, SP=2, PP=2)
E20260923 04:22:32.324036 140131361071104 main.cc:547] step   48/50 | train loss 4.624648 | lr 1.00e-04 | (398.28 ms | 12855 tok/s | peak used:  2342 MB | peak reserved:  2400 MB, DP=2, TP=2, SP=2, PP=2)
E20260923 04:22:32.694120 140131361071104 main.cc:547] step   49/50 | train loss 4.612357 | lr 1.00e-04 | (369.97 ms | 13839 tok/s | peak used:  2342 MB | peak reserved:  2400 MB, DP=2, TP=2, SP=2, PP=2)
E20260923 04:22:33.052531 140131361071104 main.cc:547] step   50/50 | train loss 4.524049 | lr 1.00e-04 | (358.23 ms | 14293 tok/s | peak used:  2342 MB | peak reserved:  2400 MB, DP=2, TP=2, SP=2, PP=2)
E20260923 04:22:33.318294 140131361071104 checkpoint.cc:206] [CKPT] Save done: dir="/data1/ckpt/3d_tp2_pp2_resume/gpt2/resume/checkpoint_step_000050/rank_000007"
E20260923 04:22:33.337953 140131562409984 checkpoint.cc:206] [CKPT] Save done: dir="/data1/ckpt/3d_tp2_pp2_resume/gpt2/resume/checkpoint_step_000050/rank_000004"
E20260923 04:22:33.338030 140131495297024 checkpoint.cc:206] [CKPT] Save done: dir="/data1/ckpt/3d_tp2_pp2_resume/gpt2/resume/checkpoint_step_000050/rank_000005"
E20260923 04:22:33.345019 140131428184064 checkpoint.cc:206] [CKPT] Save done: dir="/data1/ckpt/3d_tp2_pp2_resume/gpt2/resume/checkpoint_step_000050/rank_000006"
E20260923 04:22:33.360761 140131629522944 checkpoint.cc:206] [CKPT] Save done: dir="/data1/ckpt/3d_tp2_pp2_resume/gpt2/resume/checkpoint_step_000050/rank_000003"
E20260923 04:22:33.369096 140131696635904 checkpoint.cc:206] [CKPT] Save done: dir="/data1/ckpt/3d_tp2_pp2_resume/gpt2/resume/checkpoint_step_000050/rank_000002"
E20260923 04:22:33.371333 140131958231040 checkpoint.cc:206] [CKPT] Save done: dir="/data1/ckpt/3d_tp2_pp2_resume/gpt2/resume/checkpoint_step_000050/rank_000000"
E20260923 04:22:33.378750 140131891118080 checkpoint.cc:206] [CKPT] Save done: dir="/data1/ckpt/3d_tp2_pp2_resume/gpt2/resume/checkpoint_step_000050/rank_000001"
