[LAST_CMAKE] cmake -DUSE_CUDA=ON -DUSE_NCCL=ON -DBUILD_TEST=OFF -DPROFILE_MODE=ON .. && make -j
[COMMAND] ./gpt2 --input_bin /data1/shared/InfiniTrain-dev/data/llmc/gpt2/tinyshakespeare/tiny_shakespeare_train.bin --llmc_filepath /data1/shared/InfiniTrain-dev/data/llmc/gpt2/gpt2_124M.bin --device cuda --dtype float32 --nthread_per_process 4 --num_iteration 10 --batch_size 10 --total_batch_size 5120 --pipeline_parallel 4 --virtual_pipeline_parallel 2 --lora_rank 4 --lora_alpha 8.0 --lora_target_modules c_attn,c_proj
===== LoRA Model Summary (Rank 2) ======
Total parameters:     21364992
Trainable parameters: 101376 (0.474496%)
Frozen parameters:    21263616
========================================
===== LoRA Model Summary (Rank 1) ======
Total parameters:     21364992
Trainable parameters: 101376 (0.474496%)
Frozen parameters:    21263616
========================================
===== LoRA Model Summary (Rank 0) ======
Total parameters:     60748800
Trainable parameters: 101376 (0.166877%)
Frozen parameters:    60647424
========================================
===== LoRA Model Summary (Rank 3) ======
Total parameters:     59963904
Trainable parameters: 101376 (0.169062%)
Frozen parameters:    59862528
========================================
E20260702 18:01:00.705049 139780381728768 main.cc:521] step    1/10 | train loss 5.219545 | lr 1.00e-04 | (710.21 ms | 7209 tok/s | peak used:  2638 MB | peak reserved:  2688 MB, DP=1, TP=1, SP=1, PP=4)
E20260702 18:01:01.069419 139780381728768 main.cc:521] step    2/10 | train loss 5.143067 | lr 1.00e-04 | (363.81 ms | 14073 tok/s | peak used:  2638 MB | peak reserved:  2688 MB, DP=1, TP=1, SP=1, PP=4)
E20260702 18:01:01.498871 139780381728768 main.cc:521] step    3/10 | train loss 5.074584 | lr 1.00e-04 | (429.40 ms | 11924 tok/s | peak used:  2638 MB | peak reserved:  2688 MB, DP=1, TP=1, SP=1, PP=4)
E20260702 18:01:01.958202 139780381728768 main.cc:521] step    4/10 | train loss 4.774490 | lr 1.00e-04 | (459.28 ms | 11148 tok/s | peak used:  2638 MB | peak reserved:  2688 MB, DP=1, TP=1, SP=1, PP=4)
E20260702 18:01:02.388769 139780381728768 main.cc:521] step    5/10 | train loss 4.900574 | lr 1.00e-04 | (430.52 ms | 11893 tok/s | peak used:  2638 MB | peak reserved:  2688 MB, DP=1, TP=1, SP=1, PP=4)
E20260702 18:01:02.806931 139780381728768 main.cc:521] step    6/10 | train loss 4.886542 | lr 1.00e-04 | (418.11 ms | 12245 tok/s | peak used:  2638 MB | peak reserved:  2688 MB, DP=1, TP=1, SP=1, PP=4)
E20260702 18:01:03.207294 139780381728768 main.cc:521] step    7/10 | train loss 4.977936 | lr 1.00e-04 | (400.32 ms | 12790 tok/s | peak used:  2638 MB | peak reserved:  2688 MB, DP=1, TP=1, SP=1, PP=4)
E20260702 18:01:03.644446 139780381728768 main.cc:521] step    8/10 | train loss 4.925617 | lr 1.00e-04 | (437.10 ms | 11713 tok/s | peak used:  2638 MB | peak reserved:  2688 MB, DP=1, TP=1, SP=1, PP=4)
E20260702 18:01:04.088270 139780381728768 main.cc:521] step    9/10 | train loss 4.957046 | lr 1.00e-04 | (443.78 ms | 11537 tok/s | peak used:  2638 MB | peak reserved:  2688 MB, DP=1, TP=1, SP=1, PP=4)
E20260702 18:01:04.512079 139780381728768 main.cc:521] step   10/10 | train loss 5.033356 | lr 1.00e-04 | (423.76 ms | 12082 tok/s | peak used:  2638 MB | peak reserved:  2688 MB, DP=1, TP=1, SP=1, PP=4)
