[LAST_CMAKE] cmake -DUSE_CUDA=ON -DUSE_NCCL=ON -DBUILD_TEST=OFF -DPROFILE_MODE=ON .. && make -j
[COMMAND] ./gpt2 --input_bin /data1/shared/InfiniTrain-dev/data/llmc/gpt2/tinyshakespeare/tiny_shakespeare_train.bin --llmc_filepath /data1/shared/InfiniTrain-dev/data/llmc/gpt2/gpt2_124M.bin --device cuda --dtype bfloat16 --nthread_per_process 8 --num_iteration 10 --batch_size 40 --total_batch_size 5120 --tensor_parallel 4 --sequence_parallel true --lora_rank 16 --lora_alpha 32.0 --lora_target_modules attn.c_proj,c_fc,c_proj
===== LoRA Model Summary (Rank 0) ======
Total parameters:     42183936
Trainable parameters: 774144 (1.83516%)
Frozen parameters:    41409792
========================================
===== LoRA Model Summary (Rank 1) ======
Total parameters:     42183936
Trainable parameters: 774144 (1.83516%)
Frozen parameters:    41409792
========================================
===== LoRA Model Summary (Rank 3) ======
Total parameters:     42183936
Trainable parameters: 774144 (1.83516%)
Frozen parameters:    41409792
========================================
===== LoRA Model Summary (Rank 6) ======
Total parameters:     42183936
Trainable parameters: 774144 (1.83516%)
Frozen parameters:    41409792
========================================
===== LoRA Model Summary (Rank 2) ======
Total parameters:     42183936
Trainable parameters: 774144 (1.83516%)
Frozen parameters:    41409792
========================================
===== LoRA Model Summary (Rank 7) ======
Total parameters:     42183936
Trainable parameters: 774144 (1.83516%)
Frozen parameters:    41409792
========================================
===== LoRA Model Summary (Rank 5) ======
Total parameters:     42183936
Trainable parameters: 774144 (1.83516%)
Frozen parameters:    41409792
========================================
===== LoRA Model Summary (Rank 4) ======
Total parameters:     42183936
Trainable parameters: 774144 (1.83516%)
Frozen parameters:    41409792
========================================
E20260702 17:58:53.175216 139803802705920 main.cc:521] step    1/10 | train loss 5.206748 | lr 1.00e-04 | (1145.34 ms | 4470 tok/s | peak used:  1610 MB | peak reserved:  1664 MB, DP=2, TP=4, SP=4, PP=1)
E20260702 17:58:53.612362 139803802705920 main.cc:521] step    2/10 | train loss 5.140431 | lr 1.00e-04 | (436.66 ms | 11725 tok/s | peak used:  1668 MB | peak reserved:  1728 MB, DP=2, TP=4, SP=4, PP=1)
E20260702 17:58:54.048620 139803802705920 main.cc:521] step    3/10 | train loss 5.071289 | lr 1.00e-04 | (436.17 ms | 11738 tok/s | peak used:  1668 MB | peak reserved:  1728 MB, DP=2, TP=4, SP=4, PP=1)
E20260702 17:58:54.513375 139803802705920 main.cc:521] step    4/10 | train loss 4.765457 | lr 1.00e-04 | (464.70 ms | 11018 tok/s | peak used:  1668 MB | peak reserved:  1728 MB, DP=2, TP=4, SP=4, PP=1)
E20260702 17:58:54.937664 139803802705920 main.cc:521] step    5/10 | train loss 4.898629 | lr 1.00e-04 | (424.23 ms | 12069 tok/s | peak used:  1668 MB | peak reserved:  1728 MB, DP=2, TP=4, SP=4, PP=1)
E20260702 17:58:55.382552 139803802705920 main.cc:521] step    6/10 | train loss 4.878841 | lr 1.00e-04 | (444.83 ms | 11510 tok/s | peak used:  1668 MB | peak reserved:  1728 MB, DP=2, TP=4, SP=4, PP=1)
E20260702 17:58:55.803066 139803802705920 main.cc:521] step    7/10 | train loss 4.966088 | lr 1.00e-04 | (420.42 ms | 12178 tok/s | peak used:  1668 MB | peak reserved:  1728 MB, DP=2, TP=4, SP=4, PP=1)
E20260702 17:58:56.284018 139803802705920 main.cc:521] step    8/10 | train loss 4.916036 | lr 1.00e-04 | (480.83 ms | 10648 tok/s | peak used:  1668 MB | peak reserved:  1728 MB, DP=2, TP=4, SP=4, PP=1)
E20260702 17:58:56.783775 139803802705920 main.cc:521] step    9/10 | train loss 4.957162 | lr 1.00e-04 | (499.70 ms | 10246 tok/s | peak used:  1668 MB | peak reserved:  1728 MB, DP=2, TP=4, SP=4, PP=1)
E20260702 17:58:57.263916 139803802705920 main.cc:521] step   10/10 | train loss 5.025025 | lr 1.00e-04 | (480.08 ms | 10665 tok/s | peak used:  1668 MB | peak reserved:  1728 MB, DP=2, TP=4, SP=4, PP=1)
