[LAST_CMAKE] cmake -DUSE_CUDA=ON -DUSE_NCCL=ON -DBUILD_TEST=ON -DPROFILE_MODE=OFF .. && make -j
[COMMAND] ./gpt2 --input_bin /data1/shared/InfiniTrain-dev/data/llmc/gpt2/tinyshakespeare/tiny_shakespeare_train.bin --llmc_filepath /data1/shared/InfiniTrain-dev/data/llmc/gpt2/gpt2_124M.bin --device cuda --dtype bfloat16 --nthread_per_process 8 --num_iteration 10 --batch_size 40 --total_batch_size 5120 --tensor_parallel 2 --sequence_parallel true --pipeline_parallel 2 --virtual_pipeline_parallel 2 --lora_rank 16 --lora_alpha 32.0 --lora_target_modules c_fc,c_proj
===== LoRA Model Summary (Rank 0) ======
Total parameters:     41933568
Trainable parameters: 552960 (1.31866%)
Frozen parameters:    41380608
========================================
===== LoRA Model Summary (Rank 1) ======
Total parameters:     41933568
Trainable parameters: 552960 (1.31866%)
Frozen parameters:    41380608
========================================
===== LoRA Model Summary (Rank 2) ======
Total parameters:     41933568
Trainable parameters: 552960 (1.31866%)
Frozen parameters:    41380608
========================================
===== LoRA Model Summary (Rank 3) ======
Total parameters:     41933568
Trainable parameters: 552960 (1.31866%)
Frozen parameters:    41380608
========================================
===== LoRA Model Summary (Rank 6) ======
Total parameters:     41148672
Trainable parameters: 552960 (1.34381%)
Frozen parameters:    40595712
========================================
===== LoRA Model Summary (Rank 5) ======
Total parameters:     41148672
Trainable parameters: 552960 (1.34381%)
Frozen parameters:    40595712
========================================
===== LoRA Model Summary (Rank 4) ======
Total parameters:     41148672
Trainable parameters: 552960 (1.34381%)
Frozen parameters:    40595712
========================================
===== LoRA Model Summary (Rank 7) ======
Total parameters:     41148672
Trainable parameters: 552960 (1.34381%)
Frozen parameters:    40595712
========================================
E20260702 17:07:37.757306 140055058292736 main.cc:521] step    1/10 | train loss 5.211551 | lr 1.00e-04 | (981.54 ms | 5216 tok/s | peak used:  2260 MB | peak reserved:  2400 MB, DP=2, TP=2, SP=2, PP=2)
E20260702 17:07:37.915793 140055058292736 main.cc:521] step    2/10 | train loss 5.144108 | lr 1.00e-04 | (157.51 ms | 32506 tok/s | peak used:  2338 MB | peak reserved:  2656 MB, DP=2, TP=2, SP=2, PP=2)
E20260702 17:07:38.028248 140055058292736 main.cc:521] step    3/10 | train loss 5.069064 | lr 1.00e-04 | (112.38 ms | 45559 tok/s | peak used:  2338 MB | peak reserved:  2656 MB, DP=2, TP=2, SP=2, PP=2)
E20260702 17:07:38.138312 140055058292736 main.cc:521] step    4/10 | train loss 4.769254 | lr 1.00e-04 | (110.01 ms | 46540 tok/s | peak used:  2338 MB | peak reserved:  2656 MB, DP=2, TP=2, SP=2, PP=2)
E20260702 17:07:38.245235 140055058292736 main.cc:521] step    5/10 | train loss 4.901217 | lr 1.00e-04 | (106.87 ms | 47907 tok/s | peak used:  2338 MB | peak reserved:  2656 MB, DP=2, TP=2, SP=2, PP=2)
E20260702 17:07:38.349669 140055058292736 main.cc:521] step    6/10 | train loss 4.874639 | lr 1.00e-04 | (104.38 ms | 49052 tok/s | peak used:  2338 MB | peak reserved:  2656 MB, DP=2, TP=2, SP=2, PP=2)
E20260702 17:07:38.452985 140055058292736 main.cc:521] step    7/10 | train loss 4.968460 | lr 1.00e-04 | (103.25 ms | 49588 tok/s | peak used:  2338 MB | peak reserved:  2656 MB, DP=2, TP=2, SP=2, PP=2)
E20260702 17:07:38.554660 140055058292736 main.cc:521] step    8/10 | train loss 4.918453 | lr 1.00e-04 | (101.62 ms | 50382 tok/s | peak used:  2338 MB | peak reserved:  2656 MB, DP=2, TP=2, SP=2, PP=2)
E20260702 17:07:38.657842 140055058292736 main.cc:521] step    9/10 | train loss 4.957569 | lr 1.00e-04 | (103.12 ms | 49650 tok/s | peak used:  2338 MB | peak reserved:  2656 MB, DP=2, TP=2, SP=2, PP=2)
E20260702 17:07:38.761366 140055058292736 main.cc:521] step   10/10 | train loss 5.023422 | lr 1.00e-04 | (103.47 ms | 49481 tok/s | peak used:  2338 MB | peak reserved:  2656 MB, DP=2, TP=2, SP=2, PP=2)
