[LAST_CMAKE] cmake -DBUILD_TEST=ON -DUSE_CUDA=ON -DUSE_NCCL=ON .. && make -j
[COMMAND] ./gpt2 --input_bin /data/shared/InfiniTrain-dev/data/llmc/gpt2/tinyshakespeare/tiny_shakespeare_train.bin --llmc_filepath /data/shared/InfiniTrain-dev/data/llmc/gpt2/gpt2_124M.bin --device cuda --dtype=bfloat16 --nthread_per_process=8 --num_iteration=10 --batch_size=40 --total_batch_size=5120 --tensor_parallel=2 --sequence_parallel=true --pipeline_parallel=2 --virtual_pipeline_parallel=2 --lora_rank=16 --lora_alpha=32.0 --lora_target_modules=c_fc,c_proj
===== LoRA Model Summary (Rank 0) ======
Total parameters:     41933568
Trainable parameters: 552960 (1.31866%)
Frozen parameters:    41380608
========================================
===== LoRA Model Summary (Rank 1) ======
Total parameters:     41933568
Trainable parameters: 552960 (1.31866%)
Frozen parameters:    41380608
========================================
===== LoRA Model Summary (Rank 2) ======
Total parameters:     41933568
Trainable parameters: 552960 (1.31866%)
Frozen parameters:    41380608
========================================
===== LoRA Model Summary (Rank 3) ======
Total parameters:     41933568
Trainable parameters: 552960 (1.31866%)
Frozen parameters:    41380608
========================================
===== LoRA Model Summary (Rank 5) ======
Total parameters:     41148672
Trainable parameters: 552960 (1.34381%)
Frozen parameters:    40595712
========================================
===== LoRA Model Summary (Rank 7) ======
Total parameters:     41148672
Trainable parameters: 552960 (1.34381%)
Frozen parameters:    40595712
========================================
===== LoRA Model Summary (Rank 4) ======
Total parameters:     41148672
Trainable parameters: 552960 (1.34381%)
Frozen parameters:    40595712
========================================
===== LoRA Model Summary (Rank 6) ======
Total parameters:     41148672
Trainable parameters: 552960 (1.34381%)
Frozen parameters:    40595712
========================================
E20260609 04:02:41.038150 140333425860608 main.cc:420] step    1/10 | train loss 5.211551 | lr 1.00e-04 | (501.93 ms | 10201 tok/s | peak used:  2260 MB | peak reserved:  2400 MB, DP=2, TP=2, SP=2, PP=2)
E20260609 04:02:41.184666 140333425860608 main.cc:420] step    2/10 | train loss 5.144108 | lr 1.00e-04 | (145.69 ms | 35143 tok/s | peak used:  2338 MB | peak reserved:  2656 MB, DP=2, TP=2, SP=2, PP=2)
E20260609 04:02:41.291618 140333425860608 main.cc:420] step    3/10 | train loss 5.069064 | lr 1.00e-04 | (106.88 ms | 47906 tok/s | peak used:  2338 MB | peak reserved:  2656 MB, DP=2, TP=2, SP=2, PP=2)
E20260609 04:02:41.382695 140333425860608 main.cc:420] step    4/10 | train loss 4.769254 | lr 1.00e-04 | (91.02 ms | 56248 tok/s | peak used:  2338 MB | peak reserved:  2656 MB, DP=2, TP=2, SP=2, PP=2)
E20260609 04:02:41.468970 140333425860608 main.cc:420] step    5/10 | train loss 4.901217 | lr 1.00e-04 | (86.23 ms | 59377 tok/s | peak used:  2338 MB | peak reserved:  2656 MB, DP=2, TP=2, SP=2, PP=2)
E20260609 04:02:41.552547 140333425860608 main.cc:420] step    6/10 | train loss 4.874639 | lr 1.00e-04 | (83.53 ms | 61295 tok/s | peak used:  2338 MB | peak reserved:  2656 MB, DP=2, TP=2, SP=2, PP=2)
E20260609 04:02:41.632912 140333425860608 main.cc:420] step    7/10 | train loss 4.968460 | lr 1.00e-04 | (80.32 ms | 63746 tok/s | peak used:  2338 MB | peak reserved:  2656 MB, DP=2, TP=2, SP=2, PP=2)
E20260609 04:02:41.714060 140333425860608 main.cc:420] step    8/10 | train loss 4.918453 | lr 1.00e-04 | (81.10 ms | 63131 tok/s | peak used:  2338 MB | peak reserved:  2656 MB, DP=2, TP=2, SP=2, PP=2)
E20260609 04:02:41.795230 140333425860608 main.cc:420] step    9/10 | train loss 4.957569 | lr 1.00e-04 | (81.12 ms | 63115 tok/s | peak used:  2338 MB | peak reserved:  2656 MB, DP=2, TP=2, SP=2, PP=2)
E20260609 04:02:41.877187 140333425860608 main.cc:420] step   10/10 | train loss 5.023422 | lr 1.00e-04 | (81.91 ms | 62507 tok/s | peak used:  2338 MB | peak reserved:  2656 MB, DP=2, TP=2, SP=2, PP=2)
