[LAST_CMAKE] cmake -DBUILD_TEST=ON -DUSE_CUDA=ON -DUSE_NCCL=ON .. && make -j
[COMMAND] ./gpt2 --input_bin /data/shared/InfiniTrain-dev/data/llmc/gpt2/tinyshakespeare/tiny_shakespeare_train.bin --llmc_filepath /data/shared/InfiniTrain-dev/data/llmc/gpt2/gpt2_124M.bin --device cuda --dtype=float32 --nthread_per_process=8 --num_iteration=10 --batch_size=40 --total_batch_size=5120 --tensor_parallel=4 --lora_rank=4 --lora_alpha=8.0 --lora_target_modules=c_attn,c_fc,c_proj
===== LoRA Model Summary (Rank 6) ======
Total parameters:     41667840
Trainable parameters: 258048 (0.619298%)
Frozen parameters:    41409792
========================================
===== LoRA Model Summary (Rank 2) ======
Total parameters:     41667840
Trainable parameters: 258048 (0.619298%)
Frozen parameters:    41409792
========================================
===== LoRA Model Summary (Rank 1) ======
Total parameters:     41667840
Trainable parameters: 258048 (0.619298%)
Frozen parameters:    41409792
========================================
===== LoRA Model Summary (Rank 0) ======
Total parameters:     41667840
Trainable parameters: 258048 (0.619298%)
Frozen parameters:    41409792
========================================
===== LoRA Model Summary (Rank 7) ======
Total parameters:     41667840
Trainable parameters: 258048 (0.619298%)
Frozen parameters:    41409792
========================================
===== LoRA Model Summary (Rank 4) ======
Total parameters:     41667840
Trainable parameters: 258048 (0.619298%)
Frozen parameters:    41409792
========================================
===== LoRA Model Summary (Rank 3) ======
Total parameters:     41667840
Trainable parameters: 258048 (0.619298%)
Frozen parameters:    41409792
========================================
===== LoRA Model Summary (Rank 5) ======
Total parameters:     41667840
Trainable parameters: 258048 (0.619298%)
Frozen parameters:    41409792
========================================
E20260609 03:59:01.427788 139659652866048 main.cc:420] step    1/10 | train loss 5.219545 | lr 1.00e-04 | (384.34 ms | 13321 tok/s | peak used:  1905 MB | peak reserved:  2112 MB, DP=2, TP=4, SP=1, PP=1)
E20260609 03:59:01.534163 139659652866048 main.cc:420] step    2/10 | train loss 5.143055 | lr 1.00e-04 | (105.84 ms | 48373 tok/s | peak used:  1905 MB | peak reserved:  2176 MB, DP=2, TP=4, SP=1, PP=1)
E20260609 03:59:01.623359 139659652866048 main.cc:420] step    3/10 | train loss 5.074562 | lr 1.00e-04 | (89.12 ms | 57448 tok/s | peak used:  1905 MB | peak reserved:  2176 MB, DP=2, TP=4, SP=1, PP=1)
E20260609 03:59:01.702225 139659652866048 main.cc:420] step    4/10 | train loss 4.774455 | lr 1.00e-04 | (78.82 ms | 64961 tok/s | peak used:  1905 MB | peak reserved:  2176 MB, DP=2, TP=4, SP=1, PP=1)
E20260609 03:59:01.772927 139659652866048 main.cc:420] step    5/10 | train loss 4.900525 | lr 1.00e-04 | (70.65 ms | 72471 tok/s | peak used:  1905 MB | peak reserved:  2176 MB, DP=2, TP=4, SP=1, PP=1)
E20260609 03:59:01.840177 139659652866048 main.cc:420] step    6/10 | train loss 4.886478 | lr 1.00e-04 | (67.21 ms | 76180 tok/s | peak used:  1905 MB | peak reserved:  2176 MB, DP=2, TP=4, SP=1, PP=1)
E20260609 03:59:01.907756 139659652866048 main.cc:420] step    7/10 | train loss 4.977857 | lr 1.00e-04 | (67.54 ms | 75811 tok/s | peak used:  1905 MB | peak reserved:  2176 MB, DP=2, TP=4, SP=1, PP=1)
E20260609 03:59:01.976268 139659652866048 main.cc:420] step    8/10 | train loss 4.925504 | lr 1.00e-04 | (68.47 ms | 74777 tok/s | peak used:  1905 MB | peak reserved:  2176 MB, DP=2, TP=4, SP=1, PP=1)
E20260609 03:59:02.044669 139659652866048 main.cc:420] step    9/10 | train loss 4.956946 | lr 1.00e-04 | (68.36 ms | 74899 tok/s | peak used:  1905 MB | peak reserved:  2176 MB, DP=2, TP=4, SP=1, PP=1)
E20260609 03:59:02.112341 139659652866048 main.cc:420] step   10/10 | train loss 5.033233 | lr 1.00e-04 | (67.63 ms | 75706 tok/s | peak used:  1905 MB | peak reserved:  2176 MB, DP=2, TP=4, SP=1, PP=1)
