[LAST_CMAKE] cmake -DBUILD_TEST=ON -DUSE_CUDA=ON -DUSE_NCCL=ON .. && make -j
[COMMAND] ./gpt2 --input_bin /data/shared/InfiniTrain-dev/data/llmc/gpt2/tinyshakespeare/tiny_shakespeare_train.bin --llmc_filepath /data/shared/InfiniTrain-dev/data/llmc/gpt2/gpt2_124M.bin --device cuda --dtype=bfloat16 --nthread_per_process=8 --num_iteration=10 --batch_size=40 --total_batch_size=5120 --tensor_parallel=4 --sequence_parallel=true --lora_rank=16 --lora_alpha=32.0 --lora_target_modules=attn.c_proj,c_fc,c_proj
===== LoRA Model Summary (Rank 2) ======
Total parameters:     42183936
Trainable parameters: 774144 (1.83516%)
Frozen parameters:    41409792
========================================
===== LoRA Model Summary (Rank 4) ======
Total parameters:     42183936
Trainable parameters: 774144 (1.83516%)
Frozen parameters:    41409792
========================================
===== LoRA Model Summary (Rank 1) ======
Total parameters:     42183936
Trainable parameters: 774144 (1.83516%)
Frozen parameters:    41409792
========================================
===== LoRA Model Summary (Rank 7) ======
Total parameters:     42183936
Trainable parameters: 774144 (1.83516%)
Frozen parameters:    41409792
========================================
===== LoRA Model Summary (Rank 6) ======
Total parameters:     42183936
Trainable parameters: 774144 (1.83516%)
Frozen parameters:    41409792
========================================
===== LoRA Model Summary (Rank 0) ======
Total parameters:     42183936
Trainable parameters: 774144 (1.83516%)
Frozen parameters:    41409792
========================================
===== LoRA Model Summary (Rank 5) ======
Total parameters:     42183936
Trainable parameters: 774144 (1.83516%)
Frozen parameters:    41409792
========================================
===== LoRA Model Summary (Rank 3) ======
Total parameters:     42183936
Trainable parameters: 774144 (1.83516%)
Frozen parameters:    41409792
========================================
E20260609 04:00:18.400477 140299133231104 main.cc:420] step    1/10 | train loss 5.206748 | lr 1.00e-04 | (867.26 ms | 5904 tok/s | peak used:  1610 MB | peak reserved:  1696 MB, DP=2, TP=4, SP=4, PP=1)
E20260609 04:00:18.720674 140299133231104 main.cc:420] step    2/10 | train loss 5.140431 | lr 1.00e-04 | (319.65 ms | 16018 tok/s | peak used:  1668 MB | peak reserved:  1824 MB, DP=2, TP=4, SP=4, PP=1)
E20260609 04:00:18.986516 140299133231104 main.cc:420] step    3/10 | train loss 5.071289 | lr 1.00e-04 | (265.78 ms | 19264 tok/s | peak used:  1668 MB | peak reserved:  1824 MB, DP=2, TP=4, SP=4, PP=1)
E20260609 04:00:19.216473 140299133231104 main.cc:420] step    4/10 | train loss 4.765457 | lr 1.00e-04 | (229.91 ms | 22270 tok/s | peak used:  1668 MB | peak reserved:  1824 MB, DP=2, TP=4, SP=4, PP=1)
E20260609 04:00:19.427876 140299133231104 main.cc:420] step    5/10 | train loss 4.898629 | lr 1.00e-04 | (211.36 ms | 24224 tok/s | peak used:  1668 MB | peak reserved:  1824 MB, DP=2, TP=4, SP=4, PP=1)
E20260609 04:00:19.627187 140299133231104 main.cc:420] step    6/10 | train loss 4.878841 | lr 1.00e-04 | (199.27 ms | 25694 tok/s | peak used:  1668 MB | peak reserved:  1824 MB, DP=2, TP=4, SP=4, PP=1)
E20260609 04:00:19.823424 140299133231104 main.cc:420] step    7/10 | train loss 4.966088 | lr 1.00e-04 | (196.19 ms | 26097 tok/s | peak used:  1668 MB | peak reserved:  1824 MB, DP=2, TP=4, SP=4, PP=1)
E20260609 04:00:20.014188 140299133231104 main.cc:420] step    8/10 | train loss 4.916036 | lr 1.00e-04 | (190.72 ms | 26846 tok/s | peak used:  1668 MB | peak reserved:  1824 MB, DP=2, TP=4, SP=4, PP=1)
E20260609 04:00:20.202435 140299133231104 main.cc:420] step    9/10 | train loss 4.957162 | lr 1.00e-04 | (188.20 ms | 27204 tok/s | peak used:  1668 MB | peak reserved:  1824 MB, DP=2, TP=4, SP=4, PP=1)
E20260609 04:00:20.390330 140299133231104 main.cc:420] step   10/10 | train loss 5.025025 | lr 1.00e-04 | (187.85 ms | 27256 tok/s | peak used:  1668 MB | peak reserved:  1824 MB, DP=2, TP=4, SP=4, PP=1)
