[LAST_CMAKE] cmake -DUSE_CUDA=ON -DUSE_NCCL=ON -DPROFILE_MODE=ON .. && make -j
[COMMAND] ./gpt2 --input_bin /data/shared/InfiniTrain-dev/data/llmc/gpt2/tinyshakespeare/tiny_shakespeare_train.bin --llmc_filepath /data/shared/InfiniTrain-dev/data/llmc/gpt2/gpt2_124M.bin --device cuda --dtype=float32 --nthread_per_process=8 --num_iteration=10 --batch_size=10 --total_batch_size=5120 --lora_rank=8 --lora_alpha=16.0 --lora_target_modules=c_attn,attn.c_proj
===== LoRA Model Summary (Rank 3) ======
Total parameters:     163479552
Trainable parameters: 442368 (0.270595%)
Frozen parameters:    163037184
========================================
===== LoRA Model Summary (Rank 5) ======
Total parameters:     163479552
Trainable parameters: 442368 (0.270595%)
Frozen parameters:    163037184
========================================
===== LoRA Model Summary (Rank 1) ======
Total parameters:     163479552
Trainable parameters: 442368 (0.270595%)
Frozen parameters:    163037184
========================================
===== LoRA Model Summary (Rank 7) ======
Total parameters:     163479552
Trainable parameters: 442368 (0.270595%)
Frozen parameters:    163037184
========================================
===== LoRA Model Summary (Rank 0) ======
Total parameters:     163479552
Trainable parameters: 442368 (0.270595%)
Frozen parameters:    163037184
========================================
===== LoRA Model Summary (Rank 6) ======
Total parameters:     163479552
Trainable parameters: 442368 (0.270595%)
Frozen parameters:    163037184
========================================
===== LoRA Model Summary (Rank 4) ======
Total parameters:     163479552
Trainable parameters: 442368 (0.270595%)
Frozen parameters:    163037184
========================================
===== LoRA Model Summary (Rank 2) ======
Total parameters:     163479552
Trainable parameters: 442368 (0.270595%)
Frozen parameters:    163037184
========================================
E20260609 04:29:16.717939 140660850008064 main.cc:420] step    1/10 | train loss 5.219545 | lr 1.00e-04 | (322.70 ms | 15866 tok/s | peak used:  2083 MB | peak reserved:  2144 MB, DP=8, TP=1, SP=1, PP=1)
E20260609 04:29:17.065707 140660850008064 main.cc:420] step    2/10 | train loss 5.143064 | lr 1.00e-04 | (347.10 ms | 14751 tok/s | peak used:  2083 MB | peak reserved:  2144 MB, DP=8, TP=1, SP=1, PP=1)
E20260609 04:29:17.315632 140660850008064 main.cc:420] step    3/10 | train loss 5.074578 | lr 1.00e-04 | (249.86 ms | 20492 tok/s | peak used:  2083 MB | peak reserved:  2144 MB, DP=8, TP=1, SP=1, PP=1)
E20260609 04:29:17.546810 140660850008064 main.cc:420] step    4/10 | train loss 4.774478 | lr 1.00e-04 | (231.12 ms | 22153 tok/s | peak used:  2083 MB | peak reserved:  2144 MB, DP=8, TP=1, SP=1, PP=1)
E20260609 04:29:17.738226 140660850008064 main.cc:420] step    5/10 | train loss 4.900558 | lr 1.00e-04 | (191.34 ms | 26759 tok/s | peak used:  2083 MB | peak reserved:  2144 MB, DP=8, TP=1, SP=1, PP=1)
E20260609 04:29:17.907155 140660850008064 main.cc:420] step    6/10 | train loss 4.886523 | lr 1.00e-04 | (168.87 ms | 30320 tok/s | peak used:  2083 MB | peak reserved:  2144 MB, DP=8, TP=1, SP=1, PP=1)
E20260609 04:29:18.087909 140660850008064 main.cc:420] step    7/10 | train loss 4.977910 | lr 1.00e-04 | (180.69 ms | 28335 tok/s | peak used:  2083 MB | peak reserved:  2144 MB, DP=8, TP=1, SP=1, PP=1)
E20260609 04:29:18.264410 140660850008064 main.cc:420] step    8/10 | train loss 4.925584 | lr 1.00e-04 | (176.44 ms | 29019 tok/s | peak used:  2083 MB | peak reserved:  2144 MB, DP=8, TP=1, SP=1, PP=1)
E20260609 04:29:18.426226 140660850008064 main.cc:420] step    9/10 | train loss 4.957020 | lr 1.00e-04 | (161.75 ms | 31654 tok/s | peak used:  2083 MB | peak reserved:  2144 MB, DP=8, TP=1, SP=1, PP=1)
E20260609 04:29:18.580138 140660850008064 main.cc:420] step   10/10 | train loss 5.033316 | lr 1.00e-04 | (153.85 ms | 33279 tok/s | peak used:  2083 MB | peak reserved:  2144 MB, DP=8, TP=1, SP=1, PP=1)
