[LAST_CMAKE] cmake -DUSE_CUDA=ON -DUSE_NCCL=ON -DBUILD_TEST=ON -DPROFILE_MODE=OFF .. && make -j
[RUN_METADATA] /home/chenxi/InfiniTrain/scripts/20260911/fix_backend-independent-correctness_22bf5b5/logs/run_metadata.log
[RUN_STARTED_AT] 2026-09-11 05:32:29
[GIT_BRANCH] fix/backend-independent-correctness
[GIT_COMMIT] 22bf5b5736e9638d59f07cc50ec2de589cef7978
[GIT_COMMIT_SHORT] 22bf5b5
[COMMAND] ./gpt2 --input_bin /data1/shared/InfiniTrain-dev/data/llmc/gpt2/tinyshakespeare/tiny_shakespeare_train.bin --llmc_filepath /data1/shared/InfiniTrain-dev/data/llmc/gpt2/gpt2_124M.bin --device cuda --nthread_per_process 8 --num_iteration 50 --save_interval 10 --batch_size 40 --total_batch_size 5120 --tensor_parallel 2 --sequence_parallel true --pipeline_parallel 2 --virtual_pipeline_parallel 2 --load /data1/ckpt/3d_ddp2_tp2_pp2_no_resume/gpt2/no_resume/checkpoint_step_000030 --save /data1/ckpt/3d_tp2_pp2_resume/gpt2/resume --max_checkpoint_keep 5
E20260911 06:12:23.231669 140428317810688 checkpoint.cc:239] [CKPT] Load done: global_step=30, consumed_train_samples=2400, topology(ddp,tp,sp,pp)=(2,2,2,2)
E20260911 06:12:23.301836 140428384923648 checkpoint.cc:239] [CKPT] Load done: global_step=30, consumed_train_samples=2400, topology(ddp,tp,sp,pp)=(2,2,2,2)
E20260911 06:12:23.308871 140428531720192 checkpoint.cc:239] [CKPT] Load done: global_step=30, consumed_train_samples=2400, topology(ddp,tp,sp,pp)=(2,2,2,2)
E20260911 06:12:23.416823 140428598833152 checkpoint.cc:239] [CKPT] Load done: global_step=30, consumed_train_samples=2400, topology(ddp,tp,sp,pp)=(2,2,2,2)
E20260911 06:12:23.454611 140428049358848 checkpoint.cc:239] [CKPT] Load done: global_step=30, consumed_train_samples=2400, topology(ddp,tp,sp,pp)=(2,2,2,2)
E20260911 06:12:23.512625 140428116471808 checkpoint.cc:239] [CKPT] Load done: global_step=30, consumed_train_samples=2400, topology(ddp,tp,sp,pp)=(2,2,2,2)
E20260911 06:12:23.541252 140428250697728 checkpoint.cc:239] [CKPT] Load done: global_step=30, consumed_train_samples=2400, topology(ddp,tp,sp,pp)=(2,2,2,2)
E20260911 06:12:23.557073 140428183584768 checkpoint.cc:239] [CKPT] Load done: global_step=30, consumed_train_samples=2400, topology(ddp,tp,sp,pp)=(2,2,2,2)
E20260911 06:12:24.474678 140428049358848 main.cc:537] step   31/50 | train loss 4.645424 | lr 1.00e-04 | (1019.99 ms | 5020 tok/s | peak used:  2342 MB | peak reserved:  2432 MB, DP=2, TP=2, SP=2, PP=2)
E20260911 06:12:24.610399 140428049358848 main.cc:537] step   32/50 | train loss 4.359369 | lr 1.00e-04 | (135.60 ms | 37758 tok/s | peak used:  2342 MB | peak reserved:  2528 MB, DP=2, TP=2, SP=2, PP=2)
E20260911 06:12:24.728208 140428049358848 main.cc:537] step   33/50 | train loss 4.687897 | lr 1.00e-04 | (117.73 ms | 43490 tok/s | peak used:  2342 MB | peak reserved:  2528 MB, DP=2, TP=2, SP=2, PP=2)
E20260911 06:12:24.842421 140428049358848 main.cc:537] step   34/50 | train loss 4.650237 | lr 1.00e-04 | (114.15 ms | 44855 tok/s | peak used:  2342 MB | peak reserved:  2528 MB, DP=2, TP=2, SP=2, PP=2)
E20260911 06:12:24.956625 140428049358848 main.cc:537] step   35/50 | train loss 4.542119 | lr 1.00e-04 | (114.14 ms | 44856 tok/s | peak used:  2342 MB | peak reserved:  2528 MB, DP=2, TP=2, SP=2, PP=2)
E20260911 06:12:25.071800 140428049358848 main.cc:537] step   36/50 | train loss 4.830545 | lr 1.00e-04 | (115.11 ms | 44480 tok/s | peak used:  2342 MB | peak reserved:  2528 MB, DP=2, TP=2, SP=2, PP=2)
E20260911 06:12:25.186824 140428049358848 main.cc:537] step   37/50 | train loss 4.861055 | lr 1.00e-04 | (114.96 ms | 44538 tok/s | peak used:  2342 MB | peak reserved:  2528 MB, DP=2, TP=2, SP=2, PP=2)
E20260911 06:12:25.302965 140428049358848 main.cc:537] step   38/50 | train loss 4.821848 | lr 1.00e-04 | (116.08 ms | 44106 tok/s | peak used:  2342 MB | peak reserved:  2528 MB, DP=2, TP=2, SP=2, PP=2)
E20260911 06:12:25.417635 140428049358848 main.cc:537] step   39/50 | train loss 4.851663 | lr 1.00e-04 | (114.61 ms | 44672 tok/s | peak used:  2342 MB | peak reserved:  2528 MB, DP=2, TP=2, SP=2, PP=2)
E20260911 06:12:25.532068 140428049358848 main.cc:537] step   40/50 | train loss 4.822882 | lr 1.00e-04 | (114.38 ms | 44764 tok/s | peak used:  2342 MB | peak reserved:  2528 MB, DP=2, TP=2, SP=2, PP=2)
E20260911 06:12:25.819421 140428183584768 checkpoint.cc:206] [CKPT] Save done: dir="/data1/ckpt/3d_tp2_pp2_resume/gpt2/resume/checkpoint_step_000040/rank_000005"
E20260911 06:12:25.830603 140428049358848 checkpoint.cc:206] [CKPT] Save done: dir="/data1/ckpt/3d_tp2_pp2_resume/gpt2/resume/checkpoint_step_000040/rank_000007"
E20260911 06:12:25.832558 140428250697728 checkpoint.cc:206] [CKPT] Save done: dir="/data1/ckpt/3d_tp2_pp2_resume/gpt2/resume/checkpoint_step_000040/rank_000004"
E20260911 06:12:25.836360 140428116471808 checkpoint.cc:206] [CKPT] Save done: dir="/data1/ckpt/3d_tp2_pp2_resume/gpt2/resume/checkpoint_step_000040/rank_000006"
E20260911 06:12:25.865199 140428598833152 checkpoint.cc:206] [CKPT] Save done: dir="/data1/ckpt/3d_tp2_pp2_resume/gpt2/resume/checkpoint_step_000040/rank_000000"
E20260911 06:12:25.869260 140428531720192 checkpoint.cc:206] [CKPT] Save done: dir="/data1/ckpt/3d_tp2_pp2_resume/gpt2/resume/checkpoint_step_000040/rank_000001"
E20260911 06:12:25.881504 140428384923648 checkpoint.cc:206] [CKPT] Save done: dir="/data1/ckpt/3d_tp2_pp2_resume/gpt2/resume/checkpoint_step_000040/rank_000002"
E20260911 06:12:25.882483 140428317810688 checkpoint.cc:206] [CKPT] Save done: dir="/data1/ckpt/3d_tp2_pp2_resume/gpt2/resume/checkpoint_step_000040/rank_000003"
E20260911 06:12:25.975563 140428049358848 main.cc:537] step   41/50 | train loss 4.770538 | lr 1.00e-04 | (144.89 ms | 35337 tok/s | peak used:  2342 MB | peak reserved:  2528 MB, DP=2, TP=2, SP=2, PP=2)
E20260911 06:12:26.089855 140428049358848 main.cc:537] step   42/50 | train loss 4.770846 | lr 1.00e-04 | (114.22 ms | 44824 tok/s | peak used:  2342 MB | peak reserved:  2528 MB, DP=2, TP=2, SP=2, PP=2)
E20260911 06:12:26.206820 140428049358848 main.cc:537] step   43/50 | train loss 4.793461 | lr 1.00e-04 | (116.91 ms | 43795 tok/s | peak used:  2342 MB | peak reserved:  2528 MB, DP=2, TP=2, SP=2, PP=2)
E20260911 06:12:26.323164 140428049358848 main.cc:537] step   44/50 | train loss 4.679438 | lr 1.00e-04 | (116.29 ms | 44030 tok/s | peak used:  2342 MB | peak reserved:  2528 MB, DP=2, TP=2, SP=2, PP=2)
E20260911 06:12:26.438194 140428049358848 main.cc:537] step   45/50 | train loss 4.519820 | lr 1.00e-04 | (114.97 ms | 44533 tok/s | peak used:  2342 MB | peak reserved:  2528 MB, DP=2, TP=2, SP=2, PP=2)
E20260911 06:12:26.554469 140428049358848 main.cc:537] step   46/50 | train loss 4.542992 | lr 1.00e-04 | (116.21 ms | 44056 tok/s | peak used:  2342 MB | peak reserved:  2528 MB, DP=2, TP=2, SP=2, PP=2)
E20260911 06:12:26.677316 140428049358848 main.cc:537] step   47/50 | train loss 4.616622 | lr 1.00e-04 | (122.78 ms | 41702 tok/s | peak used:  2342 MB | peak reserved:  2528 MB, DP=2, TP=2, SP=2, PP=2)
E20260911 06:12:26.795865 140428049358848 main.cc:537] step   48/50 | train loss 4.624648 | lr 1.00e-04 | (118.48 ms | 43214 tok/s | peak used:  2342 MB | peak reserved:  2528 MB, DP=2, TP=2, SP=2, PP=2)
E20260911 06:12:26.909523 140428049358848 main.cc:537] step   49/50 | train loss 4.612357 | lr 1.00e-04 | (113.60 ms | 45070 tok/s | peak used:  2342 MB | peak reserved:  2528 MB, DP=2, TP=2, SP=2, PP=2)
E20260911 06:12:27.028077 140428049358848 main.cc:537] step   50/50 | train loss 4.524049 | lr 1.00e-04 | (118.50 ms | 43207 tok/s | peak used:  2342 MB | peak reserved:  2528 MB, DP=2, TP=2, SP=2, PP=2)
E20260911 06:12:27.285212 140428116471808 checkpoint.cc:206] [CKPT] Save done: dir="/data1/ckpt/3d_tp2_pp2_resume/gpt2/resume/checkpoint_step_000050/rank_000006"
E20260911 06:12:27.293041 140428049358848 checkpoint.cc:206] [CKPT] Save done: dir="/data1/ckpt/3d_tp2_pp2_resume/gpt2/resume/checkpoint_step_000050/rank_000007"
E20260911 06:12:27.346497 140428531720192 checkpoint.cc:206] [CKPT] Save done: dir="/data1/ckpt/3d_tp2_pp2_resume/gpt2/resume/checkpoint_step_000050/rank_000001"
E20260911 06:12:27.353756 140428598833152 checkpoint.cc:206] [CKPT] Save done: dir="/data1/ckpt/3d_tp2_pp2_resume/gpt2/resume/checkpoint_step_000050/rank_000000"
E20260911 06:12:27.365571 140428183584768 checkpoint.cc:206] [CKPT] Save done: dir="/data1/ckpt/3d_tp2_pp2_resume/gpt2/resume/checkpoint_step_000050/rank_000005"
E20260911 06:12:27.386893 140428384923648 checkpoint.cc:206] [CKPT] Save done: dir="/data1/ckpt/3d_tp2_pp2_resume/gpt2/resume/checkpoint_step_000050/rank_000002"
E20260911 06:12:27.388257 140428317810688 checkpoint.cc:206] [CKPT] Save done: dir="/data1/ckpt/3d_tp2_pp2_resume/gpt2/resume/checkpoint_step_000050/rank_000003"
E20260911 06:12:27.398987 140428250697728 checkpoint.cc:206] [CKPT] Save done: dir="/data1/ckpt/3d_tp2_pp2_resume/gpt2/resume/checkpoint_step_000050/rank_000004"
