[LAST_CMAKE] cmake -DUSE_CUDA=ON -DUSE_NCCL=ON -DBUILD_TEST=ON -DPROFILE_MODE=OFF .. && make -j
[RUN_METADATA] /home/chenxi/InfiniTrain/scripts/20260911/fix_backend-independent-correctness_22bf5b5/logs/run_metadata.log
[RUN_STARTED_AT] 2026-09-11 05:32:29
[GIT_BRANCH] fix/backend-independent-correctness
[GIT_COMMIT] 22bf5b5736e9638d59f07cc50ec2de589cef7978
[GIT_COMMIT_SHORT] 22bf5b5
[COMMAND] ./gpt2 --input_bin /data1/shared/InfiniTrain-dev/data/llmc/gpt2/tinyshakespeare/tiny_shakespeare_train.bin --llmc_filepath /data1/shared/InfiniTrain-dev/data/llmc/gpt2/gpt2_124M.bin --device cuda --num_iteration 50 --save_interval 10 --save /data1/ckpt/no_resume/gpt2/no_resume
E20260911 06:03:53.973631 140160152883200 main.cc:537] step    1/50 | train loss 5.356189 | lr 1.00e-04 | (76.84 ms | 3332 tok/s | peak used:  1422 MB | peak reserved:  1504 MB, DP=1, TP=1, SP=1, PP=1)
E20260911 06:03:54.006300 140160152883200 main.cc:537] step    2/50 | train loss 5.060537 | lr 1.00e-04 | (32.21 ms | 7948 tok/s | peak used:  1422 MB | peak reserved:  1568 MB, DP=1, TP=1, SP=1, PP=1)
E20260911 06:03:54.038544 140160152883200 main.cc:537] step    3/50 | train loss 4.860392 | lr 1.00e-04 | (32.20 ms | 7950 tok/s | peak used:  1422 MB | peak reserved:  1568 MB, DP=1, TP=1, SP=1, PP=1)
E20260911 06:03:54.070749 140160152883200 main.cc:537] step    4/50 | train loss 4.961350 | lr 1.00e-04 | (32.17 ms | 7959 tok/s | peak used:  1422 MB | peak reserved:  1568 MB, DP=1, TP=1, SP=1, PP=1)
E20260911 06:03:54.102972 140160152883200 main.cc:537] step    5/50 | train loss 4.888250 | lr 1.00e-04 | (32.18 ms | 7954 tok/s | peak used:  1422 MB | peak reserved:  1568 MB, DP=1, TP=1, SP=1, PP=1)
E20260911 06:03:54.135178 140160152883200 main.cc:537] step    6/50 | train loss 5.099223 | lr 1.00e-04 | (32.17 ms | 7958 tok/s | peak used:  1422 MB | peak reserved:  1568 MB, DP=1, TP=1, SP=1, PP=1)
E20260911 06:03:54.167358 140160152883200 main.cc:537] step    7/50 | train loss 4.860511 | lr 1.00e-04 | (32.14 ms | 7965 tok/s | peak used:  1422 MB | peak reserved:  1568 MB, DP=1, TP=1, SP=1, PP=1)
E20260911 06:03:54.199567 140160152883200 main.cc:537] step    8/50 | train loss 4.945080 | lr 1.00e-04 | (32.17 ms | 7957 tok/s | peak used:  1422 MB | peak reserved:  1568 MB, DP=1, TP=1, SP=1, PP=1)
E20260911 06:03:54.228382 140160152883200 main.cc:537] step    9/50 | train loss 5.121228 | lr 1.00e-04 | (28.78 ms | 8896 tok/s | peak used:  1422 MB | peak reserved:  1568 MB, DP=1, TP=1, SP=1, PP=1)
E20260911 06:03:54.257195 140160152883200 main.cc:537] step   10/50 | train loss 5.270921 | lr 1.00e-04 | (28.77 ms | 8897 tok/s | peak used:  1422 MB | peak reserved:  1568 MB, DP=1, TP=1, SP=1, PP=1)
E20260911 06:03:54.981602 140160152883200 checkpoint.cc:206] [CKPT] Save done: dir="/data1/ckpt/no_resume/gpt2/no_resume/checkpoint_step_000010"
E20260911 06:03:55.011072 140160152883200 main.cc:537] step   11/50 | train loss 5.079761 | lr 1.00e-04 | (29.36 ms | 8720 tok/s | peak used:  1422 MB | peak reserved:  1568 MB, DP=1, TP=1, SP=1, PP=1)
E20260911 06:03:55.039970 140160152883200 main.cc:537] step   12/50 | train loss 4.640815 | lr 1.00e-04 | (28.85 ms | 8873 tok/s | peak used:  1422 MB | peak reserved:  1568 MB, DP=1, TP=1, SP=1, PP=1)
E20260911 06:03:55.068803 140160152883200 main.cc:537] step   13/50 | train loss 4.714130 | lr 1.00e-04 | (28.79 ms | 8891 tok/s | peak used:  1422 MB | peak reserved:  1568 MB, DP=1, TP=1, SP=1, PP=1)
E20260911 06:03:55.097623 140160152883200 main.cc:537] step   14/50 | train loss 4.857728 | lr 1.00e-04 | (28.78 ms | 8894 tok/s | peak used:  1422 MB | peak reserved:  1568 MB, DP=1, TP=1, SP=1, PP=1)
E20260911 06:03:55.126463 140160152883200 main.cc:537] step   15/50 | train loss 5.046248 | lr 1.00e-04 | (28.80 ms | 8889 tok/s | peak used:  1422 MB | peak reserved:  1568 MB, DP=1, TP=1, SP=1, PP=1)
E20260911 06:03:55.155307 140160152883200 main.cc:537] step   16/50 | train loss 4.795305 | lr 1.00e-04 | (28.81 ms | 8887 tok/s | peak used:  1422 MB | peak reserved:  1568 MB, DP=1, TP=1, SP=1, PP=1)
E20260911 06:03:55.184148 140160152883200 main.cc:537] step   17/50 | train loss 5.152838 | lr 1.00e-04 | (28.80 ms | 8888 tok/s | peak used:  1422 MB | peak reserved:  1568 MB, DP=1, TP=1, SP=1, PP=1)
E20260911 06:03:55.212970 140160152883200 main.cc:537] step   18/50 | train loss 5.007977 | lr 1.00e-04 | (28.78 ms | 8895 tok/s | peak used:  1422 MB | peak reserved:  1568 MB, DP=1, TP=1, SP=1, PP=1)
E20260911 06:03:55.241798 140160152883200 main.cc:537] step   19/50 | train loss 4.678184 | lr 1.00e-04 | (28.78 ms | 8895 tok/s | peak used:  1422 MB | peak reserved:  1568 MB, DP=1, TP=1, SP=1, PP=1)
E20260911 06:03:55.270671 140160152883200 main.cc:537] step   20/50 | train loss 4.471812 | lr 1.00e-04 | (28.83 ms | 8880 tok/s | peak used:  1422 MB | peak reserved:  1568 MB, DP=1, TP=1, SP=1, PP=1)
E20260911 06:03:55.989879 140160152883200 checkpoint.cc:206] [CKPT] Save done: dir="/data1/ckpt/no_resume/gpt2/no_resume/checkpoint_step_000020"
E20260911 06:03:56.019428 140160152883200 main.cc:537] step   21/50 | train loss 4.759269 | lr 1.00e-04 | (29.44 ms | 8695 tok/s | peak used:  1422 MB | peak reserved:  1568 MB, DP=1, TP=1, SP=1, PP=1)
E20260911 06:03:56.048326 140160152883200 main.cc:537] step   22/50 | train loss 4.649649 | lr 1.00e-04 | (28.85 ms | 8873 tok/s | peak used:  1422 MB | peak reserved:  1568 MB, DP=1, TP=1, SP=1, PP=1)
E20260911 06:03:56.077184 140160152883200 main.cc:537] step   23/50 | train loss 4.867076 | lr 1.00e-04 | (28.82 ms | 8883 tok/s | peak used:  1422 MB | peak reserved:  1568 MB, DP=1, TP=1, SP=1, PP=1)
E20260911 06:03:56.106068 140160152883200 main.cc:537] step   24/50 | train loss 4.680347 | lr 1.00e-04 | (28.85 ms | 8875 tok/s | peak used:  1422 MB | peak reserved:  1568 MB, DP=1, TP=1, SP=1, PP=1)
E20260911 06:03:56.134930 140160152883200 main.cc:537] step   25/50 | train loss 4.584330 | lr 1.00e-04 | (28.81 ms | 8885 tok/s | peak used:  1422 MB | peak reserved:  1568 MB, DP=1, TP=1, SP=1, PP=1)
E20260911 06:03:56.163748 140160152883200 main.cc:537] step   26/50 | train loss 4.714128 | lr 1.00e-04 | (28.78 ms | 8896 tok/s | peak used:  1422 MB | peak reserved:  1568 MB, DP=1, TP=1, SP=1, PP=1)
E20260911 06:03:56.192587 140160152883200 main.cc:537] step   27/50 | train loss 4.354901 | lr 1.00e-04 | (28.80 ms | 8889 tok/s | peak used:  1422 MB | peak reserved:  1568 MB, DP=1, TP=1, SP=1, PP=1)
E20260911 06:03:56.221424 140160152883200 main.cc:537] step   28/50 | train loss 4.679760 | lr 1.00e-04 | (28.80 ms | 8889 tok/s | peak used:  1422 MB | peak reserved:  1568 MB, DP=1, TP=1, SP=1, PP=1)
E20260911 06:03:56.250242 140160152883200 main.cc:537] step   29/50 | train loss 4.827116 | lr 1.00e-04 | (28.78 ms | 8895 tok/s | peak used:  1422 MB | peak reserved:  1568 MB, DP=1, TP=1, SP=1, PP=1)
E20260911 06:03:56.279099 140160152883200 main.cc:537] step   30/50 | train loss 4.537297 | lr 1.00e-04 | (28.82 ms | 8883 tok/s | peak used:  1422 MB | peak reserved:  1568 MB, DP=1, TP=1, SP=1, PP=1)
E20260911 06:03:56.986363 140160152883200 checkpoint.cc:206] [CKPT] Save done: dir="/data1/ckpt/no_resume/gpt2/no_resume/checkpoint_step_000030"
E20260911 06:03:57.015886 140160152883200 main.cc:537] step   31/50 | train loss 4.772681 | lr 1.00e-04 | (29.40 ms | 8708 tok/s | peak used:  1422 MB | peak reserved:  1568 MB, DP=1, TP=1, SP=1, PP=1)
E20260911 06:03:57.044807 140160152883200 main.cc:537] step   32/50 | train loss 4.745454 | lr 1.00e-04 | (28.87 ms | 8866 tok/s | peak used:  1422 MB | peak reserved:  1568 MB, DP=1, TP=1, SP=1, PP=1)
E20260911 06:03:57.073657 140160152883200 main.cc:537] step   33/50 | train loss 4.572054 | lr 1.00e-04 | (28.81 ms | 8886 tok/s | peak used:  1422 MB | peak reserved:  1568 MB, DP=1, TP=1, SP=1, PP=1)
E20260911 06:03:57.102476 140160152883200 main.cc:537] step   34/50 | train loss 4.968209 | lr 1.00e-04 | (28.78 ms | 8895 tok/s | peak used:  1422 MB | peak reserved:  1568 MB, DP=1, TP=1, SP=1, PP=1)
E20260911 06:03:57.131310 140160152883200 main.cc:537] step   35/50 | train loss 5.016878 | lr 1.00e-04 | (28.80 ms | 8890 tok/s | peak used:  1422 MB | peak reserved:  1568 MB, DP=1, TP=1, SP=1, PP=1)
E20260911 06:03:57.160151 140160152883200 main.cc:537] step   36/50 | train loss 5.076682 | lr 1.00e-04 | (28.80 ms | 8888 tok/s | peak used:  1422 MB | peak reserved:  1568 MB, DP=1, TP=1, SP=1, PP=1)
E20260911 06:03:57.189015 140160152883200 main.cc:537] step   37/50 | train loss 5.004405 | lr 1.00e-04 | (28.82 ms | 8883 tok/s | peak used:  1422 MB | peak reserved:  1568 MB, DP=1, TP=1, SP=1, PP=1)
E20260911 06:03:57.217818 140160152883200 main.cc:537] step   38/50 | train loss 4.560110 | lr 1.00e-04 | (28.77 ms | 8900 tok/s | peak used:  1422 MB | peak reserved:  1568 MB, DP=1, TP=1, SP=1, PP=1)
E20260911 06:03:57.246649 140160152883200 main.cc:537] step   39/50 | train loss 4.824967 | lr 1.00e-04 | (28.79 ms | 8893 tok/s | peak used:  1422 MB | peak reserved:  1568 MB, DP=1, TP=1, SP=1, PP=1)
E20260911 06:03:57.275336 140160152883200 main.cc:537] step   40/50 | train loss 4.739436 | lr 1.00e-04 | (28.65 ms | 8936 tok/s | peak used:  1422 MB | peak reserved:  1568 MB, DP=1, TP=1, SP=1, PP=1)
E20260911 06:03:57.988883 140160152883200 checkpoint.cc:206] [CKPT] Save done: dir="/data1/ckpt/no_resume/gpt2/no_resume/checkpoint_step_000040"
E20260911 06:03:58.116426 140160152883200 main.cc:537] step   41/50 | train loss 4.771608 | lr 1.00e-04 | (46.62 ms | 5491 tok/s | peak used:  1422 MB | peak reserved:  1568 MB, DP=1, TP=1, SP=1, PP=1)
E20260911 06:03:58.146038 140160152883200 main.cc:537] step   42/50 | train loss 4.766148 | lr 1.00e-04 | (29.55 ms | 8664 tok/s | peak used:  1422 MB | peak reserved:  1568 MB, DP=1, TP=1, SP=1, PP=1)
E20260911 06:03:58.175513 140160152883200 main.cc:537] step   43/50 | train loss 4.433416 | lr 1.00e-04 | (29.42 ms | 8701 tok/s | peak used:  1422 MB | peak reserved:  1568 MB, DP=1, TP=1, SP=1, PP=1)
E20260911 06:03:58.204940 140160152883200 main.cc:537] step   44/50 | train loss 4.349253 | lr 1.00e-04 | (29.39 ms | 8712 tok/s | peak used:  1422 MB | peak reserved:  1568 MB, DP=1, TP=1, SP=1, PP=1)
E20260911 06:03:58.234338 140160152883200 main.cc:537] step   45/50 | train loss 4.474981 | lr 1.00e-04 | (29.36 ms | 8720 tok/s | peak used:  1422 MB | peak reserved:  1568 MB, DP=1, TP=1, SP=1, PP=1)
E20260911 06:03:58.263735 140160152883200 main.cc:537] step   46/50 | train loss 4.375552 | lr 1.00e-04 | (29.36 ms | 8720 tok/s | peak used:  1422 MB | peak reserved:  1568 MB, DP=1, TP=1, SP=1, PP=1)
E20260911 06:03:58.293149 140160152883200 main.cc:537] step   47/50 | train loss 4.604451 | lr 1.00e-04 | (29.37 ms | 8715 tok/s | peak used:  1422 MB | peak reserved:  1568 MB, DP=1, TP=1, SP=1, PP=1)
E20260911 06:03:58.322607 140160152883200 main.cc:537] step   48/50 | train loss 4.545737 | lr 1.00e-04 | (29.42 ms | 8702 tok/s | peak used:  1422 MB | peak reserved:  1568 MB, DP=1, TP=1, SP=1, PP=1)
E20260911 06:03:58.352053 140160152883200 main.cc:537] step   49/50 | train loss 4.759530 | lr 1.00e-04 | (29.41 ms | 8706 tok/s | peak used:  1422 MB | peak reserved:  1568 MB, DP=1, TP=1, SP=1, PP=1)
E20260911 06:03:58.381453 140160152883200 main.cc:537] step   50/50 | train loss 4.657004 | lr 1.00e-04 | (29.36 ms | 8719 tok/s | peak used:  1422 MB | peak reserved:  1568 MB, DP=1, TP=1, SP=1, PP=1)
E20260911 06:03:59.156103 140160152883200 checkpoint.cc:206] [CKPT] Save done: dir="/data1/ckpt/no_resume/gpt2/no_resume/checkpoint_step_000050"
