[LAST_CMAKE] cmake -DUSE_CUDA=ON -DUSE_NCCL=ON -DBUILD_TEST=ON -DPROFILE_MODE=OFF .. && make -j
[RUN_METADATA] /home/chenxi/InfiniTrain/scripts/20260911/fix_backend-independent-correctness_22bf5b5/logs/run_metadata.log
[RUN_STARTED_AT] 2026-09-11 05:32:29
[GIT_BRANCH] fix/backend-independent-correctness
[GIT_COMMIT] 22bf5b5736e9638d59f07cc50ec2de589cef7978
[GIT_COMMIT_SHORT] 22bf5b5
[COMMAND] ./gpt2 --input_bin /data1/shared/InfiniTrain-dev/data/llmc/gpt2/tinyshakespeare/tiny_shakespeare_train.bin --llmc_filepath /data1/shared/InfiniTrain-dev/data/llmc/gpt2/gpt2_124M.bin --device cuda --dtype bfloat16 --num_iteration 50 --save_interval 10 --load /data1/ckpt/bfloat16_no_resume/gpt2/no_resume/checkpoint_step_000030 --save /data1/ckpt/bfloat16_resume/gpt2/resume
E20260911 06:09:27.375713 140349772042240 checkpoint.cc:239] [CKPT] Load done: global_step=30, consumed_train_samples=120, topology(ddp,tp,sp,pp)=(1,1,1,1)
E20260911 06:09:27.527208 140349772042240 main.cc:537] step   31/50 | train loss 4.762074 | lr 1.00e-04 | (151.16 ms | 1694 tok/s | peak used:  1397 MB | peak reserved:  1536 MB, DP=1, TP=1, SP=1, PP=1)
E20260911 06:09:27.557603 140349772042240 main.cc:537] step   32/50 | train loss 4.749228 | lr 1.00e-04 | (30.31 ms | 8446 tok/s | peak used:  1397 MB | peak reserved:  1664 MB, DP=1, TP=1, SP=1, PP=1)
E20260911 06:09:27.587974 140349772042240 main.cc:537] step   33/50 | train loss 4.514383 | lr 1.00e-04 | (30.33 ms | 8441 tok/s | peak used:  1397 MB | peak reserved:  1792 MB, DP=1, TP=1, SP=1, PP=1)
E20260911 06:09:27.618227 140349772042240 main.cc:537] step   34/50 | train loss 4.951723 | lr 1.00e-04 | (30.21 ms | 8473 tok/s | peak used:  1397 MB | peak reserved:  1888 MB, DP=1, TP=1, SP=1, PP=1)
E20260911 06:09:27.648583 140349772042240 main.cc:537] step   35/50 | train loss 5.014190 | lr 1.00e-04 | (30.32 ms | 8444 tok/s | peak used:  1397 MB | peak reserved:  1920 MB, DP=1, TP=1, SP=1, PP=1)
E20260911 06:09:27.678896 140349772042240 main.cc:537] step   36/50 | train loss 5.066449 | lr 1.00e-04 | (30.26 ms | 8460 tok/s | peak used:  1397 MB | peak reserved:  2016 MB, DP=1, TP=1, SP=1, PP=1)
E20260911 06:09:27.708811 140349772042240 main.cc:537] step   37/50 | train loss 4.981348 | lr 1.00e-04 | (29.88 ms | 8569 tok/s | peak used:  1397 MB | peak reserved:  2080 MB, DP=1, TP=1, SP=1, PP=1)
E20260911 06:09:27.738754 140349772042240 main.cc:537] step   38/50 | train loss 4.542879 | lr 1.00e-04 | (29.90 ms | 8560 tok/s | peak used:  1397 MB | peak reserved:  2144 MB, DP=1, TP=1, SP=1, PP=1)
E20260911 06:09:27.768564 140349772042240 main.cc:537] step   39/50 | train loss 4.833507 | lr 1.00e-04 | (29.77 ms | 8598 tok/s | peak used:  1397 MB | peak reserved:  2208 MB, DP=1, TP=1, SP=1, PP=1)
E20260911 06:09:27.798497 140349772042240 main.cc:537] step   40/50 | train loss 4.709558 | lr 1.00e-04 | (29.90 ms | 8563 tok/s | peak used:  1397 MB | peak reserved:  2240 MB, DP=1, TP=1, SP=1, PP=1)
E20260911 06:09:28.484278 140349772042240 checkpoint.cc:206] [CKPT] Save done: dir="/data1/ckpt/bfloat16_resume/gpt2/resume/checkpoint_step_000040"
E20260911 06:09:28.515320 140349772042240 main.cc:537] step   41/50 | train loss 4.747502 | lr 1.00e-04 | (30.92 ms | 8278 tok/s | peak used:  1397 MB | peak reserved:  2304 MB, DP=1, TP=1, SP=1, PP=1)
E20260911 06:09:28.545100 140349772042240 main.cc:537] step   42/50 | train loss 4.735907 | lr 1.00e-04 | (29.73 ms | 8610 tok/s | peak used:  1397 MB | peak reserved:  2304 MB, DP=1, TP=1, SP=1, PP=1)
E20260911 06:09:28.580853 140349772042240 main.cc:537] step   43/50 | train loss 4.417293 | lr 1.00e-04 | (35.71 ms | 7168 tok/s | peak used:  1397 MB | peak reserved:  2400 MB, DP=1, TP=1, SP=1, PP=1)
E20260911 06:09:28.610642 140349772042240 main.cc:537] step   44/50 | train loss 4.328928 | lr 1.00e-04 | (29.75 ms | 8605 tok/s | peak used:  1397 MB | peak reserved:  2400 MB, DP=1, TP=1, SP=1, PP=1)
E20260911 06:09:28.640831 140349772042240 main.cc:537] step   45/50 | train loss 4.455528 | lr 1.00e-04 | (30.15 ms | 8491 tok/s | peak used:  1397 MB | peak reserved:  2432 MB, DP=1, TP=1, SP=1, PP=1)
E20260911 06:09:28.685264 140349772042240 main.cc:537] step   46/50 | train loss 4.339398 | lr 1.00e-04 | (44.39 ms | 5767 tok/s | peak used:  1397 MB | peak reserved:  2432 MB, DP=1, TP=1, SP=1, PP=1)
E20260911 06:09:28.715228 140349772042240 main.cc:537] step   47/50 | train loss 4.590806 | lr 1.00e-04 | (29.93 ms | 8555 tok/s | peak used:  1397 MB | peak reserved:  2432 MB, DP=1, TP=1, SP=1, PP=1)
E20260911 06:09:28.745287 140349772042240 main.cc:537] step   48/50 | train loss 4.508235 | lr 1.00e-04 | (30.02 ms | 8528 tok/s | peak used:  1397 MB | peak reserved:  2432 MB, DP=1, TP=1, SP=1, PP=1)
E20260911 06:09:28.775264 140349772042240 main.cc:537] step   49/50 | train loss 4.751669 | lr 1.00e-04 | (29.93 ms | 8552 tok/s | peak used:  1397 MB | peak reserved:  2432 MB, DP=1, TP=1, SP=1, PP=1)
E20260911 06:09:28.805292 140349772042240 main.cc:537] step   50/50 | train loss 4.650007 | lr 1.00e-04 | (29.99 ms | 8536 tok/s | peak used:  1397 MB | peak reserved:  2432 MB, DP=1, TP=1, SP=1, PP=1)
E20260911 06:09:29.481168 140349772042240 checkpoint.cc:206] [CKPT] Save done: dir="/data1/ckpt/bfloat16_resume/gpt2/resume/checkpoint_step_000050"
