[LAST_CMAKE] cmake -DUSE_CUDA=ON -DUSE_NCCL=ON -DBUILD_TEST=OFF -DPROFILE_MODE=ON .. && make -j
[RUN_METADATA] /home/chenxi/InfiniTrain/scripts/20260911/fix_backend-independent-correctness_22bf5b5/logs/run_metadata.log
[RUN_STARTED_AT] 2026-09-11 05:32:29
[GIT_BRANCH] fix/backend-independent-correctness
[GIT_COMMIT] 22bf5b5736e9638d59f07cc50ec2de589cef7978
[GIT_COMMIT_SHORT] 22bf5b5
[COMMAND] ./gpt2 --input_bin /data1/shared/InfiniTrain-dev/data/llmc/gpt2/tinyshakespeare/tiny_shakespeare_train.bin --llmc_filepath /data1/shared/InfiniTrain-dev/data/llmc/gpt2/gpt2_124M.bin --device cuda --num_iteration 50 --save_interval 10 --save /data1/ckpt/no_resume/gpt2/no_resume
E20260911 07:07:45.057906 140178932879360 main.cc:537] step    1/50 | train loss 5.356189 | lr 1.00e-04 | (149.25 ms | 1715 tok/s | peak used:  1422 MB | peak reserved:  1472 MB, DP=1, TP=1, SP=1, PP=1)
E20260911 07:07:45.192448 140178932879360 main.cc:537] step    2/50 | train loss 5.060537 | lr 1.00e-04 | (134.00 ms | 1910 tok/s | peak used:  1422 MB | peak reserved:  1472 MB, DP=1, TP=1, SP=1, PP=1)
E20260911 07:07:45.296039 140178932879360 main.cc:537] step    3/50 | train loss 4.860392 | lr 1.00e-04 | (103.53 ms | 2473 tok/s | peak used:  1422 MB | peak reserved:  1472 MB, DP=1, TP=1, SP=1, PP=1)
E20260911 07:07:45.385053 140178932879360 main.cc:537] step    4/50 | train loss 4.961350 | lr 1.00e-04 | (88.96 ms | 2878 tok/s | peak used:  1422 MB | peak reserved:  1472 MB, DP=1, TP=1, SP=1, PP=1)
E20260911 07:07:45.472679 140178932879360 main.cc:537] step    5/50 | train loss 4.888249 | lr 1.00e-04 | (87.57 ms | 2923 tok/s | peak used:  1422 MB | peak reserved:  1472 MB, DP=1, TP=1, SP=1, PP=1)
E20260911 07:07:45.560367 140178932879360 main.cc:537] step    6/50 | train loss 5.099221 | lr 1.00e-04 | (87.63 ms | 2921 tok/s | peak used:  1422 MB | peak reserved:  1472 MB, DP=1, TP=1, SP=1, PP=1)
E20260911 07:07:45.674777 140178932879360 main.cc:537] step    7/50 | train loss 4.860510 | lr 1.00e-04 | (114.36 ms | 2239 tok/s | peak used:  1422 MB | peak reserved:  1472 MB, DP=1, TP=1, SP=1, PP=1)
E20260911 07:07:45.811402 140178932879360 main.cc:537] step    8/50 | train loss 4.945082 | lr 1.00e-04 | (136.56 ms | 1875 tok/s | peak used:  1422 MB | peak reserved:  1472 MB, DP=1, TP=1, SP=1, PP=1)
E20260911 07:07:45.917928 140178932879360 main.cc:537] step    9/50 | train loss 5.121232 | lr 1.00e-04 | (106.48 ms | 2404 tok/s | peak used:  1422 MB | peak reserved:  1472 MB, DP=1, TP=1, SP=1, PP=1)
E20260911 07:07:46.014621 140178932879360 main.cc:537] step   10/50 | train loss 5.270919 | lr 1.00e-04 | (96.65 ms | 2649 tok/s | peak used:  1422 MB | peak reserved:  1472 MB, DP=1, TP=1, SP=1, PP=1)
E20260911 07:07:46.832697 140178932879360 checkpoint.cc:206] [CKPT] Save done: dir="/data1/ckpt/no_resume/gpt2/no_resume/checkpoint_step_000010"
E20260911 07:07:46.933022 140178932879360 main.cc:537] step   11/50 | train loss 5.079762 | lr 1.00e-04 | (100.22 ms | 2554 tok/s | peak used:  1422 MB | peak reserved:  1472 MB, DP=1, TP=1, SP=1, PP=1)
E20260911 07:07:47.040796 140178932879360 main.cc:537] step   12/50 | train loss 4.640815 | lr 1.00e-04 | (107.73 ms | 2376 tok/s | peak used:  1422 MB | peak reserved:  1472 MB, DP=1, TP=1, SP=1, PP=1)
E20260911 07:07:47.154150 140178932879360 main.cc:537] step   13/50 | train loss 4.714130 | lr 1.00e-04 | (113.31 ms | 2259 tok/s | peak used:  1422 MB | peak reserved:  1472 MB, DP=1, TP=1, SP=1, PP=1)
E20260911 07:07:47.294006 140178932879360 main.cc:537] step   14/50 | train loss 4.857728 | lr 1.00e-04 | (139.81 ms | 1831 tok/s | peak used:  1422 MB | peak reserved:  1472 MB, DP=1, TP=1, SP=1, PP=1)
E20260911 07:07:47.398391 140178932879360 main.cc:537] step   15/50 | train loss 5.046247 | lr 1.00e-04 | (104.33 ms | 2454 tok/s | peak used:  1422 MB | peak reserved:  1472 MB, DP=1, TP=1, SP=1, PP=1)
E20260911 07:07:47.501781 140178932879360 main.cc:537] step   16/50 | train loss 4.795306 | lr 1.00e-04 | (103.34 ms | 2477 tok/s | peak used:  1422 MB | peak reserved:  1472 MB, DP=1, TP=1, SP=1, PP=1)
E20260911 07:07:47.589270 140178932879360 main.cc:537] step   17/50 | train loss 5.152837 | lr 1.00e-04 | (87.45 ms | 2928 tok/s | peak used:  1422 MB | peak reserved:  1472 MB, DP=1, TP=1, SP=1, PP=1)
E20260911 07:07:47.681736 140178932879360 main.cc:537] step   18/50 | train loss 5.007977 | lr 1.00e-04 | (92.42 ms | 2770 tok/s | peak used:  1422 MB | peak reserved:  1472 MB, DP=1, TP=1, SP=1, PP=1)
E20260911 07:07:47.769213 140178932879360 main.cc:537] step   19/50 | train loss 4.678185 | lr 1.00e-04 | (87.42 ms | 2928 tok/s | peak used:  1422 MB | peak reserved:  1472 MB, DP=1, TP=1, SP=1, PP=1)
E20260911 07:07:47.856682 140178932879360 main.cc:537] step   20/50 | train loss 4.471812 | lr 1.00e-04 | (87.42 ms | 2928 tok/s | peak used:  1422 MB | peak reserved:  1472 MB, DP=1, TP=1, SP=1, PP=1)
E20260911 07:07:48.683840 140178932879360 checkpoint.cc:206] [CKPT] Save done: dir="/data1/ckpt/no_resume/gpt2/no_resume/checkpoint_step_000020"
E20260911 07:07:48.773090 140178932879360 main.cc:537] step   21/50 | train loss 4.759267 | lr 1.00e-04 | (89.15 ms | 2872 tok/s | peak used:  1422 MB | peak reserved:  1472 MB, DP=1, TP=1, SP=1, PP=1)
E20260911 07:07:48.860749 140178932879360 main.cc:537] step   22/50 | train loss 4.649650 | lr 1.00e-04 | (87.61 ms | 2922 tok/s | peak used:  1422 MB | peak reserved:  1472 MB, DP=1, TP=1, SP=1, PP=1)
E20260911 07:07:48.965470 140178932879360 main.cc:537] step   23/50 | train loss 4.867076 | lr 1.00e-04 | (104.68 ms | 2446 tok/s | peak used:  1422 MB | peak reserved:  1472 MB, DP=1, TP=1, SP=1, PP=1)
E20260911 07:07:49.094988 140178932879360 main.cc:537] step   24/50 | train loss 4.680348 | lr 1.00e-04 | (129.47 ms | 1977 tok/s | peak used:  1422 MB | peak reserved:  1472 MB, DP=1, TP=1, SP=1, PP=1)
E20260911 07:07:49.194830 140178932879360 main.cc:537] step   25/50 | train loss 4.584332 | lr 1.00e-04 | (99.79 ms | 2565 tok/s | peak used:  1422 MB | peak reserved:  1472 MB, DP=1, TP=1, SP=1, PP=1)
E20260911 07:07:49.282406 140178932879360 main.cc:537] step   26/50 | train loss 4.714129 | lr 1.00e-04 | (87.53 ms | 2925 tok/s | peak used:  1422 MB | peak reserved:  1472 MB, DP=1, TP=1, SP=1, PP=1)
E20260911 07:07:49.381544 140178932879360 main.cc:537] step   27/50 | train loss 4.354903 | lr 1.00e-04 | (99.10 ms | 2583 tok/s | peak used:  1422 MB | peak reserved:  1472 MB, DP=1, TP=1, SP=1, PP=1)
E20260911 07:07:49.468707 140178932879360 main.cc:537] step   28/50 | train loss 4.679759 | lr 1.00e-04 | (87.12 ms | 2938 tok/s | peak used:  1422 MB | peak reserved:  1472 MB, DP=1, TP=1, SP=1, PP=1)
E20260911 07:07:49.579916 140178932879360 main.cc:537] step   29/50 | train loss 4.827115 | lr 1.00e-04 | (111.17 ms | 2303 tok/s | peak used:  1422 MB | peak reserved:  1472 MB, DP=1, TP=1, SP=1, PP=1)
E20260911 07:07:49.695214 140178932879360 main.cc:537] step   30/50 | train loss 4.537295 | lr 1.00e-04 | (115.25 ms | 2221 tok/s | peak used:  1422 MB | peak reserved:  1472 MB, DP=1, TP=1, SP=1, PP=1)
E20260911 07:07:50.472435 140178932879360 checkpoint.cc:206] [CKPT] Save done: dir="/data1/ckpt/no_resume/gpt2/no_resume/checkpoint_step_000030"
E20260911 07:07:50.563062 140178932879360 main.cc:537] step   31/50 | train loss 4.772680 | lr 1.00e-04 | (90.53 ms | 2828 tok/s | peak used:  1422 MB | peak reserved:  1472 MB, DP=1, TP=1, SP=1, PP=1)
E20260911 07:07:50.650665 140178932879360 main.cc:537] step   32/50 | train loss 4.745452 | lr 1.00e-04 | (87.56 ms | 2924 tok/s | peak used:  1422 MB | peak reserved:  1472 MB, DP=1, TP=1, SP=1, PP=1)
E20260911 07:07:50.752744 140178932879360 main.cc:537] step   33/50 | train loss 4.572052 | lr 1.00e-04 | (102.03 ms | 2509 tok/s | peak used:  1422 MB | peak reserved:  1472 MB, DP=1, TP=1, SP=1, PP=1)
E20260911 07:07:50.886058 140178932879360 main.cc:537] step   34/50 | train loss 4.968212 | lr 1.00e-04 | (133.26 ms | 1921 tok/s | peak used:  1422 MB | peak reserved:  1472 MB, DP=1, TP=1, SP=1, PP=1)
E20260911 07:07:50.994328 140178932879360 main.cc:537] step   35/50 | train loss 5.016879 | lr 1.00e-04 | (108.22 ms | 2366 tok/s | peak used:  1422 MB | peak reserved:  1472 MB, DP=1, TP=1, SP=1, PP=1)
E20260911 07:07:51.082031 140178932879360 main.cc:537] step   36/50 | train loss 5.076682 | lr 1.00e-04 | (87.65 ms | 2921 tok/s | peak used:  1422 MB | peak reserved:  1472 MB, DP=1, TP=1, SP=1, PP=1)
E20260911 07:07:51.169636 140178932879360 main.cc:537] step   37/50 | train loss 5.004405 | lr 1.00e-04 | (87.56 ms | 2924 tok/s | peak used:  1422 MB | peak reserved:  1472 MB, DP=1, TP=1, SP=1, PP=1)
E20260911 07:07:51.257289 140178932879360 main.cc:537] step   38/50 | train loss 4.560112 | lr 1.00e-04 | (87.61 ms | 2922 tok/s | peak used:  1422 MB | peak reserved:  1472 MB, DP=1, TP=1, SP=1, PP=1)
E20260911 07:07:51.356688 140178932879360 main.cc:537] step   39/50 | train loss 4.824967 | lr 1.00e-04 | (99.35 ms | 2577 tok/s | peak used:  1422 MB | peak reserved:  1472 MB, DP=1, TP=1, SP=1, PP=1)
E20260911 07:07:51.487558 140178932879360 main.cc:537] step   40/50 | train loss 4.739437 | lr 1.00e-04 | (130.83 ms | 1957 tok/s | peak used:  1422 MB | peak reserved:  1472 MB, DP=1, TP=1, SP=1, PP=1)
E20260911 07:07:52.280298 140178932879360 checkpoint.cc:206] [CKPT] Save done: dir="/data1/ckpt/no_resume/gpt2/no_resume/checkpoint_step_000040"
E20260911 07:07:52.438468 140178932879360 main.cc:537] step   41/50 | train loss 4.771607 | lr 1.00e-04 | (96.55 ms | 2652 tok/s | peak used:  1422 MB | peak reserved:  1472 MB, DP=1, TP=1, SP=1, PP=1)
E20260911 07:07:52.535179 140178932879360 main.cc:537] step   42/50 | train loss 4.766146 | lr 1.00e-04 | (96.65 ms | 2649 tok/s | peak used:  1422 MB | peak reserved:  1472 MB, DP=1, TP=1, SP=1, PP=1)
E20260911 07:07:52.655433 140178932879360 main.cc:537] step   43/50 | train loss 4.433418 | lr 1.00e-04 | (120.19 ms | 2130 tok/s | peak used:  1422 MB | peak reserved:  1472 MB, DP=1, TP=1, SP=1, PP=1)
E20260911 07:07:52.783373 140178932879360 main.cc:537] step   44/50 | train loss 4.349251 | lr 1.00e-04 | (127.90 ms | 2002 tok/s | peak used:  1422 MB | peak reserved:  1472 MB, DP=1, TP=1, SP=1, PP=1)
E20260911 07:07:52.870098 140178932879360 main.cc:537] step   45/50 | train loss 4.474982 | lr 1.00e-04 | (86.68 ms | 2953 tok/s | peak used:  1422 MB | peak reserved:  1472 MB, DP=1, TP=1, SP=1, PP=1)
E20260911 07:07:52.956525 140178932879360 main.cc:537] step   46/50 | train loss 4.375554 | lr 1.00e-04 | (86.39 ms | 2963 tok/s | peak used:  1422 MB | peak reserved:  1472 MB, DP=1, TP=1, SP=1, PP=1)
E20260911 07:07:53.043024 140178932879360 main.cc:537] step   47/50 | train loss 4.604452 | lr 1.00e-04 | (86.46 ms | 2961 tok/s | peak used:  1422 MB | peak reserved:  1472 MB, DP=1, TP=1, SP=1, PP=1)
E20260911 07:07:53.138374 140178932879360 main.cc:537] step   48/50 | train loss 4.545738 | lr 1.00e-04 | (95.31 ms | 2686 tok/s | peak used:  1422 MB | peak reserved:  1472 MB, DP=1, TP=1, SP=1, PP=1)
E20260911 07:07:53.259675 140178932879360 main.cc:537] step   49/50 | train loss 4.759529 | lr 1.00e-04 | (121.26 ms | 2111 tok/s | peak used:  1422 MB | peak reserved:  1472 MB, DP=1, TP=1, SP=1, PP=1)
E20260911 07:07:53.384862 140178932879360 main.cc:537] step   50/50 | train loss 4.657005 | lr 1.00e-04 | (125.15 ms | 2046 tok/s | peak used:  1422 MB | peak reserved:  1472 MB, DP=1, TP=1, SP=1, PP=1)
E20260911 07:07:54.144099 140178932879360 checkpoint.cc:206] [CKPT] Save done: dir="/data1/ckpt/no_resume/gpt2/no_resume/checkpoint_step_000050"
