[LAST_CMAKE] cmake -DUSE_CUDA=ON -DUSE_NCCL=ON .. && make -j
[COMMAND] ./gpt2 --input_bin /data/shared/InfiniTrain-dev/data/llmc/gpt2/tinyshakespeare/tiny_shakespeare_train.bin --llmc_filepath /data/shared/InfiniTrain-dev/data/llmc/gpt2/gpt2_124M.bin --device cuda --dtype=float32 --nthread_per_process=8 --num_iteration=10 --batch_size=10 --total_batch_size=5120 --lora_rank=8 --lora_alpha=16.0 --lora_target_modules=c_attn,attn.c_proj
===== LoRA Model Summary (Rank 2) ======
Total parameters:     163479552
Trainable parameters: 442368 (0.270595%)
Frozen parameters:    163037184
========================================
===== LoRA Model Summary (Rank 7) ======
Total parameters:     163479552
Trainable parameters: 442368 (0.270595%)
Frozen parameters:    163037184
========================================
===== LoRA Model Summary (Rank 6) ======
Total parameters:     163479552
Trainable parameters: 442368 (0.270595%)
Frozen parameters:    163037184
========================================
===== LoRA Model Summary (Rank 5) ======
Total parameters:     163479552
Trainable parameters: 442368 (0.270595%)
Frozen parameters:    163037184
========================================
===== LoRA Model Summary (Rank 4) ======
Total parameters:     163479552
Trainable parameters: 442368 (0.270595%)
Frozen parameters:    163037184
========================================
===== LoRA Model Summary (Rank 3) ======
Total parameters:     163479552
Trainable parameters: 442368 (0.270595%)
Frozen parameters:    163037184
========================================
===== LoRA Model Summary (Rank 0) ======
Total parameters:     163479552
Trainable parameters: 442368 (0.270595%)
Frozen parameters:    163037184
========================================
===== LoRA Model Summary (Rank 1) ======
Total parameters:     163479552
Trainable parameters: 442368 (0.270595%)
Frozen parameters:    163037184
========================================
E20260511 09:33:15.337215 140006538584064 main.cc:419] step    1/10 | train loss 5.219545 | lr 1.00e-04 | (195.80 ms | 26149 tok/s | peak used:  2671 MB | peak reserved:  2784 MB, DP=8, TP=1, SP=1, PP=1)
E20260511 09:33:15.437392 140006538584064 main.cc:419] step    2/10 | train loss 5.143064 | lr 1.00e-04 | (99.45 ms | 51486 tok/s | peak used:  2671 MB | peak reserved:  2784 MB, DP=8, TP=1, SP=1, PP=1)
E20260511 09:33:15.515231 140006538584064 main.cc:419] step    3/10 | train loss 5.074578 | lr 1.00e-04 | (77.74 ms | 65860 tok/s | peak used:  2671 MB | peak reserved:  2784 MB, DP=8, TP=1, SP=1, PP=1)
E20260511 09:33:15.583707 140006538584064 main.cc:419] step    4/10 | train loss 4.774478 | lr 1.00e-04 | (68.40 ms | 74852 tok/s | peak used:  2671 MB | peak reserved:  2816 MB, DP=8, TP=1, SP=1, PP=1)
E20260511 09:33:15.646990 140006538584064 main.cc:419] step    5/10 | train loss 4.900558 | lr 1.00e-04 | (63.21 ms | 81003 tok/s | peak used:  2671 MB | peak reserved:  2816 MB, DP=8, TP=1, SP=1, PP=1)
E20260511 09:33:15.709149 140006538584064 main.cc:419] step    6/10 | train loss 4.886523 | lr 1.00e-04 | (62.10 ms | 82447 tok/s | peak used:  2671 MB | peak reserved:  2816 MB, DP=8, TP=1, SP=1, PP=1)
E20260511 09:33:15.771060 140006538584064 main.cc:419] step    7/10 | train loss 4.977910 | lr 1.00e-04 | (61.85 ms | 82776 tok/s | peak used:  2671 MB | peak reserved:  2816 MB, DP=8, TP=1, SP=1, PP=1)
E20260511 09:33:15.832535 140006538584064 main.cc:419] step    8/10 | train loss 4.925584 | lr 1.00e-04 | (61.42 ms | 83360 tok/s | peak used:  2671 MB | peak reserved:  2816 MB, DP=8, TP=1, SP=1, PP=1)
E20260511 09:33:15.893767 140006538584064 main.cc:419] step    9/10 | train loss 4.957020 | lr 1.00e-04 | (61.18 ms | 83688 tok/s | peak used:  2671 MB | peak reserved:  2816 MB, DP=8, TP=1, SP=1, PP=1)
E20260511 09:33:15.956500 140006538584064 main.cc:419] step   10/10 | train loss 5.033316 | lr 1.00e-04 | (62.68 ms | 81685 tok/s | peak used:  2671 MB | peak reserved:  2816 MB, DP=8, TP=1, SP=1, PP=1)
