[LAST_CMAKE] cmake -DUSE_CUDA=ON -DUSE_NCCL=ON -DPROFILE_MODE=ON .. && make -j
[COMMAND] ./gpt2 --input_bin /data/shared/InfiniTrain-dev/data/llmc/gpt2/tinyshakespeare/tiny_shakespeare_train.bin --llmc_filepath /data/shared/InfiniTrain-dev/data/llmc/gpt2/gpt2_124M.bin --device cuda --dtype=float32 --nthread_per_process=8 --num_iteration=10 --batch_size=40 --total_batch_size=5120 --tensor_parallel=2 --sequence_parallel=true --pipeline_parallel=2 --virtual_pipeline_parallel=2 --lora_rank=4 --lora_alpha=8.0 --lora_target_modules=c_fc,c_proj
===== LoRA Model Summary (Rank 1) ======
Total parameters:     41518848
Trainable parameters: 138240 (0.332957%)
Frozen parameters:    41380608
========================================
===== LoRA Model Summary (Rank 3) ======
Total parameters:     41518848
Trainable parameters: 138240 (0.332957%)
Frozen parameters:    41380608
========================================
===== LoRA Model Summary (Rank 2) ======
Total parameters:     41518848
Trainable parameters: 138240 (0.332957%)
Frozen parameters:    41380608
========================================
===== LoRA Model Summary (Rank 0) ======
Total parameters:     41518848
Trainable parameters: 138240 (0.332957%)
Frozen parameters:    41380608
========================================
===== LoRA Model Summary (Rank 4) ======
Total parameters:     40733952
Trainable parameters: 138240 (0.339373%)
Frozen parameters:    40595712
========================================
===== LoRA Model Summary (Rank 6) ======
Total parameters:     40733952
Trainable parameters: 138240 (0.339373%)
Frozen parameters:    40595712
========================================
===== LoRA Model Summary (Rank 5) ======
Total parameters:     40733952
Trainable parameters: 138240 (0.339373%)
Frozen parameters:    40595712
========================================
===== LoRA Model Summary (Rank 7) ======
Total parameters:     40733952
Trainable parameters: 138240 (0.339373%)
Frozen parameters:    40595712
========================================
E20260512 01:40:00.905157 140424895242240 main.cc:419] step    1/10 | train loss 5.219545 | lr 1.00e-04 | (566.50 ms | 9038 tok/s | peak used:  2224 MB | peak reserved:  2336 MB, DP=2, TP=2, SP=2, PP=2)
E20260512 01:40:01.277401 140424895242240 main.cc:419] step    2/10 | train loss 5.143066 | lr 1.00e-04 | (371.85 ms | 13769 tok/s | peak used:  2224 MB | peak reserved:  2336 MB, DP=2, TP=2, SP=2, PP=2)
E20260512 01:40:01.598735 140424895242240 main.cc:419] step    3/10 | train loss 5.074582 | lr 1.00e-04 | (321.24 ms | 15938 tok/s | peak used:  2224 MB | peak reserved:  2336 MB, DP=2, TP=2, SP=2, PP=2)
E20260512 01:40:01.914576 140424895242240 main.cc:419] step    4/10 | train loss 4.774487 | lr 1.00e-04 | (315.78 ms | 16214 tok/s | peak used:  2224 MB | peak reserved:  2336 MB, DP=2, TP=2, SP=2, PP=2)
E20260512 01:40:02.243476 140424895242240 main.cc:419] step    5/10 | train loss 4.900569 | lr 1.00e-04 | (328.84 ms | 15570 tok/s | peak used:  2224 MB | peak reserved:  2336 MB, DP=2, TP=2, SP=2, PP=2)
E20260512 01:40:02.553767 140424895242240 main.cc:419] step    6/10 | train loss 4.886535 | lr 1.00e-04 | (310.20 ms | 16506 tok/s | peak used:  2224 MB | peak reserved:  2336 MB, DP=2, TP=2, SP=2, PP=2)
E20260512 01:40:02.866614 140424895242240 main.cc:419] step    7/10 | train loss 4.977926 | lr 1.00e-04 | (312.78 ms | 16369 tok/s | peak used:  2224 MB | peak reserved:  2336 MB, DP=2, TP=2, SP=2, PP=2)
E20260512 01:40:03.179844 140424895242240 main.cc:419] step    8/10 | train loss 4.925604 | lr 1.00e-04 | (313.16 ms | 16349 tok/s | peak used:  2224 MB | peak reserved:  2336 MB, DP=2, TP=2, SP=2, PP=2)
E20260512 01:40:03.491705 140424895242240 main.cc:419] step    9/10 | train loss 4.957034 | lr 1.00e-04 | (311.79 ms | 16421 tok/s | peak used:  2224 MB | peak reserved:  2336 MB, DP=2, TP=2, SP=2, PP=2)
E20260512 01:40:03.823434 140424895242240 main.cc:419] step   10/10 | train loss 5.033343 | lr 1.00e-04 | (331.66 ms | 15437 tok/s | peak used:  2224 MB | peak reserved:  2336 MB, DP=2, TP=2, SP=2, PP=2)
