[LAST_CMAKE] cmake -DUSE_CUDA=ON -DUSE_NCCL=ON -DPROFILE_MODE=ON .. && make -j
[COMMAND] ./gpt2 --input_bin /data/shared/InfiniTrain-dev/data/llmc/gpt2/tinyshakespeare/tiny_shakespeare_train.bin --llmc_filepath /data/shared/InfiniTrain-dev/data/llmc/gpt2/gpt2_124M.bin --device cuda --dtype=bfloat16 --nthread_per_process=8 --num_iteration=10 --batch_size=40 --total_batch_size=5120 --tensor_parallel=4 --sequence_parallel=true --lora_rank=16 --lora_alpha=32.0 --lora_target_modules=attn.c_proj,c_fc,c_proj
===== LoRA Model Summary (Rank 4) ======
Total parameters:     42183936
Trainable parameters: 774144 (1.83516%)
Frozen parameters:    41409792
========================================
===== LoRA Model Summary (Rank 5) ======
Total parameters:     42183936
Trainable parameters: 774144 (1.83516%)
Frozen parameters:    41409792
========================================
===== LoRA Model Summary (Rank 7) ======
Total parameters:     42183936
Trainable parameters: 774144 (1.83516%)
Frozen parameters:    41409792
========================================
===== LoRA Model Summary (Rank 2) ======
Total parameters:     42183936
Trainable parameters: 774144 (1.83516%)
Frozen parameters:    41409792
========================================
===== LoRA Model Summary (Rank 6) ======
Total parameters:     42183936
Trainable parameters: 774144 (1.83516%)
Frozen parameters:    41409792
========================================
===== LoRA Model Summary (Rank 1) ======
Total parameters:     42183936
Trainable parameters: 774144 (1.83516%)
Frozen parameters:    41409792
========================================
===== LoRA Model Summary (Rank 0) ======
Total parameters:     42183936
Trainable parameters: 774144 (1.83516%)
Frozen parameters:    41409792
========================================
===== LoRA Model Summary (Rank 3) ======
Total parameters:     42183936
Trainable parameters: 774144 (1.83516%)
Frozen parameters:    41409792
========================================
E20260512 01:36:21.947954 140610988122112 main.cc:419] step    1/10 | train loss 5.206748 | lr 1.00e-04 | (1503.31 ms | 3406 tok/s | peak used:  2153 MB | peak reserved:  2208 MB, DP=2, TP=4, SP=4, PP=1)
E20260512 01:36:22.764101 140610988122112 main.cc:419] step    2/10 | train loss 5.140431 | lr 1.00e-04 | (815.21 ms | 6281 tok/s | peak used:  2153 MB | peak reserved:  2240 MB, DP=2, TP=4, SP=4, PP=1)
E20260512 01:36:23.532089 140610988122112 main.cc:419] step    3/10 | train loss 5.071289 | lr 1.00e-04 | (767.82 ms | 6668 tok/s | peak used:  2153 MB | peak reserved:  2240 MB, DP=2, TP=4, SP=4, PP=1)
E20260512 01:36:24.291632 140610988122112 main.cc:419] step    4/10 | train loss 4.765457 | lr 1.00e-04 | (759.40 ms | 6742 tok/s | peak used:  2153 MB | peak reserved:  2240 MB, DP=2, TP=4, SP=4, PP=1)
E20260512 01:36:24.873546 140610988122112 main.cc:419] step    5/10 | train loss 4.898629 | lr 1.00e-04 | (581.83 ms | 8800 tok/s | peak used:  2153 MB | peak reserved:  2240 MB, DP=2, TP=4, SP=4, PP=1)
E20260512 01:36:25.442145 140610988122112 main.cc:419] step    6/10 | train loss 4.878841 | lr 1.00e-04 | (568.53 ms | 9006 tok/s | peak used:  2153 MB | peak reserved:  2240 MB, DP=2, TP=4, SP=4, PP=1)
E20260512 01:36:26.004721 140610988122112 main.cc:419] step    7/10 | train loss 4.966088 | lr 1.00e-04 | (562.51 ms | 9102 tok/s | peak used:  2153 MB | peak reserved:  2240 MB, DP=2, TP=4, SP=4, PP=1)
E20260512 01:36:26.731305 140610988122112 main.cc:419] step    8/10 | train loss 4.916036 | lr 1.00e-04 | (726.52 ms | 7047 tok/s | peak used:  2153 MB | peak reserved:  2240 MB, DP=2, TP=4, SP=4, PP=1)
E20260512 01:36:27.363893 140610988122112 main.cc:419] step    9/10 | train loss 4.957162 | lr 1.00e-04 | (632.52 ms | 8095 tok/s | peak used:  2153 MB | peak reserved:  2240 MB, DP=2, TP=4, SP=4, PP=1)
E20260512 01:36:27.966541 140610988122112 main.cc:419] step   10/10 | train loss 5.025025 | lr 1.00e-04 | (602.58 ms | 8497 tok/s | peak used:  2153 MB | peak reserved:  2240 MB, DP=2, TP=4, SP=4, PP=1)
