[LAST_CMAKE] cmake -DUSE_CUDA=ON -DUSE_NCCL=ON .. && make -j
[COMMAND] ./gpt2 --input_bin /data/shared/InfiniTrain-dev/data/llmc/gpt2/tinyshakespeare/tiny_shakespeare_train.bin --llmc_filepath /data/shared/InfiniTrain-dev/data/llmc/gpt2/gpt2_124M.bin --device cuda --dtype=float32 --nthread_per_process=8 --num_iteration=10 --batch_size=40 --total_batch_size=5120 --tensor_parallel=4 --sequence_parallel=true --lora_rank=4 --lora_alpha=8.0 --lora_target_modules=attn.c_proj,c_fc,c_proj
===== LoRA Model Summary (Rank 5) ======
Total parameters:     41603328
Trainable parameters: 193536 (0.465194%)
Frozen parameters:    41409792
========================================
===== LoRA Model Summary (Rank 7) ======
Total parameters:     41603328
Trainable parameters: 193536 (0.465194%)
Frozen parameters:    41409792
========================================
===== LoRA Model Summary (Rank 2) ======
Total parameters:     41603328
Trainable parameters: 193536 (0.465194%)
Frozen parameters:    41409792
========================================
===== LoRA Model Summary (Rank 3) ======
Total parameters:     41603328
Trainable parameters: 193536 (0.465194%)
Frozen parameters:    41409792
========================================
===== LoRA Model Summary (Rank 4) ======
Total parameters:     41603328
Trainable parameters: 193536 (0.465194%)
Frozen parameters:    41409792
========================================
===== LoRA Model Summary (Rank 1) ======
Total parameters:     41603328
Trainable parameters: 193536 (0.465194%)
Frozen parameters:    41409792
========================================
===== LoRA Model Summary (Rank 0) ======
Total parameters:     41603328
Trainable parameters: 193536 (0.465194%)
Frozen parameters:    41409792
========================================
===== LoRA Model Summary (Rank 6) ======
Total parameters:     41603328
Trainable parameters: 193536 (0.465194%)
Frozen parameters:    41409792
========================================
E20260511 09:35:44.897187 140411070816256 main.cc:419] step    1/10 | train loss 5.219545 | lr 1.00e-04 | (456.79 ms | 11209 tok/s | peak used:  2205 MB | peak reserved:  2240 MB, DP=2, TP=4, SP=4, PP=1)
E20260511 09:35:45.127943 140411070816256 main.cc:419] step    2/10 | train loss 5.143059 | lr 1.00e-04 | (230.44 ms | 22218 tok/s | peak used:  2205 MB | peak reserved:  2240 MB, DP=2, TP=4, SP=4, PP=1)
E20260511 09:35:45.292814 140411070816256 main.cc:419] step    3/10 | train loss 5.074570 | lr 1.00e-04 | (164.81 ms | 31066 tok/s | peak used:  2205 MB | peak reserved:  2240 MB, DP=2, TP=4, SP=4, PP=1)
E20260511 09:35:45.454478 140411070816256 main.cc:419] step    4/10 | train loss 4.774470 | lr 1.00e-04 | (161.61 ms | 31682 tok/s | peak used:  2205 MB | peak reserved:  2240 MB, DP=2, TP=4, SP=4, PP=1)
E20260511 09:35:45.617568 140411070816256 main.cc:419] step    5/10 | train loss 4.900544 | lr 1.00e-04 | (163.02 ms | 31408 tok/s | peak used:  2205 MB | peak reserved:  2240 MB, DP=2, TP=4, SP=4, PP=1)
E20260511 09:35:45.780430 140411070816256 main.cc:419] step    6/10 | train loss 4.886502 | lr 1.00e-04 | (162.80 ms | 31449 tok/s | peak used:  2205 MB | peak reserved:  2240 MB, DP=2, TP=4, SP=4, PP=1)
E20260511 09:35:45.944954 140411070816256 main.cc:419] step    7/10 | train loss 4.977886 | lr 1.00e-04 | (164.47 ms | 31131 tok/s | peak used:  2205 MB | peak reserved:  2240 MB, DP=2, TP=4, SP=4, PP=1)
E20260511 09:35:46.117198 140411070816256 main.cc:419] step    8/10 | train loss 4.925550 | lr 1.00e-04 | (172.19 ms | 29735 tok/s | peak used:  2205 MB | peak reserved:  2240 MB, DP=2, TP=4, SP=4, PP=1)
E20260511 09:35:46.293077 140411070816256 main.cc:419] step    9/10 | train loss 4.956982 | lr 1.00e-04 | (175.82 ms | 29120 tok/s | peak used:  2205 MB | peak reserved:  2240 MB, DP=2, TP=4, SP=4, PP=1)
E20260511 09:35:46.459688 140411070816256 main.cc:419] step   10/10 | train loss 5.033280 | lr 1.00e-04 | (166.55 ms | 30741 tok/s | peak used:  2205 MB | peak reserved:  2240 MB, DP=2, TP=4, SP=4, PP=1)
