[LAST_CMAKE] cmake -DUSE_CUDA=ON -DUSE_NCCL=ON .. && make -j
[COMMAND] ./gpt2 --input_bin /data/shared/InfiniTrain-dev/data/llmc/gpt2/tinyshakespeare/tiny_shakespeare_train.bin --llmc_filepath /data/shared/InfiniTrain-dev/data/llmc/gpt2/gpt2_124M.bin --device cuda --dtype=bfloat16 --nthread_per_process=8 --num_iteration=10 --batch_size=40 --total_batch_size=5120 --tensor_parallel=4 --lora_rank=16 --lora_alpha=32.0 --lora_target_modules=c_attn,c_fc,c_proj
===== LoRA Model Summary (Rank 3) ======
Total parameters:     42441984
Trainable parameters: 1032192 (2.43201%)
Frozen parameters:    41409792
========================================
===== LoRA Model Summary (Rank 5) ======
Total parameters:     42441984
Trainable parameters: 1032192 (2.43201%)
Frozen parameters:    41409792
========================================
===== LoRA Model Summary (Rank 6) ======
Total parameters:     42441984
Trainable parameters: 1032192 (2.43201%)
Frozen parameters:    41409792
========================================
===== LoRA Model Summary (Rank 4) ======
Total parameters:     42441984
Trainable parameters: 1032192 (2.43201%)
Frozen parameters:    41409792
========================================
===== LoRA Model Summary (Rank 0) ======
Total parameters:     42441984
Trainable parameters: 1032192 (2.43201%)
Frozen parameters:    41409792
========================================
===== LoRA Model Summary (Rank 2) ======
Total parameters:     42441984
Trainable parameters: 1032192 (2.43201%)
Frozen parameters:    41409792
========================================
===== LoRA Model Summary (Rank 7) ======
Total parameters:     42441984
Trainable parameters: 1032192 (2.43201%)
Frozen parameters:    41409792
========================================
===== LoRA Model Summary (Rank 1) ======
Total parameters:     42441984
Trainable parameters: 1032192 (2.43201%)
Frozen parameters:    41409792
========================================
E20260511 09:35:18.328660 140490997473280 main.cc:419] step    1/10 | train loss 5.205599 | lr 1.00e-04 | (871.98 ms | 5872 tok/s | peak used:  2284 MB | peak reserved:  2400 MB, DP=2, TP=4, SP=1, PP=1)
E20260511 09:35:18.631161 140490997473280 main.cc:419] step    2/10 | train loss 5.136294 | lr 1.00e-04 | (301.74 ms | 16968 tok/s | peak used:  2284 MB | peak reserved:  2432 MB, DP=2, TP=4, SP=1, PP=1)
E20260511 09:35:18.871719 140490997473280 main.cc:419] step    3/10 | train loss 5.077436 | lr 1.00e-04 | (240.42 ms | 21296 tok/s | peak used:  2284 MB | peak reserved:  2464 MB, DP=2, TP=4, SP=1, PP=1)
E20260511 09:35:19.065333 140490997473280 main.cc:419] step    4/10 | train loss 4.768060 | lr 1.00e-04 | (193.51 ms | 26459 tok/s | peak used:  2284 MB | peak reserved:  2496 MB, DP=2, TP=4, SP=1, PP=1)
E20260511 09:35:19.218907 140490997473280 main.cc:419] step    5/10 | train loss 4.896373 | lr 1.00e-04 | (153.49 ms | 33357 tok/s | peak used:  2284 MB | peak reserved:  2496 MB, DP=2, TP=4, SP=1, PP=1)
E20260511 09:35:19.342396 140490997473280 main.cc:419] step    6/10 | train loss 4.874796 | lr 1.00e-04 | (123.41 ms | 41487 tok/s | peak used:  2284 MB | peak reserved:  2528 MB, DP=2, TP=4, SP=1, PP=1)
E20260511 09:35:19.449043 140490997473280 main.cc:419] step    7/10 | train loss 4.966947 | lr 1.00e-04 | (106.58 ms | 48037 tok/s | peak used:  2284 MB | peak reserved:  2560 MB, DP=2, TP=4, SP=1, PP=1)
E20260511 09:35:19.554575 140490997473280 main.cc:419] step    8/10 | train loss 4.919127 | lr 1.00e-04 | (105.47 ms | 48547 tok/s | peak used:  2284 MB | peak reserved:  2560 MB, DP=2, TP=4, SP=1, PP=1)
E20260511 09:35:19.672310 140490997473280 main.cc:419] step    9/10 | train loss 4.960824 | lr 1.00e-04 | (117.67 ms | 43511 tok/s | peak used:  2284 MB | peak reserved:  2592 MB, DP=2, TP=4, SP=1, PP=1)
E20260511 09:35:19.801670 140490997473280 main.cc:419] step   10/10 | train loss 5.025612 | lr 1.00e-04 | (129.30 ms | 39598 tok/s | peak used:  2284 MB | peak reserved:  2592 MB, DP=2, TP=4, SP=1, PP=1)
