[LAST_CMAKE] cmake -DUSE_CUDA=ON -DUSE_NCCL=ON -DBUILD_TEST=ON -DPROFILE_MODE=OFF .. && make -j
[RUN_METADATA] /home/chenxi/InfiniTrain/scripts/20260722/lora_ddp_loss_4587641/logs/run_metadata.log
[RUN_STARTED_AT] 2026-07-22 07:35:35
[GIT_BRANCH] lora_ddp_loss
[GIT_COMMIT] 4587641eac29482b9f3e0d1a58f250bbf932082c
[GIT_COMMIT_SHORT] 4587641
[COMMAND] ./gpt2 --input_bin /data1/shared/InfiniTrain-dev/data/llmc/gpt2/tinyshakespeare/tiny_shakespeare_train.bin --llmc_filepath /data1/shared/InfiniTrain-dev/data/llmc/gpt2/gpt2_124M.bin --device cuda --num_iteration 50 --save_interval 10 --load /data1/ckpt/no_resume/gpt2/no_resume/checkpoint_step_000030 --save /data1/ckpt/base_resume/gpt2/resume
E20260722 08:09:05.095764 140717017546752 checkpoint.cc:241] [CKPT] Load done: global_step=30, consumed_batches =30, topology(ddp,tp,sp,pp)=(1,1,1,1)
E20260722 08:09:05.172005 140717017546752 main.cc:521] step   31/50 | train loss 4.773660 | lr 1.00e-04 | (75.91 ms | 3372 tok/s | peak used:  1395 MB | peak reserved:  1536 MB, DP=1, TP=1, SP=1, PP=1)
E20260722 08:09:05.197963 140717017546752 main.cc:521] step   32/50 | train loss 4.746778 | lr 1.00e-04 | (25.88 ms | 9893 tok/s | peak used:  1395 MB | peak reserved:  1568 MB, DP=1, TP=1, SP=1, PP=1)
E20260722 08:09:05.227031 140717017546752 main.cc:521] step   33/50 | train loss 4.573681 | lr 1.00e-04 | (29.02 ms | 8821 tok/s | peak used:  1395 MB | peak reserved:  1568 MB, DP=1, TP=1, SP=1, PP=1)
E20260722 08:09:05.256049 140717017546752 main.cc:521] step   34/50 | train loss 4.970089 | lr 1.00e-04 | (28.97 ms | 8835 tok/s | peak used:  1395 MB | peak reserved:  1568 MB, DP=1, TP=1, SP=1, PP=1)
E20260722 08:09:05.285102 140717017546752 main.cc:521] step   35/50 | train loss 5.018559 | lr 1.00e-04 | (29.01 ms | 8824 tok/s | peak used:  1395 MB | peak reserved:  1568 MB, DP=1, TP=1, SP=1, PP=1)
E20260722 08:09:05.314189 140717017546752 main.cc:521] step   36/50 | train loss 5.078458 | lr 1.00e-04 | (29.03 ms | 8818 tok/s | peak used:  1395 MB | peak reserved:  1568 MB, DP=1, TP=1, SP=1, PP=1)
E20260722 08:09:05.343398 140717017546752 main.cc:521] step   37/50 | train loss 5.006863 | lr 1.00e-04 | (29.17 ms | 8777 tok/s | peak used:  1395 MB | peak reserved:  1568 MB, DP=1, TP=1, SP=1, PP=1)
E20260722 08:09:05.372546 140717017546752 main.cc:521] step   38/50 | train loss 4.561945 | lr 1.00e-04 | (29.11 ms | 8795 tok/s | peak used:  1395 MB | peak reserved:  1568 MB, DP=1, TP=1, SP=1, PP=1)
E20260722 08:09:05.401629 140717017546752 main.cc:521] step   39/50 | train loss 4.825914 | lr 1.00e-04 | (29.04 ms | 8815 tok/s | peak used:  1395 MB | peak reserved:  1568 MB, DP=1, TP=1, SP=1, PP=1)
E20260722 08:09:05.428511 140717017546752 main.cc:521] step   40/50 | train loss 4.741745 | lr 1.00e-04 | (26.84 ms | 9538 tok/s | peak used:  1395 MB | peak reserved:  1568 MB, DP=1, TP=1, SP=1, PP=1)
E20260722 08:09:06.182046 140717017546752 checkpoint.cc:207] [CKPT] Save done: dir="/data1/ckpt/base_resume/gpt2/resume/checkpoint_step_000040"
E20260722 08:09:06.208222 140717017546752 main.cc:521] step   41/50 | train loss 4.772775 | lr 1.00e-04 | (26.06 ms | 9823 tok/s | peak used:  1395 MB | peak reserved:  1568 MB, DP=1, TP=1, SP=1, PP=1)
E20260722 08:09:06.233501 140717017546752 main.cc:521] step   42/50 | train loss 4.767107 | lr 1.00e-04 | (25.24 ms | 10144 tok/s | peak used:  1395 MB | peak reserved:  1568 MB, DP=1, TP=1, SP=1, PP=1)
E20260722 08:09:06.258730 140717017546752 main.cc:521] step   43/50 | train loss 4.435563 | lr 1.00e-04 | (25.19 ms | 10164 tok/s | peak used:  1395 MB | peak reserved:  1568 MB, DP=1, TP=1, SP=1, PP=1)
E20260722 08:09:06.283950 140717017546752 main.cc:521] step   44/50 | train loss 4.350802 | lr 1.00e-04 | (25.18 ms | 10167 tok/s | peak used:  1395 MB | peak reserved:  1568 MB, DP=1, TP=1, SP=1, PP=1)
E20260722 08:09:06.309161 140717017546752 main.cc:521] step   45/50 | train loss 4.476607 | lr 1.00e-04 | (25.17 ms | 10171 tok/s | peak used:  1395 MB | peak reserved:  1568 MB, DP=1, TP=1, SP=1, PP=1)
E20260722 08:09:06.334330 140717017546752 main.cc:521] step   46/50 | train loss 4.377407 | lr 1.00e-04 | (25.13 ms | 10187 tok/s | peak used:  1395 MB | peak reserved:  1568 MB, DP=1, TP=1, SP=1, PP=1)
E20260722 08:09:06.359512 140717017546752 main.cc:521] step   47/50 | train loss 4.606428 | lr 1.00e-04 | (25.14 ms | 10185 tok/s | peak used:  1395 MB | peak reserved:  1568 MB, DP=1, TP=1, SP=1, PP=1)
E20260722 08:09:06.384701 140717017546752 main.cc:521] step   48/50 | train loss 4.547577 | lr 1.00e-04 | (25.15 ms | 10179 tok/s | peak used:  1395 MB | peak reserved:  1568 MB, DP=1, TP=1, SP=1, PP=1)
E20260722 08:09:06.409874 140717017546752 main.cc:521] step   49/50 | train loss 4.762215 | lr 1.00e-04 | (25.13 ms | 10188 tok/s | peak used:  1395 MB | peak reserved:  1568 MB, DP=1, TP=1, SP=1, PP=1)
E20260722 08:09:06.435163 140717017546752 main.cc:521] step   50/50 | train loss 4.658837 | lr 1.00e-04 | (25.25 ms | 10139 tok/s | peak used:  1395 MB | peak reserved:  1568 MB, DP=1, TP=1, SP=1, PP=1)
E20260722 08:09:07.209445 140717017546752 checkpoint.cc:207] [CKPT] Save done: dir="/data1/ckpt/base_resume/gpt2/resume/checkpoint_step_000050"
