[LAST_CMAKE] cmake -DUSE_CUDA=ON -DUSE_NCCL=ON -DBUILD_TEST=ON -DPROFILE_MODE=OFF .. && make -j
[RUN_METADATA] /home/chenxi/InfiniTrain/scripts/20260722/lora_ddp_loss_4587641/logs/run_metadata.log
[RUN_STARTED_AT] 2026-07-22 07:35:35
[GIT_BRANCH] lora_ddp_loss
[GIT_COMMIT] 4587641eac29482b9f3e0d1a58f250bbf932082c
[GIT_COMMIT_SHORT] 4587641
[COMMAND] ./gpt2 --input_bin /data1/shared/InfiniTrain-dev/data/llmc/gpt2/tinyshakespeare/tiny_shakespeare_train.bin --llmc_filepath /data1/shared/InfiniTrain-dev/data/llmc/gpt2/gpt2_124M.bin --device cuda --num_iteration 50 --save_interval 10 --save /data1/ckpt/no_resume/gpt2/no_resume
E20260722 08:06:52.085258 140546131406848 main.cc:521] step    1/50 | train loss 5.356189 | lr 1.00e-04 | (94.81 ms | 2700 tok/s | peak used:  1395 MB | peak reserved:  1536 MB, DP=1, TP=1, SP=1, PP=1)
E20260722 08:06:52.110076 140546131406848 main.cc:521] step    2/50 | train loss 5.060788 | lr 1.00e-04 | (24.38 ms | 10501 tok/s | peak used:  1395 MB | peak reserved:  1600 MB, DP=1, TP=1, SP=1, PP=1)
E20260722 08:06:52.139255 140546131406848 main.cc:521] step    3/50 | train loss 4.860481 | lr 1.00e-04 | (29.13 ms | 8787 tok/s | peak used:  1395 MB | peak reserved:  1600 MB, DP=1, TP=1, SP=1, PP=1)
E20260722 08:06:52.169497 140546131406848 main.cc:521] step    4/50 | train loss 4.961461 | lr 1.00e-04 | (30.20 ms | 8477 tok/s | peak used:  1395 MB | peak reserved:  1632 MB, DP=1, TP=1, SP=1, PP=1)
E20260722 08:06:52.198432 140546131406848 main.cc:521] step    5/50 | train loss 4.888362 | lr 1.00e-04 | (28.89 ms | 8860 tok/s | peak used:  1395 MB | peak reserved:  1664 MB, DP=1, TP=1, SP=1, PP=1)
E20260722 08:06:52.227539 140546131406848 main.cc:521] step    6/50 | train loss 5.099510 | lr 1.00e-04 | (29.07 ms | 8807 tok/s | peak used:  1395 MB | peak reserved:  1664 MB, DP=1, TP=1, SP=1, PP=1)
E20260722 08:06:52.255834 140546131406848 main.cc:521] step    7/50 | train loss 4.860971 | lr 1.00e-04 | (28.25 ms | 9061 tok/s | peak used:  1395 MB | peak reserved:  1696 MB, DP=1, TP=1, SP=1, PP=1)
E20260722 08:06:52.280526 140546131406848 main.cc:521] step    8/50 | train loss 4.945640 | lr 1.00e-04 | (24.65 ms | 10384 tok/s | peak used:  1395 MB | peak reserved:  1728 MB, DP=1, TP=1, SP=1, PP=1)
E20260722 08:06:52.308519 140546131406848 main.cc:521] step    9/50 | train loss 5.121745 | lr 1.00e-04 | (27.95 ms | 9159 tok/s | peak used:  1395 MB | peak reserved:  1760 MB, DP=1, TP=1, SP=1, PP=1)
E20260722 08:06:52.332728 140546131406848 main.cc:521] step   10/50 | train loss 5.271437 | lr 1.00e-04 | (24.17 ms | 10592 tok/s | peak used:  1395 MB | peak reserved:  1792 MB, DP=1, TP=1, SP=1, PP=1)
E20260722 08:06:53.074899 140546131406848 checkpoint.cc:207] [CKPT] Save done: dir="/data1/ckpt/no_resume/gpt2/no_resume/checkpoint_step_000010"
E20260722 08:06:53.101004 140546131406848 main.cc:521] step   11/50 | train loss 5.080355 | lr 1.00e-04 | (25.99 ms | 9849 tok/s | peak used:  1395 MB | peak reserved:  1824 MB, DP=1, TP=1, SP=1, PP=1)
E20260722 08:06:53.124793 140546131406848 main.cc:521] step   12/50 | train loss 4.641864 | lr 1.00e-04 | (23.74 ms | 10783 tok/s | peak used:  1395 MB | peak reserved:  1824 MB, DP=1, TP=1, SP=1, PP=1)
E20260722 08:06:53.149891 140546131406848 main.cc:521] step   13/50 | train loss 4.715222 | lr 1.00e-04 | (25.06 ms | 10216 tok/s | peak used:  1395 MB | peak reserved:  1856 MB, DP=1, TP=1, SP=1, PP=1)
E20260722 08:06:53.174068 140546131406848 main.cc:521] step   14/50 | train loss 4.858470 | lr 1.00e-04 | (24.14 ms | 10606 tok/s | peak used:  1395 MB | peak reserved:  1856 MB, DP=1, TP=1, SP=1, PP=1)
E20260722 08:06:53.203132 140546131406848 main.cc:521] step   15/50 | train loss 5.047507 | lr 1.00e-04 | (29.03 ms | 8820 tok/s | peak used:  1395 MB | peak reserved:  1920 MB, DP=1, TP=1, SP=1, PP=1)
E20260722 08:06:53.228380 140546131406848 main.cc:521] step   16/50 | train loss 4.796617 | lr 1.00e-04 | (25.21 ms | 10155 tok/s | peak used:  1395 MB | peak reserved:  1952 MB, DP=1, TP=1, SP=1, PP=1)
E20260722 08:06:53.252494 140546131406848 main.cc:521] step   17/50 | train loss 5.154048 | lr 1.00e-04 | (24.06 ms | 10640 tok/s | peak used:  1395 MB | peak reserved:  1984 MB, DP=1, TP=1, SP=1, PP=1)
E20260722 08:06:53.278733 140546131406848 main.cc:521] step   18/50 | train loss 5.009339 | lr 1.00e-04 | (26.18 ms | 9777 tok/s | peak used:  1395 MB | peak reserved:  2016 MB, DP=1, TP=1, SP=1, PP=1)
E20260722 08:06:53.313925 140546131406848 main.cc:521] step   19/50 | train loss 4.679073 | lr 1.00e-04 | (35.13 ms | 7287 tok/s | peak used:  1395 MB | peak reserved:  2080 MB, DP=1, TP=1, SP=1, PP=1)
E20260722 08:06:53.342708 140546131406848 main.cc:521] step   20/50 | train loss 4.473441 | lr 1.00e-04 | (28.73 ms | 8912 tok/s | peak used:  1395 MB | peak reserved:  2112 MB, DP=1, TP=1, SP=1, PP=1)
E20260722 08:06:54.057214 140546131406848 checkpoint.cc:207] [CKPT] Save done: dir="/data1/ckpt/no_resume/gpt2/no_resume/checkpoint_step_000020"
E20260722 08:06:54.082517 140546131406848 main.cc:521] step   21/50 | train loss 4.760530 | lr 1.00e-04 | (25.19 ms | 10162 tok/s | peak used:  1395 MB | peak reserved:  2144 MB, DP=1, TP=1, SP=1, PP=1)
E20260722 08:06:54.106843 140546131406848 main.cc:521] step   22/50 | train loss 4.650719 | lr 1.00e-04 | (24.25 ms | 10555 tok/s | peak used:  1395 MB | peak reserved:  2176 MB, DP=1, TP=1, SP=1, PP=1)
E20260722 08:06:54.131449 140546131406848 main.cc:521] step   23/50 | train loss 4.868135 | lr 1.00e-04 | (24.55 ms | 10428 tok/s | peak used:  1395 MB | peak reserved:  2240 MB, DP=1, TP=1, SP=1, PP=1)
E20260722 08:06:54.156053 140546131406848 main.cc:521] step   24/50 | train loss 4.681736 | lr 1.00e-04 | (24.56 ms | 10423 tok/s | peak used:  1395 MB | peak reserved:  2272 MB, DP=1, TP=1, SP=1, PP=1)
E20260722 08:06:54.180749 140546131406848 main.cc:521] step   25/50 | train loss 4.585908 | lr 1.00e-04 | (24.66 ms | 10381 tok/s | peak used:  1395 MB | peak reserved:  2304 MB, DP=1, TP=1, SP=1, PP=1)
E20260722 08:06:54.205305 140546131406848 main.cc:521] step   26/50 | train loss 4.715930 | lr 1.00e-04 | (24.52 ms | 10442 tok/s | peak used:  1395 MB | peak reserved:  2336 MB, DP=1, TP=1, SP=1, PP=1)
E20260722 08:06:54.230111 140546131406848 main.cc:521] step   27/50 | train loss 4.356284 | lr 1.00e-04 | (24.76 ms | 10337 tok/s | peak used:  1395 MB | peak reserved:  2400 MB, DP=1, TP=1, SP=1, PP=1)
E20260722 08:06:54.254616 140546131406848 main.cc:521] step   28/50 | train loss 4.681601 | lr 1.00e-04 | (24.47 ms | 10463 tok/s | peak used:  1395 MB | peak reserved:  2432 MB, DP=1, TP=1, SP=1, PP=1)
E20260722 08:06:54.279388 140546131406848 main.cc:521] step   29/50 | train loss 4.828084 | lr 1.00e-04 | (24.73 ms | 10351 tok/s | peak used:  1395 MB | peak reserved:  2496 MB, DP=1, TP=1, SP=1, PP=1)
E20260722 08:06:54.304060 140546131406848 main.cc:521] step   30/50 | train loss 4.538360 | lr 1.00e-04 | (24.63 ms | 10393 tok/s | peak used:  1395 MB | peak reserved:  2528 MB, DP=1, TP=1, SP=1, PP=1)
E20260722 08:06:55.018675 140546131406848 checkpoint.cc:207] [CKPT] Save done: dir="/data1/ckpt/no_resume/gpt2/no_resume/checkpoint_step_000030"
E20260722 08:06:55.043569 140546131406848 main.cc:521] step   31/50 | train loss 4.773660 | lr 1.00e-04 | (24.78 ms | 10329 tok/s | peak used:  1395 MB | peak reserved:  2528 MB, DP=1, TP=1, SP=1, PP=1)
E20260722 08:06:55.075511 140546131406848 main.cc:521] step   32/50 | train loss 4.746776 | lr 1.00e-04 | (31.90 ms | 8026 tok/s | peak used:  1395 MB | peak reserved:  2592 MB, DP=1, TP=1, SP=1, PP=1)
E20260722 08:06:55.103747 140546131406848 main.cc:521] step   33/50 | train loss 4.573683 | lr 1.00e-04 | (28.20 ms | 9079 tok/s | peak used:  1395 MB | peak reserved:  2592 MB, DP=1, TP=1, SP=1, PP=1)
E20260722 08:06:55.127703 140546131406848 main.cc:521] step   34/50 | train loss 4.970090 | lr 1.00e-04 | (23.92 ms | 10704 tok/s | peak used:  1395 MB | peak reserved:  2624 MB, DP=1, TP=1, SP=1, PP=1)
E20260722 08:06:55.152247 140546131406848 main.cc:521] step   35/50 | train loss 5.018560 | lr 1.00e-04 | (24.51 ms | 10447 tok/s | peak used:  1395 MB | peak reserved:  2656 MB, DP=1, TP=1, SP=1, PP=1)
E20260722 08:06:55.182774 140546131406848 main.cc:521] step   36/50 | train loss 5.078459 | lr 1.00e-04 | (30.48 ms | 8398 tok/s | peak used:  1395 MB | peak reserved:  2688 MB, DP=1, TP=1, SP=1, PP=1)
E20260722 08:06:55.211881 140546131406848 main.cc:521] step   37/50 | train loss 5.006863 | lr 1.00e-04 | (28.94 ms | 8845 tok/s | peak used:  1395 MB | peak reserved:  2720 MB, DP=1, TP=1, SP=1, PP=1)
E20260722 08:06:55.236558 140546131406848 main.cc:521] step   38/50 | train loss 4.561944 | lr 1.00e-04 | (24.64 ms | 10392 tok/s | peak used:  1395 MB | peak reserved:  2752 MB, DP=1, TP=1, SP=1, PP=1)
E20260722 08:06:55.261303 140546131406848 main.cc:521] step   39/50 | train loss 4.825913 | lr 1.00e-04 | (24.70 ms | 10365 tok/s | peak used:  1395 MB | peak reserved:  2752 MB, DP=1, TP=1, SP=1, PP=1)
E20260722 08:06:55.285857 140546131406848 main.cc:521] step   40/50 | train loss 4.741747 | lr 1.00e-04 | (24.52 ms | 10443 tok/s | peak used:  1395 MB | peak reserved:  2816 MB, DP=1, TP=1, SP=1, PP=1)
E20260722 08:06:55.986089 140546131406848 checkpoint.cc:207] [CKPT] Save done: dir="/data1/ckpt/no_resume/gpt2/no_resume/checkpoint_step_000040"
E20260722 08:06:56.079408 140546131406848 main.cc:521] step   41/50 | train loss 4.772774 | lr 1.00e-04 | (24.89 ms | 10286 tok/s | peak used:  1395 MB | peak reserved:  2848 MB, DP=1, TP=1, SP=1, PP=1)
E20260722 08:06:56.106290 140546131406848 main.cc:521] step   42/50 | train loss 4.767108 | lr 1.00e-04 | (26.83 ms | 9540 tok/s | peak used:  1395 MB | peak reserved:  2848 MB, DP=1, TP=1, SP=1, PP=1)
E20260722 08:06:56.131195 140546131406848 main.cc:521] step   43/50 | train loss 4.435561 | lr 1.00e-04 | (24.85 ms | 10301 tok/s | peak used:  1395 MB | peak reserved:  2848 MB, DP=1, TP=1, SP=1, PP=1)
E20260722 08:06:56.157519 140546131406848 main.cc:521] step   44/50 | train loss 4.350801 | lr 1.00e-04 | (26.28 ms | 9740 tok/s | peak used:  1395 MB | peak reserved:  2880 MB, DP=1, TP=1, SP=1, PP=1)
E20260722 08:06:56.189090 140546131406848 main.cc:521] step   45/50 | train loss 4.476607 | lr 1.00e-04 | (31.52 ms | 8121 tok/s | peak used:  1395 MB | peak reserved:  2880 MB, DP=1, TP=1, SP=1, PP=1)
E20260722 08:06:56.219024 140546131406848 main.cc:521] step   46/50 | train loss 4.377406 | lr 1.00e-04 | (29.79 ms | 8592 tok/s | peak used:  1395 MB | peak reserved:  2912 MB, DP=1, TP=1, SP=1, PP=1)
E20260722 08:06:56.243691 140546131406848 main.cc:521] step   47/50 | train loss 4.606429 | lr 1.00e-04 | (24.63 ms | 10396 tok/s | peak used:  1395 MB | peak reserved:  2976 MB, DP=1, TP=1, SP=1, PP=1)
E20260722 08:06:56.269654 140546131406848 main.cc:521] step   48/50 | train loss 4.547576 | lr 1.00e-04 | (25.92 ms | 9876 tok/s | peak used:  1395 MB | peak reserved:  3008 MB, DP=1, TP=1, SP=1, PP=1)
E20260722 08:06:56.296815 140546131406848 main.cc:521] step   49/50 | train loss 4.762215 | lr 1.00e-04 | (27.12 ms | 9440 tok/s | peak used:  1395 MB | peak reserved:  3008 MB, DP=1, TP=1, SP=1, PP=1)
E20260722 08:06:56.320688 140546131406848 main.cc:521] step   50/50 | train loss 4.658839 | lr 1.00e-04 | (23.83 ms | 10741 tok/s | peak used:  1395 MB | peak reserved:  3040 MB, DP=1, TP=1, SP=1, PP=1)
E20260722 08:06:57.056519 140546131406848 checkpoint.cc:207] [CKPT] Save done: dir="/data1/ckpt/no_resume/gpt2/no_resume/checkpoint_step_000050"
