[LAST_CMAKE] cmake -DUSE_CUDA=ON -DUSE_NCCL=ON -DBUILD_TEST=OFF -DPROFILE_MODE=ON .. && make -j
[RUN_METADATA] /home/chenxi/InfiniTrain/scripts/20260722/lora_ddp_loss_4587641/logs/run_metadata.log
[RUN_STARTED_AT] 2026-07-22 07:35:35
[GIT_BRANCH] lora_ddp_loss
[GIT_COMMIT] 4587641eac29482b9f3e0d1a58f250bbf932082c
[GIT_COMMIT_SHORT] 4587641
[COMMAND] ./gpt2 --input_bin /data1/shared/InfiniTrain-dev/data/llmc/gpt2/tinyshakespeare/tiny_shakespeare_train.bin --llmc_filepath /data1/shared/InfiniTrain-dev/data/llmc/gpt2/gpt2_124M.bin --device cuda --dtype bfloat16 --num_iteration 50 --save_interval 10 --save /data1/ckpt/bfloat16_no_resume/gpt2/no_resume
E20260722 09:05:25.617552 140553043148800 main.cc:521] step    1/50 | train loss 5.336104 | lr 1.00e-04 | (211.91 ms | 1208 tok/s | peak used:  1370 MB | peak reserved:  1472 MB, DP=1, TP=1, SP=1, PP=1)
E20260722 09:05:25.727721 140553043148800 main.cc:521] step    2/50 | train loss 5.031670 | lr 1.00e-04 | (109.74 ms | 2333 tok/s | peak used:  1370 MB | peak reserved:  1472 MB, DP=1, TP=1, SP=1, PP=1)
E20260722 09:05:25.810439 140553043148800 main.cc:521] step    3/50 | train loss 4.874242 | lr 1.00e-04 | (82.67 ms | 3097 tok/s | peak used:  1370 MB | peak reserved:  1472 MB, DP=1, TP=1, SP=1, PP=1)
E20260722 09:05:25.893089 140553043148800 main.cc:521] step    4/50 | train loss 4.939117 | lr 1.00e-04 | (82.61 ms | 3099 tok/s | peak used:  1370 MB | peak reserved:  1472 MB, DP=1, TP=1, SP=1, PP=1)
E20260722 09:05:25.974025 140553043148800 main.cc:521] step    5/50 | train loss 4.921639 | lr 1.00e-04 | (80.89 ms | 3165 tok/s | peak used:  1370 MB | peak reserved:  1472 MB, DP=1, TP=1, SP=1, PP=1)
E20260722 09:05:26.093719 140553043148800 main.cc:521] step    6/50 | train loss 5.043001 | lr 1.00e-04 | (119.65 ms | 2140 tok/s | peak used:  1370 MB | peak reserved:  1472 MB, DP=1, TP=1, SP=1, PP=1)
E20260722 09:05:26.193789 140553043148800 main.cc:521] step    7/50 | train loss 4.842581 | lr 1.00e-04 | (100.03 ms | 2559 tok/s | peak used:  1370 MB | peak reserved:  1472 MB, DP=1, TP=1, SP=1, PP=1)
E20260722 09:05:26.296639 140553043148800 main.cc:521] step    8/50 | train loss 4.876862 | lr 1.00e-04 | (102.80 ms | 2490 tok/s | peak used:  1370 MB | peak reserved:  1472 MB, DP=1, TP=1, SP=1, PP=1)
E20260722 09:05:26.377548 140553043148800 main.cc:521] step    9/50 | train loss 5.102315 | lr 1.00e-04 | (80.87 ms | 3166 tok/s | peak used:  1370 MB | peak reserved:  1472 MB, DP=1, TP=1, SP=1, PP=1)
E20260722 09:05:26.496343 140553043148800 main.cc:521] step   10/50 | train loss 5.228162 | lr 1.00e-04 | (118.75 ms | 2156 tok/s | peak used:  1370 MB | peak reserved:  1472 MB, DP=1, TP=1, SP=1, PP=1)
E20260722 09:05:27.249368 140553043148800 checkpoint.cc:207] [CKPT] Save done: dir="/data1/ckpt/bfloat16_no_resume/gpt2/no_resume/checkpoint_step_000010"
E20260722 09:05:27.407713 140553043148800 main.cc:521] step   11/50 | train loss 5.062978 | lr 1.00e-04 | (158.23 ms | 1618 tok/s | peak used:  1370 MB | peak reserved:  1472 MB, DP=1, TP=1, SP=1, PP=1)
E20260722 09:05:27.494520 140553043148800 main.cc:521] step   12/50 | train loss 4.613599 | lr 1.00e-04 | (86.75 ms | 2951 tok/s | peak used:  1370 MB | peak reserved:  1472 MB, DP=1, TP=1, SP=1, PP=1)
E20260722 09:05:27.576853 140553043148800 main.cc:521] step   13/50 | train loss 4.672071 | lr 1.00e-04 | (82.28 ms | 3111 tok/s | peak used:  1370 MB | peak reserved:  1472 MB, DP=1, TP=1, SP=1, PP=1)
E20260722 09:05:27.681870 140553043148800 main.cc:521] step   14/50 | train loss 4.850644 | lr 1.00e-04 | (104.97 ms | 2439 tok/s | peak used:  1370 MB | peak reserved:  1472 MB, DP=1, TP=1, SP=1, PP=1)
E20260722 09:05:27.838688 140553043148800 main.cc:521] step   15/50 | train loss 5.003204 | lr 1.00e-04 | (156.75 ms | 1633 tok/s | peak used:  1370 MB | peak reserved:  1472 MB, DP=1, TP=1, SP=1, PP=1)
E20260722 09:05:27.947914 140553043148800 main.cc:521] step   16/50 | train loss 4.764849 | lr 1.00e-04 | (109.18 ms | 2345 tok/s | peak used:  1370 MB | peak reserved:  1472 MB, DP=1, TP=1, SP=1, PP=1)
E20260722 09:05:28.042700 140553043148800 main.cc:521] step   17/50 | train loss 5.120931 | lr 1.00e-04 | (94.74 ms | 2702 tok/s | peak used:  1370 MB | peak reserved:  1472 MB, DP=1, TP=1, SP=1, PP=1)
E20260722 09:05:28.126403 140553043148800 main.cc:521] step   18/50 | train loss 4.977015 | lr 1.00e-04 | (83.65 ms | 3060 tok/s | peak used:  1370 MB | peak reserved:  1440 MB, DP=1, TP=1, SP=1, PP=1)
E20260722 09:05:28.209498 140553043148800 main.cc:521] step   19/50 | train loss 4.642333 | lr 1.00e-04 | (83.04 ms | 3083 tok/s | peak used:  1370 MB | peak reserved:  1472 MB, DP=1, TP=1, SP=1, PP=1)
E20260722 09:05:28.292728 140553043148800 main.cc:521] step   20/50 | train loss 4.424852 | lr 1.00e-04 | (83.18 ms | 3078 tok/s | peak used:  1370 MB | peak reserved:  1472 MB, DP=1, TP=1, SP=1, PP=1)
E20260722 09:05:29.043021 140553043148800 checkpoint.cc:207] [CKPT] Save done: dir="/data1/ckpt/bfloat16_no_resume/gpt2/no_resume/checkpoint_step_000020"
E20260722 09:05:29.148361 140553043148800 main.cc:521] step   21/50 | train loss 4.736986 | lr 1.00e-04 | (105.23 ms | 2433 tok/s | peak used:  1370 MB | peak reserved:  1472 MB, DP=1, TP=1, SP=1, PP=1)
E20260722 09:05:29.239660 140553043148800 main.cc:521] step   22/50 | train loss 4.651777 | lr 1.00e-04 | (91.25 ms | 2806 tok/s | peak used:  1370 MB | peak reserved:  1472 MB, DP=1, TP=1, SP=1, PP=1)
E20260722 09:05:29.323116 140553043148800 main.cc:521] step   23/50 | train loss 4.855527 | lr 1.00e-04 | (83.41 ms | 3069 tok/s | peak used:  1370 MB | peak reserved:  1472 MB, DP=1, TP=1, SP=1, PP=1)
E20260722 09:05:29.406849 140553043148800 main.cc:521] step   24/50 | train loss 4.645128 | lr 1.00e-04 | (83.69 ms | 3059 tok/s | peak used:  1370 MB | peak reserved:  1472 MB, DP=1, TP=1, SP=1, PP=1)
E20260722 09:05:29.490240 140553043148800 main.cc:521] step   25/50 | train loss 4.575383 | lr 1.00e-04 | (83.35 ms | 3071 tok/s | peak used:  1370 MB | peak reserved:  1472 MB, DP=1, TP=1, SP=1, PP=1)
E20260722 09:05:29.608973 140553043148800 main.cc:521] step   26/50 | train loss 4.682405 | lr 1.00e-04 | (118.69 ms | 2157 tok/s | peak used:  1370 MB | peak reserved:  1472 MB, DP=1, TP=1, SP=1, PP=1)
E20260722 09:05:29.722863 140553043148800 main.cc:521] step   27/50 | train loss 4.336133 | lr 1.00e-04 | (113.85 ms | 2249 tok/s | peak used:  1370 MB | peak reserved:  1472 MB, DP=1, TP=1, SP=1, PP=1)
E20260722 09:05:29.824191 140553043148800 main.cc:521] step   28/50 | train loss 4.664377 | lr 1.00e-04 | (101.29 ms | 2528 tok/s | peak used:  1370 MB | peak reserved:  1472 MB, DP=1, TP=1, SP=1, PP=1)
E20260722 09:05:29.907782 140553043148800 main.cc:521] step   29/50 | train loss 4.811733 | lr 1.00e-04 | (83.55 ms | 3064 tok/s | peak used:  1370 MB | peak reserved:  1472 MB, DP=1, TP=1, SP=1, PP=1)
E20260722 09:05:29.991559 140553043148800 main.cc:521] step   30/50 | train loss 4.528710 | lr 1.00e-04 | (83.74 ms | 3057 tok/s | peak used:  1370 MB | peak reserved:  1440 MB, DP=1, TP=1, SP=1, PP=1)
E20260722 09:05:30.683724 140553043148800 checkpoint.cc:207] [CKPT] Save done: dir="/data1/ckpt/bfloat16_no_resume/gpt2/no_resume/checkpoint_step_000030"
E20260722 09:05:30.799791 140553043148800 main.cc:521] step   31/50 | train loss 4.761424 | lr 1.00e-04 | (115.95 ms | 2208 tok/s | peak used:  1370 MB | peak reserved:  1472 MB, DP=1, TP=1, SP=1, PP=1)
E20260722 09:05:30.897097 140553043148800 main.cc:521] step   32/50 | train loss 4.751041 | lr 1.00e-04 | (97.26 ms | 2632 tok/s | peak used:  1370 MB | peak reserved:  1472 MB, DP=1, TP=1, SP=1, PP=1)
E20260722 09:05:30.984020 140553043148800 main.cc:521] step   33/50 | train loss 4.535437 | lr 1.00e-04 | (86.88 ms | 2947 tok/s | peak used:  1370 MB | peak reserved:  1472 MB, DP=1, TP=1, SP=1, PP=1)
E20260722 09:05:31.067442 140553043148800 main.cc:521] step   34/50 | train loss 4.950960 | lr 1.00e-04 | (83.38 ms | 3070 tok/s | peak used:  1370 MB | peak reserved:  1472 MB, DP=1, TP=1, SP=1, PP=1)
E20260722 09:05:31.185773 140553043148800 main.cc:521] step   35/50 | train loss 5.011269 | lr 1.00e-04 | (118.29 ms | 2164 tok/s | peak used:  1370 MB | peak reserved:  1472 MB, DP=1, TP=1, SP=1, PP=1)
E20260722 09:05:31.290438 140553043148800 main.cc:521] step   36/50 | train loss 5.068449 | lr 1.00e-04 | (104.62 ms | 2447 tok/s | peak used:  1370 MB | peak reserved:  1472 MB, DP=1, TP=1, SP=1, PP=1)
E20260722 09:05:31.393532 140553043148800 main.cc:521] step   37/50 | train loss 4.967691 | lr 1.00e-04 | (103.04 ms | 2484 tok/s | peak used:  1370 MB | peak reserved:  1472 MB, DP=1, TP=1, SP=1, PP=1)
E20260722 09:05:31.476905 140553043148800 main.cc:521] step   38/50 | train loss 4.518897 | lr 1.00e-04 | (83.33 ms | 3072 tok/s | peak used:  1370 MB | peak reserved:  1472 MB, DP=1, TP=1, SP=1, PP=1)
E20260722 09:05:31.560580 140553043148800 main.cc:521] step   39/50 | train loss 4.809628 | lr 1.00e-04 | (83.62 ms | 3061 tok/s | peak used:  1370 MB | peak reserved:  1472 MB, DP=1, TP=1, SP=1, PP=1)
E20260722 09:05:31.644235 140553043148800 main.cc:521] step   40/50 | train loss 4.726556 | lr 1.00e-04 | (83.61 ms | 3062 tok/s | peak used:  1370 MB | peak reserved:  1472 MB, DP=1, TP=1, SP=1, PP=1)
E20260722 09:05:32.348244 140553043148800 checkpoint.cc:207] [CKPT] Save done: dir="/data1/ckpt/bfloat16_no_resume/gpt2/no_resume/checkpoint_step_000040"
E20260722 09:05:32.554102 140553043148800 main.cc:521] step   41/50 | train loss 4.750172 | lr 1.00e-04 | (129.49 ms | 1977 tok/s | peak used:  1370 MB | peak reserved:  1472 MB, DP=1, TP=1, SP=1, PP=1)
E20260722 09:05:32.654187 140553043148800 main.cc:521] step   42/50 | train loss 4.730096 | lr 1.00e-04 | (100.03 ms | 2559 tok/s | peak used:  1370 MB | peak reserved:  1440 MB, DP=1, TP=1, SP=1, PP=1)
E20260722 09:05:32.735298 140553043148800 main.cc:521] step   43/50 | train loss 4.407707 | lr 1.00e-04 | (81.05 ms | 3158 tok/s | peak used:  1370 MB | peak reserved:  1472 MB, DP=1, TP=1, SP=1, PP=1)
E20260722 09:05:32.816297 140553043148800 main.cc:521] step   44/50 | train loss 4.301666 | lr 1.00e-04 | (80.96 ms | 3162 tok/s | peak used:  1370 MB | peak reserved:  1472 MB, DP=1, TP=1, SP=1, PP=1)
E20260722 09:05:32.905957 140553043148800 main.cc:521] step   45/50 | train loss 4.462984 | lr 1.00e-04 | (89.62 ms | 2857 tok/s | peak used:  1370 MB | peak reserved:  1472 MB, DP=1, TP=1, SP=1, PP=1)
E20260722 09:05:33.045407 140553043148800 main.cc:521] step   46/50 | train loss 4.338966 | lr 1.00e-04 | (139.41 ms | 1836 tok/s | peak used:  1370 MB | peak reserved:  1472 MB, DP=1, TP=1, SP=1, PP=1)
E20260722 09:05:33.146092 140553043148800 main.cc:521] step   47/50 | train loss 4.604104 | lr 1.00e-04 | (100.64 ms | 2544 tok/s | peak used:  1370 MB | peak reserved:  1472 MB, DP=1, TP=1, SP=1, PP=1)
E20260722 09:05:33.240744 140553043148800 main.cc:521] step   48/50 | train loss 4.525578 | lr 1.00e-04 | (94.61 ms | 2706 tok/s | peak used:  1370 MB | peak reserved:  1472 MB, DP=1, TP=1, SP=1, PP=1)
E20260722 09:05:33.321867 140553043148800 main.cc:521] step   49/50 | train loss 4.747785 | lr 1.00e-04 | (81.08 ms | 3157 tok/s | peak used:  1370 MB | peak reserved:  1472 MB, DP=1, TP=1, SP=1, PP=1)
E20260722 09:05:33.404519 140553043148800 main.cc:521] step   50/50 | train loss 4.631929 | lr 1.00e-04 | (82.61 ms | 3099 tok/s | peak used:  1370 MB | peak reserved:  1472 MB, DP=1, TP=1, SP=1, PP=1)
E20260722 09:05:34.107248 140553043148800 checkpoint.cc:207] [CKPT] Save done: dir="/data1/ckpt/bfloat16_no_resume/gpt2/no_resume/checkpoint_step_000050"
