[LAST_CMAKE] cmake -DUSE_CUDA=ON -DUSE_NCCL=ON -DBUILD_TEST=OFF -DPROFILE_MODE=ON .. && make -j
[RUN_METADATA] /home/chenxi/InfiniTrain/scripts/20260818/8_proc_07bb30c/logs/run_metadata.log
[RUN_STARTED_AT] 2026-08-18 09:02:12
[GIT_BRANCH] 8_proc
[GIT_COMMIT] 07bb30c0b6f5c40ec9d370248fc99041c78d3596
[GIT_COMMIT_SHORT] 07bb30c
[COMMAND] ./gpt2 --input_bin /data1/shared/InfiniTrain-dev/data/llmc/gpt2/tinyshakespeare/tiny_shakespeare_train.bin --llmc_filepath /data1/shared/InfiniTrain-dev/data/llmc/gpt2/gpt2_124M.bin --device cuda --dtype float32 --nthread_per_process 8 --num_iteration 10 --batch_size 10 --total_batch_size 5120 --pipeline_parallel 8 --lora_rank 4 --lora_alpha 8.0 --lora_target_modules c_attn,attn.c_proj,c_fc
===== LoRA Model Summary (Rank 4) ======
Total parameters:     7121664
Trainable parameters: 33792 (0.474496%)
Frozen parameters:    7087872
========================================
===== LoRA Model Summary (Rank 5) ======
Total parameters:     7121664
Trainable parameters: 33792 (0.474496%)
Frozen parameters:    7087872
========================================
===== LoRA Model Summary (Rank 6) ======
Total parameters:     7121664
Trainable parameters: 33792 (0.474496%)
Frozen parameters:    7087872
========================================
===== LoRA Model Summary (Rank 3) ======
Total parameters:     14243328
Trainable parameters: 67584 (0.474496%)
Frozen parameters:    14175744
========================================
===== LoRA Model Summary (Rank 1) ======
Total parameters:     14243328
Trainable parameters: 67584 (0.474496%)
Frozen parameters:    14175744
========================================
===== LoRA Model Summary (Rank 2) ======
Total parameters:     14243328
Trainable parameters: 67584 (0.474496%)
Frozen parameters:    14175744
========================================
===== LoRA Model Summary (Rank 0) ======
Total parameters:     53627136
Trainable parameters: 67584 (0.126026%)
Frozen parameters:    53559552
========================================
===== LoRA Model Summary (Rank 7) ======
Total parameters:     45720576
Trainable parameters: 33792 (0.0739098%)
Frozen parameters:    45686784
========================================
E20260818 10:32:36.616084 140229474230272 main.cc:520] step    1/10 | train loss 5.219545 | lr 1.00e-04 | (704.96 ms | 7263 tok/s | peak used:  1720 MB | peak reserved:  1760 MB, DP=1, TP=1, SP=1, PP=8)
E20260818 10:32:37.265954 140229474230272 main.cc:520] step    2/10 | train loss 5.143064 | lr 1.00e-04 | (649.12 ms | 7888 tok/s | peak used:  1720 MB | peak reserved:  1760 MB, DP=1, TP=1, SP=1, PP=8)
E20260818 10:32:37.612641 140229474230272 main.cc:520] step    3/10 | train loss 5.074578 | lr 1.00e-04 | (346.59 ms | 14772 tok/s | peak used:  1720 MB | peak reserved:  1760 MB, DP=1, TP=1, SP=1, PP=8)
E20260818 10:32:37.969093 140229474230272 main.cc:520] step    4/10 | train loss 4.774479 | lr 1.00e-04 | (356.37 ms | 14367 tok/s | peak used:  1720 MB | peak reserved:  1760 MB, DP=1, TP=1, SP=1, PP=8)
E20260818 10:32:38.311315 140229474230272 main.cc:520] step    5/10 | train loss 4.900561 | lr 1.00e-04 | (342.15 ms | 14964 tok/s | peak used:  1720 MB | peak reserved:  1760 MB, DP=1, TP=1, SP=1, PP=8)
E20260818 10:32:38.663785 140229474230272 main.cc:520] step    6/10 | train loss 4.886525 | lr 1.00e-04 | (352.42 ms | 14528 tok/s | peak used:  1720 MB | peak reserved:  1760 MB, DP=1, TP=1, SP=1, PP=8)
E20260818 10:32:39.017662 140229474230272 main.cc:520] step    7/10 | train loss 4.977913 | lr 1.00e-04 | (353.82 ms | 14470 tok/s | peak used:  1720 MB | peak reserved:  1760 MB, DP=1, TP=1, SP=1, PP=8)
E20260818 10:32:39.333669 140229474230272 main.cc:520] step    8/10 | train loss 4.925583 | lr 1.00e-04 | (315.95 ms | 16205 tok/s | peak used:  1720 MB | peak reserved:  1760 MB, DP=1, TP=1, SP=1, PP=8)
E20260818 10:32:39.659535 140229474230272 main.cc:520] step    9/10 | train loss 4.957021 | lr 1.00e-04 | (325.82 ms | 15714 tok/s | peak used:  1720 MB | peak reserved:  1760 MB, DP=1, TP=1, SP=1, PP=8)
E20260818 10:32:39.996276 140229474230272 main.cc:520] step   10/10 | train loss 5.033322 | lr 1.00e-04 | (336.69 ms | 15207 tok/s | peak used:  1720 MB | peak reserved:  1760 MB, DP=1, TP=1, SP=1, PP=8)
