[LAST_CMAKE] cmake -DUSE_CUDA=ON -DUSE_NCCL=ON -DBUILD_TEST=OFF -DPROFILE_MODE=ON .. && make -j
[RUN_METADATA] /home/chenxi/InfiniTrain/scripts/20260818/8_proc_07bb30c/logs/run_metadata.log
[RUN_STARTED_AT] 2026-08-18 09:02:12
[GIT_BRANCH] 8_proc
[GIT_COMMIT] 07bb30c0b6f5c40ec9d370248fc99041c78d3596
[GIT_COMMIT_SHORT] 07bb30c
[COMMAND] ./gpt2 --input_bin /data1/shared/InfiniTrain-dev/data/llmc/gpt2/tinyshakespeare/tiny_shakespeare_train.bin --llmc_filepath /data1/shared/InfiniTrain-dev/data/llmc/gpt2/gpt2_124M.bin --device cuda --dtype float32 --num_iteration 10 --batch_size 80 --total_batch_size 5120 --lora_rank 8 --lora_alpha 16.0 --lora_target_modules c_attn,attn.c_proj --lora_load_path /data1/shared/InfiniTrain-dev/data/llmc/gpt2/gpt2_124M_lora_weights_rank8_alpha16.bin
===== LoRA Model Summary (Rank 0) ======
Total parameters:     163479552
Trainable parameters: 442368 (0.270595%)
Frozen parameters:    163037184
========================================
E20260818 10:25:56.151025 140176671150080 main.cc:520] step    1/10 | train loss 5.219541 | lr 1.00e-04 | (769.31 ms | 6655 tok/s | peak used:  7514 MB | peak reserved:  7648 MB, DP=1, TP=1, SP=1, PP=1)
E20260818 10:25:56.926946 140176671150080 main.cc:520] step    2/10 | train loss 5.143069 | lr 1.00e-04 | (775.57 ms | 6602 tok/s | peak used:  7514 MB | peak reserved:  7648 MB, DP=1, TP=1, SP=1, PP=1)
E20260818 10:25:57.618639 140176671150080 main.cc:520] step    3/10 | train loss 5.074582 | lr 1.00e-04 | (691.64 ms | 7403 tok/s | peak used:  7514 MB | peak reserved:  7648 MB, DP=1, TP=1, SP=1, PP=1)
E20260818 10:25:58.327000 140176671150080 main.cc:520] step    4/10 | train loss 4.774477 | lr 1.00e-04 | (708.31 ms | 7228 tok/s | peak used:  7514 MB | peak reserved:  7680 MB, DP=1, TP=1, SP=1, PP=1)
E20260818 10:25:59.106313 140176671150080 main.cc:520] step    5/10 | train loss 4.900558 | lr 1.00e-04 | (779.26 ms | 6570 tok/s | peak used:  7514 MB | peak reserved:  7680 MB, DP=1, TP=1, SP=1, PP=1)
E20260818 10:25:59.808788 140176671150080 main.cc:520] step    6/10 | train loss 4.886520 | lr 1.00e-04 | (702.43 ms | 7289 tok/s | peak used:  7514 MB | peak reserved:  7648 MB, DP=1, TP=1, SP=1, PP=1)
E20260818 10:26:00.508249 140176671150080 main.cc:520] step    7/10 | train loss 4.977930 | lr 1.00e-04 | (699.42 ms | 7320 tok/s | peak used:  7514 MB | peak reserved:  7648 MB, DP=1, TP=1, SP=1, PP=1)
E20260818 10:26:01.201239 140176671150080 main.cc:520] step    8/10 | train loss 4.925591 | lr 1.00e-04 | (692.94 ms | 7389 tok/s | peak used:  7514 MB | peak reserved:  7648 MB, DP=1, TP=1, SP=1, PP=1)
E20260818 10:26:01.907001 140176671150080 main.cc:520] step    9/10 | train loss 4.957021 | lr 1.00e-04 | (705.71 ms | 7255 tok/s | peak used:  7514 MB | peak reserved:  7648 MB, DP=1, TP=1, SP=1, PP=1)
E20260818 10:26:02.592449 140176671150080 main.cc:520] step   10/10 | train loss 5.033315 | lr 1.00e-04 | (685.40 ms | 7470 tok/s | peak used:  7514 MB | peak reserved:  7680 MB, DP=1, TP=1, SP=1, PP=1)
