[LAST_CMAKE] cmake -DUSE_CUDA=ON -DUSE_NCCL=ON -DBUILD_TEST=ON -DPROFILE_MODE=OFF .. && make -j
[RUN_METADATA] /home/chenxi/InfiniTrain/scripts/20260818/8_proc_07bb30c/logs/run_metadata.log
[RUN_STARTED_AT] 2026-08-18 09:02:12
[GIT_BRANCH] 8_proc
[GIT_COMMIT] 07bb30c0b6f5c40ec9d370248fc99041c78d3596
[GIT_COMMIT_SHORT] 07bb30c
[COMMAND] ./gpt2 --input_bin /data1/shared/InfiniTrain-dev/data/llmc/gpt2/tinyshakespeare/tiny_shakespeare_train.bin --llmc_filepath /data1/shared/InfiniTrain-dev/data/llmc/gpt2/gpt2_124M.bin --device cuda --dtype bfloat16 --lora_rank 8 --lora_alpha 16.0 --lora_target_modules c_attn,attn.c_proj --lora_load_path /data1/shared/InfiniTrain-dev/data/llmc/gpt2/gpt2_124M_lora_weights_rank8_alpha16.bin
===== LoRA Model Summary (Rank 0) ======
Total parameters:     163479552
Trainable parameters: 442368 (0.270595%)
Frozen parameters:    163037184
========================================
E20260818 09:25:37.934122 139862026850304 main.cc:520] step    1/10 | train loss 5.336104 | lr 1.00e-04 | (120.02 ms | 2133 tok/s | peak used:  1212 MB | peak reserved:  1248 MB, DP=1, TP=1, SP=1, PP=1)
E20260818 09:25:37.967306 139862026850304 main.cc:520] step    2/10 | train loss 5.133491 | lr 1.00e-04 | (32.65 ms | 7840 tok/s | peak used:  1212 MB | peak reserved:  1280 MB, DP=1, TP=1, SP=1, PP=1)
E20260818 09:25:37.999824 139862026850304 main.cc:520] step    3/10 | train loss 4.878366 | lr 1.00e-04 | (32.48 ms | 7883 tok/s | peak used:  1212 MB | peak reserved:  1280 MB, DP=1, TP=1, SP=1, PP=1)
E20260818 09:25:38.034185 139862026850304 main.cc:520] step    4/10 | train loss 4.995970 | lr 1.00e-04 | (34.32 ms | 7459 tok/s | peak used:  1212 MB | peak reserved:  1312 MB, DP=1, TP=1, SP=1, PP=1)
E20260818 09:25:38.066802 139862026850304 main.cc:520] step    5/10 | train loss 4.894534 | lr 1.00e-04 | (32.58 ms | 7858 tok/s | peak used:  1212 MB | peak reserved:  1312 MB, DP=1, TP=1, SP=1, PP=1)
E20260818 09:25:38.104888 139862026850304 main.cc:520] step    6/10 | train loss 5.190569 | lr 1.00e-04 | (38.05 ms | 6728 tok/s | peak used:  1212 MB | peak reserved:  1344 MB, DP=1, TP=1, SP=1, PP=1)
E20260818 09:25:38.137428 139862026850304 main.cc:520] step    7/10 | train loss 5.033346 | lr 1.00e-04 | (32.50 ms | 7877 tok/s | peak used:  1212 MB | peak reserved:  1344 MB, DP=1, TP=1, SP=1, PP=1)
E20260818 09:25:38.169934 139862026850304 main.cc:520] step    8/10 | train loss 5.270230 | lr 1.00e-04 | (32.47 ms | 7885 tok/s | peak used:  1212 MB | peak reserved:  1344 MB, DP=1, TP=1, SP=1, PP=1)
E20260818 09:25:38.204197 139862026850304 main.cc:520] step    9/10 | train loss 5.311343 | lr 1.00e-04 | (34.22 ms | 7480 tok/s | peak used:  1212 MB | peak reserved:  1376 MB, DP=1, TP=1, SP=1, PP=1)
E20260818 09:25:38.236868 139862026850304 main.cc:520] step   10/10 | train loss 5.564073 | lr 1.00e-04 | (32.63 ms | 7845 tok/s | peak used:  1212 MB | peak reserved:  1408 MB, DP=1, TP=1, SP=1, PP=1)
