[LAST_CMAKE] cmake -DUSE_CUDA=ON -DUSE_NCCL=ON -DBUILD_TEST=ON -DPROFILE_MODE=OFF .. && make -j
[RUN_METADATA] /home/chenxi/InfiniTrain/scripts/20260818/8_proc_07bb30c/logs/run_metadata.log
[RUN_STARTED_AT] 2026-08-18 09:02:12
[GIT_BRANCH] 8_proc
[GIT_COMMIT] 07bb30c0b6f5c40ec9d370248fc99041c78d3596
[GIT_COMMIT_SHORT] 07bb30c
[COMMAND] ./gpt2 --input_bin /data1/shared/InfiniTrain-dev/data/llmc/gpt2/tinyshakespeare/tiny_shakespeare_train.bin --llmc_filepath /data1/shared/InfiniTrain-dev/data/llmc/gpt2/gpt2_124M.bin --device cuda --dtype bfloat16 --nthread_per_process 8 --num_iteration 10 --batch_size 10 --total_batch_size 5120 --lora_rank 8 --lora_alpha 16.0 --lora_target_modules c_attn,attn.c_proj --lora_load_path /data1/shared/InfiniTrain-dev/data/llmc/gpt2/gpt2_124M_lora_weights_rank8_alpha16.bin
===== LoRA Model Summary (Rank 0) ======
Total parameters:     163479552
Trainable parameters: 442368 (0.270595%)
Frozen parameters:    163037184
========================================
===== LoRA Model Summary (Rank 6) ======
Total parameters:     163479552
Trainable parameters: 442368 (0.270595%)
Frozen parameters:    163037184
========================================
===== LoRA Model Summary (Rank 7) ======
Total parameters:     163479552
Trainable parameters: 442368 (0.270595%)
Frozen parameters:    163037184
========================================
===== LoRA Model Summary (Rank 4) ======
Total parameters:     163479552
Trainable parameters: 442368 (0.270595%)
Frozen parameters:    163037184
========================================
===== LoRA Model Summary (Rank 5) ======
Total parameters:     163479552
Trainable parameters: 442368 (0.270595%)
Frozen parameters:    163037184
========================================
===== LoRA Model Summary (Rank 3) ======
Total parameters:     163479552
Trainable parameters: 442368 (0.270595%)
Frozen parameters:    163037184
========================================
===== LoRA Model Summary (Rank 2) ======
Total parameters:     163479552
Trainable parameters: 442368 (0.270595%)
Frozen parameters:    163037184
========================================
===== LoRA Model Summary (Rank 1) ======
Total parameters:     163479552
Trainable parameters: 442368 (0.270595%)
Frozen parameters:    163037184
========================================
E20260818 09:28:03.679462 140345237020672 main.cc:520] step    1/10 | train loss 5.213315 | lr 1.00e-04 | (650.78 ms | 7867 tok/s | peak used:  2296 MB | peak reserved:  2432 MB, DP=8, TP=1, SP=1, PP=1)
E20260818 09:28:03.832057 140345237020672 main.cc:520] step    2/10 | train loss 5.137902 | lr 1.00e-04 | (152.00 ms | 33684 tok/s | peak used:  2529 MB | peak reserved:  2720 MB, DP=8, TP=1, SP=1, PP=1)
E20260818 09:28:03.977599 140345237020672 main.cc:520] step    3/10 | train loss 5.068576 | lr 1.00e-04 | (145.47 ms | 35197 tok/s | peak used:  2529 MB | peak reserved:  2784 MB, DP=8, TP=1, SP=1, PP=1)
E20260818 09:28:04.123712 140345237020672 main.cc:520] step    4/10 | train loss 4.765966 | lr 1.00e-04 | (146.06 ms | 35053 tok/s | peak used:  2529 MB | peak reserved:  2816 MB, DP=8, TP=1, SP=1, PP=1)
E20260818 09:28:04.267497 140345237020672 main.cc:520] step    5/10 | train loss 4.891444 | lr 1.00e-04 | (143.73 ms | 35623 tok/s | peak used:  2529 MB | peak reserved:  2880 MB, DP=8, TP=1, SP=1, PP=1)
E20260818 09:28:04.395738 140345237020672 main.cc:520] step    6/10 | train loss 4.874880 | lr 1.00e-04 | (128.19 ms | 39942 tok/s | peak used:  2529 MB | peak reserved:  2944 MB, DP=8, TP=1, SP=1, PP=1)
E20260818 09:28:04.528600 140345237020672 main.cc:520] step    7/10 | train loss 4.963623 | lr 1.00e-04 | (132.79 ms | 38557 tok/s | peak used:  2529 MB | peak reserved:  3008 MB, DP=8, TP=1, SP=1, PP=1)
E20260818 09:28:04.659544 140345237020672 main.cc:520] step    8/10 | train loss 4.914873 | lr 1.00e-04 | (130.88 ms | 39118 tok/s | peak used:  2529 MB | peak reserved:  3040 MB, DP=8, TP=1, SP=1, PP=1)
E20260818 09:28:04.809565 140345237020672 main.cc:520] step    9/10 | train loss 4.958100 | lr 1.00e-04 | (149.96 ms | 34143 tok/s | peak used:  2529 MB | peak reserved:  3104 MB, DP=8, TP=1, SP=1, PP=1)
E20260818 09:28:04.957363 140345237020672 main.cc:520] step   10/10 | train loss 5.022259 | lr 1.00e-04 | (147.71 ms | 34661 tok/s | peak used:  2529 MB | peak reserved:  3168 MB, DP=8, TP=1, SP=1, PP=1)
