[LAST_CMAKE] cmake -DUSE_CUDA=ON -DUSE_NCCL=ON -DBUILD_TEST=OFF -DPROFILE_MODE=ON .. && make -j
[RUN_METADATA] /home/chenxi/InfiniTrain/scripts/20260818/8_proc_07bb30c/logs/run_metadata.log
[RUN_STARTED_AT] 2026-08-18 09:02:12
[GIT_BRANCH] 8_proc
[GIT_COMMIT] 07bb30c0b6f5c40ec9d370248fc99041c78d3596
[GIT_COMMIT_SHORT] 07bb30c
[COMMAND] ./gpt2 --input_bin /data1/shared/InfiniTrain-dev/data/llmc/gpt2/tinyshakespeare/tiny_shakespeare_train.bin --llmc_filepath /data1/shared/InfiniTrain-dev/data/llmc/gpt2/gpt2_124M.bin --device cuda --dtype bfloat16 --nthread_per_process 8 --num_iteration 10 --batch_size 40 --total_batch_size 5120 --tensor_parallel 4 --lora_rank 8 --lora_alpha 16.0 --lora_target_modules c_attn,attn.c_proj --lora_load_path /data1/shared/InfiniTrain-dev/data/llmc/gpt2/gpt2_124M_lora_weights_rank8_alpha16.bin
===== LoRA Model Summary (Rank 2) ======
Total parameters:     41630976
Trainable parameters: 221184 (0.531297%)
Frozen parameters:    41409792
========================================
===== LoRA Model Summary (Rank 3) ======
Total parameters:     41630976
Trainable parameters: 221184 (0.531297%)
Frozen parameters:    41409792
========================================
===== LoRA Model Summary (Rank 5) ======
Total parameters:     41630976
Trainable parameters: 221184 (0.531297%)
Frozen parameters:    41409792
========================================
===== LoRA Model Summary (Rank 7) ======
Total parameters:     41630976
Trainable parameters: 221184 (0.531297%)
Frozen parameters:    41409792
========================================
===== LoRA Model Summary (Rank 0) ======
Total parameters:     41630976
Trainable parameters: 221184 (0.531297%)
Frozen parameters:    41409792
========================================
===== LoRA Model Summary (Rank 1) ======
Total parameters:     41630976
Trainable parameters: 221184 (0.531297%)
Frozen parameters:    41409792
========================================
===== LoRA Model Summary (Rank 6) ======
Total parameters:     41630976
Trainable parameters: 221184 (0.531297%)
Frozen parameters:    41409792
========================================
===== LoRA Model Summary (Rank 4) ======
Total parameters:     41630976
Trainable parameters: 221184 (0.531297%)
Frozen parameters:    41409792
========================================
E20260818 10:30:25.786375 140244842160128 main.cc:520] step    1/10 | train loss 5.207772 | lr 1.00e-04 | (891.60 ms | 5743 tok/s | peak used:  1731 MB | peak reserved:  1792 MB, DP=2, TP=4, SP=1, PP=1)
E20260818 10:30:26.093572 140244842160128 main.cc:520] step    2/10 | train loss 5.136318 | lr 1.00e-04 | (306.42 ms | 16709 tok/s | peak used:  1789 MB | peak reserved:  1856 MB, DP=2, TP=4, SP=1, PP=1)
E20260818 10:30:26.458979 140244842160128 main.cc:520] step    3/10 | train loss 5.073141 | lr 1.00e-04 | (365.33 ms | 14015 tok/s | peak used:  1789 MB | peak reserved:  1856 MB, DP=2, TP=4, SP=1, PP=1)
E20260818 10:30:26.811034 140244842160128 main.cc:520] step    4/10 | train loss 4.770333 | lr 1.00e-04 | (351.97 ms | 14547 tok/s | peak used:  1789 MB | peak reserved:  1856 MB, DP=2, TP=4, SP=1, PP=1)
E20260818 10:30:27.180540 140244842160128 main.cc:520] step    5/10 | train loss 4.898563 | lr 1.00e-04 | (369.37 ms | 13861 tok/s | peak used:  1789 MB | peak reserved:  1856 MB, DP=2, TP=4, SP=1, PP=1)
E20260818 10:30:27.530392 140244842160128 main.cc:520] step    6/10 | train loss 4.875169 | lr 1.00e-04 | (349.77 ms | 14638 tok/s | peak used:  1789 MB | peak reserved:  1856 MB, DP=2, TP=4, SP=1, PP=1)
E20260818 10:30:27.845071 140244842160128 main.cc:520] step    7/10 | train loss 4.965663 | lr 1.00e-04 | (314.59 ms | 16275 tok/s | peak used:  1789 MB | peak reserved:  1856 MB, DP=2, TP=4, SP=1, PP=1)
E20260818 10:30:28.180944 140244842160128 main.cc:520] step    8/10 | train loss 4.921830 | lr 1.00e-04 | (335.81 ms | 15247 tok/s | peak used:  1789 MB | peak reserved:  1856 MB, DP=2, TP=4, SP=1, PP=1)
E20260818 10:30:28.538170 140244842160128 main.cc:520] step    9/10 | train loss 4.955813 | lr 1.00e-04 | (357.15 ms | 14336 tok/s | peak used:  1789 MB | peak reserved:  1856 MB, DP=2, TP=4, SP=1, PP=1)
E20260818 10:30:28.933622 140244842160128 main.cc:520] step   10/10 | train loss 5.026637 | lr 1.00e-04 | (395.37 ms | 12950 tok/s | peak used:  1789 MB | peak reserved:  1856 MB, DP=2, TP=4, SP=1, PP=1)
