[LAST_CMAKE] cmake -DUSE_CUDA=ON -DUSE_NCCL=ON -DBUILD_TEST=ON -DPROFILE_MODE=OFF .. && make -j
[RUN_METADATA] /home/chenxi/InfiniTrain/scripts/20260818/8_proc_07bb30c/logs/run_metadata.log
[RUN_STARTED_AT] 2026-08-18 09:02:12
[GIT_BRANCH] 8_proc
[GIT_COMMIT] 07bb30c0b6f5c40ec9d370248fc99041c78d3596
[GIT_COMMIT_SHORT] 07bb30c
[COMMAND] ./gpt2 --input_bin /data1/shared/InfiniTrain-dev/data/llmc/gpt2/tinyshakespeare/tiny_shakespeare_train.bin --llmc_filepath /data1/shared/InfiniTrain-dev/data/llmc/gpt2/gpt2_124M.bin --device cuda --dtype bfloat16 --num_iteration 10 --batch_size 80 --total_batch_size 5120 --lora_rank 8 --lora_alpha 16.0 --lora_target_modules c_attn,attn.c_proj --lora_load_path /data1/shared/InfiniTrain-dev/data/llmc/gpt2/gpt2_124M_lora_weights_rank8_alpha16.bin
===== LoRA Model Summary (Rank 0) ======
Total parameters:     163479552
Trainable parameters: 442368 (0.270595%)
Frozen parameters:    163037184
========================================
E20260818 09:26:44.524233 139750979448832 main.cc:520] step    1/10 | train loss 5.213314 | lr 1.00e-04 | (239.87 ms | 21344 tok/s | peak used:  7051 MB | peak reserved:  7392 MB, DP=1, TP=1, SP=1, PP=1)
E20260818 09:26:44.657544 139750979448832 main.cc:520] step    2/10 | train loss 5.136970 | lr 1.00e-04 | (132.81 ms | 38550 tok/s | peak used:  7051 MB | peak reserved:  7584 MB, DP=1, TP=1, SP=1, PP=1)
E20260818 09:26:44.764794 139750979448832 main.cc:520] step    3/10 | train loss 5.070889 | lr 1.00e-04 | (107.20 ms | 47760 tok/s | peak used:  7051 MB | peak reserved:  7808 MB, DP=1, TP=1, SP=1, PP=1)
E20260818 09:26:44.871800 139750979448832 main.cc:520] step    4/10 | train loss 4.766762 | lr 1.00e-04 | (106.96 ms | 47867 tok/s | peak used:  7051 MB | peak reserved:  7904 MB, DP=1, TP=1, SP=1, PP=1)
E20260818 09:26:44.979162 139750979448832 main.cc:520] step    5/10 | train loss 4.895355 | lr 1.00e-04 | (107.32 ms | 47707 tok/s | peak used:  7051 MB | peak reserved:  8064 MB, DP=1, TP=1, SP=1, PP=1)
E20260818 09:26:45.101305 139750979448832 main.cc:520] step    6/10 | train loss 4.878216 | lr 1.00e-04 | (122.10 ms | 41932 tok/s | peak used:  7051 MB | peak reserved:  8160 MB, DP=1, TP=1, SP=1, PP=1)
E20260818 09:26:45.208125 139750979448832 main.cc:520] step    7/10 | train loss 4.965067 | lr 1.00e-04 | (106.78 ms | 47949 tok/s | peak used:  7051 MB | peak reserved:  8288 MB, DP=1, TP=1, SP=1, PP=1)
E20260818 09:26:45.324698 139750979448832 main.cc:520] step    8/10 | train loss 4.912554 | lr 1.00e-04 | (116.53 ms | 43936 tok/s | peak used:  7051 MB | peak reserved:  8448 MB, DP=1, TP=1, SP=1, PP=1)
E20260818 09:26:45.431811 139750979448832 main.cc:520] step    9/10 | train loss 4.956121 | lr 1.00e-04 | (107.07 ms | 47818 tok/s | peak used:  7051 MB | peak reserved:  8512 MB, DP=1, TP=1, SP=1, PP=1)
E20260818 09:26:45.550157 139750979448832 main.cc:520] step   10/10 | train loss 5.024151 | lr 1.00e-04 | (118.30 ms | 43279 tok/s | peak used:  7051 MB | peak reserved:  8640 MB, DP=1, TP=1, SP=1, PP=1)
