[LAST_CMAKE] cmake -DUSE_CUDA=ON -DUSE_NCCL=ON -DBUILD_TEST=OFF -DPROFILE_MODE=ON .. && make -j
[RUN_METADATA] /home/chenxi/InfiniTrain/scripts/20260818/8_proc_07bb30c/logs/run_metadata.log
[RUN_STARTED_AT] 2026-08-18 09:02:12
[GIT_BRANCH] 8_proc
[GIT_COMMIT] 07bb30c0b6f5c40ec9d370248fc99041c78d3596
[GIT_COMMIT_SHORT] 07bb30c
[COMMAND] ./gpt2 --input_bin /data1/shared/InfiniTrain-dev/data/llmc/gpt2/tinyshakespeare/tiny_shakespeare_train.bin --llmc_filepath /data1/shared/InfiniTrain-dev/data/llmc/gpt2/gpt2_124M.bin --device cuda --dtype bfloat16 --num_iteration 10 --batch_size 80 --total_batch_size 5120 --lora_rank 8 --lora_alpha 16.0 --lora_target_modules c_attn,attn.c_proj --lora_load_path /data1/shared/InfiniTrain-dev/data/llmc/gpt2/gpt2_124M_lora_weights_rank8_alpha16.bin
===== LoRA Model Summary (Rank 0) ======
Total parameters:     163479552
Trainable parameters: 442368 (0.270595%)
Frozen parameters:    163037184
========================================
E20260818 10:26:57.286419 140286218485760 main.cc:520] step    1/10 | train loss 5.213314 | lr 1.00e-04 | (741.45 ms | 6905 tok/s | peak used:  7051 MB | peak reserved:  7296 MB, DP=1, TP=1, SP=1, PP=1)
E20260818 10:26:57.910630 140286218485760 main.cc:520] step    2/10 | train loss 5.136970 | lr 1.00e-04 | (623.72 ms | 8209 tok/s | peak used:  7051 MB | peak reserved:  7296 MB, DP=1, TP=1, SP=1, PP=1)
E20260818 10:26:58.654883 140286218485760 main.cc:520] step    3/10 | train loss 5.070889 | lr 1.00e-04 | (744.20 ms | 6880 tok/s | peak used:  7051 MB | peak reserved:  7296 MB, DP=1, TP=1, SP=1, PP=1)
E20260818 10:26:59.307636 140286218485760 main.cc:520] step    4/10 | train loss 4.766762 | lr 1.00e-04 | (652.70 ms | 7844 tok/s | peak used:  7051 MB | peak reserved:  7296 MB, DP=1, TP=1, SP=1, PP=1)
E20260818 10:26:59.939708 140286218485760 main.cc:520] step    5/10 | train loss 4.895355 | lr 1.00e-04 | (632.03 ms | 8101 tok/s | peak used:  7051 MB | peak reserved:  7264 MB, DP=1, TP=1, SP=1, PP=1)
E20260818 10:27:00.599192 140286218485760 main.cc:520] step    6/10 | train loss 4.878216 | lr 1.00e-04 | (659.44 ms | 7764 tok/s | peak used:  7051 MB | peak reserved:  7296 MB, DP=1, TP=1, SP=1, PP=1)
E20260818 10:27:01.243266 140286218485760 main.cc:520] step    7/10 | train loss 4.965067 | lr 1.00e-04 | (644.03 ms | 7950 tok/s | peak used:  7051 MB | peak reserved:  7232 MB, DP=1, TP=1, SP=1, PP=1)
E20260818 10:27:02.006876 140286218485760 main.cc:520] step    8/10 | train loss 4.912554 | lr 1.00e-04 | (763.56 ms | 6705 tok/s | peak used:  7051 MB | peak reserved:  7232 MB, DP=1, TP=1, SP=1, PP=1)
E20260818 10:27:02.795179 140286218485760 main.cc:520] step    9/10 | train loss 4.956121 | lr 1.00e-04 | (788.25 ms | 6495 tok/s | peak used:  7051 MB | peak reserved:  7264 MB, DP=1, TP=1, SP=1, PP=1)
E20260818 10:27:03.408657 140286218485760 main.cc:520] step   10/10 | train loss 5.024151 | lr 1.00e-04 | (613.42 ms | 8347 tok/s | peak used:  7051 MB | peak reserved:  7296 MB, DP=1, TP=1, SP=1, PP=1)
