[LAST_CMAKE] cmake -DUSE_CUDA=ON -DUSE_NCCL=ON -DBUILD_TEST=OFF -DPROFILE_MODE=ON .. && make -j
[RUN_METADATA] /home/chenxi/InfiniTrain/scripts/20260818/8_proc_07bb30c/logs/run_metadata.log
[RUN_STARTED_AT] 2026-08-18 09:02:12
[GIT_BRANCH] 8_proc
[GIT_COMMIT] 07bb30c0b6f5c40ec9d370248fc99041c78d3596
[GIT_COMMIT_SHORT] 07bb30c
[COMMAND] ./gpt2 --input_bin /data1/shared/InfiniTrain-dev/data/llmc/gpt2/tinyshakespeare/tiny_shakespeare_train.bin --llmc_filepath /data1/shared/InfiniTrain-dev/data/llmc/gpt2/gpt2_124M.bin --device cuda --dtype bfloat16 --lora_rank 8 --lora_alpha 16.0 --lora_target_modules c_attn,attn.c_proj --lora_load_path /data1/shared/InfiniTrain-dev/data/llmc/gpt2/gpt2_124M_lora_weights_rank8_alpha16.bin
===== LoRA Model Summary (Rank 0) ======
Total parameters:     163479552
Trainable parameters: 442368 (0.270595%)
Frozen parameters:    163037184
========================================
E20260818 10:25:29.797405 140346811994112 main.cc:520] step    1/10 | train loss 5.336104 | lr 1.00e-04 | (203.83 ms | 1256 tok/s | peak used:  1212 MB | peak reserved:  1248 MB, DP=1, TP=1, SP=1, PP=1)
E20260818 10:25:29.903150 140346811994112 main.cc:520] step    2/10 | train loss 5.133491 | lr 1.00e-04 | (105.26 ms | 2432 tok/s | peak used:  1212 MB | peak reserved:  1248 MB, DP=1, TP=1, SP=1, PP=1)
E20260818 10:25:29.992938 140346811994112 main.cc:520] step    3/10 | train loss 4.878366 | lr 1.00e-04 | (89.74 ms | 2853 tok/s | peak used:  1212 MB | peak reserved:  1248 MB, DP=1, TP=1, SP=1, PP=1)
E20260818 10:25:30.079813 140346811994112 main.cc:520] step    4/10 | train loss 4.995970 | lr 1.00e-04 | (86.83 ms | 2948 tok/s | peak used:  1212 MB | peak reserved:  1248 MB, DP=1, TP=1, SP=1, PP=1)
E20260818 10:25:30.166530 140346811994112 main.cc:520] step    5/10 | train loss 4.894534 | lr 1.00e-04 | (86.67 ms | 2954 tok/s | peak used:  1212 MB | peak reserved:  1248 MB, DP=1, TP=1, SP=1, PP=1)
E20260818 10:25:30.255398 140346811994112 main.cc:520] step    6/10 | train loss 5.190569 | lr 1.00e-04 | (88.83 ms | 2882 tok/s | peak used:  1212 MB | peak reserved:  1248 MB, DP=1, TP=1, SP=1, PP=1)
E20260818 10:25:30.350258 140346811994112 main.cc:520] step    7/10 | train loss 5.033346 | lr 1.00e-04 | (94.82 ms | 2700 tok/s | peak used:  1212 MB | peak reserved:  1248 MB, DP=1, TP=1, SP=1, PP=1)
E20260818 10:25:30.462697 140346811994112 main.cc:520] step    8/10 | train loss 5.270230 | lr 1.00e-04 | (112.40 ms | 2278 tok/s | peak used:  1212 MB | peak reserved:  1248 MB, DP=1, TP=1, SP=1, PP=1)
E20260818 10:25:30.581046 140346811994112 main.cc:520] step    9/10 | train loss 5.311343 | lr 1.00e-04 | (118.31 ms | 2164 tok/s | peak used:  1212 MB | peak reserved:  1248 MB, DP=1, TP=1, SP=1, PP=1)
E20260818 10:25:30.673148 140346811994112 main.cc:520] step   10/10 | train loss 5.564073 | lr 1.00e-04 | (92.06 ms | 2781 tok/s | peak used:  1212 MB | peak reserved:  1248 MB, DP=1, TP=1, SP=1, PP=1)
