[LAST_CMAKE] cmake -DUSE_CUDA=ON -DUSE_NCCL=ON -DBUILD_TEST=OFF -DPROFILE_MODE=ON .. && make -j
[RUN_METADATA] /home/chenxi/InfiniTrain/scripts/20260918/fix_cuda-64-lane-warp-reduction_dea656b/logs/run_metadata.log
[RUN_STARTED_AT] 2026-09-18 05:25:49
[GIT_BRANCH] fix/cuda-64-lane-warp-reduction
[GIT_COMMIT] dea656b67308219272231f0170f08632ac0736f0
[GIT_COMMIT_SHORT] dea656b
[COMMAND] ./gpt2 --input_bin /data1/shared/InfiniTrain-dev/data/llmc/gpt2/tinyshakespeare/tiny_shakespeare_train.bin --llmc_filepath /data1/shared/InfiniTrain-dev/data/llmc/gpt2/gpt2_124M.bin --device cuda --dtype bfloat16 --num_iteration 50 --save_interval 10 --save /data1/ckpt/bfloat16_no_resume/gpt2/no_resume
E20260918 07:04:55.217047 140451201929216 main.cc:541] step    1/50 | train loss 5.336104 | lr 1.00e-04 | (202.42 ms | 1265 tok/s | peak used:  1397 MB | peak reserved:  1472 MB, DP=1, TP=1, SP=1, PP=1)
E20260918 07:04:55.340663 140451201929216 main.cc:541] step    2/50 | train loss 5.025698 | lr 1.00e-04 | (123.23 ms | 2077 tok/s | peak used:  1397 MB | peak reserved:  1472 MB, DP=1, TP=1, SP=1, PP=1)
E20260918 07:04:55.442915 140451201929216 main.cc:541] step    3/50 | train loss 4.875177 | lr 1.00e-04 | (102.20 ms | 2505 tok/s | peak used:  1397 MB | peak reserved:  1472 MB, DP=1, TP=1, SP=1, PP=1)
E20260918 07:04:55.533475 140451201929216 main.cc:541] step    4/50 | train loss 4.926510 | lr 1.00e-04 | (90.51 ms | 2828 tok/s | peak used:  1397 MB | peak reserved:  1472 MB, DP=1, TP=1, SP=1, PP=1)
E20260918 07:04:55.619903 140451201929216 main.cc:541] step    5/50 | train loss 4.915473 | lr 1.00e-04 | (86.38 ms | 2964 tok/s | peak used:  1397 MB | peak reserved:  1472 MB, DP=1, TP=1, SP=1, PP=1)
E20260918 07:04:55.709813 140451201929216 main.cc:541] step    6/50 | train loss 5.058538 | lr 1.00e-04 | (89.86 ms | 2849 tok/s | peak used:  1397 MB | peak reserved:  1472 MB, DP=1, TP=1, SP=1, PP=1)
E20260918 07:04:55.849612 140451201929216 main.cc:541] step    7/50 | train loss 4.847563 | lr 1.00e-04 | (139.75 ms | 1832 tok/s | peak used:  1397 MB | peak reserved:  1472 MB, DP=1, TP=1, SP=1, PP=1)
E20260918 07:04:55.956984 140451201929216 main.cc:541] step    8/50 | train loss 4.891709 | lr 1.00e-04 | (107.33 ms | 2385 tok/s | peak used:  1397 MB | peak reserved:  1472 MB, DP=1, TP=1, SP=1, PP=1)
E20260918 07:04:56.065866 140451201929216 main.cc:541] step    9/50 | train loss 5.113058 | lr 1.00e-04 | (108.84 ms | 2352 tok/s | peak used:  1397 MB | peak reserved:  1472 MB, DP=1, TP=1, SP=1, PP=1)
E20260918 07:04:56.152166 140451201929216 main.cc:541] step   10/50 | train loss 5.214589 | lr 1.00e-04 | (86.25 ms | 2968 tok/s | peak used:  1397 MB | peak reserved:  1472 MB, DP=1, TP=1, SP=1, PP=1)
E20260918 07:04:56.840009 140451201929216 checkpoint.cc:206] [CKPT] Save done: dir="/data1/ckpt/bfloat16_no_resume/gpt2/no_resume/checkpoint_step_000010"
E20260918 07:04:56.931433 140451201929216 main.cc:541] step   11/50 | train loss 5.050707 | lr 1.00e-04 | (91.31 ms | 2804 tok/s | peak used:  1397 MB | peak reserved:  1472 MB, DP=1, TP=1, SP=1, PP=1)
E20260918 07:04:57.067635 140451201929216 main.cc:541] step   12/50 | train loss 4.639085 | lr 1.00e-04 | (136.14 ms | 1880 tok/s | peak used:  1397 MB | peak reserved:  1472 MB, DP=1, TP=1, SP=1, PP=1)
E20260918 07:04:57.234364 140451201929216 main.cc:541] step   13/50 | train loss 4.686928 | lr 1.00e-04 | (166.68 ms | 1536 tok/s | peak used:  1397 MB | peak reserved:  1472 MB, DP=1, TP=1, SP=1, PP=1)
E20260918 07:04:57.321970 140451201929216 main.cc:541] step   14/50 | train loss 4.840288 | lr 1.00e-04 | (87.55 ms | 2924 tok/s | peak used:  1397 MB | peak reserved:  1472 MB, DP=1, TP=1, SP=1, PP=1)
E20260918 07:04:57.408316 140451201929216 main.cc:541] step   15/50 | train loss 4.993493 | lr 1.00e-04 | (86.30 ms | 2966 tok/s | peak used:  1397 MB | peak reserved:  1472 MB, DP=1, TP=1, SP=1, PP=1)
E20260918 07:04:57.494679 140451201929216 main.cc:541] step   16/50 | train loss 4.749559 | lr 1.00e-04 | (86.32 ms | 2966 tok/s | peak used:  1397 MB | peak reserved:  1472 MB, DP=1, TP=1, SP=1, PP=1)
E20260918 07:04:57.581077 140451201929216 main.cc:541] step   17/50 | train loss 5.121212 | lr 1.00e-04 | (86.35 ms | 2965 tok/s | peak used:  1397 MB | peak reserved:  1472 MB, DP=1, TP=1, SP=1, PP=1)
E20260918 07:04:57.701653 140451201929216 main.cc:541] step   18/50 | train loss 4.962989 | lr 1.00e-04 | (120.52 ms | 2124 tok/s | peak used:  1397 MB | peak reserved:  1472 MB, DP=1, TP=1, SP=1, PP=1)
E20260918 07:04:57.800497 140451201929216 main.cc:541] step   19/50 | train loss 4.665699 | lr 1.00e-04 | (98.79 ms | 2591 tok/s | peak used:  1397 MB | peak reserved:  1472 MB, DP=1, TP=1, SP=1, PP=1)
E20260918 07:04:57.892122 140451201929216 main.cc:541] step   20/50 | train loss 4.420667 | lr 1.00e-04 | (91.57 ms | 2796 tok/s | peak used:  1397 MB | peak reserved:  1472 MB, DP=1, TP=1, SP=1, PP=1)
E20260918 07:04:58.565979 140451201929216 checkpoint.cc:206] [CKPT] Save done: dir="/data1/ckpt/bfloat16_no_resume/gpt2/no_resume/checkpoint_step_000020"
E20260918 07:04:58.652549 140451201929216 main.cc:541] step   21/50 | train loss 4.738529 | lr 1.00e-04 | (86.46 ms | 2961 tok/s | peak used:  1397 MB | peak reserved:  1472 MB, DP=1, TP=1, SP=1, PP=1)
E20260918 07:04:58.739213 140451201929216 main.cc:541] step   22/50 | train loss 4.638962 | lr 1.00e-04 | (86.61 ms | 2956 tok/s | peak used:  1397 MB | peak reserved:  1472 MB, DP=1, TP=1, SP=1, PP=1)
E20260918 07:04:58.834566 140451201929216 main.cc:541] step   23/50 | train loss 4.855835 | lr 1.00e-04 | (95.29 ms | 2687 tok/s | peak used:  1397 MB | peak reserved:  1472 MB, DP=1, TP=1, SP=1, PP=1)
E20260918 07:04:58.953738 140451201929216 main.cc:541] step   24/50 | train loss 4.664986 | lr 1.00e-04 | (119.11 ms | 2149 tok/s | peak used:  1397 MB | peak reserved:  1472 MB, DP=1, TP=1, SP=1, PP=1)
E20260918 07:04:59.089559 140451201929216 main.cc:541] step   25/50 | train loss 4.563025 | lr 1.00e-04 | (135.78 ms | 1885 tok/s | peak used:  1397 MB | peak reserved:  1472 MB, DP=1, TP=1, SP=1, PP=1)
E20260918 07:04:59.175974 140451201929216 main.cc:541] step   26/50 | train loss 4.673262 | lr 1.00e-04 | (86.37 ms | 2964 tok/s | peak used:  1397 MB | peak reserved:  1472 MB, DP=1, TP=1, SP=1, PP=1)
E20260918 07:04:59.290907 140451201929216 main.cc:541] step   27/50 | train loss 4.353693 | lr 1.00e-04 | (114.89 ms | 2228 tok/s | peak used:  1397 MB | peak reserved:  1472 MB, DP=1, TP=1, SP=1, PP=1)
E20260918 07:04:59.396442 140451201929216 main.cc:541] step   28/50 | train loss 4.675953 | lr 1.00e-04 | (105.49 ms | 2427 tok/s | peak used:  1397 MB | peak reserved:  1472 MB, DP=1, TP=1, SP=1, PP=1)
E20260918 07:04:59.501504 140451201929216 main.cc:541] step   29/50 | train loss 4.828710 | lr 1.00e-04 | (105.02 ms | 2438 tok/s | peak used:  1397 MB | peak reserved:  1472 MB, DP=1, TP=1, SP=1, PP=1)
E20260918 07:04:59.587740 140451201929216 main.cc:541] step   30/50 | train loss 4.514739 | lr 1.00e-04 | (86.19 ms | 2970 tok/s | peak used:  1397 MB | peak reserved:  1472 MB, DP=1, TP=1, SP=1, PP=1)
E20260918 07:05:00.290208 140451201929216 checkpoint.cc:206] [CKPT] Save done: dir="/data1/ckpt/bfloat16_no_resume/gpt2/no_resume/checkpoint_step_000030"
E20260918 07:05:00.378479 140451201929216 main.cc:541] step   31/50 | train loss 4.762074 | lr 1.00e-04 | (88.14 ms | 2904 tok/s | peak used:  1397 MB | peak reserved:  1472 MB, DP=1, TP=1, SP=1, PP=1)
E20260918 07:05:00.495611 140451201929216 main.cc:541] step   32/50 | train loss 4.749228 | lr 1.00e-04 | (117.08 ms | 2187 tok/s | peak used:  1397 MB | peak reserved:  1472 MB, DP=1, TP=1, SP=1, PP=1)
E20260918 07:05:00.595818 140451201929216 main.cc:541] step   33/50 | train loss 4.514383 | lr 1.00e-04 | (100.16 ms | 2556 tok/s | peak used:  1397 MB | peak reserved:  1472 MB, DP=1, TP=1, SP=1, PP=1)
E20260918 07:05:00.691779 140451201929216 main.cc:541] step   34/50 | train loss 4.951723 | lr 1.00e-04 | (95.92 ms | 2669 tok/s | peak used:  1397 MB | peak reserved:  1472 MB, DP=1, TP=1, SP=1, PP=1)
E20260918 07:05:00.778286 140451201929216 main.cc:541] step   35/50 | train loss 5.014190 | lr 1.00e-04 | (86.46 ms | 2961 tok/s | peak used:  1397 MB | peak reserved:  1472 MB, DP=1, TP=1, SP=1, PP=1)
E20260918 07:05:00.864544 140451201929216 main.cc:541] step   36/50 | train loss 5.066449 | lr 1.00e-04 | (86.21 ms | 2970 tok/s | peak used:  1397 MB | peak reserved:  1472 MB, DP=1, TP=1, SP=1, PP=1)
E20260918 07:05:00.951205 140451201929216 main.cc:541] step   37/50 | train loss 4.981348 | lr 1.00e-04 | (86.61 ms | 2956 tok/s | peak used:  1397 MB | peak reserved:  1472 MB, DP=1, TP=1, SP=1, PP=1)
E20260918 07:05:01.052702 140451201929216 main.cc:541] step   38/50 | train loss 4.542879 | lr 1.00e-04 | (101.45 ms | 2523 tok/s | peak used:  1397 MB | peak reserved:  1472 MB, DP=1, TP=1, SP=1, PP=1)
E20260918 07:05:01.178515 140451201929216 main.cc:541] step   39/50 | train loss 4.833507 | lr 1.00e-04 | (125.76 ms | 2036 tok/s | peak used:  1397 MB | peak reserved:  1472 MB, DP=1, TP=1, SP=1, PP=1)
E20260918 07:05:01.292622 140451201929216 main.cc:541] step   40/50 | train loss 4.709558 | lr 1.00e-04 | (114.06 ms | 2244 tok/s | peak used:  1397 MB | peak reserved:  1472 MB, DP=1, TP=1, SP=1, PP=1)
E20260918 07:05:01.995526 140451201929216 checkpoint.cc:206] [CKPT] Save done: dir="/data1/ckpt/bfloat16_no_resume/gpt2/no_resume/checkpoint_step_000040"
E20260918 07:05:02.156152 140451201929216 main.cc:541] step   41/50 | train loss 4.743023 | lr 1.00e-04 | (100.29 ms | 2553 tok/s | peak used:  1397 MB | peak reserved:  1472 MB, DP=1, TP=1, SP=1, PP=1)
E20260918 07:05:02.256579 140451201929216 main.cc:541] step   42/50 | train loss 4.749677 | lr 1.00e-04 | (100.35 ms | 2551 tok/s | peak used:  1397 MB | peak reserved:  1472 MB, DP=1, TP=1, SP=1, PP=1)
E20260918 07:05:02.394308 140451201929216 main.cc:541] step   43/50 | train loss 4.423520 | lr 1.00e-04 | (137.66 ms | 1860 tok/s | peak used:  1397 MB | peak reserved:  1472 MB, DP=1, TP=1, SP=1, PP=1)
E20260918 07:05:02.494913 140451201929216 main.cc:541] step   44/50 | train loss 4.307036 | lr 1.00e-04 | (100.55 ms | 2546 tok/s | peak used:  1397 MB | peak reserved:  1472 MB, DP=1, TP=1, SP=1, PP=1)
E20260918 07:05:02.583969 140451201929216 main.cc:541] step   45/50 | train loss 4.466525 | lr 1.00e-04 | (89.01 ms | 2876 tok/s | peak used:  1397 MB | peak reserved:  1472 MB, DP=1, TP=1, SP=1, PP=1)
E20260918 07:05:02.673410 140451201929216 main.cc:541] step   46/50 | train loss 4.327050 | lr 1.00e-04 | (89.39 ms | 2864 tok/s | peak used:  1397 MB | peak reserved:  1472 MB, DP=1, TP=1, SP=1, PP=1)
E20260918 07:05:02.763053 140451201929216 main.cc:541] step   47/50 | train loss 4.607925 | lr 1.00e-04 | (89.59 ms | 2857 tok/s | peak used:  1397 MB | peak reserved:  1472 MB, DP=1, TP=1, SP=1, PP=1)
E20260918 07:05:02.883329 140451201929216 main.cc:541] step   48/50 | train loss 4.508605 | lr 1.00e-04 | (120.22 ms | 2129 tok/s | peak used:  1397 MB | peak reserved:  1472 MB, DP=1, TP=1, SP=1, PP=1)
E20260918 07:05:03.014449 140451201929216 main.cc:541] step   49/50 | train loss 4.733254 | lr 1.00e-04 | (131.07 ms | 1953 tok/s | peak used:  1397 MB | peak reserved:  1472 MB, DP=1, TP=1, SP=1, PP=1)
E20260918 07:05:03.124829 140451201929216 main.cc:541] step   50/50 | train loss 4.658282 | lr 1.00e-04 | (110.33 ms | 2320 tok/s | peak used:  1397 MB | peak reserved:  1472 MB, DP=1, TP=1, SP=1, PP=1)
E20260918 07:05:03.867841 140451201929216 checkpoint.cc:206] [CKPT] Save done: dir="/data1/ckpt/bfloat16_no_resume/gpt2/no_resume/checkpoint_step_000050"
