[LAST_CMAKE] cmake -DUSE_CUDA=ON -DUSE_NCCL=ON .. && make -j
[COMMAND] ./gpt2 --input_bin /data/shared/InfiniTrain-dev/data/llmc/gpt2/tinyshakespeare/tiny_shakespeare_train.bin --llmc_filepath /data/shared/InfiniTrain-dev/data/llmc/gpt2/gpt2_124M.bin --device cuda --dtype=float32 --nthread_per_process=4 --num_iteration=10 --batch_size=10 --total_batch_size=5120 --pipeline_parallel=4 --virtual_pipeline_parallel=2 --lora_rank=4 --lora_alpha=8.0 --lora_target_modules=c_attn,c_proj
===== LoRA Model Summary (Rank 1) ======
Total parameters:     21364992
Trainable parameters: 101376 (0.474496%)
Frozen parameters:    21263616
========================================
===== LoRA Model Summary (Rank 2) ======
Total parameters:     21364992
Trainable parameters: 101376 (0.474496%)
Frozen parameters:    21263616
========================================
===== LoRA Model Summary (Rank 0) ======
Total parameters:     60748800
Trainable parameters: 101376 (0.166877%)
Frozen parameters:    60647424
========================================
===== LoRA Model Summary (Rank 3) ======
Total parameters:     59963904
Trainable parameters: 101376 (0.169062%)
Frozen parameters:    59862528
========================================
E20260402 06:42:20.300938 140374630719488 main.cc:424] step    1/10 | train loss 5.219545 | lr 1.00e-04 | (233.69 ms | 21909 tok/s | peak used:  2896 MB | peak reserved:  3008 MB, DP=1, TP=1, SP=1, PP=4)
E20260402 06:42:20.482464 140374630719488 main.cc:424] step    2/10 | train loss 5.143070 | lr 1.00e-04 | (181.03 ms | 28282 tok/s | peak used:  2956 MB | peak reserved:  3072 MB, DP=1, TP=1, SP=1, PP=4)
E20260402 06:42:20.656391 140374630719488 main.cc:424] step    3/10 | train loss 5.074585 | lr 1.00e-04 | (173.87 ms | 29448 tok/s | peak used:  3016 MB | peak reserved:  3136 MB, DP=1, TP=1, SP=1, PP=4)
E20260402 06:42:20.829529 140374630719488 main.cc:424] step    4/10 | train loss 4.774492 | lr 1.00e-04 | (173.09 ms | 29581 tok/s | peak used:  3076 MB | peak reserved:  3200 MB, DP=1, TP=1, SP=1, PP=4)
E20260402 06:42:21.003329 140374630719488 main.cc:424] step    5/10 | train loss 4.900578 | lr 1.00e-04 | (173.75 ms | 29468 tok/s | peak used:  3136 MB | peak reserved:  3264 MB, DP=1, TP=1, SP=1, PP=4)
E20260402 06:42:21.177152 140374630719488 main.cc:424] step    6/10 | train loss 4.886547 | lr 1.00e-04 | (173.77 ms | 29464 tok/s | peak used:  3196 MB | peak reserved:  3328 MB, DP=1, TP=1, SP=1, PP=4)
E20260402 06:42:21.350467 140374630719488 main.cc:424] step    7/10 | train loss 4.977942 | lr 1.00e-04 | (173.26 ms | 29551 tok/s | peak used:  3256 MB | peak reserved:  3392 MB, DP=1, TP=1, SP=1, PP=4)
E20260402 06:42:21.524050 140374630719488 main.cc:424] step    8/10 | train loss 4.925628 | lr 1.00e-04 | (173.53 ms | 29505 tok/s | peak used:  3316 MB | peak reserved:  3456 MB, DP=1, TP=1, SP=1, PP=4)
E20260402 06:42:21.697647 140374630719488 main.cc:424] step    9/10 | train loss 4.957052 | lr 1.00e-04 | (173.55 ms | 29502 tok/s | peak used:  3376 MB | peak reserved:  3520 MB, DP=1, TP=1, SP=1, PP=4)
E20260402 06:42:21.871806 140374630719488 main.cc:424] step   10/10 | train loss 5.033365 | lr 1.00e-04 | (174.11 ms | 29407 tok/s | peak used:  3436 MB | peak reserved:  3584 MB, DP=1, TP=1, SP=1, PP=4)
