[LAST_CMAKE] cmake -DUSE_CUDA=ON -DUSE_NCCL=ON -DBUILD_TEST=ON -DPROFILE_MODE=OFF .. && make -j
[RUN_METADATA] /workspace/Github/InfiniTrain-sp-gradient-finalize/scripts/20261009/fix_sp-gradient-finalize_c15c2d1/logs/run_metadata.log
[RUN_STARTED_AT] 2026-10-09 02:46:02
[GIT_BRANCH] fix/sp-gradient-finalize
[GIT_COMMIT] c15c2d10e3c5dd8134a809e2b05a23e2b4847a33
[GIT_COMMIT_SHORT] c15c2d1
[COMMAND] ./gpt2 --input_bin /data1/shared/InfiniTrain-dev/data/llmc/gpt2/tinyshakespeare/tiny_shakespeare_train.bin --llmc_filepath /data1/shared/InfiniTrain-dev/data/llmc/gpt2/gpt2_124M.bin --device cuda --dtype=float32 --nthread_per_process=8 --num_iteration=10 --batch_size=10 --total_batch_size=5120 --lora_rank=8 --lora_alpha=16.0 --lora_target_modules=c_attn,attn.c_proj --lora_load_path=/data1/shared/InfiniTrain-dev/data/llmc/gpt2/gpt2_124M_lora_weights_rank8_alpha16.bin
===== LoRA Model Summary (Rank 0) ======
Total parameters:     163479552
Trainable parameters: 442368 (0.270595%)
Frozen parameters:    163037184
========================================
===== LoRA Model Summary (Rank 3) ======
Total parameters:     163479552
Trainable parameters: 442368 (0.270595%)
Frozen parameters:    163037184
========================================
===== LoRA Model Summary (Rank 4) ======
Total parameters:     163479552
Trainable parameters: 442368 (0.270595%)
Frozen parameters:    163037184
========================================
===== LoRA Model Summary (Rank 7) ======
Total parameters:     163479552
Trainable parameters: 442368 (0.270595%)
Frozen parameters:    163037184
========================================
===== LoRA Model Summary (Rank 5) ======
Total parameters:     163479552
Trainable parameters: 442368 (0.270595%)
Frozen parameters:    163037184
========================================
===== LoRA Model Summary (Rank 6) ======
Total parameters:     163479552
Trainable parameters: 442368 (0.270595%)
Frozen parameters:    163037184
========================================
===== LoRA Model Summary (Rank 1) ======
Total parameters:     163479552
Trainable parameters: 442368 (0.270595%)
Frozen parameters:    163037184
========================================
===== LoRA Model Summary (Rank 2) ======
Total parameters:     163479552
Trainable parameters: 442368 (0.270595%)
Frozen parameters:    163037184
========================================
E20261009 03:12:51.579336 140152903016448 main.cc:547] step    1/10 | train loss 5.219545 | lr 1.00e-04 | (352.90 ms | 14509 tok/s | peak used:  2150 MB | peak reserved:  2304 MB, DP=8, TP=1, SP=1, PP=1)
E20261009 03:12:51.708907 140152903016448 main.cc:547] step    2/10 | train loss 5.143064 | lr 1.00e-04 | (129.22 ms | 39622 tok/s | peak used:  2150 MB | peak reserved:  2368 MB, DP=8, TP=1, SP=1, PP=1)
E20261009 03:12:51.831075 140152903016448 main.cc:547] step    3/10 | train loss 5.074577 | lr 1.00e-04 | (122.10 ms | 41932 tok/s | peak used:  2150 MB | peak reserved:  2400 MB, DP=8, TP=1, SP=1, PP=1)
E20261009 03:12:51.961804 140152903016448 main.cc:547] step    4/10 | train loss 4.774478 | lr 1.00e-04 | (130.67 ms | 39182 tok/s | peak used:  2150 MB | peak reserved:  2432 MB, DP=8, TP=1, SP=1, PP=1)
E20261009 03:12:52.090471 140152903016448 main.cc:547] step    5/10 | train loss 4.900559 | lr 1.00e-04 | (128.60 ms | 39812 tok/s | peak used:  2150 MB | peak reserved:  2464 MB, DP=8, TP=1, SP=1, PP=1)
E20261009 03:12:52.216306 140152903016448 main.cc:547] step    6/10 | train loss 4.886524 | lr 1.00e-04 | (125.77 ms | 40708 tok/s | peak used:  2150 MB | peak reserved:  2496 MB, DP=8, TP=1, SP=1, PP=1)
E20261009 03:12:52.343018 140152903016448 main.cc:547] step    7/10 | train loss 4.977914 | lr 1.00e-04 | (126.65 ms | 40427 tok/s | peak used:  2150 MB | peak reserved:  2560 MB, DP=8, TP=1, SP=1, PP=1)
E20261009 03:12:52.470908 140152903016448 main.cc:547] step    8/10 | train loss 4.925584 | lr 1.00e-04 | (127.83 ms | 40053 tok/s | peak used:  2150 MB | peak reserved:  2592 MB, DP=8, TP=1, SP=1, PP=1)
E20261009 03:12:52.599164 140152903016448 main.cc:547] step    9/10 | train loss 4.957021 | lr 1.00e-04 | (128.11 ms | 39965 tok/s | peak used:  2150 MB | peak reserved:  2624 MB, DP=8, TP=1, SP=1, PP=1)
E20261009 03:12:52.723577 140152903016448 main.cc:547] step   10/10 | train loss 5.033318 | lr 1.00e-04 | (124.35 ms | 41175 tok/s | peak used:  2150 MB | peak reserved:  2656 MB, DP=8, TP=1, SP=1, PP=1)
