[LAST_CMAKE] cmake -DUSE_CUDA=ON -DUSE_NCCL=ON -DBUILD_TEST=OFF -DPROFILE_MODE=ON .. && make -j
[RUN_METADATA] /workspace/Github/InfiniTrain-sp-gradient-finalize/scripts/20261009/fix_sp-gradient-finalize_c15c2d1/logs/run_metadata.log
[RUN_STARTED_AT] 2026-10-09 02:46:02
[GIT_BRANCH] fix/sp-gradient-finalize
[GIT_COMMIT] c15c2d10e3c5dd8134a809e2b05a23e2b4847a33
[GIT_COMMIT_SHORT] c15c2d1
[COMMAND] ./gpt2 --input_bin /data1/shared/InfiniTrain-dev/data/llmc/gpt2/tinyshakespeare/tiny_shakespeare_train.bin --llmc_filepath /data1/shared/InfiniTrain-dev/data/llmc/gpt2/gpt2_124M.bin --device cuda --dtype=float32 --nthread_per_process=8 --num_iteration=10 --batch_size=10 --total_batch_size=5120 --lora_rank=8 --lora_alpha=16.0 --lora_target_modules=c_attn,attn.c_proj --lora_load_path=/data1/shared/InfiniTrain-dev/data/llmc/gpt2/gpt2_124M_lora_weights_rank8_alpha16.bin
===== LoRA Model Summary (Rank 3) ======
Total parameters:     163479552
Trainable parameters: 442368 (0.270595%)
Frozen parameters:    163037184
========================================
===== LoRA Model Summary (Rank 0) ======
Total parameters:     163479552
Trainable parameters: 442368 (0.270595%)
Frozen parameters:    163037184
========================================
===== LoRA Model Summary (Rank 5) ======
Total parameters:     163479552
Trainable parameters: 442368 (0.270595%)
Frozen parameters:    163037184
========================================
===== LoRA Model Summary (Rank 4) ======
Total parameters:     163479552
Trainable parameters: 442368 (0.270595%)
Frozen parameters:    163037184
========================================
===== LoRA Model Summary (Rank 1) ======
Total parameters:     163479552
Trainable parameters: 442368 (0.270595%)
Frozen parameters:    163037184
========================================
===== LoRA Model Summary (Rank 7) ======
Total parameters:     163479552
Trainable parameters: 442368 (0.270595%)
Frozen parameters:    163037184
========================================
===== LoRA Model Summary (Rank 6) ======
Total parameters:     163479552
Trainable parameters: 442368 (0.270595%)
Frozen parameters:    163037184
========================================
===== LoRA Model Summary (Rank 2) ======
Total parameters:     163479552
Trainable parameters: 442368 (0.270595%)
Frozen parameters:    163037184
========================================
E20261009 04:19:09.479795 140270075092992 main.cc:547] step    1/10 | train loss 5.219545 | lr 1.00e-04 | (554.06 ms | 9241 tok/s | peak used:  2150 MB | peak reserved:  2208 MB, DP=8, TP=1, SP=1, PP=1)
E20261009 04:19:09.691086 140270075092992 main.cc:547] step    2/10 | train loss 5.143064 | lr 1.00e-04 | (210.87 ms | 24281 tok/s | peak used:  2150 MB | peak reserved:  2208 MB, DP=8, TP=1, SP=1, PP=1)
E20261009 04:19:09.943432 140270075092992 main.cc:547] step    3/10 | train loss 5.074577 | lr 1.00e-04 | (252.29 ms | 20294 tok/s | peak used:  2150 MB | peak reserved:  2208 MB, DP=8, TP=1, SP=1, PP=1)
E20261009 04:19:10.161349 140270075092992 main.cc:547] step    4/10 | train loss 4.774478 | lr 1.00e-04 | (217.87 ms | 23500 tok/s | peak used:  2150 MB | peak reserved:  2208 MB, DP=8, TP=1, SP=1, PP=1)
E20261009 04:19:10.408339 140270075092992 main.cc:547] step    5/10 | train loss 4.900559 | lr 1.00e-04 | (246.94 ms | 20733 tok/s | peak used:  2150 MB | peak reserved:  2208 MB, DP=8, TP=1, SP=1, PP=1)
E20261009 04:19:10.610526 140270075092992 main.cc:547] step    6/10 | train loss 4.886524 | lr 1.00e-04 | (202.14 ms | 25329 tok/s | peak used:  2150 MB | peak reserved:  2208 MB, DP=8, TP=1, SP=1, PP=1)
E20261009 04:19:10.881189 140270075092992 main.cc:547] step    7/10 | train loss 4.977914 | lr 1.00e-04 | (270.60 ms | 18921 tok/s | peak used:  2150 MB | peak reserved:  2208 MB, DP=8, TP=1, SP=1, PP=1)
E20261009 04:19:11.091913 140270075092992 main.cc:547] step    8/10 | train loss 4.925584 | lr 1.00e-04 | (210.68 ms | 24302 tok/s | peak used:  2150 MB | peak reserved:  2208 MB, DP=8, TP=1, SP=1, PP=1)
E20261009 04:19:11.327650 140270075092992 main.cc:547] step    9/10 | train loss 4.957021 | lr 1.00e-04 | (235.69 ms | 21723 tok/s | peak used:  2150 MB | peak reserved:  2208 MB, DP=8, TP=1, SP=1, PP=1)
E20261009 04:19:11.575973 140270075092992 main.cc:547] step   10/10 | train loss 5.033318 | lr 1.00e-04 | (248.27 ms | 20623 tok/s | peak used:  2150 MB | peak reserved:  2208 MB, DP=8, TP=1, SP=1, PP=1)
