[LAST_CMAKE] cmake -DUSE_CUDA=ON -DUSE_NCCL=ON -DBUILD_TEST=ON -DPROFILE_MODE=OFF .. && make -j
[RUN_METADATA] /workspace/Github/InfiniTrain-sp-gradient-finalize/scripts/20261009/fix_sp-gradient-finalize_c15c2d1/logs/run_metadata.log
[RUN_STARTED_AT] 2026-10-09 02:46:02
[GIT_BRANCH] fix/sp-gradient-finalize
[GIT_COMMIT] c15c2d10e3c5dd8134a809e2b05a23e2b4847a33
[GIT_COMMIT_SHORT] c15c2d1
[COMMAND] ./gpt2 --input_bin /data1/shared/InfiniTrain-dev/data/llmc/gpt2/tinyshakespeare/tiny_shakespeare_train.bin --llmc_filepath /data1/shared/InfiniTrain-dev/data/llmc/gpt2/gpt2_124M.bin --device cuda --dtype=float32 --lora_rank=8 --lora_alpha=16.0 --lora_target_modules=c_attn,attn.c_proj --lora_load_path=/data1/shared/InfiniTrain-dev/data/llmc/gpt2/gpt2_124M_lora_weights_rank8_alpha16.bin
===== LoRA Model Summary (Rank 0) ======
Total parameters:     163479552
Trainable parameters: 442368 (0.270595%)
Frozen parameters:    163037184
========================================
E20261009 03:10:48.515188 139755228483584 main.cc:547] step    1/10 | train loss 5.356189 | lr 1.00e-04 | (87.97 ms | 2910 tok/s | peak used:  1013 MB | peak reserved:  1088 MB, DP=1, TP=1, SP=1, PP=1)
E20261009 03:10:48.544854 139755228483584 main.cc:547] step    2/10 | train loss 5.144086 | lr 1.00e-04 | (29.39 ms | 8711 tok/s | peak used:  1013 MB | peak reserved:  1088 MB, DP=1, TP=1, SP=1, PP=1)
E20261009 03:10:48.575646 139755228483584 main.cc:547] step    3/10 | train loss 4.849666 | lr 1.00e-04 | (30.75 ms | 8325 tok/s | peak used:  1013 MB | peak reserved:  1120 MB, DP=1, TP=1, SP=1, PP=1)
E20261009 03:10:48.605250 139755228483584 main.cc:547] step    4/10 | train loss 4.976916 | lr 1.00e-04 | (29.57 ms | 8658 tok/s | peak used:  1013 MB | peak reserved:  1152 MB, DP=1, TP=1, SP=1, PP=1)
E20261009 03:10:48.634823 139755228483584 main.cc:547] step    5/10 | train loss 4.895233 | lr 1.00e-04 | (29.54 ms | 8667 tok/s | peak used:  1013 MB | peak reserved:  1152 MB, DP=1, TP=1, SP=1, PP=1)
E20261009 03:10:48.664318 139755228483584 main.cc:547] step    6/10 | train loss 5.197304 | lr 1.00e-04 | (29.46 ms | 8691 tok/s | peak used:  1013 MB | peak reserved:  1152 MB, DP=1, TP=1, SP=1, PP=1)
E20261009 03:10:48.693914 139755228483584 main.cc:547] step    7/10 | train loss 5.058918 | lr 1.00e-04 | (29.56 ms | 8660 tok/s | peak used:  1013 MB | peak reserved:  1184 MB, DP=1, TP=1, SP=1, PP=1)
E20261009 03:10:48.723404 139755228483584 main.cc:547] step    8/10 | train loss 5.261147 | lr 1.00e-04 | (29.45 ms | 8692 tok/s | peak used:  1013 MB | peak reserved:  1184 MB, DP=1, TP=1, SP=1, PP=1)
E20261009 03:10:48.752081 139755228483584 main.cc:547] step    9/10 | train loss 5.313327 | lr 1.00e-04 | (28.64 ms | 8938 tok/s | peak used:  1013 MB | peak reserved:  1216 MB, DP=1, TP=1, SP=1, PP=1)
E20261009 03:10:48.780582 139755228483584 main.cc:547] step   10/10 | train loss 5.574053 | lr 1.00e-04 | (28.47 ms | 8992 tok/s | peak used:  1013 MB | peak reserved:  1216 MB, DP=1, TP=1, SP=1, PP=1)
