[LAST_CMAKE] cmake -DUSE_CUDA=ON -DUSE_NCCL=ON -DBUILD_TEST=OFF -DPROFILE_MODE=ON .. && make -j
[RUN_METADATA] /workspace/Github/InfiniTrain-sp-gradient-finalize/scripts/20261009/fix_sp-gradient-finalize_c15c2d1/logs/run_metadata.log
[RUN_STARTED_AT] 2026-10-09 02:46:02
[GIT_BRANCH] fix/sp-gradient-finalize
[GIT_COMMIT] c15c2d10e3c5dd8134a809e2b05a23e2b4847a33
[GIT_COMMIT_SHORT] c15c2d1
[COMMAND] ./gpt2 --input_bin /data1/shared/InfiniTrain-dev/data/llmc/gpt2/tinyshakespeare/tiny_shakespeare_train.bin --llmc_filepath /data1/shared/InfiniTrain-dev/data/llmc/gpt2/gpt2_124M.bin --device cuda --dtype=bfloat16 --nthread_per_process=8 --num_iteration=10 --batch_size=40 --total_batch_size=5120 --tensor_parallel=2 --sequence_parallel=true --pipeline_parallel=2 --virtual_pipeline_parallel=2 --lora_rank=16 --lora_alpha=32.0 --lora_target_modules=c_fc,c_proj
===== LoRA Model Summary (Rank 3) ======
Total parameters:     41933568
Trainable parameters: 552960 (1.31866%)
Frozen parameters:    41380608
========================================
===== LoRA Model Summary (Rank 2) ======
Total parameters:     41933568
Trainable parameters: 552960 (1.31866%)
Frozen parameters:    41380608
========================================
===== LoRA Model Summary (Rank 1) ======
Total parameters:     41933568
Trainable parameters: 552960 (1.31866%)
Frozen parameters:    41380608
========================================
===== LoRA Model Summary (Rank 0) ======
Total parameters:     41933568
Trainable parameters: 552960 (1.31866%)
Frozen parameters:    41380608
========================================
===== LoRA Model Summary (Rank 7) ======
Total parameters:     41148672
Trainable parameters: 552960 (1.34381%)
Frozen parameters:    40595712
========================================
===== LoRA Model Summary (Rank 5) ======
Total parameters:     41148672
Trainable parameters: 552960 (1.34381%)
Frozen parameters:    40595712
========================================
===== LoRA Model Summary (Rank 6) ======
Total parameters:     41148672
Trainable parameters: 552960 (1.34381%)
Frozen parameters:    40595712
========================================
===== LoRA Model Summary (Rank 4) ======
Total parameters:     41148672
Trainable parameters: 552960 (1.34381%)
Frozen parameters:    40595712
========================================
E20261009 04:27:38.780479 139878360653824 main.cc:547] step    1/10 | train loss 5.211551 | lr 1.00e-04 | (832.28 ms | 6152 tok/s | peak used:  2294 MB | peak reserved:  2368 MB, DP=2, TP=2, SP=2, PP=2)
E20261009 04:27:39.304733 139878360653824 main.cc:547] step    2/10 | train loss 5.137963 | lr 1.00e-04 | (523.92 ms | 9773 tok/s | peak used:  2371 MB | peak reserved:  2432 MB, DP=2, TP=2, SP=2, PP=2)
E20261009 04:27:39.793492 139878360653824 main.cc:547] step    3/10 | train loss 5.078453 | lr 1.00e-04 | (488.68 ms | 10477 tok/s | peak used:  2371 MB | peak reserved:  2432 MB, DP=2, TP=2, SP=2, PP=2)
E20261009 04:27:40.248447 139878360653824 main.cc:547] step    4/10 | train loss 4.768533 | lr 1.00e-04 | (454.88 ms | 11256 tok/s | peak used:  2371 MB | peak reserved:  2432 MB, DP=2, TP=2, SP=2, PP=2)
E20261009 04:27:40.777889 139878360653824 main.cc:547] step    5/10 | train loss 4.898604 | lr 1.00e-04 | (529.38 ms | 9672 tok/s | peak used:  2371 MB | peak reserved:  2432 MB, DP=2, TP=2, SP=2, PP=2)
E20261009 04:27:41.242767 139878360653824 main.cc:547] step    6/10 | train loss 4.874559 | lr 1.00e-04 | (464.82 ms | 11015 tok/s | peak used:  2371 MB | peak reserved:  2432 MB, DP=2, TP=2, SP=2, PP=2)
E20261009 04:27:41.716737 139878360653824 main.cc:547] step    7/10 | train loss 4.963145 | lr 1.00e-04 | (473.92 ms | 10803 tok/s | peak used:  2371 MB | peak reserved:  2432 MB, DP=2, TP=2, SP=2, PP=2)
E20261009 04:27:42.219156 139878360653824 main.cc:547] step    8/10 | train loss 4.916663 | lr 1.00e-04 | (502.36 ms | 10192 tok/s | peak used:  2371 MB | peak reserved:  2432 MB, DP=2, TP=2, SP=2, PP=2)
E20261009 04:27:42.731597 139878360653824 main.cc:547] step    9/10 | train loss 4.958899 | lr 1.00e-04 | (512.38 ms | 9993 tok/s | peak used:  2371 MB | peak reserved:  2432 MB, DP=2, TP=2, SP=2, PP=2)
E20261009 04:27:43.312520 139878360653824 main.cc:547] step   10/10 | train loss 5.021286 | lr 1.00e-04 | (580.86 ms | 8814 tok/s | peak used:  2371 MB | peak reserved:  2432 MB, DP=2, TP=2, SP=2, PP=2)
