[LAST_CMAKE] cmake -DUSE_CUDA=ON -DUSE_NCCL=ON -DPROFILE_MODE=ON .. && make -j
[COMMAND] ./gpt2 --input_bin /data/shared/InfiniTrain-dev/data/llmc/gpt2/tinyshakespeare/tiny_shakespeare_train.bin --llmc_filepath /data/shared/InfiniTrain-dev/data/llmc/gpt2/gpt2_124M.bin --device cuda --dtype bfloat16 --nthread_per_process 8 --num_iteration 10 --batch_size 40 --total_batch_size 5120 --tensor_parallel 2 --sequence_parallel true --pipeline_parallel 2 --virtual_pipeline_parallel 2
E20260616 03:06:34.445847 140030295121920 main.cc:477] step    1/10 | train loss 5.211551 | lr 1.00e-04 | (924.12 ms | 5540 tok/s | peak used:  2280 MB | peak reserved:  2368 MB, DP=2, TP=2, SP=2, PP=2)
E20260616 03:06:34.796240 140030295121920 main.cc:477] step    2/10 | train loss 5.075537 | lr 1.00e-04 | (349.33 ms | 14657 tok/s | peak used:  2280 MB | peak reserved:  2336 MB, DP=2, TP=2, SP=2, PP=2)
E20260616 03:06:35.130145 140030295121920 main.cc:477] step    3/10 | train loss 4.993257 | lr 1.00e-04 | (333.83 ms | 15337 tok/s | peak used:  2280 MB | peak reserved:  2368 MB, DP=2, TP=2, SP=2, PP=2)
E20260616 03:06:35.491721 140030295121920 main.cc:477] step    4/10 | train loss 4.662261 | lr 1.00e-04 | (361.19 ms | 14175 tok/s | peak used:  2280 MB | peak reserved:  2368 MB, DP=2, TP=2, SP=2, PP=2)
E20260616 03:06:35.843760 140030295121920 main.cc:477] step    5/10 | train loss 4.762862 | lr 1.00e-04 | (351.99 ms | 14546 tok/s | peak used:  2280 MB | peak reserved:  2368 MB, DP=2, TP=2, SP=2, PP=2)
E20260616 03:06:36.243631 140030295121920 main.cc:477] step    6/10 | train loss 4.705462 | lr 1.00e-04 | (399.82 ms | 12806 tok/s | peak used:  2280 MB | peak reserved:  2368 MB, DP=2, TP=2, SP=2, PP=2)
E20260616 03:06:36.621262 140030295121920 main.cc:477] step    7/10 | train loss 4.752029 | lr 1.00e-04 | (377.57 ms | 13560 tok/s | peak used:  2280 MB | peak reserved:  2368 MB, DP=2, TP=2, SP=2, PP=2)
E20260616 03:06:36.973807 140030295121920 main.cc:477] step    8/10 | train loss 4.650815 | lr 1.00e-04 | (352.50 ms | 14525 tok/s | peak used:  2280 MB | peak reserved:  2368 MB, DP=2, TP=2, SP=2, PP=2)
E20260616 03:06:37.304556 140030295121920 main.cc:477] step    9/10 | train loss 4.770588 | lr 1.00e-04 | (330.68 ms | 15483 tok/s | peak used:  2280 MB | peak reserved:  2368 MB, DP=2, TP=2, SP=2, PP=2)
E20260616 03:06:37.648377 140030295121920 main.cc:477] step   10/10 | train loss 4.758728 | lr 1.00e-04 | (343.73 ms | 14895 tok/s | peak used:  2280 MB | peak reserved:  2368 MB, DP=2, TP=2, SP=2, PP=2)
E20260616 03:06:40.087324 140030295121920 checkpoint.cc:84] [CKPT] Save done: dir="./checkpoints/checkpoint_final/rank_000007"
E20260616 03:06:40.384400 140030496460800 checkpoint.cc:84] [CKPT] Save done: dir="./checkpoints/checkpoint_final/rank_000004"
E20260616 03:06:40.399474 140030563573760 checkpoint.cc:84] [CKPT] Save done: dir="./checkpoints/checkpoint_final/rank_000003"
E20260616 03:06:40.399477 140030630686720 checkpoint.cc:84] [CKPT] Save done: dir="./checkpoints/checkpoint_final/rank_000002"
E20260616 03:06:40.408335 140030863470592 checkpoint.cc:84] [CKPT] Save done: dir="./checkpoints/checkpoint_final/rank_000000"
E20260616 03:06:40.445405 140030429347840 checkpoint.cc:84] [CKPT] Save done: dir="./checkpoints/checkpoint_final/rank_000005"
E20260616 03:06:40.456449 140030362234880 checkpoint.cc:84] [CKPT] Save done: dir="./checkpoints/checkpoint_final/rank_000006"
E20260616 03:06:40.470603 140030796357632 checkpoint.cc:84] [CKPT] Save done: dir="./checkpoints/checkpoint_final/rank_000001"
