==========================================
Running: gpt2_1_lora_fp32
==========================================
Running pytorch 2.8.0+metax3.5.3.9
using device: cuda
total desired batch size: 256
=> calculated gradient accumulation steps: 1
loading weights from pretrained gpt: gpt2
Applying LoRA with rank=8, alpha=16.0
Target modules: c_attn,attn.c_proj
trainable params: 442,368 || all params: 124,882,176 || trainable%: 0.3542
DataLoader: total number of tokens: 305,260 across 1 files
step    1/10 | train loss 5.356194 | norm -1.0000 | lr 1.00e-04 | (637.77 ms | 401 tok/s)
step    2/10 | train loss 5.144085 | norm -1.0000 | lr 1.00e-04 | (22.43 ms | 11414 tok/s)
step    3/10 | train loss 4.849665 | norm -1.0000 | lr 1.00e-04 | (20.31 ms | 12604 tok/s)
step    4/10 | train loss 4.976916 | norm -1.0000 | lr 1.00e-04 | (21.51 ms | 11902 tok/s)
step    5/10 | train loss 4.895229 | norm -1.0000 | lr 1.00e-04 | (21.49 ms | 11911 tok/s)
step    6/10 | train loss 5.197307 | norm -1.0000 | lr 1.00e-04 | (21.68 ms | 11809 tok/s)
step    7/10 | train loss 5.058921 | norm -1.0000 | lr 1.00e-04 | (22.20 ms | 11532 tok/s)
step    8/10 | train loss 5.261158 | norm -1.0000 | lr 1.00e-04 | (22.16 ms | 11552 tok/s)
step    9/10 | train loss 5.313334 | norm -1.0000 | lr 1.00e-04 | (20.86 ms | 12272 tok/s)
step   10/10 | train loss 5.574057 | norm -1.0000 | lr 1.00e-04 | (20.11 ms | 12732 tok/s)
final 9 iters Latency avg: 21.416ms
final 9 iters Throughput avg: 11970 tok/s
peak memory consumption: 1022 MiB
==========================================
Running: gpt2_1_lora_bfloat16
==========================================
Running pytorch 2.8.0+metax3.5.3.9
using device: cuda
total desired batch size: 256
=> calculated gradient accumulation steps: 1
loading weights from pretrained gpt: gpt2
Applying LoRA with rank=8, alpha=16.0
Target modules: c_attn,attn.c_proj
trainable params: 442,368 || all params: 124,882,176 || trainable%: 0.3542
DataLoader: total number of tokens: 305,260 across 1 files
step    1/10 | train loss 5.333876 | norm -1.0000 | lr 1.00e-04 | (664.36 ms | 385 tok/s)
step    2/10 | train loss 5.117111 | norm -1.0000 | lr 1.00e-04 | (26.41 ms | 9692 tok/s)
step    3/10 | train loss 4.857628 | norm -1.0000 | lr 1.00e-04 | (28.19 ms | 9082 tok/s)
step    4/10 | train loss 4.984291 | norm -1.0000 | lr 1.00e-04 | (26.71 ms | 9584 tok/s)
step    5/10 | train loss 4.909014 | norm -1.0000 | lr 1.00e-04 | (28.27 ms | 9056 tok/s)
step    6/10 | train loss 5.179301 | norm -1.0000 | lr 1.00e-04 | (26.09 ms | 9814 tok/s)
step    7/10 | train loss 5.045848 | norm -1.0000 | lr 1.00e-04 | (26.86 ms | 9531 tok/s)
step    8/10 | train loss 5.232363 | norm -1.0000 | lr 1.00e-04 | (26.79 ms | 9555 tok/s)
step    9/10 | train loss 5.296677 | norm -1.0000 | lr 1.00e-04 | (26.63 ms | 9613 tok/s)
step   10/10 | train loss 5.556975 | norm -1.0000 | lr 1.00e-04 | (27.60 ms | 9274 tok/s)
final 9 iters Latency avg: 27.061ms
final 9 iters Throughput avg: 9467 tok/s
peak memory consumption: 1204 MiB
==========================================
Running: gpt2_2_lora_fp32
==========================================
Running pytorch 2.8.0+metax3.5.3.9
using device: cuda
total desired batch size: 5120
=> calculated gradient accumulation steps: 1
loading weights from pretrained gpt: gpt2
Applying LoRA with rank=8, alpha=16.0
Target modules: c_attn,attn.c_proj
trainable params: 442,368 || all params: 124,882,176 || trainable%: 0.3542
DataLoader: total number of tokens: 305,260 across 1 files
step    1/10 | train loss 5.219545 | norm -1.0000 | lr 1.00e-04 | (764.19 ms | 6700 tok/s)
step    2/10 | train loss 5.143064 | norm -1.0000 | lr 1.00e-04 | (152.81 ms | 33506 tok/s)
step    3/10 | train loss 5.074578 | norm -1.0000 | lr 1.00e-04 | (153.10 ms | 33442 tok/s)
step    4/10 | train loss 4.774480 | norm -1.0000 | lr 1.00e-04 | (152.01 ms | 33682 tok/s)
step    5/10 | train loss 4.900561 | norm -1.0000 | lr 1.00e-04 | (153.66 ms | 33321 tok/s)
step    6/10 | train loss 4.886528 | norm -1.0000 | lr 1.00e-04 | (152.97 ms | 33471 tok/s)
step    7/10 | train loss 4.977918 | norm -1.0000 | lr 1.00e-04 | (152.93 ms | 33480 tok/s)
step    8/10 | train loss 4.925590 | norm -1.0000 | lr 1.00e-04 | (154.12 ms | 33221 tok/s)
step    9/10 | train loss 4.957023 | norm -1.0000 | lr 1.00e-04 | (153.30 ms | 33399 tok/s)
step   10/10 | train loss 5.033326 | norm -1.0000 | lr 1.00e-04 | (153.48 ms | 33360 tok/s)
final 9 iters Latency avg: 153.153ms
final 9 iters Throughput avg: 33431 tok/s
peak memory consumption: 7931 MiB
==========================================
Running: gpt2_2_lora_bfloat16
==========================================
Running pytorch 2.8.0+metax3.5.3.9
using device: cuda
total desired batch size: 5120
=> calculated gradient accumulation steps: 1
loading weights from pretrained gpt: gpt2
Applying LoRA with rank=8, alpha=16.0
Target modules: c_attn,attn.c_proj
trainable params: 442,368 || all params: 124,882,176 || trainable%: 0.3542
DataLoader: total number of tokens: 305,260 across 1 files
step    1/10 | train loss 5.208039 | norm -1.0000 | lr 1.00e-04 | (731.64 ms | 6998 tok/s)
step    2/10 | train loss 5.141036 | norm -1.0000 | lr 1.00e-04 | (84.86 ms | 60336 tok/s)
step    3/10 | train loss 5.070267 | norm -1.0000 | lr 1.00e-04 | (85.66 ms | 59771 tok/s)
step    4/10 | train loss 4.766779 | norm -1.0000 | lr 1.00e-04 | (84.76 ms | 60409 tok/s)
step    5/10 | train loss 4.897858 | norm -1.0000 | lr 1.00e-04 | (85.69 ms | 59748 tok/s)
step    6/10 | train loss 4.873826 | norm -1.0000 | lr 1.00e-04 | (85.54 ms | 59854 tok/s)
step    7/10 | train loss 4.965813 | norm -1.0000 | lr 1.00e-04 | (85.61 ms | 59808 tok/s)
step    8/10 | train loss 4.919214 | norm -1.0000 | lr 1.00e-04 | (85.51 ms | 59876 tok/s)
step    9/10 | train loss 4.959752 | norm -1.0000 | lr 1.00e-04 | (85.80 ms | 59671 tok/s)
step   10/10 | train loss 5.022075 | norm -1.0000 | lr 1.00e-04 | (85.86 ms | 59633 tok/s)
final 9 iters Latency avg: 85.476ms
final 9 iters Throughput avg: 59901 tok/s
peak memory consumption: 6963 MiB
==========================================
Running: gpt2_3_lora_fp32 (8 GPUs)
==========================================
Running pytorch 2.8.0+metax3.5.3.9
using device: cuda:5
using device: cuda:0
total desired batch size: 5120
=> calculated gradient accumulation steps: 1
using device: cuda:1
using device: cuda:7
using device: cuda:2
using device: cuda:4
using device: cuda:6
using device: cuda:3
loading weights from pretrained gpt: gpt2
loading weights from pretrained gpt: gpt2
loading weights from pretrained gpt: gpt2
loading weights from pretrained gpt: gpt2
loading weights from pretrained gpt: gpt2
loading weights from pretrained gpt: gpt2
loading weights from pretrained gpt: gpt2
loading weights from pretrained gpt: gpt2
Applying LoRA with rank=8, alpha=16.0
Target modules: c_attn,attn.c_proj
trainable params: 442,368 || all params: 124,882,176 || trainable%: 0.3542
DataLoader: total number of tokens: 305,260 across 1 files
trainable params: 442,368 || all params: 124,882,176 || trainable%: 0.3542
trainable params: 442,368 || all params: 124,882,176 || trainable%: 0.3542
trainable params: 442,368 || all params: 124,882,176 || trainable%: 0.3542
trainable params: 442,368 || all params: 124,882,176 || trainable%: 0.3542
trainable params: 442,368 || all params: 124,882,176 || trainable%: 0.3542
trainable params: 442,368 || all params: 124,882,176 || trainable%: 0.3542
trainable params: 442,368 || all params: 124,882,176 || trainable%: 0.3542
step    1/10 | train loss 5.219545 | norm -1.0000 | lr 1.00e-04 | (1109.68 ms | 4614 tok/s)
step    2/10 | train loss 5.143064 | norm -1.0000 | lr 1.00e-04 | (45.22 ms | 113233 tok/s)
step    3/10 | train loss 5.074578 | norm -1.0000 | lr 1.00e-04 | (44.22 ms | 115797 tok/s)
step    4/10 | train loss 4.774481 | norm -1.0000 | lr 1.00e-04 | (43.47 ms | 117788 tok/s)
step    5/10 | train loss 4.900560 | norm -1.0000 | lr 1.00e-04 | (43.95 ms | 116493 tok/s)
step    6/10 | train loss 4.886527 | norm -1.0000 | lr 1.00e-04 | (43.55 ms | 117574 tok/s)
step    7/10 | train loss 4.977918 | norm -1.0000 | lr 1.00e-04 | (43.40 ms | 117964 tok/s)
step    8/10 | train loss 4.925590 | norm -1.0000 | lr 1.00e-04 | (44.63 ms | 114723 tok/s)
step    9/10 | train loss 4.957023 | norm -1.0000 | lr 1.00e-04 | (43.41 ms | 117955 tok/s)
step   10/10 | train loss 5.033327 | norm -1.0000 | lr 1.00e-04 | (43.47 ms | 117769 tok/s)
final 9 iters Latency avg: 43.923ms
final 9 iters Throughput avg: 116589 tok/s
peak memory consumption: 1571 MiB
==========================================
Running: gpt2_3_lora_bfloat16 (8 GPUs)
==========================================
Running pytorch 2.8.0+metax3.5.3.9
using device: cuda:5
using device: cuda:7
using device: cuda:2
using device: cuda:4
using device: cuda:1
using device: cuda:3
using device: cuda:0
total desired batch size: 5120
=> calculated gradient accumulation steps: 1
using device: cuda:6
loading weights from pretrained gpt: gpt2
loading weights from pretrained gpt: gpt2
loading weights from pretrained gpt: gpt2
loading weights from pretrained gpt: gpt2
loading weights from pretrained gpt: gpt2
loading weights from pretrained gpt: gpt2
loading weights from pretrained gpt: gpt2
loading weights from pretrained gpt: gpt2
trainable params: 442,368 || all params: 124,882,176 || trainable%: 0.3542
trainable params: 442,368 || all params: 124,882,176 || trainable%: 0.3542
trainable params: 442,368 || all params: 124,882,176 || trainable%: 0.3542
trainable params: 442,368 || all params: 124,882,176 || trainable%: 0.3542
trainable params: 442,368 || all params: 124,882,176 || trainable%: 0.3542
Applying LoRA with rank=8, alpha=16.0
Target modules: c_attn,attn.c_proj
trainable params: 442,368 || all params: 124,882,176 || trainable%: 0.3542
DataLoader: total number of tokens: 305,260 across 1 files
trainable params: 442,368 || all params: 124,882,176 || trainable%: 0.3542
trainable params: 442,368 || all params: 124,882,176 || trainable%: 0.3542
step    1/10 | train loss 5.204671 | norm -1.0000 | lr 1.00e-04 | (877.77 ms | 5833 tok/s)
step    2/10 | train loss 5.140466 | norm -1.0000 | lr 1.00e-04 | (36.19 ms | 141466 tok/s)
step    3/10 | train loss 5.066905 | norm -1.0000 | lr 1.00e-04 | (34.84 ms | 146939 tok/s)
step    4/10 | train loss 4.766565 | norm -1.0000 | lr 1.00e-04 | (37.52 ms | 136459 tok/s)
step    5/10 | train loss 4.895028 | norm -1.0000 | lr 1.00e-04 | (40.31 ms | 127031 tok/s)
step    6/10 | train loss 4.875154 | norm -1.0000 | lr 1.00e-04 | (39.87 ms | 128409 tok/s)
step    7/10 | train loss 4.968864 | norm -1.0000 | lr 1.00e-04 | (40.79 ms | 125527 tok/s)
step    8/10 | train loss 4.917142 | norm -1.0000 | lr 1.00e-04 | (40.72 ms | 125740 tok/s)
step    9/10 | train loss 4.957081 | norm -1.0000 | lr 1.00e-04 | (36.07 ms | 141954 tok/s)
step   10/10 | train loss 5.027645 | norm -1.0000 | lr 1.00e-04 | (34.73 ms | 147418 tok/s)
final 9 iters Latency avg: 37.893ms
final 9 iters Throughput avg: 135660 tok/s
peak memory consumption: 1662 MiB
==========================================
Running: llama3_1_lora_fp32
==========================================
Running pytorch 2.8.0+metax3.5.3.9
using device: cuda
total desired batch size: 256
=> calculated gradient accumulation steps: 1
write tokenizer from huggingface: wrote llama3_tokenizer.bin with 128256 tokens.
Applying LoRA with rank=8, alpha=16.0
Target modules: c_attn,attn.c_proj
trainable params: 1,179,648 || all params: 1,499,662,336 || trainable%: 0.0787
DataLoader: total number of tokens: 276,224 across 1 files
step    1/10 | train loss 4.899450 | norm -1.0000 | lr 1.00e-05 | (716.12 ms | 357 tok/s)
step    2/10 | train loss 4.868546 | norm -1.0000 | lr 1.00e-05 | (80.13 ms | 3195 tok/s)
step    3/10 | train loss 4.770337 | norm -1.0000 | lr 1.00e-05 | (77.24 ms | 3314 tok/s)
step    4/10 | train loss 5.010627 | norm -1.0000 | lr 1.00e-05 | (77.86 ms | 3288 tok/s)
step    5/10 | train loss 4.922276 | norm -1.0000 | lr 1.00e-05 | (77.46 ms | 3305 tok/s)
step    6/10 | train loss 4.973807 | norm -1.0000 | lr 1.00e-05 | (78.91 ms | 3244 tok/s)
step    7/10 | train loss 4.883524 | norm -1.0000 | lr 1.00e-05 | (77.04 ms | 3323 tok/s)
step    8/10 | train loss 4.800917 | norm -1.0000 | lr 1.00e-05 | (79.08 ms | 3237 tok/s)
step    9/10 | train loss 4.702595 | norm -1.0000 | lr 1.00e-05 | (78.06 ms | 3280 tok/s)
step   10/10 | train loss 4.320538 | norm -1.0000 | lr 1.00e-05 | (81.88 ms | 3126 tok/s)
final 9 iters Latency avg: 78.629ms
final 9 iters Throughput avg: 3257 tok/s
peak memory consumption: 7009 MiB
==========================================
Running: llama3_1_lora_bfloat16
==========================================
Running pytorch 2.8.0+metax3.5.3.9
using device: cuda
total desired batch size: 256
=> calculated gradient accumulation steps: 1
write tokenizer from huggingface: wrote llama3_tokenizer.bin with 128256 tokens.
Applying LoRA with rank=8, alpha=16.0
Target modules: c_attn,attn.c_proj
trainable params: 1,179,648 || all params: 1,499,662,336 || trainable%: 0.0787
DataLoader: total number of tokens: 276,224 across 1 files
step    1/10 | train loss 4.901941 | norm -1.0000 | lr 1.00e-05 | (734.50 ms | 349 tok/s)
step    2/10 | train loss 4.869547 | norm -1.0000 | lr 1.00e-05 | (57.21 ms | 4474 tok/s)
step    3/10 | train loss 4.772050 | norm -1.0000 | lr 1.00e-05 | (56.18 ms | 4557 tok/s)
step    4/10 | train loss 5.015519 | norm -1.0000 | lr 1.00e-05 | (57.25 ms | 4472 tok/s)
step    5/10 | train loss 4.928331 | norm -1.0000 | lr 1.00e-05 | (56.00 ms | 4572 tok/s)
step    6/10 | train loss 4.981339 | norm -1.0000 | lr 1.00e-05 | (56.69 ms | 4516 tok/s)
step    7/10 | train loss 4.892840 | norm -1.0000 | lr 1.00e-05 | (56.61 ms | 4522 tok/s)
step    8/10 | train loss 4.810061 | norm -1.0000 | lr 1.00e-05 | (55.27 ms | 4632 tok/s)
step    9/10 | train loss 4.714588 | norm -1.0000 | lr 1.00e-05 | (56.38 ms | 4540 tok/s)
step   10/10 | train loss 4.325320 | norm -1.0000 | lr 1.00e-05 | (56.39 ms | 4539 tok/s)
final 9 iters Latency avg: 56.444ms
final 9 iters Throughput avg: 4536 tok/s
peak memory consumption: 9036 MiB
==========================================
Running: llama3_2_lora_fp32
==========================================
Running pytorch 2.8.0+metax3.5.3.9
using device: cuda
total desired batch size: 5120
=> calculated gradient accumulation steps: 1
write tokenizer from huggingface: wrote llama3_tokenizer.bin with 128256 tokens.
Applying LoRA with rank=8, alpha=16.0
Target modules: c_attn,attn.c_proj
trainable params: 1,179,648 || all params: 1,499,662,336 || trainable%: 0.0787
DataLoader: total number of tokens: 276,224 across 1 files
step    1/10 | train loss 4.726651 | norm -1.0000 | lr 1.00e-05 | (1642.98 ms | 3116 tok/s)
step    2/10 | train loss 4.578902 | norm -1.0000 | lr 1.00e-05 | (1009.58 ms | 5071 tok/s)
step    3/10 | train loss 4.217411 | norm -1.0000 | lr 1.00e-05 | (1007.36 ms | 5083 tok/s)
step    4/10 | train loss 4.375905 | norm -1.0000 | lr 1.00e-05 | (1012.49 ms | 5057 tok/s)
step    5/10 | train loss 4.413910 | norm -1.0000 | lr 1.00e-05 | (1007.99 ms | 5079 tok/s)
step    6/10 | train loss 4.446320 | norm -1.0000 | lr 1.00e-05 | (1008.42 ms | 5077 tok/s)
step    7/10 | train loss 4.510069 | norm -1.0000 | lr 1.00e-05 | (1008.96 ms | 5075 tok/s)
step    8/10 | train loss 4.406634 | norm -1.0000 | lr 1.00e-05 | (1008.53 ms | 5077 tok/s)
step    9/10 | train loss 4.425782 | norm -1.0000 | lr 1.00e-05 | (1007.54 ms | 5082 tok/s)
step   10/10 | train loss 4.382312 | norm -1.0000 | lr 1.00e-05 | (1008.08 ms | 5079 tok/s)
final 9 iters Latency avg: 1008.771ms
final 9 iters Throughput avg: 5075 tok/s
peak memory consumption: 28745 MiB
==========================================
Running: llama3_2_lora_bfloat16
==========================================
Running pytorch 2.8.0+metax3.5.3.9
using device: cuda
total desired batch size: 5120
=> calculated gradient accumulation steps: 1
write tokenizer from huggingface: wrote llama3_tokenizer.bin with 128256 tokens.
Applying LoRA with rank=8, alpha=16.0
Target modules: c_attn,attn.c_proj
trainable params: 1,179,648 || all params: 1,499,662,336 || trainable%: 0.0787
DataLoader: total number of tokens: 276,224 across 1 files
step    1/10 | train loss 4.727628 | norm -1.0000 | lr 1.00e-05 | (977.17 ms | 5240 tok/s)
step    2/10 | train loss 4.582141 | norm -1.0000 | lr 1.00e-05 | (335.44 ms | 15263 tok/s)
step    3/10 | train loss 4.221061 | norm -1.0000 | lr 1.00e-05 | (337.50 ms | 15170 tok/s)
step    4/10 | train loss 4.380396 | norm -1.0000 | lr 1.00e-05 | (334.54 ms | 15305 tok/s)
step    5/10 | train loss 4.419182 | norm -1.0000 | lr 1.00e-05 | (333.54 ms | 15351 tok/s)
step    6/10 | train loss 4.453708 | norm -1.0000 | lr 1.00e-05 | (333.37 ms | 15358 tok/s)
step    7/10 | train loss 4.518876 | norm -1.0000 | lr 1.00e-05 | (332.50 ms | 15398 tok/s)
step    8/10 | train loss 4.415443 | norm -1.0000 | lr 1.00e-05 | (334.12 ms | 15324 tok/s)
step    9/10 | train loss 4.434689 | norm -1.0000 | lr 1.00e-05 | (333.43 ms | 15355 tok/s)
step   10/10 | train loss 4.389924 | norm -1.0000 | lr 1.00e-05 | (332.61 ms | 15393 tok/s)
final 9 iters Latency avg: 334.118ms
final 9 iters Throughput avg: 15324 tok/s
peak memory consumption: 24690 MiB
==========================================
Running: llama3_3_lora_fp32 (8 GPUs)
==========================================
Running pytorch 2.8.0+metax3.5.3.9
using device: cuda:7
using device: cuda:2
using device: cuda:4
using device: cuda:3
using device: cuda:0
total desired batch size: 5120
=> calculated gradient accumulation steps: 1
using device: cuda:6
using device: cuda:1
using device: cuda:5
write tokenizer from huggingface: wrote llama3_tokenizer.bin with 128256 tokens.
write tokenizer from huggingface: wrote llama3_tokenizer.bin with 128256 tokens.
write tokenizer from huggingface: wrote llama3_tokenizer.bin with 128256 tokens.
write tokenizer from huggingface: wrote llama3_tokenizer.bin with 128256 tokens.
write tokenizer from huggingface: wrote llama3_tokenizer.bin with 128256 tokens.
Applying LoRA with rank=8, alpha=16.0
Target modules: c_attn,attn.c_proj
write tokenizer from huggingface: wrote llama3_tokenizer.bin with 128256 tokens.
write tokenizer from huggingface: wrote llama3_tokenizer.bin with 128256 tokens.
write tokenizer from huggingface: wrote llama3_tokenizer.bin with 128256 tokens.
trainable params: 1,179,648 || all params: 1,499,662,336 || trainable%: 0.0787
trainable params: 1,179,648 || all params: 1,499,662,336 || trainable%: 0.0787
trainable params: 1,179,648 || all params: 1,499,662,336 || trainable%: 0.0787
trainable params: 1,179,648 || all params: 1,499,662,336 || trainable%: 0.0787
trainable params: 1,179,648 || all params: 1,499,662,336 || trainable%: 0.0787
DataLoader: total number of tokens: 276,224 across 1 files
trainable params: 1,179,648 || all params: 1,499,662,336 || trainable%: 0.0787
trainable params: 1,179,648 || all params: 1,499,662,336 || trainable%: 0.0787
trainable params: 1,179,648 || all params: 1,499,662,336 || trainable%: 0.0787
DDP all-reduce chunk size: 64 MiB
C550 chunked all-reduce: bucket=4.5 MiB, chunks=1, max_chunk=64 MiB
step    1/10 | train loss 4.726650 | norm -1.0000 | lr 1.00e-05 | (1453.86 ms | 3522 tok/s)
step    2/10 | train loss 4.578903 | norm -1.0000 | lr 1.00e-05 | (164.07 ms | 31206 tok/s)
step    3/10 | train loss 4.217411 | norm -1.0000 | lr 1.00e-05 | (161.36 ms | 31730 tok/s)
step    4/10 | train loss 4.375905 | norm -1.0000 | lr 1.00e-05 | (163.53 ms | 31309 tok/s)
step    5/10 | train loss 4.413910 | norm -1.0000 | lr 1.00e-05 | (159.97 ms | 32007 tok/s)
step    6/10 | train loss 4.446320 | norm -1.0000 | lr 1.00e-05 | (161.61 ms | 31682 tok/s)
step    7/10 | train loss 4.510069 | norm -1.0000 | lr 1.00e-05 | (161.05 ms | 31792 tok/s)
step    8/10 | train loss 4.406634 | norm -1.0000 | lr 1.00e-05 | (159.25 ms | 32150 tok/s)
step    9/10 | train loss 4.425782 | norm -1.0000 | lr 1.00e-05 | (159.09 ms | 32183 tok/s)
step   10/10 | train loss 4.382312 | norm -1.0000 | lr 1.00e-05 | (160.34 ms | 31932 tok/s)
final 9 iters Latency avg: 161.141ms
final 9 iters Throughput avg: 31777 tok/s
peak memory consumption: 8728 MiB
==========================================
Running: llama3_3_lora_bfloat16 (8 GPUs)
==========================================
Running pytorch 2.8.0+metax3.5.3.9
using device: cuda:6
using device: cuda:5
using device: cuda:2
using device: cuda:7
using device: cuda:1
using device: cuda:3
using device: cuda:0
total desired batch size: 5120
=> calculated gradient accumulation steps: 1
using device: cuda:4
write tokenizer from huggingface: wrote llama3_tokenizer.bin with 128256 tokens.
write tokenizer from huggingface: wrote llama3_tokenizer.bin with 128256 tokens.
write tokenizer from huggingface: wrote llama3_tokenizer.bin with 128256 tokens.
write tokenizer from huggingface: wrote llama3_tokenizer.bin with 128256 tokens.
write tokenizer from huggingface: wrote llama3_tokenizer.bin with 128256 tokens.
write tokenizer from huggingface: wrote llama3_tokenizer.bin with 128256 tokens.
write tokenizer from huggingface: wrote llama3_tokenizer.bin with 128256 tokens.
write tokenizer from huggingface: wrote llama3_tokenizer.bin with 128256 tokens.
Applying LoRA with rank=8, alpha=16.0
Target modules: c_attn,attn.c_proj
trainable params: 1,179,648 || all params: 1,499,662,336 || trainable%: 0.0787
trainable params: 1,179,648 || all params: 1,499,662,336 || trainable%: 0.0787
trainable params: 1,179,648 || all params: 1,499,662,336 || trainable%: 0.0787
trainable params: 1,179,648 || all params: 1,499,662,336 || trainable%: 0.0787
trainable params: 1,179,648 || all params: 1,499,662,336 || trainable%: 0.0787
trainable params: 1,179,648 || all params: 1,499,662,336 || trainable%: 0.0787
trainable params: 1,179,648 || all params: 1,499,662,336 || trainable%: 0.0787
trainable params: 1,179,648 || all params: 1,499,662,336 || trainable%: 0.0787
DataLoader: total number of tokens: 276,224 across 1 files
DDP all-reduce chunk size: 64 MiB
C550 chunked all-reduce: bucket=4.5 MiB, chunks=1, max_chunk=64 MiB
step    1/10 | train loss 4.726844 | norm -1.0000 | lr 1.00e-05 | (1425.97 ms | 3591 tok/s)
step    2/10 | train loss 4.581047 | norm -1.0000 | lr 1.00e-05 | (87.99 ms | 58189 tok/s)
step    3/10 | train loss 4.220744 | norm -1.0000 | lr 1.00e-05 | (95.04 ms | 53871 tok/s)
step    4/10 | train loss 4.380705 | norm -1.0000 | lr 1.00e-05 | (79.88 ms | 64096 tok/s)
step    5/10 | train loss 4.418714 | norm -1.0000 | lr 1.00e-05 | (78.28 ms | 65405 tok/s)
step    6/10 | train loss 4.453899 | norm -1.0000 | lr 1.00e-05 | (78.49 ms | 65234 tok/s)
step    7/10 | train loss 4.518734 | norm -1.0000 | lr 1.00e-05 | (79.80 ms | 64163 tok/s)
step    8/10 | train loss 4.415066 | norm -1.0000 | lr 1.00e-05 | (79.40 ms | 64480 tok/s)
step    9/10 | train loss 4.434129 | norm -1.0000 | lr 1.00e-05 | (76.70 ms | 66751 tok/s)
step   10/10 | train loss 4.390636 | norm -1.0000 | lr 1.00e-05 | (80.51 ms | 63591 tok/s)
final 9 iters Latency avg: 81.789ms
final 9 iters Throughput avg: 62864 tok/s
peak memory consumption: 10276 MiB
==========================================
All Maca LoRA training jobs finished.
==========================================
