[LAST_CMAKE] cmake -DUSE_CUDA=ON -DUSE_NCCL=ON -DBUILD_TEST=OFF -DPROFILE_MODE=ON .. && make -j
[RUN_METADATA] /home/chenxi/InfiniTrain/scripts/20260910/fix_dataloader-global-batches_2c2fc03/logs/run_metadata.log
[RUN_STARTED_AT] 2026-09-10 10:01:49
[GIT_BRANCH] fix/dataloader-global-batches
[GIT_COMMIT] 2c2fc033d8413fabc71a73f62ba47c549fe1c2e2
[GIT_COMMIT_SHORT] 2c2fc03
[COMMAND] ./gpt2 --input_bin /data1/shared/InfiniTrain-dev/data/llmc/gpt2/tinyshakespeare/tiny_shakespeare_train.bin --llmc_filepath /data1/shared/InfiniTrain-dev/data/llmc/gpt2/gpt2_124M.bin --device cuda --nthread_per_process 8 --num_iteration 50 --save_interval 10 --batch_size 40 --total_batch_size 5120 --tensor_parallel 2 --sequence_parallel true --pipeline_parallel 2 --virtual_pipeline_parallel 2 --save /data1/ckpt/3d_ddp2_tp2_pp2_no_resume/gpt2/no_resume --max_checkpoint_keep 5
E20260911 02:23:23.578882 140307991601152 main.cc:536] step    1/50 | train loss 5.219545 | lr 1.00e-04 | (1142.78 ms | 4480 tok/s | peak used:  2342 MB | peak reserved:  2400 MB, DP=2, TP=2, SP=2, PP=2)
E20260911 02:23:23.967981 140307991601152 main.cc:536] step    2/50 | train loss 5.111401 | lr 1.00e-04 | (388.63 ms | 13174 tok/s | peak used:  2342 MB | peak reserved:  2400 MB, DP=2, TP=2, SP=2, PP=2)
E20260911 02:23:24.355550 140307991601152 main.cc:536] step    3/50 | train loss 5.023347 | lr 1.00e-04 | (387.49 ms | 13213 tok/s | peak used:  2342 MB | peak reserved:  2400 MB, DP=2, TP=2, SP=2, PP=2)
E20260911 02:23:24.792866 140307991601152 main.cc:536] step    4/50 | train loss 4.688691 | lr 1.00e-04 | (437.25 ms | 11709 tok/s | peak used:  2342 MB | peak reserved:  2400 MB, DP=2, TP=2, SP=2, PP=2)
E20260911 02:23:25.151792 140307991601152 main.cc:536] step    5/50 | train loss 4.800508 | lr 1.00e-04 | (358.82 ms | 14269 tok/s | peak used:  2342 MB | peak reserved:  2400 MB, DP=2, TP=2, SP=2, PP=2)
E20260911 02:23:25.539269 140307991601152 main.cc:536] step    6/50 | train loss 4.738534 | lr 1.00e-04 | (387.40 ms | 13216 tok/s | peak used:  2342 MB | peak reserved:  2400 MB, DP=2, TP=2, SP=2, PP=2)
E20260911 02:23:25.939729 140307991601152 main.cc:536] step    7/50 | train loss 4.797225 | lr 1.00e-04 | (400.38 ms | 12788 tok/s | peak used:  2342 MB | peak reserved:  2400 MB, DP=2, TP=2, SP=2, PP=2)
E20260911 02:23:26.324114 140307991601152 main.cc:536] step    8/50 | train loss 4.689702 | lr 1.00e-04 | (384.29 ms | 13323 tok/s | peak used:  2342 MB | peak reserved:  2400 MB, DP=2, TP=2, SP=2, PP=2)
E20260911 02:23:26.712406 140307991601152 main.cc:536] step    9/50 | train loss 4.798491 | lr 1.00e-04 | (388.20 ms | 13189 tok/s | peak used:  2342 MB | peak reserved:  2400 MB, DP=2, TP=2, SP=2, PP=2)
E20260911 02:23:27.099425 140307991601152 main.cc:536] step   10/50 | train loss 4.804093 | lr 1.00e-04 | (386.92 ms | 13233 tok/s | peak used:  2342 MB | peak reserved:  2400 MB, DP=2, TP=2, SP=2, PP=2)
E20260911 02:23:27.369362 140308058714112 checkpoint.cc:206] [CKPT] Save done: dir="/data1/ckpt/3d_ddp2_tp2_pp2_no_resume/gpt2/no_resume/checkpoint_step_000010/rank_000006"
E20260911 02:23:27.380396 140308192940032 checkpoint.cc:206] [CKPT] Save done: dir="/data1/ckpt/3d_ddp2_tp2_pp2_no_resume/gpt2/no_resume/checkpoint_step_000010/rank_000004"
E20260911 02:23:27.395459 140307991601152 checkpoint.cc:206] [CKPT] Save done: dir="/data1/ckpt/3d_ddp2_tp2_pp2_no_resume/gpt2/no_resume/checkpoint_step_000010/rank_000007"
E20260911 02:23:27.402643 140308125827072 checkpoint.cc:206] [CKPT] Save done: dir="/data1/ckpt/3d_ddp2_tp2_pp2_no_resume/gpt2/no_resume/checkpoint_step_000010/rank_000005"
E20260911 02:23:27.417967 140308532686848 checkpoint.cc:206] [CKPT] Save done: dir="/data1/ckpt/3d_ddp2_tp2_pp2_no_resume/gpt2/no_resume/checkpoint_step_000010/rank_000000"
E20260911 02:23:27.425146 140308465573888 checkpoint.cc:206] [CKPT] Save done: dir="/data1/ckpt/3d_ddp2_tp2_pp2_no_resume/gpt2/no_resume/checkpoint_step_000010/rank_000001"
E20260911 02:23:27.428157 140308327165952 checkpoint.cc:206] [CKPT] Save done: dir="/data1/ckpt/3d_ddp2_tp2_pp2_no_resume/gpt2/no_resume/checkpoint_step_000010/rank_000002"
E20260911 02:23:27.431803 140308260052992 checkpoint.cc:206] [CKPT] Save done: dir="/data1/ckpt/3d_ddp2_tp2_pp2_no_resume/gpt2/no_resume/checkpoint_step_000010/rank_000003"
E20260911 02:23:27.757774 140307991601152 main.cc:536] step   11/50 | train loss 4.598698 | lr 1.00e-04 | (362.24 ms | 14134 tok/s | peak used:  2342 MB | peak reserved:  2400 MB, DP=2, TP=2, SP=2, PP=2)
E20260911 02:23:28.177399 140307991601152 main.cc:536] step   12/50 | train loss 4.725383 | lr 1.00e-04 | (419.45 ms | 12206 tok/s | peak used:  2342 MB | peak reserved:  2400 MB, DP=2, TP=2, SP=2, PP=2)
E20260911 02:23:28.560129 140307991601152 main.cc:536] step   13/50 | train loss 4.811613 | lr 1.00e-04 | (382.61 ms | 13382 tok/s | peak used:  2342 MB | peak reserved:  2400 MB, DP=2, TP=2, SP=2, PP=2)
E20260911 02:23:28.915632 140307991601152 main.cc:536] step   14/50 | train loss 4.838651 | lr 1.00e-04 | (355.28 ms | 14411 tok/s | peak used:  2342 MB | peak reserved:  2400 MB, DP=2, TP=2, SP=2, PP=2)
E20260911 02:23:29.306363 140307991601152 main.cc:536] step   15/50 | train loss 4.827898 | lr 1.00e-04 | (390.64 ms | 13107 tok/s | peak used:  2342 MB | peak reserved:  2400 MB, DP=2, TP=2, SP=2, PP=2)
E20260911 02:23:29.690049 140307991601152 main.cc:536] step   16/50 | train loss 4.772853 | lr 1.00e-04 | (383.60 ms | 13347 tok/s | peak used:  2342 MB | peak reserved:  2400 MB, DP=2, TP=2, SP=2, PP=2)
E20260911 02:23:30.103290 140307991601152 main.cc:536] step   17/50 | train loss 4.783788 | lr 1.00e-04 | (413.17 ms | 12392 tok/s | peak used:  2342 MB | peak reserved:  2400 MB, DP=2, TP=2, SP=2, PP=2)
E20260911 02:23:30.499666 140307991601152 main.cc:536] step   18/50 | train loss 4.728649 | lr 1.00e-04 | (396.27 ms | 12921 tok/s | peak used:  2342 MB | peak reserved:  2400 MB, DP=2, TP=2, SP=2, PP=2)
E20260911 02:23:30.902796 140307991601152 main.cc:536] step   19/50 | train loss 4.661249 | lr 1.00e-04 | (403.06 ms | 12703 tok/s | peak used:  2342 MB | peak reserved:  2400 MB, DP=2, TP=2, SP=2, PP=2)
E20260911 02:23:31.322766 140307991601152 main.cc:536] step   20/50 | train loss 4.680491 | lr 1.00e-04 | (419.90 ms | 12194 tok/s | peak used:  2342 MB | peak reserved:  2400 MB, DP=2, TP=2, SP=2, PP=2)
E20260911 02:23:31.613897 140308125827072 checkpoint.cc:206] [CKPT] Save done: dir="/data1/ckpt/3d_ddp2_tp2_pp2_no_resume/gpt2/no_resume/checkpoint_step_000020/rank_000005"
E20260911 02:23:31.615033 140307991601152 checkpoint.cc:206] [CKPT] Save done: dir="/data1/ckpt/3d_ddp2_tp2_pp2_no_resume/gpt2/no_resume/checkpoint_step_000020/rank_000007"
E20260911 02:23:31.616123 140308192940032 checkpoint.cc:206] [CKPT] Save done: dir="/data1/ckpt/3d_ddp2_tp2_pp2_no_resume/gpt2/no_resume/checkpoint_step_000020/rank_000004"
E20260911 02:23:31.619963 140308058714112 checkpoint.cc:206] [CKPT] Save done: dir="/data1/ckpt/3d_ddp2_tp2_pp2_no_resume/gpt2/no_resume/checkpoint_step_000020/rank_000006"
E20260911 02:23:31.660500 140308532686848 checkpoint.cc:206] [CKPT] Save done: dir="/data1/ckpt/3d_ddp2_tp2_pp2_no_resume/gpt2/no_resume/checkpoint_step_000020/rank_000000"
E20260911 02:23:31.667168 140308465573888 checkpoint.cc:206] [CKPT] Save done: dir="/data1/ckpt/3d_ddp2_tp2_pp2_no_resume/gpt2/no_resume/checkpoint_step_000020/rank_000001"
E20260911 02:23:31.672702 140308260052992 checkpoint.cc:206] [CKPT] Save done: dir="/data1/ckpt/3d_ddp2_tp2_pp2_no_resume/gpt2/no_resume/checkpoint_step_000020/rank_000003"
E20260911 02:23:31.673195 140308327165952 checkpoint.cc:206] [CKPT] Save done: dir="/data1/ckpt/3d_ddp2_tp2_pp2_no_resume/gpt2/no_resume/checkpoint_step_000020/rank_000002"
E20260911 02:23:32.031185 140307991601152 main.cc:536] step   21/50 | train loss 4.837656 | lr 1.00e-04 | (416.10 ms | 12305 tok/s | peak used:  2342 MB | peak reserved:  2400 MB, DP=2, TP=2, SP=2, PP=2)
E20260911 02:23:32.402403 140307991601152 main.cc:536] step   22/50 | train loss 4.630062 | lr 1.00e-04 | (371.13 ms | 13796 tok/s | peak used:  2342 MB | peak reserved:  2400 MB, DP=2, TP=2, SP=2, PP=2)
E20260911 02:23:32.750242 140307991601152 main.cc:536] step   23/50 | train loss 4.748735 | lr 1.00e-04 | (347.76 ms | 14723 tok/s | peak used:  2342 MB | peak reserved:  2400 MB, DP=2, TP=2, SP=2, PP=2)
E20260911 02:23:33.170788 140307991601152 main.cc:536] step   24/50 | train loss 4.707980 | lr 1.00e-04 | (420.46 ms | 12177 tok/s | peak used:  2342 MB | peak reserved:  2400 MB, DP=2, TP=2, SP=2, PP=2)
E20260911 02:23:33.509659 140307991601152 main.cc:536] step   25/50 | train loss 4.495559 | lr 1.00e-04 | (338.79 ms | 15113 tok/s | peak used:  2342 MB | peak reserved:  2400 MB, DP=2, TP=2, SP=2, PP=2)
E20260911 02:23:33.892723 140307991601152 main.cc:536] step   26/50 | train loss 4.538972 | lr 1.00e-04 | (383.00 ms | 13368 tok/s | peak used:  2342 MB | peak reserved:  2400 MB, DP=2, TP=2, SP=2, PP=2)
E20260911 02:23:34.268222 140307991601152 main.cc:536] step   27/50 | train loss 4.641394 | lr 1.00e-04 | (375.43 ms | 13638 tok/s | peak used:  2342 MB | peak reserved:  2400 MB, DP=2, TP=2, SP=2, PP=2)
E20260911 02:23:34.678831 140307991601152 main.cc:536] step   28/50 | train loss 4.584627 | lr 1.00e-04 | (410.54 ms | 12471 tok/s | peak used:  2342 MB | peak reserved:  2400 MB, DP=2, TP=2, SP=2, PP=2)
E20260911 02:23:35.077239 140307991601152 main.cc:536] step   29/50 | train loss 4.503596 | lr 1.00e-04 | (398.32 ms | 12854 tok/s | peak used:  2342 MB | peak reserved:  2400 MB, DP=2, TP=2, SP=2, PP=2)
E20260911 02:23:35.472191 140307991601152 main.cc:536] step   30/50 | train loss 4.653382 | lr 1.00e-04 | (394.86 ms | 12967 tok/s | peak used:  2342 MB | peak reserved:  2400 MB, DP=2, TP=2, SP=2, PP=2)
E20260911 02:23:35.737798 140307991601152 checkpoint.cc:206] [CKPT] Save done: dir="/data1/ckpt/3d_ddp2_tp2_pp2_no_resume/gpt2/no_resume/checkpoint_step_000030/rank_000007"
E20260911 02:23:35.741807 140308192940032 checkpoint.cc:206] [CKPT] Save done: dir="/data1/ckpt/3d_ddp2_tp2_pp2_no_resume/gpt2/no_resume/checkpoint_step_000030/rank_000004"
E20260911 02:23:35.760099 140308125827072 checkpoint.cc:206] [CKPT] Save done: dir="/data1/ckpt/3d_ddp2_tp2_pp2_no_resume/gpt2/no_resume/checkpoint_step_000030/rank_000005"
E20260911 02:23:35.768022 140308058714112 checkpoint.cc:206] [CKPT] Save done: dir="/data1/ckpt/3d_ddp2_tp2_pp2_no_resume/gpt2/no_resume/checkpoint_step_000030/rank_000006"
E20260911 02:23:35.781278 140308327165952 checkpoint.cc:206] [CKPT] Save done: dir="/data1/ckpt/3d_ddp2_tp2_pp2_no_resume/gpt2/no_resume/checkpoint_step_000030/rank_000002"
E20260911 02:23:35.788112 140308465573888 checkpoint.cc:206] [CKPT] Save done: dir="/data1/ckpt/3d_ddp2_tp2_pp2_no_resume/gpt2/no_resume/checkpoint_step_000030/rank_000001"
E20260911 02:23:35.792511 140308532686848 checkpoint.cc:206] [CKPT] Save done: dir="/data1/ckpt/3d_ddp2_tp2_pp2_no_resume/gpt2/no_resume/checkpoint_step_000030/rank_000000"
E20260911 02:23:35.801588 140308260052992 checkpoint.cc:206] [CKPT] Save done: dir="/data1/ckpt/3d_ddp2_tp2_pp2_no_resume/gpt2/no_resume/checkpoint_step_000030/rank_000003"
E20260911 02:23:36.160756 140307991601152 main.cc:536] step   31/50 | train loss 4.646862 | lr 1.00e-04 | (422.88 ms | 12107 tok/s | peak used:  2342 MB | peak reserved:  2400 MB, DP=2, TP=2, SP=2, PP=2)
E20260911 02:23:36.557639 140307991601152 main.cc:536] step   32/50 | train loss 4.360770 | lr 1.00e-04 | (396.79 ms | 12903 tok/s | peak used:  2342 MB | peak reserved:  2400 MB, DP=2, TP=2, SP=2, PP=2)
E20260911 02:23:36.967324 140307991601152 main.cc:536] step   33/50 | train loss 4.689915 | lr 1.00e-04 | (409.60 ms | 12500 tok/s | peak used:  2342 MB | peak reserved:  2400 MB, DP=2, TP=2, SP=2, PP=2)
E20260911 02:23:37.337794 140307991601152 main.cc:536] step   34/50 | train loss 4.652094 | lr 1.00e-04 | (370.38 ms | 13824 tok/s | peak used:  2342 MB | peak reserved:  2400 MB, DP=2, TP=2, SP=2, PP=2)
E20260911 02:23:37.715167 140307991601152 main.cc:536] step   35/50 | train loss 4.543900 | lr 1.00e-04 | (377.27 ms | 13571 tok/s | peak used:  2342 MB | peak reserved:  2400 MB, DP=2, TP=2, SP=2, PP=2)
E20260911 02:23:38.093165 140307991601152 main.cc:536] step   36/50 | train loss 4.832331 | lr 1.00e-04 | (377.89 ms | 13549 tok/s | peak used:  2342 MB | peak reserved:  2400 MB, DP=2, TP=2, SP=2, PP=2)
E20260911 02:23:38.417897 140307991601152 main.cc:536] step   37/50 | train loss 4.862926 | lr 1.00e-04 | (324.64 ms | 15771 tok/s | peak used:  2342 MB | peak reserved:  2400 MB, DP=2, TP=2, SP=2, PP=2)
E20260911 02:23:38.813683 140307991601152 main.cc:536] step   38/50 | train loss 4.823746 | lr 1.00e-04 | (395.72 ms | 12938 tok/s | peak used:  2342 MB | peak reserved:  2400 MB, DP=2, TP=2, SP=2, PP=2)
E20260911 02:23:39.179061 140307991601152 main.cc:536] step   39/50 | train loss 4.853215 | lr 1.00e-04 | (365.31 ms | 14016 tok/s | peak used:  2342 MB | peak reserved:  2400 MB, DP=2, TP=2, SP=2, PP=2)
E20260911 02:23:39.560745 140307991601152 main.cc:536] step   40/50 | train loss 4.824492 | lr 1.00e-04 | (381.62 ms | 13417 tok/s | peak used:  2342 MB | peak reserved:  2400 MB, DP=2, TP=2, SP=2, PP=2)
E20260911 02:23:39.790405 140307991601152 checkpoint.cc:206] [CKPT] Save done: dir="/data1/ckpt/3d_ddp2_tp2_pp2_no_resume/gpt2/no_resume/checkpoint_step_000040/rank_000007"
E20260911 02:23:39.796295 140308125827072 checkpoint.cc:206] [CKPT] Save done: dir="/data1/ckpt/3d_ddp2_tp2_pp2_no_resume/gpt2/no_resume/checkpoint_step_000040/rank_000005"
E20260911 02:23:39.800945 140308192940032 checkpoint.cc:206] [CKPT] Save done: dir="/data1/ckpt/3d_ddp2_tp2_pp2_no_resume/gpt2/no_resume/checkpoint_step_000040/rank_000004"
E20260911 02:23:39.811536 140308058714112 checkpoint.cc:206] [CKPT] Save done: dir="/data1/ckpt/3d_ddp2_tp2_pp2_no_resume/gpt2/no_resume/checkpoint_step_000040/rank_000006"
E20260911 02:23:39.868452 140308465573888 checkpoint.cc:206] [CKPT] Save done: dir="/data1/ckpt/3d_ddp2_tp2_pp2_no_resume/gpt2/no_resume/checkpoint_step_000040/rank_000001"
E20260911 02:23:39.883750 140308327165952 checkpoint.cc:206] [CKPT] Save done: dir="/data1/ckpt/3d_ddp2_tp2_pp2_no_resume/gpt2/no_resume/checkpoint_step_000040/rank_000002"
E20260911 02:23:39.884876 140308532686848 checkpoint.cc:206] [CKPT] Save done: dir="/data1/ckpt/3d_ddp2_tp2_pp2_no_resume/gpt2/no_resume/checkpoint_step_000040/rank_000000"
E20260911 02:23:39.892010 140308260052992 checkpoint.cc:206] [CKPT] Save done: dir="/data1/ckpt/3d_ddp2_tp2_pp2_no_resume/gpt2/no_resume/checkpoint_step_000040/rank_000003"
E20260911 02:23:40.211590 140307991601152 main.cc:536] step   41/50 | train loss 4.772593 | lr 1.00e-04 | (421.10 ms | 12159 tok/s | peak used:  2342 MB | peak reserved:  2400 MB, DP=2, TP=2, SP=2, PP=2)
E20260911 02:23:40.576891 140307991601152 main.cc:536] step   42/50 | train loss 4.772711 | lr 1.00e-04 | (365.21 ms | 14019 tok/s | peak used:  2342 MB | peak reserved:  2400 MB, DP=2, TP=2, SP=2, PP=2)
E20260911 02:23:40.915552 140307991601152 main.cc:536] step   43/50 | train loss 4.795121 | lr 1.00e-04 | (338.48 ms | 15126 tok/s | peak used:  2342 MB | peak reserved:  2400 MB, DP=2, TP=2, SP=2, PP=2)
E20260911 02:23:41.289445 140307991601152 main.cc:536] step   44/50 | train loss 4.681509 | lr 1.00e-04 | (373.80 ms | 13697 tok/s | peak used:  2342 MB | peak reserved:  2400 MB, DP=2, TP=2, SP=2, PP=2)
E20260911 02:23:41.676758 140307991601152 main.cc:536] step   45/50 | train loss 4.522457 | lr 1.00e-04 | (387.24 ms | 13222 tok/s | peak used:  2342 MB | peak reserved:  2400 MB, DP=2, TP=2, SP=2, PP=2)
E20260911 02:23:42.082753 140307991601152 main.cc:536] step   46/50 | train loss 4.545523 | lr 1.00e-04 | (405.93 ms | 12613 tok/s | peak used:  2342 MB | peak reserved:  2400 MB, DP=2, TP=2, SP=2, PP=2)
E20260911 02:23:42.610118 140307991601152 main.cc:536] step   47/50 | train loss 4.618790 | lr 1.00e-04 | (527.27 ms | 9710 tok/s | peak used:  2342 MB | peak reserved:  2400 MB, DP=2, TP=2, SP=2, PP=2)
E20260911 02:23:42.949496 140307991601152 main.cc:536] step   48/50 | train loss 4.626948 | lr 1.00e-04 | (339.28 ms | 15091 tok/s | peak used:  2342 MB | peak reserved:  2400 MB, DP=2, TP=2, SP=2, PP=2)
E20260911 02:23:43.325413 140307991601152 main.cc:536] step   49/50 | train loss 4.614967 | lr 1.00e-04 | (375.84 ms | 13623 tok/s | peak used:  2342 MB | peak reserved:  2400 MB, DP=2, TP=2, SP=2, PP=2)
E20260911 02:23:43.726132 140307991601152 main.cc:536] step   50/50 | train loss 4.526660 | lr 1.00e-04 | (400.64 ms | 12779 tok/s | peak used:  2342 MB | peak reserved:  2400 MB, DP=2, TP=2, SP=2, PP=2)
E20260911 02:23:43.995881 140308125827072 checkpoint.cc:206] [CKPT] Save done: dir="/data1/ckpt/3d_ddp2_tp2_pp2_no_resume/gpt2/no_resume/checkpoint_step_000050/rank_000005"
E20260911 02:23:44.006155 140308058714112 checkpoint.cc:206] [CKPT] Save done: dir="/data1/ckpt/3d_ddp2_tp2_pp2_no_resume/gpt2/no_resume/checkpoint_step_000050/rank_000006"
E20260911 02:23:44.014478 140307991601152 checkpoint.cc:206] [CKPT] Save done: dir="/data1/ckpt/3d_ddp2_tp2_pp2_no_resume/gpt2/no_resume/checkpoint_step_000050/rank_000007"
E20260911 02:23:44.025149 140308192940032 checkpoint.cc:206] [CKPT] Save done: dir="/data1/ckpt/3d_ddp2_tp2_pp2_no_resume/gpt2/no_resume/checkpoint_step_000050/rank_000004"
E20260911 02:23:44.048804 140308532686848 checkpoint.cc:206] [CKPT] Save done: dir="/data1/ckpt/3d_ddp2_tp2_pp2_no_resume/gpt2/no_resume/checkpoint_step_000050/rank_000000"
E20260911 02:23:44.052197 140308327165952 checkpoint.cc:206] [CKPT] Save done: dir="/data1/ckpt/3d_ddp2_tp2_pp2_no_resume/gpt2/no_resume/checkpoint_step_000050/rank_000002"
E20260911 02:23:44.061676 140308465573888 checkpoint.cc:206] [CKPT] Save done: dir="/data1/ckpt/3d_ddp2_tp2_pp2_no_resume/gpt2/no_resume/checkpoint_step_000050/rank_000001"
E20260911 02:23:44.080028 140308260052992 checkpoint.cc:206] [CKPT] Save done: dir="/data1/ckpt/3d_ddp2_tp2_pp2_no_resume/gpt2/no_resume/checkpoint_step_000050/rank_000003"
