[LAST_CMAKE] cmake -DUSE_CUDA=ON -DUSE_NCCL=ON -DBUILD_TEST=ON -DPROFILE_MODE=OFF .. && make -j
[RUN_METADATA] /home/chenxi/InfiniTrain/scripts/20260910/fix_dataloader-global-batches_2c2fc03/logs/run_metadata.log
[RUN_STARTED_AT] 2026-09-10 10:01:49
[GIT_BRANCH] fix/dataloader-global-batches
[GIT_COMMIT] 2c2fc033d8413fabc71a73f62ba47c549fe1c2e2
[GIT_COMMIT_SHORT] 2c2fc03
[COMMAND] ./gpt2 --input_bin /data1/shared/InfiniTrain-dev/data/llmc/gpt2/tinyshakespeare/tiny_shakespeare_train.bin --llmc_filepath /data1/shared/InfiniTrain-dev/data/llmc/gpt2/gpt2_124M.bin --device cuda --nthread_per_process 8 --num_iteration 50 --save_interval 10 --batch_size 40 --total_batch_size 5120 --tensor_parallel 2 --sequence_parallel true --pipeline_parallel 2 --virtual_pipeline_parallel 2 --load /data1/ckpt/3d_ddp2_tp2_pp2_no_resume/gpt2/no_resume/checkpoint_step_000030 --save /data1/ckpt/3d_tp2_pp2_resume/gpt2/resume --max_checkpoint_keep 5
E20260910 10:41:29.237549 140341076291584 checkpoint.cc:239] [CKPT] Load done: global_step=30, consumed_train_samples=2400, topology(ddp,tp,sp,pp)=(2,2,2,2)
E20260910 10:41:29.274045 140341225185280 checkpoint.cc:239] [CKPT] Load done: global_step=30, consumed_train_samples=2400, topology(ddp,tp,sp,pp)=(2,2,2,2)
E20260910 10:41:29.294212 140341009178624 checkpoint.cc:239] [CKPT] Load done: global_step=30, consumed_train_samples=2400, topology(ddp,tp,sp,pp)=(2,2,2,2)
E20260910 10:41:29.377824 140340942065664 checkpoint.cc:239] [CKPT] Load done: global_step=30, consumed_train_samples=2400, topology(ddp,tp,sp,pp)=(2,2,2,2)
E20260910 10:41:29.415840 140340874952704 checkpoint.cc:239] [CKPT] Load done: global_step=30, consumed_train_samples=2400, topology(ddp,tp,sp,pp)=(2,2,2,2)
E20260910 10:41:29.421168 140340807839744 checkpoint.cc:239] [CKPT] Load done: global_step=30, consumed_train_samples=2400, topology(ddp,tp,sp,pp)=(2,2,2,2)
E20260910 10:41:29.436594 140341292298240 checkpoint.cc:239] [CKPT] Load done: global_step=30, consumed_train_samples=2400, topology(ddp,tp,sp,pp)=(2,2,2,2)
E20260910 10:41:29.506233 140340740726784 checkpoint.cc:239] [CKPT] Load done: global_step=30, consumed_train_samples=2400, topology(ddp,tp,sp,pp)=(2,2,2,2)
E20260910 10:41:30.409512 140340740726784 main.cc:536] step   31/50 | train loss 4.646862 | lr 1.00e-04 | (903.21 ms | 5669 tok/s | peak used:  2342 MB | peak reserved:  2432 MB, DP=2, TP=2, SP=2, PP=2)
E20260910 10:41:30.537584 140340740726784 main.cc:536] step   32/50 | train loss 4.360771 | lr 1.00e-04 | (127.96 ms | 40011 tok/s | peak used:  2342 MB | peak reserved:  2528 MB, DP=2, TP=2, SP=2, PP=2)
E20260910 10:41:30.654954 140340740726784 main.cc:536] step   33/50 | train loss 4.689916 | lr 1.00e-04 | (117.29 ms | 43651 tok/s | peak used:  2342 MB | peak reserved:  2528 MB, DP=2, TP=2, SP=2, PP=2)
E20260910 10:41:30.772232 140340740726784 main.cc:536] step   34/50 | train loss 4.652094 | lr 1.00e-04 | (117.22 ms | 43678 tok/s | peak used:  2342 MB | peak reserved:  2528 MB, DP=2, TP=2, SP=2, PP=2)
E20260910 10:41:30.890318 140340740726784 main.cc:536] step   35/50 | train loss 4.543900 | lr 1.00e-04 | (118.02 ms | 43381 tok/s | peak used:  2342 MB | peak reserved:  2528 MB, DP=2, TP=2, SP=2, PP=2)
E20260910 10:41:31.006832 140340740726784 main.cc:536] step   36/50 | train loss 4.832332 | lr 1.00e-04 | (116.46 ms | 43964 tok/s | peak used:  2342 MB | peak reserved:  2528 MB, DP=2, TP=2, SP=2, PP=2)
E20260910 10:41:31.124037 140340740726784 main.cc:536] step   37/50 | train loss 4.862926 | lr 1.00e-04 | (117.15 ms | 43704 tok/s | peak used:  2342 MB | peak reserved:  2528 MB, DP=2, TP=2, SP=2, PP=2)
E20260910 10:41:31.238153 140340740726784 main.cc:536] step   38/50 | train loss 4.823745 | lr 1.00e-04 | (114.06 ms | 44887 tok/s | peak used:  2342 MB | peak reserved:  2528 MB, DP=2, TP=2, SP=2, PP=2)
E20260910 10:41:31.352849 140340740726784 main.cc:536] step   39/50 | train loss 4.853215 | lr 1.00e-04 | (114.65 ms | 44659 tok/s | peak used:  2342 MB | peak reserved:  2528 MB, DP=2, TP=2, SP=2, PP=2)
E20260910 10:41:31.467475 140340740726784 main.cc:536] step   40/50 | train loss 4.824492 | lr 1.00e-04 | (114.57 ms | 44689 tok/s | peak used:  2342 MB | peak reserved:  2528 MB, DP=2, TP=2, SP=2, PP=2)
E20260910 10:41:31.763396 140340807839744 checkpoint.cc:206] [CKPT] Save done: dir="/data1/ckpt/3d_tp2_pp2_resume/gpt2/resume/checkpoint_step_000040/rank_000006"
E20260910 10:41:31.777188 140341292298240 checkpoint.cc:206] [CKPT] Save done: dir="/data1/ckpt/3d_tp2_pp2_resume/gpt2/resume/checkpoint_step_000040/rank_000000"
E20260910 10:41:31.777192 140340942065664 checkpoint.cc:206] [CKPT] Save done: dir="/data1/ckpt/3d_tp2_pp2_resume/gpt2/resume/checkpoint_step_000040/rank_000004"
E20260910 10:41:31.780484 140340740726784 checkpoint.cc:206] [CKPT] Save done: dir="/data1/ckpt/3d_tp2_pp2_resume/gpt2/resume/checkpoint_step_000040/rank_000007"
E20260910 10:41:31.781854 140340874952704 checkpoint.cc:206] [CKPT] Save done: dir="/data1/ckpt/3d_tp2_pp2_resume/gpt2/resume/checkpoint_step_000040/rank_000005"
E20260910 10:41:31.783265 140341076291584 checkpoint.cc:206] [CKPT] Save done: dir="/data1/ckpt/3d_tp2_pp2_resume/gpt2/resume/checkpoint_step_000040/rank_000002"
E20260910 10:41:31.792940 140341009178624 checkpoint.cc:206] [CKPT] Save done: dir="/data1/ckpt/3d_tp2_pp2_resume/gpt2/resume/checkpoint_step_000040/rank_000003"
E20260910 10:41:31.794625 140341225185280 checkpoint.cc:206] [CKPT] Save done: dir="/data1/ckpt/3d_tp2_pp2_resume/gpt2/resume/checkpoint_step_000040/rank_000001"
E20260910 10:41:31.895453 140340740726784 main.cc:536] step   41/50 | train loss 4.772593 | lr 1.00e-04 | (114.91 ms | 44555 tok/s | peak used:  2342 MB | peak reserved:  2528 MB, DP=2, TP=2, SP=2, PP=2)
E20260910 10:41:32.009683 140340740726784 main.cc:536] step   42/50 | train loss 4.772711 | lr 1.00e-04 | (114.17 ms | 44846 tok/s | peak used:  2342 MB | peak reserved:  2528 MB, DP=2, TP=2, SP=2, PP=2)
E20260910 10:41:32.128095 140340740726784 main.cc:536] step   43/50 | train loss 4.795121 | lr 1.00e-04 | (118.36 ms | 43260 tok/s | peak used:  2342 MB | peak reserved:  2528 MB, DP=2, TP=2, SP=2, PP=2)
E20260910 10:41:32.243174 140340740726784 main.cc:536] step   44/50 | train loss 4.681509 | lr 1.00e-04 | (115.03 ms | 44511 tok/s | peak used:  2342 MB | peak reserved:  2528 MB, DP=2, TP=2, SP=2, PP=2)
E20260910 10:41:32.361597 140340740726784 main.cc:536] step   45/50 | train loss 4.522458 | lr 1.00e-04 | (118.37 ms | 43253 tok/s | peak used:  2342 MB | peak reserved:  2528 MB, DP=2, TP=2, SP=2, PP=2)
E20260910 10:41:32.484043 140340740726784 main.cc:536] step   46/50 | train loss 4.545523 | lr 1.00e-04 | (122.40 ms | 41831 tok/s | peak used:  2342 MB | peak reserved:  2528 MB, DP=2, TP=2, SP=2, PP=2)
E20260910 10:41:32.600087 140340740726784 main.cc:536] step   47/50 | train loss 4.618790 | lr 1.00e-04 | (115.97 ms | 44148 tok/s | peak used:  2342 MB | peak reserved:  2528 MB, DP=2, TP=2, SP=2, PP=2)
E20260910 10:41:32.719335 140340740726784 main.cc:536] step   48/50 | train loss 4.626948 | lr 1.00e-04 | (119.20 ms | 42954 tok/s | peak used:  2342 MB | peak reserved:  2528 MB, DP=2, TP=2, SP=2, PP=2)
E20260910 10:41:32.840577 140340740726784 main.cc:536] step   49/50 | train loss 4.614968 | lr 1.00e-04 | (121.19 ms | 42248 tok/s | peak used:  2342 MB | peak reserved:  2528 MB, DP=2, TP=2, SP=2, PP=2)
E20260910 10:41:32.956212 140340740726784 main.cc:536] step   50/50 | train loss 4.526660 | lr 1.00e-04 | (115.58 ms | 44297 tok/s | peak used:  2342 MB | peak reserved:  2528 MB, DP=2, TP=2, SP=2, PP=2)
E20260910 10:41:33.256335 140341009178624 checkpoint.cc:206] [CKPT] Save done: dir="/data1/ckpt/3d_tp2_pp2_resume/gpt2/resume/checkpoint_step_000050/rank_000003"
E20260910 10:41:33.262596 140341225185280 checkpoint.cc:206] [CKPT] Save done: dir="/data1/ckpt/3d_tp2_pp2_resume/gpt2/resume/checkpoint_step_000050/rank_000001"
E20260910 10:41:33.262790 140340874952704 checkpoint.cc:206] [CKPT] Save done: dir="/data1/ckpt/3d_tp2_pp2_resume/gpt2/resume/checkpoint_step_000050/rank_000005"
E20260910 10:41:33.268578 140340807839744 checkpoint.cc:206] [CKPT] Save done: dir="/data1/ckpt/3d_tp2_pp2_resume/gpt2/resume/checkpoint_step_000050/rank_000006"
E20260910 10:41:33.272407 140340740726784 checkpoint.cc:206] [CKPT] Save done: dir="/data1/ckpt/3d_tp2_pp2_resume/gpt2/resume/checkpoint_step_000050/rank_000007"
E20260910 10:41:33.273263 140340942065664 checkpoint.cc:206] [CKPT] Save done: dir="/data1/ckpt/3d_tp2_pp2_resume/gpt2/resume/checkpoint_step_000050/rank_000004"
E20260910 10:41:33.278282 140341292298240 checkpoint.cc:206] [CKPT] Save done: dir="/data1/ckpt/3d_tp2_pp2_resume/gpt2/resume/checkpoint_step_000050/rank_000000"
E20260910 10:41:33.278912 140341076291584 checkpoint.cc:206] [CKPT] Save done: dir="/data1/ckpt/3d_tp2_pp2_resume/gpt2/resume/checkpoint_step_000050/rank_000002"
