[LAST_CMAKE] cmake -DBUILD_TEST=ON -DUSE_CUDA=ON -DUSE_NCCL=ON .. && make -j
[COMMAND] ./gpt2 --input_bin /data/shared/InfiniTrain-dev/data/llmc/gpt2/tinyshakespeare/tiny_shakespeare_train.bin --llmc_filepath /data/shared/InfiniTrain-dev/data/llmc/gpt2/gpt2_124M.bin --device cuda --dtype bfloat16 --nthread_per_process 8 --num_iteration 10 --batch_size 10 --total_batch_size 5120 --pipeline_parallel 8 --lora_rank 16 --lora_alpha 32.0 --lora_target_modules c_attn,attn.c_proj,c_fc
===== LoRA Model Summary (Rank 6) ======
Total parameters:     7223040
Trainable parameters: 135168 (1.87135%)
Frozen parameters:    7087872
========================================
===== LoRA Model Summary (Rank 4) ======
Total parameters:     7223040
Trainable parameters: 135168 (1.87135%)
Frozen parameters:    7087872
========================================
===== LoRA Model Summary (Rank 5) ======
Total parameters:     7223040
Trainable parameters: 135168 (1.87135%)
Frozen parameters:    7087872
========================================
===== LoRA Model Summary (Rank 2) ======
Total parameters:     14446080
Trainable parameters: 270336 (1.87135%)
Frozen parameters:    14175744
========================================
===== LoRA Model Summary (Rank 1) ======
Total parameters:     14446080
Trainable parameters: 270336 (1.87135%)
Frozen parameters:    14175744
========================================
===== LoRA Model Summary (Rank 3) ======
Total parameters:     14446080
Trainable parameters: 270336 (1.87135%)
Frozen parameters:    14175744
========================================
===== LoRA Model Summary (Rank 0) ======
Total parameters:     53829888
Trainable parameters: 270336 (0.502204%)
Frozen parameters:    53559552
========================================
===== LoRA Model Summary (Rank 7) ======
Total parameters:     45821952
Trainable parameters: 135168 (0.294985%)
Frozen parameters:    45686784
========================================
E20260616 02:22:05.453862 140170753974272 main.cc:477] step    1/10 | train loss 5.213315 | lr 1.00e-04 | (617.81 ms | 8287 tok/s | peak used:  1922 MB | peak reserved:  2016 MB, DP=1, TP=1, SP=1, PP=8)
E20260616 02:22:05.735211 140170753974272 main.cc:477] step    2/10 | train loss 5.138784 | lr 1.00e-04 | (280.94 ms | 18224 tok/s | peak used:  1922 MB | peak reserved:  2080 MB, DP=1, TP=1, SP=1, PP=8)
E20260616 02:22:05.861495 140170753974272 main.cc:477] step    3/10 | train loss 5.074615 | lr 1.00e-04 | (126.20 ms | 40570 tok/s | peak used:  1922 MB | peak reserved:  2112 MB, DP=1, TP=1, SP=1, PP=8)
E20260616 02:22:05.976345 140170753974272 main.cc:477] step    4/10 | train loss 4.766593 | lr 1.00e-04 | (114.77 ms | 44612 tok/s | peak used:  1922 MB | peak reserved:  2144 MB, DP=1, TP=1, SP=1, PP=8)
E20260616 02:22:06.083646 140170753974272 main.cc:477] step    5/10 | train loss 4.896242 | lr 1.00e-04 | (107.22 ms | 47752 tok/s | peak used:  1922 MB | peak reserved:  2208 MB, DP=1, TP=1, SP=1, PP=8)
E20260616 02:22:06.188989 140170753974272 main.cc:477] step    6/10 | train loss 4.875855 | lr 1.00e-04 | (105.26 ms | 48639 tok/s | peak used:  1922 MB | peak reserved:  2272 MB, DP=1, TP=1, SP=1, PP=8)
E20260616 02:22:06.294324 140170753974272 main.cc:477] step    7/10 | train loss 4.961971 | lr 1.00e-04 | (105.26 ms | 48644 tok/s | peak used:  1922 MB | peak reserved:  2304 MB, DP=1, TP=1, SP=1, PP=8)
E20260616 02:22:06.396161 140170753974272 main.cc:477] step    8/10 | train loss 4.919130 | lr 1.00e-04 | (101.76 ms | 50314 tok/s | peak used:  1922 MB | peak reserved:  2368 MB, DP=1, TP=1, SP=1, PP=8)
E20260616 02:22:06.496671 140170753974272 main.cc:477] step    9/10 | train loss 4.959034 | lr 1.00e-04 | (100.43 ms | 50978 tok/s | peak used:  1922 MB | peak reserved:  2432 MB, DP=1, TP=1, SP=1, PP=8)
E20260616 02:22:06.580490 140170753974272 main.cc:477] step   10/10 | train loss 5.021832 | lr 1.00e-04 | (83.75 ms | 61137 tok/s | peak used:  1922 MB | peak reserved:  2496 MB, DP=1, TP=1, SP=1, PP=8)
E20260616 02:22:06.955916 140170821087232 checkpoint.cc:84] [CKPT] Save done: dir="./checkpoints/checkpoint_final/rank_000006"
E20260616 02:22:06.956057 140170888200192 checkpoint.cc:84] [CKPT] Save done: dir="./checkpoints/checkpoint_final/rank_000005"
E20260616 02:22:07.030887 140170955313152 checkpoint.cc:84] [CKPT] Save done: dir="./checkpoints/checkpoint_final/rank_000004"
E20260616 02:22:07.067268 140171022426112 checkpoint.cc:84] [CKPT] Save done: dir="./checkpoints/checkpoint_final/rank_000003"
E20260616 02:22:07.067285 140171089539072 checkpoint.cc:84] [CKPT] Save done: dir="./checkpoints/checkpoint_final/rank_000002"
E20260616 02:22:07.069607 140171240529920 checkpoint.cc:84] [CKPT] Save done: dir="./checkpoints/checkpoint_final/rank_000001"
E20260616 02:22:07.633657 140170753974272 checkpoint.cc:84] [CKPT] Save done: dir="./checkpoints/checkpoint_final/rank_000007"
E20260616 02:22:07.737899 140171307642880 checkpoint.cc:84] [CKPT] Save done: dir="./checkpoints/checkpoint_final/rank_000000"
