[LAST_CMAKE] cmake -DBUILD_TEST=ON -DUSE_CUDA=ON -DUSE_NCCL=ON .. && make -j
[COMMAND] ./gpt2 --input_bin /data/shared/InfiniTrain-dev/data/llmc/gpt2/tinyshakespeare/tiny_shakespeare_train.bin --llmc_filepath /data/shared/InfiniTrain-dev/data/llmc/gpt2/gpt2_124M.bin --device cuda --dtype bfloat16 --nthread_per_process 4 --num_iteration 10 --batch_size 10 --total_batch_size 5120 --pipeline_parallel 4 --virtual_pipeline_parallel 2 --lora_rank 16 --lora_alpha 32.0 --lora_target_modules c_attn,c_proj
===== LoRA Model Summary (Rank 1) ======
Total parameters:     21669120
Trainable parameters: 405504 (1.87135%)
Frozen parameters:    21263616
========================================
===== LoRA Model Summary (Rank 2) ======
Total parameters:     21669120
Trainable parameters: 405504 (1.87135%)
Frozen parameters:    21263616
========================================
===== LoRA Model Summary (Rank 0) ======
Total parameters:     61052928
Trainable parameters: 405504 (0.664184%)
Frozen parameters:    60647424
========================================
===== LoRA Model Summary (Rank 3) ======
Total parameters:     60268032
Trainable parameters: 405504 (0.672834%)
Frozen parameters:    59862528
========================================
E20260616 02:23:12.532035 139700320854016 main.cc:477] step    1/10 | train loss 5.213315 | lr 1.00e-04 | (257.13 ms | 19912 tok/s | peak used:  2874 MB | peak reserved:  3008 MB, DP=1, TP=1, SP=1, PP=4)
E20260616 02:23:12.686297 139700320854016 main.cc:477] step    2/10 | train loss 5.138343 | lr 1.00e-04 | (153.79 ms | 33293 tok/s | peak used:  2874 MB | peak reserved:  3104 MB, DP=1, TP=1, SP=1, PP=4)
E20260616 02:23:12.779557 139700320854016 main.cc:477] step    3/10 | train loss 5.071633 | lr 1.00e-04 | (93.20 ms | 54938 tok/s | peak used:  2874 MB | peak reserved:  3168 MB, DP=1, TP=1, SP=1, PP=4)
E20260616 02:23:12.869006 139700320854016 main.cc:477] step    4/10 | train loss 4.766954 | lr 1.00e-04 | (89.40 ms | 57272 tok/s | peak used:  2874 MB | peak reserved:  3232 MB, DP=1, TP=1, SP=1, PP=4)
E20260616 02:23:12.959432 139700320854016 main.cc:477] step    5/10 | train loss 4.898321 | lr 1.00e-04 | (90.38 ms | 56651 tok/s | peak used:  2874 MB | peak reserved:  3296 MB, DP=1, TP=1, SP=1, PP=4)
E20260616 02:23:13.050042 139700320854016 main.cc:477] step    6/10 | train loss 4.875345 | lr 1.00e-04 | (90.56 ms | 56536 tok/s | peak used:  2874 MB | peak reserved:  3360 MB, DP=1, TP=1, SP=1, PP=4)
E20260616 02:23:13.140053 139700320854016 main.cc:477] step    7/10 | train loss 4.962422 | lr 1.00e-04 | (89.96 ms | 56912 tok/s | peak used:  2874 MB | peak reserved:  3456 MB, DP=1, TP=1, SP=1, PP=4)
E20260616 02:23:13.228927 139700320854016 main.cc:477] step    8/10 | train loss 4.918651 | lr 1.00e-04 | (88.83 ms | 57641 tok/s | peak used:  2874 MB | peak reserved:  3520 MB, DP=1, TP=1, SP=1, PP=4)
E20260616 02:23:13.318209 139700320854016 main.cc:477] step    9/10 | train loss 4.957631 | lr 1.00e-04 | (89.24 ms | 57376 tok/s | peak used:  2874 MB | peak reserved:  3584 MB, DP=1, TP=1, SP=1, PP=4)
E20260616 02:23:13.407457 139700320854016 main.cc:477] step   10/10 | train loss 5.023508 | lr 1.00e-04 | (89.20 ms | 57398 tok/s | peak used:  2874 MB | peak reserved:  3648 MB, DP=1, TP=1, SP=1, PP=4)
E20260616 02:23:14.473555 139700387966976 checkpoint.cc:84] [CKPT] Save done: dir="./checkpoints/checkpoint_final/rank_000002"
E20260616 02:23:14.473676 139700541054976 checkpoint.cc:84] [CKPT] Save done: dir="./checkpoints/checkpoint_final/rank_000001"
E20260616 02:23:15.162682 139700608167936 checkpoint.cc:84] [CKPT] Save done: dir="./checkpoints/checkpoint_final/rank_000000"
E20260616 02:23:15.196859 139700320854016 checkpoint.cc:84] [CKPT] Save done: dir="./checkpoints/checkpoint_final/rank_000003"
