[LAST_CMAKE] cmake -DUSE_CUDA=ON -DUSE_NCCL=ON -DPROFILE_MODE=ON .. && make -j
[COMMAND] ./gpt2 --input_bin /data/shared/InfiniTrain-dev/data/llmc/gpt2/tinyshakespeare/tiny_shakespeare_train.bin --llmc_filepath /data/shared/InfiniTrain-dev/data/llmc/gpt2/gpt2_124M.bin --device cuda --dtype=bfloat16 --nthread_per_process=8 --num_iteration=10 --batch_size=10 --total_batch_size=5120 --lora_rank=8 --lora_alpha=16.0 --lora_target_modules=c_attn,attn.c_proj
===== LoRA Model Summary (Rank 3) ======
Total parameters:     163479552
Trainable parameters: 442368 (0.270595%)
Frozen parameters:    163037184
========================================
===== LoRA Model Summary (Rank 1) ======
Total parameters:     163479552
Trainable parameters: 442368 (0.270595%)
Frozen parameters:    163037184
========================================
===== LoRA Model Summary (Rank 4) ======
Total parameters:     163479552
Trainable parameters: 442368 (0.270595%)
Frozen parameters:    163037184
========================================
===== LoRA Model Summary (Rank 5) ======
Total parameters:     163479552
Trainable parameters: 442368 (0.270595%)
Frozen parameters:    163037184
========================================
===== LoRA Model Summary (Rank 6) ======
Total parameters:     163479552
Trainable parameters: 442368 (0.270595%)
Frozen parameters:    163037184
========================================
===== LoRA Model Summary (Rank 2) ======
Total parameters:     163479552
Trainable parameters: 442368 (0.270595%)
Frozen parameters:    163037184
========================================
===== LoRA Model Summary (Rank 7) ======
Total parameters:     163479552
Trainable parameters: 442368 (0.270595%)
Frozen parameters:    163037184
========================================
===== LoRA Model Summary (Rank 0) ======
Total parameters:     163479552
Trainable parameters: 442368 (0.270595%)
Frozen parameters:    163037184
========================================
E20260612 07:21:14.627107 140198805479424 main.cc:420] step    1/10 | train loss 5.213315 | lr 1.00e-04 | (628.64 ms | 8145 tok/s | peak used:  2263 MB | peak reserved:  2336 MB, DP=8, TP=1, SP=1, PP=1)
E20260612 07:21:15.072813 140198805479424 main.cc:420] step    2/10 | train loss 5.135671 | lr 1.00e-04 | (444.84 ms | 11510 tok/s | peak used:  2495 MB | peak reserved:  2560 MB, DP=8, TP=1, SP=1, PP=1)
E20260612 07:21:15.470472 140198805479424 main.cc:420] step    3/10 | train loss 5.072178 | lr 1.00e-04 | (397.55 ms | 12879 tok/s | peak used:  2495 MB | peak reserved:  2560 MB, DP=8, TP=1, SP=1, PP=1)
E20260612 07:21:15.804308 140198805479424 main.cc:420] step    4/10 | train loss 4.767311 | lr 1.00e-04 | (333.74 ms | 15341 tok/s | peak used:  2495 MB | peak reserved:  2560 MB, DP=8, TP=1, SP=1, PP=1)
E20260612 07:21:16.082675 140198805479424 main.cc:420] step    5/10 | train loss 4.896609 | lr 1.00e-04 | (278.27 ms | 18399 tok/s | peak used:  2495 MB | peak reserved:  2560 MB, DP=8, TP=1, SP=1, PP=1)
E20260612 07:21:16.431326 140198805479424 main.cc:420] step    6/10 | train loss 4.874359 | lr 1.00e-04 | (348.57 ms | 14688 tok/s | peak used:  2495 MB | peak reserved:  2560 MB, DP=8, TP=1, SP=1, PP=1)
E20260612 07:21:16.757643 140198805479424 main.cc:420] step    7/10 | train loss 4.968223 | lr 1.00e-04 | (326.26 ms | 15693 tok/s | peak used:  2495 MB | peak reserved:  2560 MB, DP=8, TP=1, SP=1, PP=1)
E20260612 07:21:17.063055 140198805479424 main.cc:420] step    8/10 | train loss 4.920205 | lr 1.00e-04 | (305.36 ms | 16767 tok/s | peak used:  2495 MB | peak reserved:  2560 MB, DP=8, TP=1, SP=1, PP=1)
E20260612 07:21:17.362506 140198805479424 main.cc:420] step    9/10 | train loss 4.959652 | lr 1.00e-04 | (299.40 ms | 17101 tok/s | peak used:  2495 MB | peak reserved:  2560 MB, DP=8, TP=1, SP=1, PP=1)
E20260612 07:21:17.650565 140198805479424 main.cc:420] step   10/10 | train loss 5.022832 | lr 1.00e-04 | (288.01 ms | 17777 tok/s | peak used:  2495 MB | peak reserved:  2560 MB, DP=8, TP=1, SP=1, PP=1)
