[LAST_CMAKE] cmake -DUSE_CUDA=ON -DUSE_NCCL=ON -DBUILD_TEST=OFF -DPROFILE_MODE=ON .. && make -j
[COMMAND] ./gpt2 --input_bin /data1/shared/InfiniTrain-dev/data/llmc/gpt2/tinyshakespeare/tiny_shakespeare_train.bin --llmc_filepath /data1/shared/InfiniTrain-dev/data/llmc/gpt2/gpt2_124M.bin --device cuda --dtype bfloat16 --nthread_per_process 8 --num_iteration 10 --batch_size 40 --total_batch_size 5120 --tensor_parallel 4 --sequence_parallel true --lora_rank 16 --lora_alpha 32.0 --lora_target_modules attn.c_proj,c_fc,c_proj
===== LoRA Model Summary (Rank 1) ======
Total parameters:     42183936
Trainable parameters: 774144 (1.83516%)
Frozen parameters:    41409792
========================================
===== LoRA Model Summary (Rank 6) ======
Total parameters:     42183936
Trainable parameters: 774144 (1.83516%)
Frozen parameters:    41409792
========================================
===== LoRA Model Summary (Rank 7) ======
Total parameters:     42183936
Trainable parameters: 774144 (1.83516%)
Frozen parameters:    41409792
========================================
===== LoRA Model Summary (Rank 0) ======
Total parameters:     42183936
Trainable parameters: 774144 (1.83516%)
Frozen parameters:    41409792
========================================
===== LoRA Model Summary (Rank 4) ======
Total parameters:     42183936
Trainable parameters: 774144 (1.83516%)
Frozen parameters:    41409792
========================================
===== LoRA Model Summary (Rank 5) ======
Total parameters:     42183936
Trainable parameters: 774144 (1.83516%)
Frozen parameters:    41409792
========================================
===== LoRA Model Summary (Rank 3) ======
Total parameters:     42183936
Trainable parameters: 774144 (1.83516%)
Frozen parameters:    41409792
========================================
===== LoRA Model Summary (Rank 2) ======
Total parameters:     42183936
Trainable parameters: 774144 (1.83516%)
Frozen parameters:    41409792
========================================
E20260702 16:17:39.318175 139846014181376 main.cc:493] step    1/10 | train loss 5.206748 | lr 1.00e-04 | (1271.86 ms | 4026 tok/s | peak used:  1610 MB | peak reserved:  1664 MB, DP=2, TP=4, SP=4, PP=1)
E20260702 16:17:39.747772 139846014181376 main.cc:493] step    2/10 | train loss 5.140431 | lr 1.00e-04 | (428.78 ms | 11941 tok/s | peak used:  1668 MB | peak reserved:  1728 MB, DP=2, TP=4, SP=4, PP=1)
E20260702 16:17:40.206765 139846014181376 main.cc:493] step    3/10 | train loss 5.071289 | lr 1.00e-04 | (458.92 ms | 11157 tok/s | peak used:  1668 MB | peak reserved:  1728 MB, DP=2, TP=4, SP=4, PP=1)
E20260702 16:17:40.616751 139846014181376 main.cc:493] step    4/10 | train loss 4.765457 | lr 1.00e-04 | (409.93 ms | 12490 tok/s | peak used:  1668 MB | peak reserved:  1728 MB, DP=2, TP=4, SP=4, PP=1)
E20260702 16:17:41.110805 139846014181376 main.cc:493] step    5/10 | train loss 4.898629 | lr 1.00e-04 | (494.01 ms | 10364 tok/s | peak used:  1668 MB | peak reserved:  1728 MB, DP=2, TP=4, SP=4, PP=1)
E20260702 16:17:41.511079 139846014181376 main.cc:493] step    6/10 | train loss 4.878841 | lr 1.00e-04 | (400.21 ms | 12793 tok/s | peak used:  1668 MB | peak reserved:  1728 MB, DP=2, TP=4, SP=4, PP=1)
E20260702 16:17:41.954337 139846014181376 main.cc:493] step    7/10 | train loss 4.966088 | lr 1.00e-04 | (443.18 ms | 11553 tok/s | peak used:  1668 MB | peak reserved:  1728 MB, DP=2, TP=4, SP=4, PP=1)
E20260702 16:17:42.348736 139846014181376 main.cc:493] step    8/10 | train loss 4.916036 | lr 1.00e-04 | (394.35 ms | 12983 tok/s | peak used:  1668 MB | peak reserved:  1728 MB, DP=2, TP=4, SP=4, PP=1)
E20260702 16:17:42.862046 139846014181376 main.cc:493] step    9/10 | train loss 4.957162 | lr 1.00e-04 | (513.26 ms | 9975 tok/s | peak used:  1668 MB | peak reserved:  1728 MB, DP=2, TP=4, SP=4, PP=1)
E20260702 16:17:43.423589 139846014181376 main.cc:493] step   10/10 | train loss 5.025025 | lr 1.00e-04 | (561.49 ms | 9119 tok/s | peak used:  1668 MB | peak reserved:  1728 MB, DP=2, TP=4, SP=4, PP=1)
