[LAST_CMAKE] cmake -DUSE_CUDA=ON -DUSE_NCCL=ON -DBUILD_TEST=OFF -DPROFILE_MODE=ON .. && make -j
[COMMAND] ./gpt2 --input_bin /data1/shared/InfiniTrain-dev/data/llmc/gpt2/tinyshakespeare/tiny_shakespeare_train.bin --llmc_filepath /data1/shared/InfiniTrain-dev/data/llmc/gpt2/gpt2_124M.bin --device cuda --dtype bfloat16 --nthread_per_process 8 --num_iteration 10 --batch_size 10 --total_batch_size 5120 --pipeline_parallel 8 --lora_rank 16 --lora_alpha 32.0 --lora_target_modules c_attn,attn.c_proj,c_fc
===== LoRA Model Summary (Rank 5) ======
Total parameters:     7223040
Trainable parameters: 135168 (1.87135%)
Frozen parameters:    7087872
========================================
===== LoRA Model Summary (Rank 6) ======
Total parameters:     7223040
Trainable parameters: 135168 (1.87135%)
Frozen parameters:    7087872
========================================
===== LoRA Model Summary (Rank 4) ======
Total parameters:     7223040
Trainable parameters: 135168 (1.87135%)
Frozen parameters:    7087872
========================================
===== LoRA Model Summary (Rank 1) ======
Total parameters:     14446080
Trainable parameters: 270336 (1.87135%)
Frozen parameters:    14175744
========================================
===== LoRA Model Summary (Rank 2) ======
Total parameters:     14446080
Trainable parameters: 270336 (1.87135%)
Frozen parameters:    14175744
========================================
===== LoRA Model Summary (Rank 3) ======
Total parameters:     14446080
Trainable parameters: 270336 (1.87135%)
Frozen parameters:    14175744
========================================
===== LoRA Model Summary (Rank 0) ======
Total parameters:     53829888
Trainable parameters: 270336 (0.502204%)
Frozen parameters:    53559552
========================================
===== LoRA Model Summary (Rank 7) ======
Total parameters:     45821952
Trainable parameters: 135168 (0.294985%)
Frozen parameters:    45686784
========================================
E20260702 16:19:08.786846 140553744261120 main.cc:493] step    1/10 | train loss 5.213315 | lr 1.00e-04 | (1071.41 ms | 4779 tok/s | peak used:  1922 MB | peak reserved:  1984 MB, DP=1, TP=1, SP=1, PP=8)
E20260702 16:19:09.459311 140553744261120 main.cc:493] step    2/10 | train loss 5.138784 | lr 1.00e-04 | (672.10 ms | 7618 tok/s | peak used:  1922 MB | peak reserved:  1984 MB, DP=1, TP=1, SP=1, PP=8)
E20260702 16:19:09.869039 140553744261120 main.cc:493] step    3/10 | train loss 5.074615 | lr 1.00e-04 | (409.66 ms | 12498 tok/s | peak used:  1922 MB | peak reserved:  1984 MB, DP=1, TP=1, SP=1, PP=8)
E20260702 16:19:10.304507 140553744261120 main.cc:493] step    4/10 | train loss 4.766593 | lr 1.00e-04 | (435.42 ms | 11759 tok/s | peak used:  1922 MB | peak reserved:  1984 MB, DP=1, TP=1, SP=1, PP=8)
E20260702 16:19:10.704700 140553744261120 main.cc:493] step    5/10 | train loss 4.896242 | lr 1.00e-04 | (400.12 ms | 12796 tok/s | peak used:  1922 MB | peak reserved:  1984 MB, DP=1, TP=1, SP=1, PP=8)
E20260702 16:19:11.132130 140553744261120 main.cc:493] step    6/10 | train loss 4.875855 | lr 1.00e-04 | (427.36 ms | 11981 tok/s | peak used:  1922 MB | peak reserved:  1984 MB, DP=1, TP=1, SP=1, PP=8)
E20260702 16:19:11.534777 140553744261120 main.cc:493] step    7/10 | train loss 4.961971 | lr 1.00e-04 | (402.57 ms | 12718 tok/s | peak used:  1922 MB | peak reserved:  1984 MB, DP=1, TP=1, SP=1, PP=8)
E20260702 16:19:11.952251 140553744261120 main.cc:493] step    8/10 | train loss 4.919130 | lr 1.00e-04 | (417.31 ms | 12269 tok/s | peak used:  1922 MB | peak reserved:  1984 MB, DP=1, TP=1, SP=1, PP=8)
E20260702 16:19:12.336650 140553744261120 main.cc:493] step    9/10 | train loss 4.959034 | lr 1.00e-04 | (384.32 ms | 13322 tok/s | peak used:  1922 MB | peak reserved:  1984 MB, DP=1, TP=1, SP=1, PP=8)
E20260702 16:19:12.738460 140553744261120 main.cc:493] step   10/10 | train loss 5.021832 | lr 1.00e-04 | (401.75 ms | 12744 tok/s | peak used:  1922 MB | peak reserved:  1984 MB, DP=1, TP=1, SP=1, PP=8)
