[LAST_CMAKE] cmake -DUSE_CUDA=ON -DUSE_NCCL=ON -DBUILD_TEST=OFF -DPROFILE_MODE=ON .. && make -j
[COMMAND] ./gpt2 --input_bin /data1/shared/InfiniTrain-dev/data/llmc/gpt2/tinyshakespeare/tiny_shakespeare_train.bin --llmc_filepath /data1/shared/InfiniTrain-dev/data/llmc/gpt2/gpt2_124M.bin --device cuda --dtype float32 --nthread_per_process 8 --num_iteration 10 --batch_size 40 --total_batch_size 5120 --tensor_parallel 4 --sequence_parallel true --lora_rank 4 --lora_alpha 8.0 --lora_target_modules attn.c_proj,c_fc,c_proj
===== LoRA Model Summary (Rank 5) =========== LoRA Model Summary (Rank 4) ======

Total parameters:     41603328
Trainable parameters: 193536 (Total parameters:     41603328
Trainable parameters: 1935360.465194 (%)
0.465194%)Frozen parameters:    
41409792
Frozen parameters:    41409792
========================================
========================================
===== LoRA Model Summary (Rank 7) ======
Total parameters:     41603328
Trainable parameters: 193536 (0.465194%)
Frozen parameters:    41409792
========================================
===== LoRA Model Summary (Rank 6) ======
Total parameters:     41603328
Trainable parameters: 193536 (0.465194%)
Frozen parameters:    41409792
========================================
===== LoRA Model Summary (Rank 1) ======
Total parameters:     41603328
Trainable parameters: 193536 (0.465194%)
Frozen parameters:    41409792
========================================
===== LoRA Model Summary (Rank 0) ======
Total parameters:     41603328
Trainable parameters: 193536 (0.465194%)
Frozen parameters:    41409792
========================================
===== LoRA Model Summary (Rank 3) ======
Total parameters:     41603328
Trainable parameters: 193536 (0.465194%)
Frozen parameters:    41409792
========================================
===== LoRA Model Summary (Rank 2) ======
Total parameters:     41603328
Trainable parameters: 193536 (0.465194%)
Frozen parameters:    41409792
========================================
E20260702 16:16:51.096782 140596358389760 main.cc:493] step    1/10 | train loss 5.219545 | lr 1.00e-04 | (1008.25 ms | 5078 tok/s | peak used:  1671 MB | peak reserved:  1728 MB, DP=2, TP=4, SP=4, PP=1)
E20260702 16:16:51.468702 140596358389760 main.cc:493] step    2/10 | train loss 5.143059 | lr 1.00e-04 | (371.28 ms | 13790 tok/s | peak used:  1671 MB | peak reserved:  1728 MB, DP=2, TP=4, SP=4, PP=1)
E20260702 16:16:51.816661 140596358389760 main.cc:493] step    3/10 | train loss 5.074570 | lr 1.00e-04 | (347.90 ms | 14717 tok/s | peak used:  1671 MB | peak reserved:  1728 MB, DP=2, TP=4, SP=4, PP=1)
E20260702 16:16:52.178580 140596358389760 main.cc:493] step    4/10 | train loss 4.774470 | lr 1.00e-04 | (361.86 ms | 14149 tok/s | peak used:  1671 MB | peak reserved:  1728 MB, DP=2, TP=4, SP=4, PP=1)
E20260702 16:16:52.596116 140596358389760 main.cc:493] step    5/10 | train loss 4.900544 | lr 1.00e-04 | (417.46 ms | 12265 tok/s | peak used:  1671 MB | peak reserved:  1728 MB, DP=2, TP=4, SP=4, PP=1)
E20260702 16:16:52.969709 140596358389760 main.cc:493] step    6/10 | train loss 4.886502 | lr 1.00e-04 | (373.54 ms | 13707 tok/s | peak used:  1671 MB | peak reserved:  1728 MB, DP=2, TP=4, SP=4, PP=1)
E20260702 16:16:53.358355 140596358389760 main.cc:493] step    7/10 | train loss 4.977886 | lr 1.00e-04 | (388.58 ms | 13176 tok/s | peak used:  1671 MB | peak reserved:  1728 MB, DP=2, TP=4, SP=4, PP=1)
E20260702 16:16:53.731014 140596358389760 main.cc:493] step    8/10 | train loss 4.925550 | lr 1.00e-04 | (372.60 ms | 13741 tok/s | peak used:  1671 MB | peak reserved:  1728 MB, DP=2, TP=4, SP=4, PP=1)
E20260702 16:16:54.082685 140596358389760 main.cc:493] step    9/10 | train loss 4.956982 | lr 1.00e-04 | (351.61 ms | 14562 tok/s | peak used:  1671 MB | peak reserved:  1728 MB, DP=2, TP=4, SP=4, PP=1)
E20260702 16:16:54.993391 140596358389760 main.cc:493] step   10/10 | train loss 5.033280 | lr 1.00e-04 | (910.64 ms | 5622 tok/s | peak used:  1671 MB | peak reserved:  1728 MB, DP=2, TP=4, SP=4, PP=1)
