[LAST_CMAKE] cmake -DUSE_CUDA=ON -DUSE_NCCL=ON -DBUILD_TEST=OFF -DPROFILE_MODE=ON .. && make -j
[COMMAND] ./gpt2 --input_bin /data1/shared/InfiniTrain-dev/data/llmc/gpt2/tinyshakespeare/tiny_shakespeare_train.bin --llmc_filepath /data1/shared/InfiniTrain-dev/data/llmc/gpt2/gpt2_124M.bin --device cuda --dtype float32 --nthread_per_process 8 --num_iteration 10 --batch_size 10 --total_batch_size 5120 --pipeline_parallel 8 --lora_rank 4 --lora_alpha 8.0 --lora_target_modules c_attn,attn.c_proj,c_fc
===== LoRA Model Summary (Rank 5) ======
Total parameters:     7121664
Trainable parameters: 33792 (0.474496%)
Frozen parameters:    7087872
========================================
===== LoRA Model Summary (Rank 6) ======
Total parameters:     7121664
Trainable parameters: 33792 (0.474496%)
Frozen parameters:    7087872
========================================
===== LoRA Model Summary (Rank 4) ======
Total parameters:     7121664
Trainable parameters: 33792 (0.474496%)
Frozen parameters:    7087872
========================================
===== LoRA Model Summary (Rank 1) ======
Total parameters:     14243328
Trainable parameters: 67584 (0.474496%)
Frozen parameters:    14175744
========================================
===== LoRA Model Summary (Rank 2) ======
Total parameters:     14243328
Trainable parameters: 67584 (0.474496%)
Frozen parameters:    14175744
========================================
===== LoRA Model Summary (Rank 0) ======
Total parameters:     53627136
Trainable parameters: 67584 (0.126026%)
Frozen parameters:    53559552
========================================
===== LoRA Model Summary (Rank 3) ======
Total parameters:     14243328
Trainable parameters: 67584 (0.474496%)
Frozen parameters:    14175744
========================================
===== LoRA Model Summary (Rank 7) ======
Total parameters:     45720576
Trainable parameters: 33792 (0.0739098%)
Frozen parameters:    45686784
========================================
E20260702 16:18:26.510391 140518243672064 main.cc:493] step    1/10 | train loss 5.219545 | lr 1.00e-04 | (709.55 ms | 7216 tok/s | peak used:  1675 MB | peak reserved:  1728 MB, DP=1, TP=1, SP=1, PP=8)
E20260702 16:18:27.106153 140518243672064 main.cc:493] step    2/10 | train loss 5.143064 | lr 1.00e-04 | (595.33 ms | 8600 tok/s | peak used:  1675 MB | peak reserved:  1728 MB, DP=1, TP=1, SP=1, PP=8)
E20260702 16:18:27.428297 140518243672064 main.cc:493] step    3/10 | train loss 5.074578 | lr 1.00e-04 | (322.08 ms | 15897 tok/s | peak used:  1675 MB | peak reserved:  1728 MB, DP=1, TP=1, SP=1, PP=8)
E20260702 16:18:27.768515 140518243672064 main.cc:493] step    4/10 | train loss 4.774480 | lr 1.00e-04 | (340.17 ms | 15051 tok/s | peak used:  1675 MB | peak reserved:  1728 MB, DP=1, TP=1, SP=1, PP=8)
E20260702 16:18:28.073159 140518243672064 main.cc:493] step    5/10 | train loss 4.900561 | lr 1.00e-04 | (304.59 ms | 16809 tok/s | peak used:  1675 MB | peak reserved:  1728 MB, DP=1, TP=1, SP=1, PP=8)
E20260702 16:18:28.409861 140518243672064 main.cc:493] step    6/10 | train loss 4.886525 | lr 1.00e-04 | (336.66 ms | 15208 tok/s | peak used:  1675 MB | peak reserved:  1728 MB, DP=1, TP=1, SP=1, PP=8)
E20260702 16:18:28.761221 140518243672064 main.cc:493] step    7/10 | train loss 4.977913 | lr 1.00e-04 | (351.29 ms | 14575 tok/s | peak used:  1675 MB | peak reserved:  1728 MB, DP=1, TP=1, SP=1, PP=8)
E20260702 16:18:29.110799 140518243672064 main.cc:493] step    8/10 | train loss 4.925584 | lr 1.00e-04 | (349.53 ms | 14648 tok/s | peak used:  1675 MB | peak reserved:  1728 MB, DP=1, TP=1, SP=1, PP=8)
E20260702 16:18:29.422156 140518243672064 main.cc:493] step    9/10 | train loss 4.957021 | lr 1.00e-04 | (311.30 ms | 16447 tok/s | peak used:  1675 MB | peak reserved:  1728 MB, DP=1, TP=1, SP=1, PP=8)
E20260702 16:18:29.727503 140518243672064 main.cc:493] step   10/10 | train loss 5.033323 | lr 1.00e-04 | (305.30 ms | 16770 tok/s | peak used:  1675 MB | peak reserved:  1728 MB, DP=1, TP=1, SP=1, PP=8)
