[LAST_CMAKE] cmake -DUSE_CUDA=ON -DUSE_NCCL=ON -DBUILD_TEST=OFF -DPROFILE_MODE=ON .. && make -j
[RUN_METADATA] /workspace/workspace/InfiniTrain/scripts/20260716/feat_support_moe_60a56cb/logs/run_metadata.log
[RUN_STARTED_AT] 2026-07-16 03:40:32
[GIT_BRANCH] feat/support_moe
[GIT_COMMIT] 60a56cb8dbf8690594cb4abc87c05d80177af3c7
[GIT_COMMIT_SHORT] 60a56cb
[COMMAND] ./gpt2 --input_bin /data1/shared/InfiniTrain-dev/data/llmc/gpt2/tinyshakespeare/tiny_shakespeare_train.bin --llmc_filepath /data1/shared/InfiniTrain-dev/data/llmc/gpt2/gpt2_124M.bin --device cuda --dtype bfloat16 --nthread_per_process 8 --num_iteration 10 --batch_size 40 --total_batch_size 5120 --tensor_parallel 4 --sequence_parallel true --lora_rank 16 --lora_alpha 32.0 --lora_target_modules attn.c_proj,c_fc,c_proj
===== LoRA Model Summary (Rank 4) ======
Total parameters:     42183936
Trainable parameters: 774144 (1.83516%)
Frozen parameters:    41409792
========================================
===== LoRA Model Summary (Rank 0) ======
Total parameters:     42183936
Trainable parameters: 774144 (1.83516%)
Frozen parameters:    41409792
========================================
===== LoRA Model Summary (Rank 5) ======
Total parameters:     42183936
Trainable parameters: 774144 (1.83516%)
Frozen parameters:    41409792
========================================
===== LoRA Model Summary (Rank 3) ======
Total parameters:     42183936
Trainable parameters: 774144 (1.83516%)
Frozen parameters:    41409792
========================================
===== LoRA Model Summary (Rank 6) ======
Total parameters:     42183936
Trainable parameters: 774144 (1.83516%)
Frozen parameters:    41409792
========================================
===== LoRA Model Summary (Rank 7) ======
Total parameters:     42183936
Trainable parameters: 774144 (1.83516%)
Frozen parameters:    41409792
========================================
===== LoRA Model Summary (Rank 1) ======
Total parameters:     42183936
Trainable parameters: 774144 (1.83516%)
Frozen parameters:    41409792
========================================
===== LoRA Model Summary (Rank 2) ======
Total parameters:     42183936
Trainable parameters: 774144 (1.83516%)
Frozen parameters:    41409792
========================================
E20260716 04:56:16.437585 140453013856256 main.cc:521] step    1/10 | train loss 5.206748 | lr 1.00e-04 | (1229.15 ms | 4165 tok/s | peak used:  1610 MB | peak reserved:  1664 MB, DP=2, TP=4, SP=4, PP=1)
E20260716 04:56:16.893143 140453013856256 main.cc:521] step    2/10 | train loss 5.140431 | lr 1.00e-04 | (454.91 ms | 11255 tok/s | peak used:  1668 MB | peak reserved:  1728 MB, DP=2, TP=4, SP=4, PP=1)
E20260716 04:56:17.368178 140453013856256 main.cc:521] step    3/10 | train loss 5.071289 | lr 1.00e-04 | (474.98 ms | 10779 tok/s | peak used:  1668 MB | peak reserved:  1728 MB, DP=2, TP=4, SP=4, PP=1)
E20260716 04:56:17.809748 140453013856256 main.cc:521] step    4/10 | train loss 4.765457 | lr 1.00e-04 | (441.52 ms | 11596 tok/s | peak used:  1668 MB | peak reserved:  1728 MB, DP=2, TP=4, SP=4, PP=1)
E20260716 04:56:18.245172 140453013856256 main.cc:521] step    5/10 | train loss 4.898629 | lr 1.00e-04 | (435.37 ms | 11760 tok/s | peak used:  1668 MB | peak reserved:  1728 MB, DP=2, TP=4, SP=4, PP=1)
E20260716 04:56:18.655142 140453013856256 main.cc:521] step    6/10 | train loss 4.878841 | lr 1.00e-04 | (409.92 ms | 12490 tok/s | peak used:  1668 MB | peak reserved:  1728 MB, DP=2, TP=4, SP=4, PP=1)
E20260716 04:56:19.083465 140453013856256 main.cc:521] step    7/10 | train loss 4.966088 | lr 1.00e-04 | (428.26 ms | 11955 tok/s | peak used:  1668 MB | peak reserved:  1728 MB, DP=2, TP=4, SP=4, PP=1)
E20260716 04:56:19.523962 140453013856256 main.cc:521] step    8/10 | train loss 4.916036 | lr 1.00e-04 | (440.45 ms | 11625 tok/s | peak used:  1668 MB | peak reserved:  1728 MB, DP=2, TP=4, SP=4, PP=1)
E20260716 04:56:20.021809 140453013856256 main.cc:521] step    9/10 | train loss 4.957162 | lr 1.00e-04 | (497.79 ms | 10285 tok/s | peak used:  1668 MB | peak reserved:  1728 MB, DP=2, TP=4, SP=4, PP=1)
E20260716 04:56:20.891754 140453013856256 main.cc:521] step   10/10 | train loss 5.025025 | lr 1.00e-04 | (869.88 ms | 5886 tok/s | peak used:  1668 MB | peak reserved:  1728 MB, DP=2, TP=4, SP=4, PP=1)
