[LAST_CMAKE] cmake -DUSE_CUDA=ON -DUSE_NCCL=ON -DBUILD_TEST=OFF -DPROFILE_MODE=ON .. && make -j
[RUN_METADATA] /workspace/workspace/InfiniTrain/scripts/20260716/feat_support_moe_60a56cb/logs/run_metadata.log
[RUN_STARTED_AT] 2026-07-16 03:40:32
[GIT_BRANCH] feat/support_moe
[GIT_COMMIT] 60a56cb8dbf8690594cb4abc87c05d80177af3c7
[GIT_COMMIT_SHORT] 60a56cb
[COMMAND] ./gpt2 --input_bin /data1/shared/InfiniTrain-dev/data/llmc/gpt2/tinyshakespeare/tiny_shakespeare_train.bin --llmc_filepath /data1/shared/InfiniTrain-dev/data/llmc/gpt2/gpt2_124M.bin --device cuda --dtype bfloat16 --num_iteration 10 --batch_size 80 --total_batch_size 5120 --lora_rank 8 --lora_alpha 16.0 --lora_target_modules c_attn,attn.c_proj
===== LoRA Model Summary (Rank 0) ======
Total parameters:     163479552
Trainable parameters: 442368 (0.270595%)
Frozen parameters:    163037184
========================================
E20260716 04:51:00.725587 139946706849792 main.cc:521] step    1/10 | train loss 5.213314 | lr 1.00e-04 | (676.85 ms | 7564 tok/s | peak used:  6781 MB | peak reserved:  7008 MB, DP=1, TP=1, SP=1, PP=1)
E20260716 04:51:01.406812 139946706849792 main.cc:521] step    2/10 | train loss 5.137418 | lr 1.00e-04 | (680.90 ms | 7519 tok/s | peak used:  6781 MB | peak reserved:  6976 MB, DP=1, TP=1, SP=1, PP=1)
E20260716 04:51:02.039728 139946706849792 main.cc:521] step    3/10 | train loss 5.072570 | lr 1.00e-04 | (632.87 ms | 8090 tok/s | peak used:  6781 MB | peak reserved:  6976 MB, DP=1, TP=1, SP=1, PP=1)
E20260716 04:51:02.644156 139946706849792 main.cc:521] step    4/10 | train loss 4.769598 | lr 1.00e-04 | (604.39 ms | 8471 tok/s | peak used:  6781 MB | peak reserved:  7008 MB, DP=1, TP=1, SP=1, PP=1)
E20260716 04:51:03.308216 139946706849792 main.cc:521] step    5/10 | train loss 4.895040 | lr 1.00e-04 | (664.02 ms | 7711 tok/s | peak used:  6781 MB | peak reserved:  7008 MB, DP=1, TP=1, SP=1, PP=1)
E20260716 04:51:03.852685 139946706849792 main.cc:521] step    6/10 | train loss 4.875148 | lr 1.00e-04 | (544.43 ms | 9404 tok/s | peak used:  6781 MB | peak reserved:  7008 MB, DP=1, TP=1, SP=1, PP=1)
E20260716 04:51:04.517141 139946706849792 main.cc:521] step    7/10 | train loss 4.966300 | lr 1.00e-04 | (664.42 ms | 7706 tok/s | peak used:  6781 MB | peak reserved:  7072 MB, DP=1, TP=1, SP=1, PP=1)
E20260716 04:51:05.149252 139946706849792 main.cc:521] step    8/10 | train loss 4.917585 | lr 1.00e-04 | (632.07 ms | 8100 tok/s | peak used:  6781 MB | peak reserved:  7008 MB, DP=1, TP=1, SP=1, PP=1)
E20260716 04:51:05.747124 139946706849792 main.cc:521] step    9/10 | train loss 4.958644 | lr 1.00e-04 | (597.83 ms | 8564 tok/s | peak used:  6781 MB | peak reserved:  6944 MB, DP=1, TP=1, SP=1, PP=1)
E20260716 04:51:06.396830 139946706849792 main.cc:521] step   10/10 | train loss 5.017808 | lr 1.00e-04 | (649.67 ms | 7881 tok/s | peak used:  6781 MB | peak reserved:  7072 MB, DP=1, TP=1, SP=1, PP=1)
