[LAST_CMAKE] cmake -DUSE_CUDA=ON -DUSE_NCCL=ON -DBUILD_TEST=OFF -DPROFILE_MODE=ON .. && make -j
[RUN_METADATA] /workspace/workspace/InfiniTrain/scripts/20260716/feat_support_moe_60a56cb/logs/run_metadata.log
[RUN_STARTED_AT] 2026-07-16 03:40:32
[GIT_BRANCH] feat/support_moe
[GIT_COMMIT] 60a56cb8dbf8690594cb4abc87c05d80177af3c7
[GIT_COMMIT_SHORT] 60a56cb
[COMMAND] ./gpt2 --input_bin /data1/shared/InfiniTrain-dev/data/llmc/gpt2/tinyshakespeare/tiny_shakespeare_train.bin --llmc_filepath /data1/shared/InfiniTrain-dev/data/llmc/gpt2/gpt2_124M.bin --device cuda --dtype float32 --nthread_per_process 8 --num_iteration 10 --batch_size 10 --total_batch_size 5120 --lora_rank 8 --lora_alpha 16.0 --lora_target_modules c_attn,attn.c_proj
===== LoRA Model Summary (Rank 7) ======
Total parameters:     163479552
Trainable parameters: 442368 (0.270595%)
Frozen parameters:    163037184
========================================
===== LoRA Model Summary (Rank 0) ======
Total parameters:     163479552
Trainable parameters: 442368 (0.270595%)
Frozen parameters:    163037184
========================================
===== LoRA Model Summary (Rank 1) ======
Total parameters:     163479552
Trainable parameters: 442368 (0.270595%)
Frozen parameters:    163037184
========================================
===== LoRA Model Summary (Rank 5) ======
Total parameters:     163479552
Trainable parameters: 442368 (0.270595%)
Frozen parameters:    163037184
========================================
===== LoRA Model Summary (Rank 6) ======
Total parameters:     163479552
Trainable parameters: 442368 (0.270595%)
Frozen parameters:    163037184
========================================
===== LoRA Model Summary (Rank 4) ======
Total parameters:     163479552
Trainable parameters: 442368 (0.270595%)
Frozen parameters:    163037184
========================================
===== LoRA Model Summary (Rank 3) ======
Total parameters:     163479552
Trainable parameters: 442368 (0.270595%)
Frozen parameters:    163037184
========================================
===== LoRA Model Summary (Rank 2) ======
Total parameters:     163479552
Trainable parameters: 442368 (0.270595%)
Frozen parameters:    163037184
========================================
E20260716 04:51:50.977469 139824002473984 main.cc:521] step    1/10 | train loss 5.219545 | lr 1.00e-04 | (617.02 ms | 8298 tok/s | peak used:  2083 MB | peak reserved:  2144 MB, DP=8, TP=1, SP=1, PP=1)
E20260716 04:51:51.222834 139824002473984 main.cc:521] step    2/10 | train loss 5.143064 | lr 1.00e-04 | (244.89 ms | 20907 tok/s | peak used:  2083 MB | peak reserved:  2144 MB, DP=8, TP=1, SP=1, PP=1)
E20260716 04:51:51.436144 139824002473984 main.cc:521] step    3/10 | train loss 5.074578 | lr 1.00e-04 | (213.25 ms | 24009 tok/s | peak used:  2083 MB | peak reserved:  2144 MB, DP=8, TP=1, SP=1, PP=1)
E20260716 04:51:51.663317 139824002473984 main.cc:521] step    4/10 | train loss 4.774478 | lr 1.00e-04 | (227.12 ms | 22544 tok/s | peak used:  2083 MB | peak reserved:  2144 MB, DP=8, TP=1, SP=1, PP=1)
E20260716 04:51:51.914290 139824002473984 main.cc:521] step    5/10 | train loss 4.900558 | lr 1.00e-04 | (250.92 ms | 20405 tok/s | peak used:  2083 MB | peak reserved:  2144 MB, DP=8, TP=1, SP=1, PP=1)
E20260716 04:51:52.103207 139824002473984 main.cc:521] step    6/10 | train loss 4.886523 | lr 1.00e-04 | (188.87 ms | 27109 tok/s | peak used:  2083 MB | peak reserved:  2144 MB, DP=8, TP=1, SP=1, PP=1)
E20260716 04:51:52.352913 139824002473984 main.cc:521] step    7/10 | train loss 4.977910 | lr 1.00e-04 | (249.64 ms | 20509 tok/s | peak used:  2083 MB | peak reserved:  2144 MB, DP=8, TP=1, SP=1, PP=1)
E20260716 04:51:52.545304 139824002473984 main.cc:521] step    8/10 | train loss 4.925584 | lr 1.00e-04 | (192.32 ms | 26622 tok/s | peak used:  2083 MB | peak reserved:  2144 MB, DP=8, TP=1, SP=1, PP=1)
E20260716 04:51:52.757323 139824002473984 main.cc:521] step    9/10 | train loss 4.957020 | lr 1.00e-04 | (211.96 ms | 24156 tok/s | peak used:  2083 MB | peak reserved:  2144 MB, DP=8, TP=1, SP=1, PP=1)
E20260716 04:51:52.978314 139824002473984 main.cc:521] step   10/10 | train loss 5.033316 | lr 1.00e-04 | (220.94 ms | 23174 tok/s | peak used:  2083 MB | peak reserved:  2144 MB, DP=8, TP=1, SP=1, PP=1)
