[LAST_CMAKE] cmake -DUSE_CUDA=ON -DUSE_NCCL=ON -DBUILD_TEST=ON -DPROFILE_MODE=OFF .. && make -j
[RUN_METADATA] /workspace/workspace/InfiniTrain/scripts/20260716/feat_support_moe_60a56cb/logs/run_metadata.log
[RUN_STARTED_AT] 2026-07-16 03:40:32
[GIT_BRANCH] feat/support_moe
[GIT_COMMIT] 60a56cb8dbf8690594cb4abc87c05d80177af3c7
[GIT_COMMIT_SHORT] 60a56cb
[COMMAND] ./gpt2 --input_bin /data1/shared/InfiniTrain-dev/data/llmc/gpt2/tinyshakespeare/tiny_shakespeare_train.bin --llmc_filepath /data1/shared/InfiniTrain-dev/data/llmc/gpt2/gpt2_124M.bin --device cuda --dtype float32 --nthread_per_process 8 --num_iteration 10 --batch_size 10 --total_batch_size 5120 --lora_rank 8 --lora_alpha 16.0 --lora_target_modules c_attn,attn.c_proj
===== LoRA Model Summary (Rank 4) ======
Total parameters:     163479552
Trainable parameters: 442368 (0.270595%)
Frozen parameters:    163037184
========================================
===== LoRA Model Summary (Rank 5) ======
Total parameters:     163479552
Trainable parameters: 442368 (0.270595%)
Frozen parameters:    163037184
========================================
===== LoRA Model Summary (Rank 0) ======
Total parameters:     163479552
Trainable parameters: 442368 (0.270595%)
Frozen parameters:    163037184
========================================
===== LoRA Model Summary (Rank 2) ======
Total parameters:     163479552
Trainable parameters: 442368 (0.270595%)
Frozen parameters:    163037184
========================================
===== LoRA Model Summary (Rank 7) ======
Total parameters:     163479552
Trainable parameters: 442368 (0.270595%)
Frozen parameters:    163037184
========================================
===== LoRA Model Summary (Rank 6) ======
Total parameters:     163479552
Trainable parameters: 442368 (0.270595%)
Frozen parameters:    163037184
========================================
===== LoRA Model Summary (Rank 3) ======
Total parameters:     163479552
Trainable parameters: 442368 (0.270595%)
Frozen parameters:    163037184
========================================
===== LoRA Model Summary (Rank 1) ======
Total parameters:     163479552
Trainable parameters: 442368 (0.270595%)
Frozen parameters:    163037184
========================================
E20260716 04:03:20.048376 140470999031808 main.cc:521] step    1/10 | train loss 5.219545 | lr 1.00e-04 | (337.97 ms | 15149 tok/s | peak used:  2083 MB | peak reserved:  2208 MB, DP=8, TP=1, SP=1, PP=1)
E20260716 04:03:20.141848 140470999031808 main.cc:521] step    2/10 | train loss 5.143064 | lr 1.00e-04 | (92.99 ms | 55058 tok/s | peak used:  2083 MB | peak reserved:  2272 MB, DP=8, TP=1, SP=1, PP=1)
E20260716 04:03:20.234686 140470999031808 main.cc:521] step    3/10 | train loss 5.074578 | lr 1.00e-04 | (92.78 ms | 55184 tok/s | peak used:  2083 MB | peak reserved:  2304 MB, DP=8, TP=1, SP=1, PP=1)
E20260716 04:03:20.322020 140470999031808 main.cc:521] step    4/10 | train loss 4.774478 | lr 1.00e-04 | (87.28 ms | 58661 tok/s | peak used:  2083 MB | peak reserved:  2368 MB, DP=8, TP=1, SP=1, PP=1)
E20260716 04:03:20.405199 140470999031808 main.cc:521] step    5/10 | train loss 4.900558 | lr 1.00e-04 | (83.13 ms | 61592 tok/s | peak used:  2083 MB | peak reserved:  2400 MB, DP=8, TP=1, SP=1, PP=1)
E20260716 04:03:20.489055 140470999031808 main.cc:521] step    6/10 | train loss 4.886523 | lr 1.00e-04 | (83.80 ms | 61098 tok/s | peak used:  2083 MB | peak reserved:  2432 MB, DP=8, TP=1, SP=1, PP=1)
E20260716 04:03:20.571165 140470999031808 main.cc:521] step    7/10 | train loss 4.977910 | lr 1.00e-04 | (82.05 ms | 62404 tok/s | peak used:  2083 MB | peak reserved:  2496 MB, DP=8, TP=1, SP=1, PP=1)
E20260716 04:03:20.657246 140470999031808 main.cc:521] step    8/10 | train loss 4.925584 | lr 1.00e-04 | (86.03 ms | 59512 tok/s | peak used:  2083 MB | peak reserved:  2528 MB, DP=8, TP=1, SP=1, PP=1)
E20260716 04:03:20.744816 140470999031808 main.cc:521] step    9/10 | train loss 4.957020 | lr 1.00e-04 | (87.51 ms | 58508 tok/s | peak used:  2083 MB | peak reserved:  2560 MB, DP=8, TP=1, SP=1, PP=1)
E20260716 04:03:20.838923 140470999031808 main.cc:521] step   10/10 | train loss 5.033316 | lr 1.00e-04 | (94.05 ms | 54441 tok/s | peak used:  2083 MB | peak reserved:  2624 MB, DP=8, TP=1, SP=1, PP=1)
