[LAST_CMAKE] cmake -DUSE_CUDA=ON -DUSE_NCCL=ON -DBUILD_TEST=OFF -DPROFILE_MODE=ON .. && make -j
[RUN_METADATA] /workspace/workspace/InfiniTrain/scripts/20260716/feat_support_moe_60a56cb/logs/run_metadata.log
[RUN_STARTED_AT] 2026-07-16 03:40:32
[GIT_BRANCH] feat/support_moe
[GIT_COMMIT] 60a56cb8dbf8690594cb4abc87c05d80177af3c7
[GIT_COMMIT_SHORT] 60a56cb
[COMMAND] ./gpt2 --input_bin /data1/shared/InfiniTrain-dev/data/llmc/gpt2/tinyshakespeare/tiny_shakespeare_train.bin --llmc_filepath /data1/shared/InfiniTrain-dev/data/llmc/gpt2/gpt2_124M.bin --device cuda --dtype float32 --nthread_per_process 8 --num_iteration 10 --batch_size 40 --total_batch_size 5120 --tensor_parallel 4 --sequence_parallel true --lora_rank 4 --lora_alpha 8.0 --lora_target_modules attn.c_proj,c_fc,c_proj
===== LoRA Model Summary (Rank 4) ======
Total parameters:     41603328
Trainable parameters: 193536 (0.465194%)
Frozen parameters:    41409792
========================================
===== LoRA Model Summary (Rank 3) ======
Total parameters:     41603328
Trainable parameters: 193536 (0.465194%)
Frozen parameters:    41409792
========================================
===== LoRA Model Summary (Rank 0) ======
Total parameters:     41603328
Trainable parameters: 193536 (0.465194%)
Frozen parameters:    41409792
========================================
===== LoRA Model Summary (Rank 1) ======
Total parameters:     41603328
Trainable parameters: 193536 (0.465194%)
Frozen parameters:    41409792
========================================
===== LoRA Model Summary (Rank 7) ======
Total parameters:     41603328
Trainable parameters: 193536 (0.465194%)
Frozen parameters:    41409792
========================================
===== LoRA Model Summary (Rank 2) ======
Total parameters:     41603328
Trainable parameters: 193536 (0.465194%)
Frozen parameters:    41409792
========================================
===== LoRA Model Summary (Rank 6) ======
Total parameters:     41603328
Trainable parameters: 193536 (0.465194%)
Frozen parameters:    41409792
========================================
===== LoRA Model Summary (Rank 5) ======
Total parameters:     41603328
Trainable parameters: 193536 (0.465194%)
Frozen parameters:    41409792
========================================
E20260716 04:55:27.344314 139834941218816 main.cc:521] step    1/10 | train loss 5.219545 | lr 1.00e-04 | (931.16 ms | 5499 tok/s | peak used:  1671 MB | peak reserved:  1728 MB, DP=2, TP=4, SP=4, PP=1)
E20260716 04:55:27.704403 139834941218816 main.cc:521] step    2/10 | train loss 5.143059 | lr 1.00e-04 | (359.44 ms | 14245 tok/s | peak used:  1671 MB | peak reserved:  1728 MB, DP=2, TP=4, SP=4, PP=1)
E20260716 04:55:28.095243 139834941218816 main.cc:521] step    3/10 | train loss 5.074570 | lr 1.00e-04 | (390.67 ms | 13106 tok/s | peak used:  1671 MB | peak reserved:  1728 MB, DP=2, TP=4, SP=4, PP=1)
E20260716 04:55:28.467115 139834941218816 main.cc:521] step    4/10 | train loss 4.774470 | lr 1.00e-04 | (371.82 ms | 13770 tok/s | peak used:  1671 MB | peak reserved:  1728 MB, DP=2, TP=4, SP=4, PP=1)
E20260716 04:55:28.869000 139834941218816 main.cc:521] step    5/10 | train loss 4.900544 | lr 1.00e-04 | (401.82 ms | 12742 tok/s | peak used:  1671 MB | peak reserved:  1728 MB, DP=2, TP=4, SP=4, PP=1)
E20260716 04:55:29.275916 139834941218816 main.cc:521] step    6/10 | train loss 4.886502 | lr 1.00e-04 | (406.86 ms | 12584 tok/s | peak used:  1671 MB | peak reserved:  1728 MB, DP=2, TP=4, SP=4, PP=1)
E20260716 04:55:29.691997 139834941218816 main.cc:521] step    7/10 | train loss 4.977886 | lr 1.00e-04 | (416.03 ms | 12307 tok/s | peak used:  1671 MB | peak reserved:  1728 MB, DP=2, TP=4, SP=4, PP=1)
E20260716 04:55:30.088635 139834941218816 main.cc:521] step    8/10 | train loss 4.925550 | lr 1.00e-04 | (396.58 ms | 12910 tok/s | peak used:  1671 MB | peak reserved:  1728 MB, DP=2, TP=4, SP=4, PP=1)
E20260716 04:55:30.420679 139834941218816 main.cc:521] step    9/10 | train loss 4.956982 | lr 1.00e-04 | (332.00 ms | 15422 tok/s | peak used:  1671 MB | peak reserved:  1728 MB, DP=2, TP=4, SP=4, PP=1)
E20260716 04:55:30.827305 139834941218816 main.cc:521] step   10/10 | train loss 5.033280 | lr 1.00e-04 | (406.56 ms | 12593 tok/s | peak used:  1671 MB | peak reserved:  1728 MB, DP=2, TP=4, SP=4, PP=1)
