[LAST_CMAKE] cmake -DBUILD_TEST=ON -DUSE_CUDA=ON -DUSE_NCCL=ON .. && make -j
[COMMAND] ./gpt2 --input_bin /data/shared/InfiniTrain-dev/data/llmc/gpt2/tinyshakespeare/tiny_shakespeare_train.bin --llmc_filepath /data/shared/InfiniTrain-dev/data/llmc/gpt2/gpt2_124M.bin --device cuda --dtype=float32 --nthread_per_process=8 --num_iteration=10 --batch_size=40 --total_batch_size=5120 --tensor_parallel=4 --sequence_parallel=true --lora_rank=4 --lora_alpha=8.0 --lora_target_modules=attn.c_proj,c_fc,c_proj
===== LoRA Model Summary (Rank 6) ======
Total parameters:     41603328
Trainable parameters: 193536 (0.465194%)
Frozen parameters:    41409792
========================================
===== LoRA Model Summary (Rank 0) ======
Total parameters:     41603328
Trainable parameters: 193536 (0.465194%)
Frozen parameters:    41409792
========================================
===== LoRA Model Summary (Rank 5) ======
Total parameters:     41603328
Trainable parameters: 193536 (0.465194%)
Frozen parameters:    41409792
========================================
===== LoRA Model Summary (Rank 1) ======
Total parameters:     41603328
Trainable parameters: 193536 (0.465194%)
Frozen parameters:    41409792
========================================
===== LoRA Model Summary (Rank 2) ======
Total parameters:     41603328
Trainable parameters: 193536 (0.465194%)
Frozen parameters:    41409792
========================================
===== LoRA Model Summary (Rank 4) ======
Total parameters:     41603328
Trainable parameters: 193536 (0.465194%)
Frozen parameters:    41409792
========================================
===== LoRA Model Summary (Rank 7) ======
Total parameters:     41603328
Trainable parameters: 193536 (0.465194%)
Frozen parameters:    41409792
========================================
===== LoRA Model Summary (Rank 3) ======
Total parameters:     41603328
Trainable parameters: 193536 (0.465194%)
Frozen parameters:    41409792
========================================
E20260604 04:08:37.026948 139874602557440 main.cc:420] step    1/10 | train loss 5.219545 | lr 1.00e-04 | (376.95 ms | 13583 tok/s | peak used:  1671 MB | peak reserved:  1728 MB, DP=2, TP=4, SP=4, PP=1)
E20260604 04:08:37.230947 139874602557440 main.cc:420] step    2/10 | train loss 5.143059 | lr 1.00e-04 | (203.41 ms | 25170 tok/s | peak used:  1671 MB | peak reserved:  1792 MB, DP=2, TP=4, SP=4, PP=1)
E20260604 04:08:37.379720 139874602557440 main.cc:420] step    3/10 | train loss 5.074570 | lr 1.00e-04 | (148.72 ms | 34427 tok/s | peak used:  1671 MB | peak reserved:  1792 MB, DP=2, TP=4, SP=4, PP=1)
E20260604 04:08:37.513914 139874602557440 main.cc:420] step    4/10 | train loss 4.774470 | lr 1.00e-04 | (134.15 ms | 38167 tok/s | peak used:  1671 MB | peak reserved:  1792 MB, DP=2, TP=4, SP=4, PP=1)
E20260604 04:08:37.642622 139874602557440 main.cc:420] step    5/10 | train loss 4.900544 | lr 1.00e-04 | (128.65 ms | 39797 tok/s | peak used:  1671 MB | peak reserved:  1792 MB, DP=2, TP=4, SP=4, PP=1)
E20260604 04:08:37.770907 139874602557440 main.cc:420] step    6/10 | train loss 4.886502 | lr 1.00e-04 | (128.24 ms | 39925 tok/s | peak used:  1671 MB | peak reserved:  1792 MB, DP=2, TP=4, SP=4, PP=1)
E20260604 04:08:37.895483 139874602557440 main.cc:420] step    7/10 | train loss 4.977886 | lr 1.00e-04 | (124.53 ms | 41115 tok/s | peak used:  1671 MB | peak reserved:  1792 MB, DP=2, TP=4, SP=4, PP=1)
E20260604 04:08:38.019385 139874602557440 main.cc:420] step    8/10 | train loss 4.925550 | lr 1.00e-04 | (123.85 ms | 41339 tok/s | peak used:  1671 MB | peak reserved:  1792 MB, DP=2, TP=4, SP=4, PP=1)
E20260604 04:08:38.143113 139874602557440 main.cc:420] step    9/10 | train loss 4.956982 | lr 1.00e-04 | (123.68 ms | 41396 tok/s | peak used:  1671 MB | peak reserved:  1792 MB, DP=2, TP=4, SP=4, PP=1)
E20260604 04:08:38.269444 139874602557440 main.cc:420] step   10/10 | train loss 5.033280 | lr 1.00e-04 | (126.28 ms | 40544 tok/s | peak used:  1671 MB | peak reserved:  1792 MB, DP=2, TP=4, SP=4, PP=1)
