[LAST_CMAKE] cmake -DUSE_CUDA=ON -DUSE_NCCL=ON -DBUILD_TEST=OFF -DPROFILE_MODE=ON .. && make -j
[RUN_METADATA] /home/chenxi/InfiniTrain/scripts/20260818/remove_fill_32e94e6/logs/run_metadata.log
[RUN_STARTED_AT] 2026-08-18 06:55:32
[GIT_BRANCH] remove_fill
[GIT_COMMIT] 32e94e6ad941f45fc0594cc5f741dcac14713c77
[GIT_COMMIT_SHORT] 32e94e6
[COMMAND] ./gpt2 --input_bin /data1/shared/InfiniTrain-dev/data/llmc/gpt2/tinyshakespeare/tiny_shakespeare_train.bin --llmc_filepath /data1/shared/InfiniTrain-dev/data/llmc/gpt2/gpt2_124M.bin --device cuda --dtype float32 --lora_rank 8 --lora_alpha 16.0 --lora_target_modules c_attn,attn.c_proj --lora_load_path /data1/shared/InfiniTrain-dev/data/llmc/gpt2/gpt2_124M_lora_weights_rank8_alpha16.bin
===== LoRA Model Summary (Rank 0) ======
Total parameters:     163479552
Trainable parameters: 442368 (0.270595%)
Frozen parameters:    163037184
========================================
E20260818 08:10:33.764783 140712978722816 main.cc:520] step    1/10 | train loss 5.356189 | lr 1.00e-04 | (126.94 ms | 2017 tok/s | peak used:  1013 MB | peak reserved:  1056 MB, DP=1, TP=1, SP=1, PP=1)
E20260818 08:10:33.859287 140712978722816 main.cc:520] step    2/10 | train loss 5.144085 | lr 1.00e-04 | (94.17 ms | 2718 tok/s | peak used:  1013 MB | peak reserved:  1056 MB, DP=1, TP=1, SP=1, PP=1)
E20260818 08:10:33.964198 140712978722816 main.cc:520] step    3/10 | train loss 4.849665 | lr 1.00e-04 | (104.87 ms | 2441 tok/s | peak used:  1013 MB | peak reserved:  1056 MB, DP=1, TP=1, SP=1, PP=1)
E20260818 08:10:34.062475 140712978722816 main.cc:520] step    4/10 | train loss 4.976916 | lr 1.00e-04 | (98.24 ms | 2606 tok/s | peak used:  1013 MB | peak reserved:  1056 MB, DP=1, TP=1, SP=1, PP=1)
E20260818 08:10:34.153493 140712978722816 main.cc:520] step    5/10 | train loss 4.895230 | lr 1.00e-04 | (90.98 ms | 2814 tok/s | peak used:  1013 MB | peak reserved:  1056 MB, DP=1, TP=1, SP=1, PP=1)
E20260818 08:10:34.236182 140712978722816 main.cc:520] step    6/10 | train loss 5.197304 | lr 1.00e-04 | (82.65 ms | 3097 tok/s | peak used:  1013 MB | peak reserved:  1056 MB, DP=1, TP=1, SP=1, PP=1)
E20260818 08:10:34.321396 140712978722816 main.cc:520] step    7/10 | train loss 5.058921 | lr 1.00e-04 | (85.18 ms | 3006 tok/s | peak used:  1013 MB | peak reserved:  1056 MB, DP=1, TP=1, SP=1, PP=1)
E20260818 08:10:34.406615 140712978722816 main.cc:520] step    8/10 | train loss 5.261155 | lr 1.00e-04 | (85.18 ms | 3005 tok/s | peak used:  1013 MB | peak reserved:  1056 MB, DP=1, TP=1, SP=1, PP=1)
E20260818 08:10:34.517540 140712978722816 main.cc:520] step    9/10 | train loss 5.313334 | lr 1.00e-04 | (110.89 ms | 2309 tok/s | peak used:  1013 MB | peak reserved:  1056 MB, DP=1, TP=1, SP=1, PP=1)
E20260818 08:10:34.610166 140712978722816 main.cc:520] step   10/10 | train loss 5.574058 | lr 1.00e-04 | (92.59 ms | 2765 tok/s | peak used:  1013 MB | peak reserved:  1056 MB, DP=1, TP=1, SP=1, PP=1)
