[LAST_CMAKE] cmake -DUSE_CUDA=ON -DUSE_NCCL=ON -DBUILD_TEST=ON -DPROFILE_MODE=OFF .. && make -j
[RUN_METADATA] /home/chenxi/InfiniTrain/scripts/20260818/remove_fill_32e94e6/logs/run_metadata.log
[RUN_STARTED_AT] 2026-08-18 06:55:32
[GIT_BRANCH] remove_fill
[GIT_COMMIT] 32e94e6ad941f45fc0594cc5f741dcac14713c77
[GIT_COMMIT_SHORT] 32e94e6
[COMMAND] ./gpt2 --input_bin /data1/shared/InfiniTrain-dev/data/llmc/gpt2/tinyshakespeare/tiny_shakespeare_train.bin --llmc_filepath /data1/shared/InfiniTrain-dev/data/llmc/gpt2/gpt2_124M.bin --device cuda --dtype float32 --nthread_per_process 8 --num_iteration 10 --batch_size 40 --total_batch_size 5120 --tensor_parallel 4 --lora_rank 8 --lora_alpha 16.0 --lora_target_modules c_attn,attn.c_proj --lora_load_path /data1/shared/InfiniTrain-dev/data/llmc/gpt2/gpt2_124M_lora_weights_rank8_alpha16.bin
===== LoRA Model Summary (Rank 6) ======
Total parameters:     41630976
Trainable parameters: 221184 (0.531297%)
Frozen parameters:    41409792
========================================
===== LoRA Model Summary (Rank 7) ======
Total parameters:     41630976
Trainable parameters: 221184 (0.531297%)
Frozen parameters:    41409792
========================================
===== LoRA Model Summary (Rank 5) ======
Total parameters:     41630976
Trainable parameters: 221184 (0.531297%)
Frozen parameters:    41409792
========================================
===== LoRA Model Summary (Rank 1) ======
Total parameters:     41630976
Trainable parameters: 221184 (0.531297%)
Frozen parameters:    41409792
========================================
===== LoRA Model Summary (Rank 2) ======
Total parameters:     41630976
Trainable parameters: 221184 (0.531297%)
Frozen parameters:    41409792
========================================
===== LoRA Model Summary (Rank 3) ======
Total parameters:     41630976
Trainable parameters: 221184 (0.531297%)
Frozen parameters:    41409792
========================================
===== LoRA Model Summary (Rank 4) ======
Total parameters:     41630976
Trainable parameters: 221184 (0.531297%)
Frozen parameters:    41409792
========================================
===== LoRA Model Summary (Rank 0) ======
Total parameters:     41630976
Trainable parameters: 221184 (0.531297%)
Frozen parameters:    41409792
========================================
E20260818 07:22:12.922459 139656565858304 main.cc:520] step    1/10 | train loss 5.219545 | lr 1.00e-04 | (469.26 ms | 10911 tok/s | peak used:  1792 MB | peak reserved:  1888 MB, DP=2, TP=4, SP=1, PP=1)
E20260818 07:22:13.026362 139656565858304 main.cc:520] step    2/10 | train loss 5.143064 | lr 1.00e-04 | (103.22 ms | 49601 tok/s | peak used:  1792 MB | peak reserved:  1952 MB, DP=2, TP=4, SP=1, PP=1)
E20260818 07:22:13.125585 139656565858304 main.cc:520] step    3/10 | train loss 5.074578 | lr 1.00e-04 | (99.17 ms | 51629 tok/s | peak used:  1792 MB | peak reserved:  2080 MB, DP=2, TP=4, SP=1, PP=1)
E20260818 07:22:13.225861 139656565858304 main.cc:520] step    4/10 | train loss 4.774480 | lr 1.00e-04 | (100.23 ms | 51083 tok/s | peak used:  1792 MB | peak reserved:  2080 MB, DP=2, TP=4, SP=1, PP=1)
E20260818 07:22:13.330165 139656565858304 main.cc:520] step    5/10 | train loss 4.900561 | lr 1.00e-04 | (104.25 ms | 49110 tok/s | peak used:  1792 MB | peak reserved:  2080 MB, DP=2, TP=4, SP=1, PP=1)
E20260818 07:22:13.430853 139656565858304 main.cc:520] step    6/10 | train loss 4.886528 | lr 1.00e-04 | (100.63 ms | 50881 tok/s | peak used:  1792 MB | peak reserved:  2080 MB, DP=2, TP=4, SP=1, PP=1)
E20260818 07:22:13.527426 139656565858304 main.cc:520] step    7/10 | train loss 4.977918 | lr 1.00e-04 | (96.53 ms | 53041 tok/s | peak used:  1792 MB | peak reserved:  2080 MB, DP=2, TP=4, SP=1, PP=1)
E20260818 07:22:13.623036 139656565858304 main.cc:520] step    8/10 | train loss 4.925590 | lr 1.00e-04 | (95.55 ms | 53584 tok/s | peak used:  1792 MB | peak reserved:  2080 MB, DP=2, TP=4, SP=1, PP=1)
E20260818 07:22:13.724435 139656565858304 main.cc:520] step    9/10 | train loss 4.957023 | lr 1.00e-04 | (101.34 ms | 50521 tok/s | peak used:  1792 MB | peak reserved:  2080 MB, DP=2, TP=4, SP=1, PP=1)
E20260818 07:22:13.821932 139656565858304 main.cc:520] step   10/10 | train loss 5.033327 | lr 1.00e-04 | (97.44 ms | 52545 tok/s | peak used:  1792 MB | peak reserved:  2080 MB, DP=2, TP=4, SP=1, PP=1)
