[LAST_CMAKE] cmake -DUSE_CUDA=ON -DUSE_NCCL=ON -DBUILD_TEST=OFF -DPROFILE_MODE=ON .. && make -j
[RUN_METADATA] /home/chenxi/InfiniTrain/scripts/20260818/remove_fill_32e94e6/logs/run_metadata.log
[RUN_STARTED_AT] 2026-08-18 06:55:32
[GIT_BRANCH] remove_fill
[GIT_COMMIT] 32e94e6ad941f45fc0594cc5f741dcac14713c77
[GIT_COMMIT_SHORT] 32e94e6
[COMMAND] ./gpt2 --input_bin /data1/shared/InfiniTrain-dev/data/llmc/gpt2/tinyshakespeare/tiny_shakespeare_train.bin --llmc_filepath /data1/shared/InfiniTrain-dev/data/llmc/gpt2/gpt2_124M.bin --device cuda --dtype bfloat16 --nthread_per_process 8 --num_iteration 10 --batch_size 10 --total_batch_size 5120 --lora_rank 8 --lora_alpha 16.0 --lora_target_modules c_attn,attn.c_proj --lora_load_path /data1/shared/InfiniTrain-dev/data/llmc/gpt2/gpt2_124M_lora_weights_rank8_alpha16.bin
===== LoRA Model Summary (Rank 3) ======
Total parameters:     163479552
Trainable parameters: 442368 (0.270595%)
Frozen parameters:    163037184
========================================
===== LoRA Model Summary (Rank 4) ======
Total parameters:     163479552
Trainable parameters: 442368 (0.270595%)
Frozen parameters:    163037184
========================================
===== LoRA Model Summary (Rank 7) ======
Total parameters:     163479552
Trainable parameters: 442368 (0.270595%)
Frozen parameters:    163037184
========================================
===== LoRA Model Summary (Rank 0) ======
Total parameters:     163479552
Trainable parameters: 442368 (0.270595%)
Frozen parameters:    163037184
========================================
===== LoRA Model Summary (Rank 2) ======
Total parameters:     163479552
Trainable parameters: 442368 (0.270595%)
Frozen parameters:    163037184
========================================
===== LoRA Model Summary (Rank 5) ======
Total parameters:     163479552
Trainable parameters: 442368 (0.270595%)
Frozen parameters:    163037184
========================================
===== LoRA Model Summary (Rank 1) ======
Total parameters:     163479552
Trainable parameters: 442368 (0.270595%)
Frozen parameters:    163037184
========================================
===== LoRA Model Summary (Rank 6) ======
Total parameters:     163479552
Trainable parameters: 442368 (0.270595%)
Frozen parameters:    163037184
========================================
E20260818 08:14:16.641816 140149077811200 main.cc:520] step    1/10 | train loss 5.213315 | lr 1.00e-04 | (782.56 ms | 6543 tok/s | peak used:  2296 MB | peak reserved:  2368 MB, DP=8, TP=1, SP=1, PP=1)
E20260818 08:14:16.905316 140149077811200 main.cc:520] step    2/10 | train loss 5.137902 | lr 1.00e-04 | (262.99 ms | 19469 tok/s | peak used:  2529 MB | peak reserved:  2592 MB, DP=8, TP=1, SP=1, PP=1)
E20260818 08:14:17.253285 140149077811200 main.cc:520] step    3/10 | train loss 5.068576 | lr 1.00e-04 | (347.90 ms | 14717 tok/s | peak used:  2529 MB | peak reserved:  2592 MB, DP=8, TP=1, SP=1, PP=1)
E20260818 08:14:17.543050 140149077811200 main.cc:520] step    4/10 | train loss 4.765966 | lr 1.00e-04 | (289.70 ms | 17673 tok/s | peak used:  2529 MB | peak reserved:  2592 MB, DP=8, TP=1, SP=1, PP=1)
E20260818 08:14:17.872548 140149077811200 main.cc:520] step    5/10 | train loss 4.891444 | lr 1.00e-04 | (329.43 ms | 15542 tok/s | peak used:  2529 MB | peak reserved:  2592 MB, DP=8, TP=1, SP=1, PP=1)
E20260818 08:14:18.214007 140149077811200 main.cc:520] step    6/10 | train loss 4.874880 | lr 1.00e-04 | (341.40 ms | 14997 tok/s | peak used:  2529 MB | peak reserved:  2592 MB, DP=8, TP=1, SP=1, PP=1)
E20260818 08:14:18.524745 140149077811200 main.cc:520] step    7/10 | train loss 4.963623 | lr 1.00e-04 | (310.66 ms | 16481 tok/s | peak used:  2529 MB | peak reserved:  2592 MB, DP=8, TP=1, SP=1, PP=1)
E20260818 08:14:18.793168 140149077811200 main.cc:520] step    8/10 | train loss 4.914873 | lr 1.00e-04 | (268.35 ms | 19080 tok/s | peak used:  2529 MB | peak reserved:  2592 MB, DP=8, TP=1, SP=1, PP=1)
E20260818 08:14:19.120164 140149077811200 main.cc:520] step    9/10 | train loss 4.958100 | lr 1.00e-04 | (326.93 ms | 15661 tok/s | peak used:  2529 MB | peak reserved:  2592 MB, DP=8, TP=1, SP=1, PP=1)
E20260818 08:14:19.436342 140149077811200 main.cc:520] step   10/10 | train loss 5.022259 | lr 1.00e-04 | (316.09 ms | 16198 tok/s | peak used:  2529 MB | peak reserved:  2592 MB, DP=8, TP=1, SP=1, PP=1)
