[LAST_CMAKE] cmake -DUSE_CUDA=ON -DUSE_NCCL=ON -DBUILD_TEST=ON -DPROFILE_MODE=OFF .. && make -j
[RUN_METADATA] /home/chenxi/InfiniTrain/scripts/20260818/remove_fill_32e94e6/logs/run_metadata.log
[RUN_STARTED_AT] 2026-08-18 06:55:32
[GIT_BRANCH] remove_fill
[GIT_COMMIT] 32e94e6ad941f45fc0594cc5f741dcac14713c77
[GIT_COMMIT_SHORT] 32e94e6
[COMMAND] ./gpt2 --input_bin /data1/shared/InfiniTrain-dev/data/llmc/gpt2/tinyshakespeare/tiny_shakespeare_train.bin --llmc_filepath /data1/shared/InfiniTrain-dev/data/llmc/gpt2/gpt2_124M.bin --device cuda --dtype float32 --nthread_per_process 4 --num_iteration 10 --batch_size 10 --total_batch_size 5120 --pipeline_parallel 4 --virtual_pipeline_parallel 2 --lora_rank 4 --lora_alpha 8.0 --lora_target_modules c_attn,c_proj
===== LoRA Model Summary (Rank 2) ======
Total parameters:     21364992
Trainable parameters: 101376 (0.474496%)
Frozen parameters:    21263616
========================================
===== LoRA Model Summary (Rank 1) ======
Total parameters:     21364992
Trainable parameters: 101376 (0.474496%)
Frozen parameters:    21263616
========================================
===== LoRA Model Summary (Rank 0) ======
Total parameters:     60748800
Trainable parameters: 101376 (0.166877%)
Frozen parameters:    60647424
========================================
===== LoRA Model Summary (Rank 3) ======
Total parameters:     59963904
Trainable parameters: 101376 (0.169062%)
Frozen parameters:    59862528
========================================
E20260818 07:24:53.665433 140478985003008 main.cc:520] step    1/10 | train loss 5.219545 | lr 1.00e-04 | (433.59 ms | 11808 tok/s | peak used:  2773 MB | peak reserved:  2912 MB, DP=1, TP=1, SP=1, PP=4)
E20260818 07:24:53.832200 140478985003008 main.cc:520] step    2/10 | train loss 5.143068 | lr 1.00e-04 | (166.32 ms | 30784 tok/s | peak used:  2773 MB | peak reserved:  3008 MB, DP=1, TP=1, SP=1, PP=4)
E20260818 07:24:53.974932 140478985003008 main.cc:520] step    3/10 | train loss 5.074584 | lr 1.00e-04 | (142.66 ms | 35890 tok/s | peak used:  2773 MB | peak reserved:  3072 MB, DP=1, TP=1, SP=1, PP=4)
E20260818 07:24:54.109538 140478985003008 main.cc:520] step    4/10 | train loss 4.774490 | lr 1.00e-04 | (134.55 ms | 38053 tok/s | peak used:  2773 MB | peak reserved:  3136 MB, DP=1, TP=1, SP=1, PP=4)
E20260818 07:24:54.244661 140478985003008 main.cc:520] step    5/10 | train loss 4.900574 | lr 1.00e-04 | (135.07 ms | 37906 tok/s | peak used:  2773 MB | peak reserved:  3200 MB, DP=1, TP=1, SP=1, PP=4)
E20260818 07:24:54.386828 140478985003008 main.cc:520] step    6/10 | train loss 4.886542 | lr 1.00e-04 | (142.12 ms | 36027 tok/s | peak used:  2773 MB | peak reserved:  3264 MB, DP=1, TP=1, SP=1, PP=4)
E20260818 07:24:54.523581 140478985003008 main.cc:520] step    7/10 | train loss 4.977936 | lr 1.00e-04 | (136.70 ms | 37454 tok/s | peak used:  2773 MB | peak reserved:  3296 MB, DP=1, TP=1, SP=1, PP=4)
E20260818 07:24:54.658774 140478985003008 main.cc:520] step    8/10 | train loss 4.925616 | lr 1.00e-04 | (135.15 ms | 37885 tok/s | peak used:  2773 MB | peak reserved:  3360 MB, DP=1, TP=1, SP=1, PP=4)
E20260818 07:24:54.794319 140478985003008 main.cc:520] step    9/10 | train loss 4.957046 | lr 1.00e-04 | (135.50 ms | 37786 tok/s | peak used:  2773 MB | peak reserved:  3392 MB, DP=1, TP=1, SP=1, PP=4)
E20260818 07:24:54.933239 140478985003008 main.cc:520] step   10/10 | train loss 5.033356 | lr 1.00e-04 | (138.87 ms | 36870 tok/s | peak used:  2773 MB | peak reserved:  3456 MB, DP=1, TP=1, SP=1, PP=4)
