[LAST_CMAKE] cmake -DUSE_CUDA=ON -DUSE_NCCL=ON -DBUILD_TEST=OFF -DPROFILE_MODE=ON .. && make -j
[RUN_METADATA] /home/chenxi/InfiniTrain/scripts/20260818/remove_fill_32e94e6/logs/run_metadata.log
[RUN_STARTED_AT] 2026-08-18 06:55:32
[GIT_BRANCH] remove_fill
[GIT_COMMIT] 32e94e6ad941f45fc0594cc5f741dcac14713c77
[GIT_COMMIT_SHORT] 32e94e6
[COMMAND] ./gpt2 --input_bin /data1/shared/InfiniTrain-dev/data/llmc/gpt2/tinyshakespeare/tiny_shakespeare_train.bin --llmc_filepath /data1/shared/InfiniTrain-dev/data/llmc/gpt2/gpt2_124M.bin --device cuda --dtype float32 --nthread_per_process 8 --num_iteration 10 --batch_size 10 --total_batch_size 5120 --pipeline_parallel 8 --lora_rank 4 --lora_alpha 8.0 --lora_target_modules c_attn,attn.c_proj,c_fc
===== LoRA Model Summary (Rank 5) ======
Total parameters:     7121664
Trainable parameters: 33792 (0.474496%)
Frozen parameters:    7087872
========================================
===== LoRA Model Summary (Rank 4) ======
Total parameters:     7121664
Trainable parameters: 33792 (0.474496%)
Frozen parameters:    7087872
========================================
===== LoRA Model Summary (Rank 6) ======
Total parameters:     7121664
Trainable parameters: 33792 (0.474496%)
Frozen parameters:    7087872
========================================
===== LoRA Model Summary (Rank 1) ======
Total parameters:     14243328
Trainable parameters: 67584 (0.474496%)
Frozen parameters:    14175744
========================================
===== LoRA Model Summary (Rank 3) ======
Total parameters:     14243328
Trainable parameters: 67584 (0.474496%)
Frozen parameters:    14175744
========================================
===== LoRA Model Summary (Rank 2) ======
Total parameters:     14243328
Trainable parameters: 67584 (0.474496%)
Frozen parameters:    14175744
========================================
===== LoRA Model Summary (Rank 0) ======
Total parameters:     53627136
Trainable parameters: 67584 (0.126026%)
Frozen parameters:    53559552
========================================
===== LoRA Model Summary (Rank 7) ======
Total parameters:     45720576
Trainable parameters: 33792 (0.0739098%)
Frozen parameters:    45686784
========================================
E20260818 08:18:05.918019 140266316996608 main.cc:520] step    1/10 | train loss 5.219545 | lr 1.00e-04 | (773.12 ms | 6622 tok/s | peak used:  1720 MB | peak reserved:  1760 MB, DP=1, TP=1, SP=1, PP=8)
E20260818 08:18:06.623903 140266316996608 main.cc:520] step    2/10 | train loss 5.143064 | lr 1.00e-04 | (705.14 ms | 7261 tok/s | peak used:  1720 MB | peak reserved:  1760 MB, DP=1, TP=1, SP=1, PP=8)
E20260818 08:18:06.965680 140266316996608 main.cc:520] step    3/10 | train loss 5.074578 | lr 1.00e-04 | (341.70 ms | 14984 tok/s | peak used:  1720 MB | peak reserved:  1760 MB, DP=1, TP=1, SP=1, PP=8)
E20260818 08:18:07.319836 140266316996608 main.cc:520] step    4/10 | train loss 4.774479 | lr 1.00e-04 | (354.07 ms | 14460 tok/s | peak used:  1720 MB | peak reserved:  1760 MB, DP=1, TP=1, SP=1, PP=8)
E20260818 08:18:07.667473 140266316996608 main.cc:520] step    5/10 | train loss 4.900561 | lr 1.00e-04 | (347.57 ms | 14731 tok/s | peak used:  1720 MB | peak reserved:  1760 MB, DP=1, TP=1, SP=1, PP=8)
E20260818 08:18:08.034560 140266316996608 main.cc:520] step    6/10 | train loss 4.886525 | lr 1.00e-04 | (367.04 ms | 13949 tok/s | peak used:  1720 MB | peak reserved:  1760 MB, DP=1, TP=1, SP=1, PP=8)
E20260818 08:18:08.413328 140266316996608 main.cc:520] step    7/10 | train loss 4.977913 | lr 1.00e-04 | (378.71 ms | 13520 tok/s | peak used:  1720 MB | peak reserved:  1760 MB, DP=1, TP=1, SP=1, PP=8)
E20260818 08:18:08.765925 140266316996608 main.cc:520] step    8/10 | train loss 4.925583 | lr 1.00e-04 | (352.54 ms | 14523 tok/s | peak used:  1720 MB | peak reserved:  1760 MB, DP=1, TP=1, SP=1, PP=8)
E20260818 08:18:09.104443 140266316996608 main.cc:520] step    9/10 | train loss 4.957021 | lr 1.00e-04 | (338.46 ms | 15127 tok/s | peak used:  1720 MB | peak reserved:  1760 MB, DP=1, TP=1, SP=1, PP=8)
E20260818 08:18:09.453168 140266316996608 main.cc:520] step   10/10 | train loss 5.033322 | lr 1.00e-04 | (348.67 ms | 14684 tok/s | peak used:  1720 MB | peak reserved:  1760 MB, DP=1, TP=1, SP=1, PP=8)
