[LAST_CMAKE] cmake -DUSE_CUDA=ON -DUSE_NCCL=ON -DBUILD_TEST=OFF -DPROFILE_MODE=ON .. && make -j
[RUN_METADATA] /home/chenxi/InfiniTrain/scripts/20260818/remove_fill_32e94e6/logs/run_metadata.log
[RUN_STARTED_AT] 2026-08-18 06:55:32
[GIT_BRANCH] remove_fill
[GIT_COMMIT] 32e94e6ad941f45fc0594cc5f741dcac14713c77
[GIT_COMMIT_SHORT] 32e94e6
[COMMAND] ./gpt2 --input_bin /data1/shared/InfiniTrain-dev/data/llmc/gpt2/tinyshakespeare/tiny_shakespeare_train.bin --llmc_filepath /data1/shared/InfiniTrain-dev/data/llmc/gpt2/gpt2_124M.bin --device cuda --dtype bfloat16 --nthread_per_process 8 --num_iteration 10 --batch_size 40 --total_batch_size 5120 --tensor_parallel 4 --sequence_parallel true --lora_rank 16 --lora_alpha 32.0 --lora_target_modules attn.c_proj,c_fc,c_proj
===== LoRA Model Summary (Rank 7) ======
Total parameters:     42183936
Trainable parameters: 774144 (1.83516%)
Frozen parameters:    41409792
========================================
===== LoRA Model Summary (Rank 5) ======
Total parameters:     42183936
Trainable parameters: 774144 (1.83516%)
Frozen parameters:    41409792
========================================
===== LoRA Model Summary (Rank 6) ======
Total parameters:     42183936
Trainable parameters: 774144 (1.83516%)
Frozen parameters:    41409792
========================================
===== LoRA Model Summary (Rank 1) ======
Total parameters:     42183936
Trainable parameters: 774144 (1.83516%)
Frozen parameters:    41409792
========================================
===== LoRA Model Summary (Rank 3) ======
Total parameters:     42183936
Trainable parameters: 774144 (1.83516%)
Frozen parameters:    41409792
========================================
===== LoRA Model Summary (Rank 4) ======
Total parameters:     42183936
Trainable parameters: 774144 (1.83516%)
Frozen parameters:    41409792
========================================
===== LoRA Model Summary (Rank 2) ======
Total parameters:     42183936
Trainable parameters: 774144 (1.83516%)
Frozen parameters:    41409792
========================================
===== LoRA Model Summary (Rank 0) ======
Total parameters:     42183936
Trainable parameters: 774144 (1.83516%)
Frozen parameters:    41409792
========================================
E20260818 08:17:20.952788 139805547536384 main.cc:520] step    1/10 | train loss 5.206748 | lr 1.00e-04 | (913.95 ms | 5602 tok/s | peak used:  1641 MB | peak reserved:  1696 MB, DP=2, TP=4, SP=4, PP=1)
E20260818 08:17:21.403841 139805547536384 main.cc:520] step    2/10 | train loss 5.138840 | lr 1.00e-04 | (450.38 ms | 11368 tok/s | peak used:  1699 MB | peak reserved:  1760 MB, DP=2, TP=4, SP=4, PP=1)
E20260818 08:17:21.834771 139805547536384 main.cc:520] step    3/10 | train loss 5.070433 | lr 1.00e-04 | (430.85 ms | 11884 tok/s | peak used:  1699 MB | peak reserved:  1760 MB, DP=2, TP=4, SP=4, PP=1)
E20260818 08:17:22.240811 139805547536384 main.cc:520] step    4/10 | train loss 4.770248 | lr 1.00e-04 | (405.98 ms | 12611 tok/s | peak used:  1699 MB | peak reserved:  1760 MB, DP=2, TP=4, SP=4, PP=1)
E20260818 08:17:22.649654 139805547536384 main.cc:520] step    5/10 | train loss 4.900148 | lr 1.00e-04 | (408.78 ms | 12525 tok/s | peak used:  1699 MB | peak reserved:  1760 MB, DP=2, TP=4, SP=4, PP=1)
E20260818 08:17:23.053849 139805547536384 main.cc:520] step    6/10 | train loss 4.873593 | lr 1.00e-04 | (404.14 ms | 12669 tok/s | peak used:  1699 MB | peak reserved:  1760 MB, DP=2, TP=4, SP=4, PP=1)
E20260818 08:17:23.460439 139805547536384 main.cc:520] step    7/10 | train loss 4.963766 | lr 1.00e-04 | (406.49 ms | 12596 tok/s | peak used:  1699 MB | peak reserved:  1760 MB, DP=2, TP=4, SP=4, PP=1)
E20260818 08:17:23.874124 139805547536384 main.cc:520] step    8/10 | train loss 4.918108 | lr 1.00e-04 | (413.59 ms | 12379 tok/s | peak used:  1699 MB | peak reserved:  1760 MB, DP=2, TP=4, SP=4, PP=1)
E20260818 08:17:24.374702 139805547536384 main.cc:520] step    9/10 | train loss 4.958531 | lr 1.00e-04 | (500.52 ms | 10229 tok/s | peak used:  1699 MB | peak reserved:  1760 MB, DP=2, TP=4, SP=4, PP=1)
E20260818 08:17:24.795913 139805547536384 main.cc:520] step   10/10 | train loss 5.019548 | lr 1.00e-04 | (421.15 ms | 12157 tok/s | peak used:  1699 MB | peak reserved:  1760 MB, DP=2, TP=4, SP=4, PP=1)
