[LAST_CMAKE] cmake -DUSE_CUDA=ON -DUSE_NCCL=ON -DBUILD_TEST=ON -DPROFILE_MODE=OFF .. && make -j
[RUN_METADATA] /workspace/Github/InfiniTrain-refactor_mha/scripts/20260723/refactor_mla_ccdf048/logs/run_metadata.log
[RUN_STARTED_AT] 2026-07-23 14:52:59
[GIT_BRANCH] refactor/mla
[GIT_COMMIT] ccdf04852c105d981754b21af99c2a2f6372171a
[GIT_COMMIT_SHORT] ccdf048
[COMMAND] ./gpt2 --input_bin /data1/shared/InfiniTrain-dev/data/llmc/gpt2/tinyshakespeare/tiny_shakespeare_train.bin --llmc_filepath /data1/shared/InfiniTrain-dev/data/llmc/gpt2/gpt2_124M.bin --device cuda --dtype bfloat16 --lora_rank 8 --lora_alpha 16.0 --lora_target_modules c_attn,attn.c_proj --lora_load_path /data1/shared/InfiniTrain-dev/data/llmc/gpt2/gpt2_124M_lora_weights_rank8_alpha16.bin
===== LoRA Model Summary (Rank 0) ======
Total parameters:     163479552
Trainable parameters: 442368 (0.270595%)
Frozen parameters:    163037184
========================================
E20260723 15:18:18.578321 139905134096384 main.cc:521] step    1/10 | train loss 5.336104 | lr 1.00e-04 | (127.47 ms | 2008 tok/s | peak used:  1212 MB | peak reserved:  1248 MB, DP=1, TP=1, SP=1, PP=1)
E20260723 15:18:18.613040 139905134096384 main.cc:521] step    2/10 | train loss 5.133491 | lr 1.00e-04 | (34.17 ms | 7492 tok/s | peak used:  1212 MB | peak reserved:  1280 MB, DP=1, TP=1, SP=1, PP=1)
E20260723 15:18:18.647068 139905134096384 main.cc:521] step    3/10 | train loss 4.878366 | lr 1.00e-04 | (33.98 ms | 7534 tok/s | peak used:  1212 MB | peak reserved:  1280 MB, DP=1, TP=1, SP=1, PP=1)
E20260723 15:18:18.681183 139905134096384 main.cc:521] step    4/10 | train loss 4.995970 | lr 1.00e-04 | (34.07 ms | 7513 tok/s | peak used:  1212 MB | peak reserved:  1312 MB, DP=1, TP=1, SP=1, PP=1)
E20260723 15:18:18.715284 139905134096384 main.cc:521] step    5/10 | train loss 4.894534 | lr 1.00e-04 | (34.06 ms | 7516 tok/s | peak used:  1212 MB | peak reserved:  1312 MB, DP=1, TP=1, SP=1, PP=1)
E20260723 15:18:18.749427 139905134096384 main.cc:521] step    6/10 | train loss 5.190569 | lr 1.00e-04 | (34.10 ms | 7507 tok/s | peak used:  1212 MB | peak reserved:  1344 MB, DP=1, TP=1, SP=1, PP=1)
E20260723 15:18:18.783299 139905134096384 main.cc:521] step    7/10 | train loss 5.033346 | lr 1.00e-04 | (33.83 ms | 7567 tok/s | peak used:  1212 MB | peak reserved:  1344 MB, DP=1, TP=1, SP=1, PP=1)
E20260723 15:18:18.817106 139905134096384 main.cc:521] step    8/10 | train loss 5.270230 | lr 1.00e-04 | (33.77 ms | 7581 tok/s | peak used:  1212 MB | peak reserved:  1344 MB, DP=1, TP=1, SP=1, PP=1)
E20260723 15:18:18.851175 139905134096384 main.cc:521] step    9/10 | train loss 5.311343 | lr 1.00e-04 | (34.03 ms | 7523 tok/s | peak used:  1212 MB | peak reserved:  1376 MB, DP=1, TP=1, SP=1, PP=1)
E20260723 15:18:18.886873 139905134096384 main.cc:521] step   10/10 | train loss 5.564073 | lr 1.00e-04 | (35.66 ms | 7179 tok/s | peak used:  1212 MB | peak reserved:  1408 MB, DP=1, TP=1, SP=1, PP=1)
