[LAST_CMAKE] cmake -DUSE_CUDA=ON -DUSE_NCCL=ON -DBUILD_TEST=ON -DPROFILE_MODE=OFF .. && make -j
[RUN_METADATA] /workspace/Github/InfiniTrain-refactor_mha/scripts/20260723/refactor_mla_ccdf048/logs/run_metadata.log
[RUN_STARTED_AT] 2026-07-23 14:52:59
[GIT_BRANCH] refactor/mla
[GIT_COMMIT] ccdf04852c105d981754b21af99c2a2f6372171a
[GIT_COMMIT_SHORT] ccdf048
[COMMAND] ./gpt2 --input_bin /data1/shared/InfiniTrain-dev/data/llmc/gpt2/tinyshakespeare/tiny_shakespeare_train.bin --llmc_filepath /data1/shared/InfiniTrain-dev/data/llmc/gpt2/gpt2_124M.bin --device cuda --dtype bfloat16 --nthread_per_process 8 --num_iteration 10 --batch_size 10 --total_batch_size 5120 --lora_rank 8 --lora_alpha 16.0 --lora_target_modules c_attn,attn.c_proj --lora_load_path /data1/shared/InfiniTrain-dev/data/llmc/gpt2/gpt2_124M_lora_weights_rank8_alpha16.bin
===== LoRA Model Summary (Rank 6) ======
Total parameters:     163479552
Trainable parameters: 442368 (0.270595%)
Frozen parameters:    163037184
========================================
===== LoRA Model Summary (Rank 7) ======
Total parameters:     163479552
Trainable parameters: 442368 (0.270595%)
Frozen parameters:    163037184
========================================
===== LoRA Model Summary (Rank 5) ======
Total parameters:     163479552
Trainable parameters: 442368 (0.270595%)
Frozen parameters:    163037184
========================================
===== LoRA Model Summary (Rank 3) ======
Total parameters:     163479552
Trainable parameters: 442368 (0.270595%)
Frozen parameters:    163037184
========================================
===== LoRA Model Summary (Rank 1) ======
Total parameters:     163479552
Trainable parameters: 442368 (0.270595%)
Frozen parameters:    163037184
========================================
===== LoRA Model Summary (Rank 0) ======
Total parameters:     163479552
Trainable parameters: 442368 (0.270595%)
Frozen parameters:    163037184
========================================
===== LoRA Model Summary (Rank 2) ======
Total parameters:     163479552
Trainable parameters: 442368 (0.270595%)
Frozen parameters:    163037184
========================================
===== LoRA Model Summary (Rank 4) ======
Total parameters:     163479552
Trainable parameters: 442368 (0.270595%)
Frozen parameters:    163037184
========================================
E20260723 15:20:46.626768 139718909992960 main.cc:521] step    1/10 | train loss 5.213315 | lr 1.00e-04 | (774.14 ms | 6614 tok/s | peak used:  2296 MB | peak reserved:  2432 MB, DP=8, TP=1, SP=1, PP=1)
E20260723 15:20:46.740302 139718909992960 main.cc:521] step    2/10 | train loss 5.137902 | lr 1.00e-04 | (113.12 ms | 45263 tok/s | peak used:  2529 MB | peak reserved:  2720 MB, DP=8, TP=1, SP=1, PP=1)
E20260723 15:20:46.855077 139718909992960 main.cc:521] step    3/10 | train loss 5.068576 | lr 1.00e-04 | (114.71 ms | 44635 tok/s | peak used:  2529 MB | peak reserved:  2784 MB, DP=8, TP=1, SP=1, PP=1)
E20260723 15:20:46.966698 139718909992960 main.cc:521] step    4/10 | train loss 4.765966 | lr 1.00e-04 | (111.57 ms | 45891 tok/s | peak used:  2529 MB | peak reserved:  2816 MB, DP=8, TP=1, SP=1, PP=1)
E20260723 15:20:47.077090 139718909992960 main.cc:521] step    5/10 | train loss 4.891444 | lr 1.00e-04 | (110.33 ms | 46404 tok/s | peak used:  2529 MB | peak reserved:  2880 MB, DP=8, TP=1, SP=1, PP=1)
E20260723 15:20:47.184334 139718909992960 main.cc:521] step    6/10 | train loss 4.874880 | lr 1.00e-04 | (107.19 ms | 47766 tok/s | peak used:  2529 MB | peak reserved:  2944 MB, DP=8, TP=1, SP=1, PP=1)
E20260723 15:20:47.289825 139718909992960 main.cc:521] step    7/10 | train loss 4.963623 | lr 1.00e-04 | (105.43 ms | 48564 tok/s | peak used:  2529 MB | peak reserved:  3008 MB, DP=8, TP=1, SP=1, PP=1)
E20260723 15:20:47.400581 139718909992960 main.cc:521] step    8/10 | train loss 4.914873 | lr 1.00e-04 | (110.70 ms | 46253 tok/s | peak used:  2529 MB | peak reserved:  3040 MB, DP=8, TP=1, SP=1, PP=1)
E20260723 15:20:47.506716 139718909992960 main.cc:521] step    9/10 | train loss 4.958100 | lr 1.00e-04 | (106.08 ms | 48266 tok/s | peak used:  2529 MB | peak reserved:  3104 MB, DP=8, TP=1, SP=1, PP=1)
E20260723 15:20:47.613278 139718909992960 main.cc:521] step   10/10 | train loss 5.022259 | lr 1.00e-04 | (106.50 ms | 48077 tok/s | peak used:  2529 MB | peak reserved:  3168 MB, DP=8, TP=1, SP=1, PP=1)
