[LAST_CMAKE] cmake -DUSE_CUDA=ON -DUSE_NCCL=ON -DBUILD_TEST=ON -DPROFILE_MODE=OFF .. && make -j
[RUN_METADATA] /workspace/Github/InfiniTrain-refactor_mha/scripts/20260723/refactor_mla_ccdf048/logs/run_metadata.log
[RUN_STARTED_AT] 2026-07-23 14:52:59
[GIT_BRANCH] refactor/mla
[GIT_COMMIT] ccdf04852c105d981754b21af99c2a2f6372171a
[GIT_COMMIT_SHORT] ccdf048
[COMMAND] ./gpt2 --input_bin /data1/shared/InfiniTrain-dev/data/llmc/gpt2/tinyshakespeare/tiny_shakespeare_train.bin --llmc_filepath /data1/shared/InfiniTrain-dev/data/llmc/gpt2/gpt2_124M.bin --device cuda --dtype float32 --nthread_per_process 4 --num_iteration 10 --batch_size 10 --total_batch_size 5120 --pipeline_parallel 4 --virtual_pipeline_parallel 2 --lora_rank 4 --lora_alpha 8.0 --lora_target_modules c_attn,c_proj
===== LoRA Model Summary (Rank 2) ======
Total parameters:     21364992
Trainable parameters: 101376 (0.474496%)
Frozen parameters:    21263616
========================================
===== LoRA Model Summary (Rank 1) ======
Total parameters:     21364992
Trainable parameters: 101376 (0.474496%)
Frozen parameters:    21263616
========================================
===== LoRA Model Summary (Rank 0) ======
Total parameters:     60748800
Trainable parameters: 101376 (0.166877%)
Frozen parameters:    60647424
========================================
===== LoRA Model Summary (Rank 3) ======
Total parameters:     59963904
Trainable parameters: 101376 (0.169062%)
Frozen parameters:    59862528
========================================
E20260723 15:24:13.900782 139726694637568 main.cc:521] step    1/10 | train loss 5.219545 | lr 1.00e-04 | (378.39 ms | 13531 tok/s | peak used:  2773 MB | peak reserved:  2912 MB, DP=1, TP=1, SP=1, PP=4)
E20260723 15:24:14.054457 139726694637568 main.cc:521] step    2/10 | train loss 5.143068 | lr 1.00e-04 | (153.23 ms | 33414 tok/s | peak used:  2773 MB | peak reserved:  2976 MB, DP=1, TP=1, SP=1, PP=4)
E20260723 15:24:14.197258 139726694637568 main.cc:521] step    3/10 | train loss 5.074584 | lr 1.00e-04 | (142.74 ms | 35869 tok/s | peak used:  2773 MB | peak reserved:  3072 MB, DP=1, TP=1, SP=1, PP=4)
E20260723 15:24:14.334652 139726694637568 main.cc:521] step    4/10 | train loss 4.774490 | lr 1.00e-04 | (137.34 ms | 37279 tok/s | peak used:  2773 MB | peak reserved:  3136 MB, DP=1, TP=1, SP=1, PP=4)
E20260723 15:24:14.476396 139726694637568 main.cc:521] step    5/10 | train loss 4.900574 | lr 1.00e-04 | (141.70 ms | 36134 tok/s | peak used:  2773 MB | peak reserved:  3200 MB, DP=1, TP=1, SP=1, PP=4)
E20260723 15:24:14.621804 139726694637568 main.cc:521] step    6/10 | train loss 4.886542 | lr 1.00e-04 | (145.36 ms | 35224 tok/s | peak used:  2773 MB | peak reserved:  3232 MB, DP=1, TP=1, SP=1, PP=4)
E20260723 15:24:14.761839 139726694637568 main.cc:521] step    7/10 | train loss 4.977936 | lr 1.00e-04 | (139.99 ms | 36575 tok/s | peak used:  2773 MB | peak reserved:  3264 MB, DP=1, TP=1, SP=1, PP=4)
E20260723 15:24:14.903414 139726694637568 main.cc:521] step    8/10 | train loss 4.925616 | lr 1.00e-04 | (141.52 ms | 36178 tok/s | peak used:  2773 MB | peak reserved:  3360 MB, DP=1, TP=1, SP=1, PP=4)
E20260723 15:24:15.043769 139726694637568 main.cc:521] step    9/10 | train loss 4.957046 | lr 1.00e-04 | (140.30 ms | 36492 tok/s | peak used:  2773 MB | peak reserved:  3360 MB, DP=1, TP=1, SP=1, PP=4)
E20260723 15:24:15.185099 139726694637568 main.cc:521] step   10/10 | train loss 5.033356 | lr 1.00e-04 | (141.28 ms | 36239 tok/s | peak used:  2773 MB | peak reserved:  3392 MB, DP=1, TP=1, SP=1, PP=4)
