[LAST_CMAKE] cmake -DUSE_CUDA=ON -DUSE_NCCL=ON -DBUILD_TEST=ON -DPROFILE_MODE=OFF .. && make -j
[RUN_METADATA] /workspace/Github/InfiniTrain-refactor_mha/scripts/20260723/refactor_mla_ccdf048/logs/run_metadata.log
[RUN_STARTED_AT] 2026-07-23 14:52:59
[GIT_BRANCH] refactor/mla
[GIT_COMMIT] ccdf04852c105d981754b21af99c2a2f6372171a
[GIT_COMMIT_SHORT] ccdf048
[COMMAND] ./gpt2 --input_bin /data1/shared/InfiniTrain-dev/data/llmc/gpt2/tinyshakespeare/tiny_shakespeare_train.bin --llmc_filepath /data1/shared/InfiniTrain-dev/data/llmc/gpt2/gpt2_124M.bin --device cuda --dtype bfloat16 --num_iteration 10 --batch_size 80 --total_batch_size 5120 --lora_rank 8 --lora_alpha 16.0 --lora_target_modules c_attn,attn.c_proj --lora_load_path /data1/shared/InfiniTrain-dev/data/llmc/gpt2/gpt2_124M_lora_weights_rank8_alpha16.bin
===== LoRA Model Summary (Rank 0) ======
Total parameters:     163479552
Trainable parameters: 442368 (0.270595%)
Frozen parameters:    163037184
========================================
E20260723 15:19:24.203140 140694269128704 main.cc:521] step    1/10 | train loss 5.213314 | lr 1.00e-04 | (185.65 ms | 27579 tok/s | peak used:  7051 MB | peak reserved:  7392 MB, DP=1, TP=1, SP=1, PP=1)
E20260723 15:19:24.327172 140694269128704 main.cc:521] step    2/10 | train loss 5.136970 | lr 1.00e-04 | (123.53 ms | 41448 tok/s | peak used:  7051 MB | peak reserved:  7520 MB, DP=1, TP=1, SP=1, PP=1)
E20260723 15:19:24.452726 140694269128704 main.cc:521] step    3/10 | train loss 5.070889 | lr 1.00e-04 | (125.51 ms | 40794 tok/s | peak used:  7051 MB | peak reserved:  7712 MB, DP=1, TP=1, SP=1, PP=1)
E20260723 15:19:24.563477 140694269128704 main.cc:521] step    4/10 | train loss 4.766762 | lr 1.00e-04 | (110.71 ms | 46247 tok/s | peak used:  7051 MB | peak reserved:  7904 MB, DP=1, TP=1, SP=1, PP=1)
E20260723 15:19:24.674237 140694269128704 main.cc:521] step    5/10 | train loss 4.895355 | lr 1.00e-04 | (110.72 ms | 46242 tok/s | peak used:  7051 MB | peak reserved:  8032 MB, DP=1, TP=1, SP=1, PP=1)
E20260723 15:19:24.785406 140694269128704 main.cc:521] step    6/10 | train loss 4.878216 | lr 1.00e-04 | (111.13 ms | 46071 tok/s | peak used:  7051 MB | peak reserved:  8160 MB, DP=1, TP=1, SP=1, PP=1)
E20260723 15:19:24.896232 140694269128704 main.cc:521] step    7/10 | train loss 4.965067 | lr 1.00e-04 | (110.79 ms | 46214 tok/s | peak used:  7051 MB | peak reserved:  8320 MB, DP=1, TP=1, SP=1, PP=1)
E20260723 15:19:25.006869 140694269128704 main.cc:521] step    8/10 | train loss 4.912554 | lr 1.00e-04 | (110.60 ms | 46293 tok/s | peak used:  7051 MB | peak reserved:  8448 MB, DP=1, TP=1, SP=1, PP=1)
E20260723 15:19:25.128707 140694269128704 main.cc:521] step    9/10 | train loss 4.956121 | lr 1.00e-04 | (121.80 ms | 42036 tok/s | peak used:  7051 MB | peak reserved:  8480 MB, DP=1, TP=1, SP=1, PP=1)
E20260723 15:19:25.239671 140694269128704 main.cc:521] step   10/10 | train loss 5.024151 | lr 1.00e-04 | (110.92 ms | 46157 tok/s | peak used:  7051 MB | peak reserved:  8480 MB, DP=1, TP=1, SP=1, PP=1)
