[LAST_CMAKE] cmake -DUSE_CUDA=ON -DUSE_NCCL=ON -DBUILD_TEST=OFF -DPROFILE_MODE=ON .. && make -j
[RUN_METADATA] /home/chenxi/InfiniTrain/scripts/20260722/lora_ddp_loss_4587641/logs/run_metadata.log
[RUN_STARTED_AT] 2026-07-22 07:35:35
[GIT_BRANCH] lora_ddp_loss
[GIT_COMMIT] 4587641eac29482b9f3e0d1a58f250bbf932082c
[GIT_COMMIT_SHORT] 4587641
[COMMAND] ./gpt2 --input_bin /data1/shared/InfiniTrain-dev/data/llmc/gpt2/tinyshakespeare/tiny_shakespeare_train.bin --llmc_filepath /data1/shared/InfiniTrain-dev/data/llmc/gpt2/gpt2_124M.bin --device cuda --dtype float32 --num_iteration 10 --batch_size 80 --total_batch_size 5120 --lora_rank 8 --lora_alpha 16.0 --lora_target_modules c_attn,attn.c_proj --lora_load_path /data1/shared/InfiniTrain-dev/data/llmc/gpt2/gpt2_124M_lora_weights_rank8_alpha16.bin
===== LoRA Model Summary (Rank 0) ======
Total parameters:     163479552
Trainable parameters: 442368 (0.270595%)
Frozen parameters:    163037184
========================================
E20260722 08:50:52.810505 140410426986496 main.cc:521] step    1/10 | train loss 5.219541 | lr 1.00e-04 | (753.31 ms | 6797 tok/s | peak used:  6974 MB | peak reserved:  7168 MB, DP=1, TP=1, SP=1, PP=1)
E20260722 08:50:53.515561 140410426986496 main.cc:521] step    2/10 | train loss 5.143069 | lr 1.00e-04 | (704.75 ms | 7265 tok/s | peak used:  6974 MB | peak reserved:  7168 MB, DP=1, TP=1, SP=1, PP=1)
E20260722 08:50:54.248211 140410426986496 main.cc:521] step    3/10 | train loss 5.074582 | lr 1.00e-04 | (732.59 ms | 6989 tok/s | peak used:  6974 MB | peak reserved:  7136 MB, DP=1, TP=1, SP=1, PP=1)
E20260722 08:50:54.888895 140410426986496 main.cc:521] step    4/10 | train loss 4.774477 | lr 1.00e-04 | (640.62 ms | 7992 tok/s | peak used:  6974 MB | peak reserved:  7136 MB, DP=1, TP=1, SP=1, PP=1)
E20260722 08:50:55.566378 140410426986496 main.cc:521] step    5/10 | train loss 4.900558 | lr 1.00e-04 | (677.42 ms | 7558 tok/s | peak used:  6974 MB | peak reserved:  7072 MB, DP=1, TP=1, SP=1, PP=1)
E20260722 08:50:56.293344 140410426986496 main.cc:521] step    6/10 | train loss 4.886520 | lr 1.00e-04 | (726.92 ms | 7043 tok/s | peak used:  6974 MB | peak reserved:  7072 MB, DP=1, TP=1, SP=1, PP=1)
E20260722 08:50:56.933338 140410426986496 main.cc:521] step    7/10 | train loss 4.977930 | lr 1.00e-04 | (639.92 ms | 8001 tok/s | peak used:  6974 MB | peak reserved:  7168 MB, DP=1, TP=1, SP=1, PP=1)
E20260722 08:50:57.652157 140410426986496 main.cc:521] step    8/10 | train loss 4.925591 | lr 1.00e-04 | (718.75 ms | 7123 tok/s | peak used:  6974 MB | peak reserved:  7168 MB, DP=1, TP=1, SP=1, PP=1)
E20260722 08:50:58.303574 140410426986496 main.cc:521] step    9/10 | train loss 4.957021 | lr 1.00e-04 | (651.37 ms | 7860 tok/s | peak used:  6974 MB | peak reserved:  7168 MB, DP=1, TP=1, SP=1, PP=1)
E20260722 08:50:59.004143 140410426986496 main.cc:521] step   10/10 | train loss 5.033315 | lr 1.00e-04 | (700.52 ms | 7309 tok/s | peak used:  6974 MB | peak reserved:  7168 MB, DP=1, TP=1, SP=1, PP=1)
