[LAST_CMAKE] cmake -DUSE_CUDA=ON -DUSE_NCCL=ON -DBUILD_TEST=ON -DPROFILE_MODE=OFF .. && make -j
[RUN_METADATA] /home/chenxi/InfiniTrain/scripts/20260722/lora_ddp_loss_4587641/logs/run_metadata.log
[RUN_STARTED_AT] 2026-07-22 07:35:35
[GIT_BRANCH] lora_ddp_loss
[GIT_COMMIT] 4587641eac29482b9f3e0d1a58f250bbf932082c
[GIT_COMMIT_SHORT] 4587641
[COMMAND] ./gpt2 --input_bin /data1/shared/InfiniTrain-dev/data/llmc/gpt2/tinyshakespeare/tiny_shakespeare_train.bin --llmc_filepath /data1/shared/InfiniTrain-dev/data/llmc/gpt2/gpt2_124M.bin --device cuda --dtype bfloat16 --nthread_per_process 8 --num_iteration 10 --batch_size 10 --total_batch_size 5120 --pipeline_parallel 8 --lora_rank 16 --lora_alpha 32.0 --lora_target_modules c_attn,attn.c_proj,c_fc
===== LoRA Model Summary (Rank 4) ======
Total parameters:     7223040
Trainable parameters: 135168 (1.87135%)
Frozen parameters:    7087872
========================================
===== LoRA Model Summary (Rank 6) ======
Total parameters:     7223040
Trainable parameters: 135168 (1.87135%)
Frozen parameters:    7087872
========================================
===== LoRA Model Summary (Rank 5) ======
Total parameters:     7223040
Trainable parameters: 135168 (1.87135%)
Frozen parameters:    7087872
========================================
===== LoRA Model Summary (Rank 3) ======
Total parameters:     14446080
Trainable parameters: 270336 (1.87135%)
Frozen parameters:    14175744
========================================
===== LoRA Model Summary (Rank 2) ======
Total parameters:     14446080
Trainable parameters: 270336 (1.87135%)
Frozen parameters:    14175744
========================================
===== LoRA Model Summary (Rank 1) ======
Total parameters:     14446080
Trainable parameters: 270336 (1.87135%)
Frozen parameters:    14175744
========================================
===== LoRA Model Summary (Rank 0) ======
Total parameters:     53829888
Trainable parameters: 270336 (0.502204%)
Frozen parameters:    53559552
========================================
===== LoRA Model Summary (Rank 7) ======
Total parameters:     45821952
Trainable parameters: 135168 (0.294985%)
Frozen parameters:    45686784
========================================
E20260722 08:04:41.159248 140333023207424 main.cc:521] step    1/10 | train loss 5.213315 | lr 1.00e-04 | (756.25 ms | 6770 tok/s | peak used:  1922 MB | peak reserved:  2016 MB, DP=1, TP=1, SP=1, PP=8)
E20260722 08:04:41.621386 140333023207424 main.cc:521] step    2/10 | train loss 5.139051 | lr 1.00e-04 | (461.73 ms | 11089 tok/s | peak used:  1922 MB | peak reserved:  2080 MB, DP=1, TP=1, SP=1, PP=8)
E20260722 08:04:41.729729 140333023207424 main.cc:521] step    3/10 | train loss 5.074515 | lr 1.00e-04 | (108.23 ms | 47308 tok/s | peak used:  1922 MB | peak reserved:  2144 MB, DP=1, TP=1, SP=1, PP=8)
E20260722 08:04:41.831259 140333023207424 main.cc:521] step    4/10 | train loss 4.769182 | lr 1.00e-04 | (101.35 ms | 50516 tok/s | peak used:  1922 MB | peak reserved:  2176 MB, DP=1, TP=1, SP=1, PP=8)
E20260722 08:04:41.942307 140333023207424 main.cc:521] step    5/10 | train loss 4.900626 | lr 1.00e-04 | (110.98 ms | 46135 tok/s | peak used:  1922 MB | peak reserved:  2240 MB, DP=1, TP=1, SP=1, PP=8)
E20260722 08:04:42.038987 140333023207424 main.cc:521] step    6/10 | train loss 4.871102 | lr 1.00e-04 | (96.63 ms | 52988 tok/s | peak used:  1922 MB | peak reserved:  2304 MB, DP=1, TP=1, SP=1, PP=8)
E20260722 08:04:42.145339 140333023207424 main.cc:521] step    7/10 | train loss 4.968181 | lr 1.00e-04 | (106.29 ms | 48171 tok/s | peak used:  1922 MB | peak reserved:  2368 MB, DP=1, TP=1, SP=1, PP=8)
E20260722 08:04:42.245050 140333023207424 main.cc:521] step    8/10 | train loss 4.922708 | lr 1.00e-04 | (99.64 ms | 51383 tok/s | peak used:  1922 MB | peak reserved:  2432 MB, DP=1, TP=1, SP=1, PP=8)
E20260722 08:04:42.346962 140333023207424 main.cc:521] step    9/10 | train loss 4.960930 | lr 1.00e-04 | (101.85 ms | 50271 tok/s | peak used:  1922 MB | peak reserved:  2464 MB, DP=1, TP=1, SP=1, PP=8)
E20260722 08:04:42.438633 140333023207424 main.cc:521] step   10/10 | train loss 5.024294 | lr 1.00e-04 | (91.51 ms | 55951 tok/s | peak used:  1922 MB | peak reserved:  2528 MB, DP=1, TP=1, SP=1, PP=8)
