[LAST_CMAKE] cmake -DUSE_CUDA=OFF -DUSE_MACA=ON -DUSE_NCCL=OFF -DUSE_MCCL=ON -DCMAKE_HAVE_LIBC_PTHREAD=ON -DCMAKE_THREAD_LIBS_INIT=-lpthread -DBUILD_TEST=OFF -DPROFILE_MODE=OFF .. && make -j
[RUN_METADATA] /home/chenxi/InfiniTrain/scripts/20260731/perf_muxi_device_registry_0347fa4/logs/run_metadata.log
[RUN_STARTED_AT] 2026-07-31 07:49:34
[GIT_BRANCH] perf/muxi_device_registry
[GIT_COMMIT] 0347fa408a0ae713f06e1d38960ec857b534c4c6
[GIT_COMMIT_SHORT] 0347fa4
[COMMAND] ./gpt2 --input_bin /nfs/InfiniTrain-dev/data/llmc/gpt2/tinyshakespeare/tiny_shakespeare_train.bin --llmc_filepath /nfs/InfiniTrain-dev/data/llmc/gpt2/gpt2_124M.bin --device maca --dtype bfloat16 --nthread_per_process 8 --num_iteration 10 --batch_size 40 --total_batch_size 5120 --tensor_parallel 4 --lora_rank 16 --lora_alpha 32.0 --lora_target_modules c_attn,c_fc,c_proj
===== LoRA Model Summary (Rank 3) ======
Total parameters:     42441984
Trainable parameters: 1032192 (2.43201%)
Frozen parameters:    41409792
========================================
===== LoRA Model Summary (Rank 2) ======
Total parameters:     42441984
Trainable parameters: 1032192 (2.43201%)
Frozen parameters:    41409792
========================================
===== LoRA Model Summary (Rank 6) ======
Total parameters:     42441984
Trainable parameters: 1032192 (2.43201%)
Frozen parameters:    41409792
========================================
===== LoRA Model Summary (Rank 1) ======
Total parameters:     42441984
Trainable parameters: 1032192 (2.43201%)
Frozen parameters:    41409792
========================================
===== LoRA Model Summary (Rank 5) ======
Total parameters:     42441984
Trainable parameters: 1032192 (2.43201%)
Frozen parameters:    41409792
========================================
===== LoRA Model Summary (Rank 7) ======
Total parameters:     42441984
Trainable parameters: 1032192 (2.43201%)
Frozen parameters:    41409792
========================================
===== LoRA Model Summary (Rank 0) ======
Total parameters:     42441984
Trainable parameters: 1032192 (2.43201%)
Frozen parameters:    41409792
========================================
===== LoRA Model Summary (Rank 4) ======
Total parameters:     42441984
Trainable parameters: 1032192 (2.43201%)
Frozen parameters:    41409792
========================================
E20260731 08:12:06.243405 135266027177664 main.cc:536] step    1/10 | train loss 5.206930 | lr 1.00e-04 | (6455.90 ms | 793 tok/s | peak used:  1640 MB | peak reserved:  3008 MB, DP=2, TP=4, SP=1, PP=1)
E20260731 08:12:06.491365 135266027177664 main.cc:536] step    2/10 | train loss 5.141209 | lr 1.00e-04 | (247.55 ms | 20683 tok/s | peak used:  1640 MB | peak reserved:  3008 MB, DP=2, TP=4, SP=1, PP=1)
E20260731 08:12:06.725609 135266027177664 main.cc:536] step    3/10 | train loss 5.071179 | lr 1.00e-04 | (234.18 ms | 21863 tok/s | peak used:  1640 MB | peak reserved:  3008 MB, DP=2, TP=4, SP=1, PP=1)
E20260731 08:12:06.956823 135266027177664 main.cc:536] step    4/10 | train loss 4.766904 | lr 1.00e-04 | (231.12 ms | 22153 tok/s | peak used:  1640 MB | peak reserved:  3008 MB, DP=2, TP=4, SP=1, PP=1)
E20260731 08:12:07.198339 135266027177664 main.cc:536] step    5/10 | train loss 4.894685 | lr 1.00e-04 | (241.45 ms | 21205 tok/s | peak used:  1640 MB | peak reserved:  3008 MB, DP=2, TP=4, SP=1, PP=1)
E20260731 08:12:07.431118 135266027177664 main.cc:536] step    6/10 | train loss 4.875141 | lr 1.00e-04 | (232.73 ms | 22000 tok/s | peak used:  1640 MB | peak reserved:  3008 MB, DP=2, TP=4, SP=1, PP=1)
E20260731 08:12:07.662076 135266027177664 main.cc:536] step    7/10 | train loss 4.964307 | lr 1.00e-04 | (230.89 ms | 22175 tok/s | peak used:  1640 MB | peak reserved:  3008 MB, DP=2, TP=4, SP=1, PP=1)
E20260731 08:12:07.892634 135266027177664 main.cc:536] step    8/10 | train loss 4.919309 | lr 1.00e-04 | (230.40 ms | 22222 tok/s | peak used:  1640 MB | peak reserved:  3008 MB, DP=2, TP=4, SP=1, PP=1)
E20260731 08:12:08.118428 135266027177664 main.cc:536] step    9/10 | train loss 4.953316 | lr 1.00e-04 | (225.66 ms | 22689 tok/s | peak used:  1640 MB | peak reserved:  3008 MB, DP=2, TP=4, SP=1, PP=1)
E20260731 08:12:08.347656 135266027177664 main.cc:536] step   10/10 | train loss 5.024632 | lr 1.00e-04 | (229.16 ms | 22343 tok/s | peak used:  1640 MB | peak reserved:  3008 MB, DP=2, TP=4, SP=1, PP=1)
