[LAST_CMAKE] cmake -DUSE_CUDA=OFF -DUSE_MACA=ON -DUSE_NCCL=OFF -DUSE_MCCL=ON -DCMAKE_HAVE_LIBC_PTHREAD=ON -DCMAKE_THREAD_LIBS_INIT=-lpthread -DBUILD_TEST=OFF -DPROFILE_MODE=OFF .. && make -j
[RUN_METADATA] /home/chenxi/InfiniTrain/scripts/20260731/perf_muxi_device_registry_0347fa4/logs/run_metadata.log
[RUN_STARTED_AT] 2026-07-31 07:49:34
[GIT_BRANCH] perf/muxi_device_registry
[GIT_COMMIT] 0347fa408a0ae713f06e1d38960ec857b534c4c6
[GIT_COMMIT_SHORT] 0347fa4
[COMMAND] ./gpt2 --input_bin /nfs/InfiniTrain-dev/data/llmc/gpt2/tinyshakespeare/tiny_shakespeare_train.bin --llmc_filepath /nfs/InfiniTrain-dev/data/llmc/gpt2/gpt2_124M.bin --device maca --dtype float32 --nthread_per_process 8 --num_iteration 10 --batch_size 10 --total_batch_size 5120 --allreduce_chunk_size_mb 128 --lora_rank 8 --lora_alpha 16.0 --lora_target_modules c_attn,attn.c_proj
===== LoRA Model Summary (Rank 6) ======
Total parameters:     163479552
Trainable parameters: 442368 (0.270595%)
Frozen parameters:    163037184
========================================
===== LoRA Model Summary (Rank 3) ======
Total parameters:     163479552
Trainable parameters: 442368 (0.270595%)
Frozen parameters:    163037184
========================================
===== LoRA Model Summary (Rank 1) ======
Total parameters:     163479552
Trainable parameters: 442368 (0.270595%)
Frozen parameters:    163037184
========================================
===== LoRA Model Summary (Rank 0) ======
Total parameters:     163479552
Trainable parameters: 442368 (0.270595%)
Frozen parameters:    163037184
========================================
===== LoRA Model Summary (Rank 5) ======
Total parameters:     163479552
Trainable parameters: 442368 (0.270595%)
Frozen parameters:    163037184
========================================
===== LoRA Model Summary (Rank 7) ======
Total parameters:     163479552
Trainable parameters: 442368 (0.270595%)
Frozen parameters:    163037184
========================================
===== LoRA Model Summary (Rank 4) ======
Total parameters:     163479552
Trainable parameters: 442368 (0.270595%)
Frozen parameters:    163037184
========================================
===== LoRA Model Summary (Rank 2) ======
Total parameters:     163479552
Trainable parameters: 442368 (0.270595%)
Frozen parameters:    163037184
========================================
E20260731 08:09:19.622416 132638375413440 main.cc:536] step    1/10 | train loss 5.219545 | lr 1.00e-04 | (990.97 ms | 5167 tok/s | peak used:  1461 MB | peak reserved:  1942 MB, DP=8, TP=1, SP=1, PP=1)
E20260731 08:09:19.740120 132638375413440 main.cc:536] step    2/10 | train loss 5.143064 | lr 1.00e-04 | (117.34 ms | 43635 tok/s | peak used:  1461 MB | peak reserved:  1942 MB, DP=8, TP=1, SP=1, PP=1)
E20260731 08:09:19.854784 132638375413440 main.cc:536] step    3/10 | train loss 5.074577 | lr 1.00e-04 | (114.59 ms | 44679 tok/s | peak used:  1461 MB | peak reserved:  1942 MB, DP=8, TP=1, SP=1, PP=1)
E20260731 08:09:19.969019 132638375413440 main.cc:536] step    4/10 | train loss 4.774478 | lr 1.00e-04 | (114.17 ms | 44846 tok/s | peak used:  1461 MB | peak reserved:  1942 MB, DP=8, TP=1, SP=1, PP=1)
E20260731 08:09:20.082759 132638375413440 main.cc:536] step    5/10 | train loss 4.900558 | lr 1.00e-04 | (113.68 ms | 45040 tok/s | peak used:  1461 MB | peak reserved:  1942 MB, DP=8, TP=1, SP=1, PP=1)
E20260731 08:09:20.196235 132638375413440 main.cc:536] step    6/10 | train loss 4.886524 | lr 1.00e-04 | (113.42 ms | 45140 tok/s | peak used:  1461 MB | peak reserved:  1942 MB, DP=8, TP=1, SP=1, PP=1)
E20260731 08:09:20.310992 132638375413440 main.cc:536] step    7/10 | train loss 4.977912 | lr 1.00e-04 | (114.69 ms | 44643 tok/s | peak used:  1461 MB | peak reserved:  1942 MB, DP=8, TP=1, SP=1, PP=1)
E20260731 08:09:20.425625 132638375413440 main.cc:536] step    8/10 | train loss 4.925582 | lr 1.00e-04 | (114.57 ms | 44690 tok/s | peak used:  1461 MB | peak reserved:  1942 MB, DP=8, TP=1, SP=1, PP=1)
E20260731 08:09:20.538529 132638375413440 main.cc:536] step    9/10 | train loss 4.957018 | lr 1.00e-04 | (112.84 ms | 45374 tok/s | peak used:  1461 MB | peak reserved:  1942 MB, DP=8, TP=1, SP=1, PP=1)
E20260731 08:09:20.653171 132638375413440 main.cc:536] step   10/10 | train loss 5.033316 | lr 1.00e-04 | (114.58 ms | 44686 tok/s | peak used:  1461 MB | peak reserved:  1942 MB, DP=8, TP=1, SP=1, PP=1)
