[LAST_CMAKE] cmake -DUSE_CUDA=OFF -DUSE_MACA=ON -DUSE_NCCL=OFF -DUSE_MCCL=ON -DCMAKE_HAVE_LIBC_PTHREAD=ON -DCMAKE_THREAD_LIBS_INIT=-lpthread -DBUILD_TEST=OFF -DPROFILE_MODE=OFF .. && make -j
[RUN_METADATA] /home/chenxi/InfiniTrain/scripts/20260731/perf_muxi_device_registry_0347fa4/logs/run_metadata.log
[RUN_STARTED_AT] 2026-07-31 07:49:34
[GIT_BRANCH] perf/muxi_device_registry
[GIT_COMMIT] 0347fa408a0ae713f06e1d38960ec857b534c4c6
[GIT_COMMIT_SHORT] 0347fa4
[COMMAND] ./gpt2 --input_bin /nfs/InfiniTrain-dev/data/llmc/gpt2/tinyshakespeare/tiny_shakespeare_train.bin --llmc_filepath /nfs/InfiniTrain-dev/data/llmc/gpt2/gpt2_124M.bin --device maca --dtype float32 --num_iteration 10 --batch_size 80 --total_batch_size 5120 --lora_rank 8 --lora_alpha 16.0 --lora_target_modules c_attn,attn.c_proj
===== LoRA Model Summary (Rank 0) ======
Total parameters:     163479552
Trainable parameters: 442368 (0.270595%)
Frozen parameters:    163037184
========================================
E20260731 08:07:54.506435 139948131956864 main.cc:536] step    1/10 | train loss 5.219543 | lr 1.00e-04 | (1133.68 ms | 4516 tok/s | peak used:  6974 MB | peak reserved:  9957 MB, DP=1, TP=1, SP=1, PP=1)
E20260731 08:07:54.872412 139948131956864 main.cc:536] step    2/10 | train loss 5.143070 | lr 1.00e-04 | (365.63 ms | 14003 tok/s | peak used:  6974 MB | peak reserved:  9957 MB, DP=1, TP=1, SP=1, PP=1)
E20260731 08:07:55.237017 139948131956864 main.cc:536] step    3/10 | train loss 5.074584 | lr 1.00e-04 | (364.55 ms | 14045 tok/s | peak used:  6974 MB | peak reserved:  9957 MB, DP=1, TP=1, SP=1, PP=1)
E20260731 08:07:55.601129 139948131956864 main.cc:536] step    4/10 | train loss 4.774478 | lr 1.00e-04 | (364.06 ms | 14064 tok/s | peak used:  6974 MB | peak reserved:  9957 MB, DP=1, TP=1, SP=1, PP=1)
E20260731 08:07:55.965774 139948131956864 main.cc:536] step    5/10 | train loss 4.900558 | lr 1.00e-04 | (364.60 ms | 14043 tok/s | peak used:  6974 MB | peak reserved:  9957 MB, DP=1, TP=1, SP=1, PP=1)
E20260731 08:07:56.331219 139948131956864 main.cc:536] step    6/10 | train loss 4.886518 | lr 1.00e-04 | (365.40 ms | 14012 tok/s | peak used:  6974 MB | peak reserved:  9957 MB, DP=1, TP=1, SP=1, PP=1)
E20260731 08:07:56.696000 139948131956864 main.cc:536] step    7/10 | train loss 4.977921 | lr 1.00e-04 | (364.73 ms | 14038 tok/s | peak used:  6974 MB | peak reserved:  9957 MB, DP=1, TP=1, SP=1, PP=1)
E20260731 08:07:57.060913 139948131956864 main.cc:536] step    8/10 | train loss 4.925588 | lr 1.00e-04 | (364.86 ms | 14033 tok/s | peak used:  6974 MB | peak reserved:  9957 MB, DP=1, TP=1, SP=1, PP=1)
E20260731 08:07:57.426533 139948131956864 main.cc:536] step    9/10 | train loss 4.957015 | lr 1.00e-04 | (365.57 ms | 14005 tok/s | peak used:  6974 MB | peak reserved:  9957 MB, DP=1, TP=1, SP=1, PP=1)
E20260731 08:07:57.790997 139948131956864 main.cc:536] step   10/10 | train loss 5.033311 | lr 1.00e-04 | (364.42 ms | 14050 tok/s | peak used:  6974 MB | peak reserved:  9957 MB, DP=1, TP=1, SP=1, PP=1)
