[LAST_CMAKE] cmake -DUSE_CUDA=OFF -DUSE_MACA=ON -DUSE_NCCL=OFF -DUSE_MCCL=ON -DCMAKE_HAVE_LIBC_PTHREAD=ON -DCMAKE_THREAD_LIBS_INIT=-lpthread -DBUILD_TEST=OFF -DPROFILE_MODE=ON .. && make -j
[RUN_METADATA] /home/chenxi/InfiniTrain/scripts/20260731/perf_muxi_device_registry_0347fa4/logs/run_metadata.log
[RUN_STARTED_AT] 2026-07-31 07:49:34
[GIT_BRANCH] perf/muxi_device_registry
[GIT_COMMIT] 0347fa408a0ae713f06e1d38960ec857b534c4c6
[GIT_COMMIT_SHORT] 0347fa4
[COMMAND] ./gpt2 --input_bin /nfs/InfiniTrain-dev/data/llmc/gpt2/tinyshakespeare/tiny_shakespeare_train.bin --llmc_filepath /nfs/InfiniTrain-dev/data/llmc/gpt2/gpt2_124M.bin --device maca --dtype bfloat16 --nthread_per_process 8 --num_iteration 10 --batch_size 40 --total_batch_size 5120 --tensor_parallel 4 --lora_rank 16 --lora_alpha 32.0 --lora_target_modules c_attn,c_fc,c_proj
===== LoRA Model Summary (Rank 2) ======
Total parameters:     42441984
Trainable parameters: 1032192 (2.43201%)
Frozen parameters:    41409792
========================================
===== LoRA Model Summary (Rank 6) ======
Total parameters:     42441984
Trainable parameters: 1032192 (2.43201%)
Frozen parameters:    41409792
========================================
===== LoRA Model Summary (Rank 7) ======
Total parameters:     42441984
Trainable parameters: 1032192 (2.43201%)
Frozen parameters:    41409792
========================================
===== LoRA Model Summary (Rank 4) ======
Total parameters:     42441984
Trainable parameters: 1032192 (2.43201%)
Frozen parameters:    41409792
========================================
===== LoRA Model Summary (Rank 0) ======
Total parameters:     42441984
Trainable parameters: 1032192 (2.43201%)
Frozen parameters:    41409792
========================================
===== LoRA Model Summary (Rank 3) ======
Total parameters:     42441984
Trainable parameters: 1032192 (2.43201%)
Frozen parameters:    41409792
========================================
===== LoRA Model Summary (Rank 1) ======
Total parameters:     42441984
Trainable parameters: 1032192 (2.43201%)
Frozen parameters:    41409792
========================================
===== LoRA Model Summary (Rank 5) ======
Total parameters:     42441984
Trainable parameters: 1032192 (2.43201%)
Frozen parameters:    41409792
========================================
E20260731 08:42:12.450361 124621149963968 main.cc:536] step    1/10 | train loss 5.206930 | lr 1.00e-04 | (6275.42 ms | 816 tok/s | peak used:  1640 MB | peak reserved:  3008 MB, DP=2, TP=4, SP=1, PP=1)
E20260731 08:42:12.781546 124621149963968 main.cc:536] step    2/10 | train loss 5.141209 | lr 1.00e-04 | (330.81 ms | 15477 tok/s | peak used:  1640 MB | peak reserved:  3008 MB, DP=2, TP=4, SP=1, PP=1)
E20260731 08:42:13.109825 124621149963968 main.cc:536] step    3/10 | train loss 5.071179 | lr 1.00e-04 | (328.22 ms | 15599 tok/s | peak used:  1640 MB | peak reserved:  3008 MB, DP=2, TP=4, SP=1, PP=1)
E20260731 08:42:13.431325 124621149963968 main.cc:536] step    4/10 | train loss 4.766904 | lr 1.00e-04 | (321.45 ms | 15928 tok/s | peak used:  1640 MB | peak reserved:  3008 MB, DP=2, TP=4, SP=1, PP=1)
E20260731 08:42:13.763099 124621149963968 main.cc:536] step    5/10 | train loss 4.894685 | lr 1.00e-04 | (331.72 ms | 15435 tok/s | peak used:  1640 MB | peak reserved:  3008 MB, DP=2, TP=4, SP=1, PP=1)
E20260731 08:42:14.084717 124621149963968 main.cc:536] step    6/10 | train loss 4.875141 | lr 1.00e-04 | (321.56 ms | 15923 tok/s | peak used:  1640 MB | peak reserved:  3008 MB, DP=2, TP=4, SP=1, PP=1)
E20260731 08:42:14.403661 124621149963968 main.cc:536] step    7/10 | train loss 4.964307 | lr 1.00e-04 | (318.89 ms | 16056 tok/s | peak used:  1640 MB | peak reserved:  3008 MB, DP=2, TP=4, SP=1, PP=1)
E20260731 08:42:14.725946 124621149963968 main.cc:536] step    8/10 | train loss 4.919309 | lr 1.00e-04 | (322.23 ms | 15889 tok/s | peak used:  1640 MB | peak reserved:  3008 MB, DP=2, TP=4, SP=1, PP=1)
E20260731 08:42:15.047527 124621149963968 main.cc:536] step    9/10 | train loss 4.953316 | lr 1.00e-04 | (321.53 ms | 15924 tok/s | peak used:  1640 MB | peak reserved:  3008 MB, DP=2, TP=4, SP=1, PP=1)
E20260731 08:42:15.651701 124621149963968 main.cc:536] step   10/10 | train loss 5.024632 | lr 1.00e-04 | (604.11 ms | 8475 tok/s | peak used:  1640 MB | peak reserved:  3008 MB, DP=2, TP=4, SP=1, PP=1)
