[LAST_CMAKE] cmake -DUSE_CUDA=OFF -DUSE_MACA=ON -DUSE_NCCL=OFF -DUSE_MCCL=ON -DCMAKE_HAVE_LIBC_PTHREAD=ON -DCMAKE_THREAD_LIBS_INIT=-lpthread -DBUILD_TEST=OFF -DPROFILE_MODE=ON .. && make -j
[RUN_METADATA] /home/chenxi/InfiniTrain/scripts/20260731/perf_muxi_device_registry_0347fa4/logs/run_metadata.log
[RUN_STARTED_AT] 2026-07-31 07:49:34
[GIT_BRANCH] perf/muxi_device_registry
[GIT_COMMIT] 0347fa408a0ae713f06e1d38960ec857b534c4c6
[GIT_COMMIT_SHORT] 0347fa4
[COMMAND] ./gpt2 --input_bin /nfs/InfiniTrain-dev/data/llmc/gpt2/tinyshakespeare/tiny_shakespeare_train.bin --llmc_filepath /nfs/InfiniTrain-dev/data/llmc/gpt2/gpt2_124M.bin --device maca --dtype float32 --nthread_per_process 8 --num_iteration 10 --batch_size 10 --total_batch_size 5120 --allreduce_chunk_size_mb 128 --lora_rank 8 --lora_alpha 16.0 --lora_target_modules c_attn,attn.c_proj
===== LoRA Model Summary (Rank 1) ======
Total parameters:     163479552
Trainable parameters: 442368 (0.270595%)
Frozen parameters:    163037184
========================================
===== LoRA Model Summary (Rank 0) ======
Total parameters:     163479552
Trainable parameters: 442368 (0.270595%)
Frozen parameters:    163037184
========================================
===== LoRA Model Summary (Rank 3) ======
Total parameters:     163479552
Trainable parameters: 442368 (0.270595%)
Frozen parameters:    163037184
========================================
===== LoRA Model Summary (Rank 6) ======
Total parameters:     163479552
Trainable parameters: 442368 (0.270595%)
Frozen parameters:    163037184
========================================
===== LoRA Model Summary (Rank 7) ======
Total parameters:     163479552
Trainable parameters: 442368 (0.270595%)
Frozen parameters:    163037184
========================================
===== LoRA Model Summary (Rank 2) ======
Total parameters:     163479552
Trainable parameters: 442368 (0.270595%)
Frozen parameters:    163037184
========================================
===== LoRA Model Summary (Rank 5) ======
Total parameters:     163479552
Trainable parameters: 442368 (0.270595%)
Frozen parameters:    163037184
========================================
===== LoRA Model Summary (Rank 4) ======
Total parameters:     163479552
Trainable parameters: 442368 (0.270595%)
Frozen parameters:    163037184
========================================
E20260731 08:39:16.482126 131618186462912 main.cc:536] step    1/10 | train loss 5.219545 | lr 1.00e-04 | (1022.16 ms | 5009 tok/s | peak used:  1461 MB | peak reserved:  1942 MB, DP=8, TP=1, SP=1, PP=1)
E20260731 08:39:16.656493 131618186462912 main.cc:536] step    2/10 | train loss 5.143064 | lr 1.00e-04 | (173.91 ms | 29440 tok/s | peak used:  1461 MB | peak reserved:  1942 MB, DP=8, TP=1, SP=1, PP=1)
E20260731 08:39:16.825213 131618186462912 main.cc:536] step    3/10 | train loss 5.074577 | lr 1.00e-04 | (168.67 ms | 30356 tok/s | peak used:  1461 MB | peak reserved:  1942 MB, DP=8, TP=1, SP=1, PP=1)
E20260731 08:39:17.001580 131618186462912 main.cc:536] step    4/10 | train loss 4.774479 | lr 1.00e-04 | (176.31 ms | 29040 tok/s | peak used:  1461 MB | peak reserved:  1942 MB, DP=8, TP=1, SP=1, PP=1)
E20260731 08:39:17.168811 131618186462912 main.cc:536] step    5/10 | train loss 4.900559 | lr 1.00e-04 | (167.17 ms | 30627 tok/s | peak used:  1461 MB | peak reserved:  1942 MB, DP=8, TP=1, SP=1, PP=1)
E20260731 08:39:17.336158 131618186462912 main.cc:536] step    6/10 | train loss 4.886523 | lr 1.00e-04 | (167.29 ms | 30605 tok/s | peak used:  1461 MB | peak reserved:  1942 MB, DP=8, TP=1, SP=1, PP=1)
E20260731 08:39:17.515205 131618186462912 main.cc:536] step    7/10 | train loss 4.977912 | lr 1.00e-04 | (178.78 ms | 28639 tok/s | peak used:  1461 MB | peak reserved:  1942 MB, DP=8, TP=1, SP=1, PP=1)
E20260731 08:39:17.683125 131618186462912 main.cc:536] step    8/10 | train loss 4.925582 | lr 1.00e-04 | (167.87 ms | 30500 tok/s | peak used:  1461 MB | peak reserved:  1942 MB, DP=8, TP=1, SP=1, PP=1)
E20260731 08:39:17.849610 131618186462912 main.cc:536] step    9/10 | train loss 4.957017 | lr 1.00e-04 | (166.43 ms | 30763 tok/s | peak used:  1461 MB | peak reserved:  1942 MB, DP=8, TP=1, SP=1, PP=1)
E20260731 08:39:18.015948 131618186462912 main.cc:536] step   10/10 | train loss 5.033317 | lr 1.00e-04 | (166.28 ms | 30791 tok/s | peak used:  1461 MB | peak reserved:  1942 MB, DP=8, TP=1, SP=1, PP=1)
