[LAST_CMAKE] cmake -DUSE_CUDA=OFF -DUSE_MACA=ON -DUSE_NCCL=OFF -DUSE_MCCL=ON -DCMAKE_HAVE_LIBC_PTHREAD=ON -DCMAKE_THREAD_LIBS_INIT=-lpthread -DBUILD_TEST=OFF -DPROFILE_MODE=ON .. && make -j
[RUN_METADATA] /home/chenxi/InfiniTrain/scripts/20260731/perf_muxi_device_registry_0347fa4/logs/run_metadata.log
[RUN_STARTED_AT] 2026-07-31 07:49:34
[GIT_BRANCH] perf/muxi_device_registry
[GIT_COMMIT] 0347fa408a0ae713f06e1d38960ec857b534c4c6
[GIT_COMMIT_SHORT] 0347fa4
[COMMAND] ./gpt2 --input_bin /nfs/InfiniTrain-dev/data/llmc/gpt2/tinyshakespeare/tiny_shakespeare_train.bin --llmc_filepath /nfs/InfiniTrain-dev/data/llmc/gpt2/gpt2_124M.bin --device maca --dtype bfloat16 --nthread_per_process 8 --num_iteration 10 --batch_size 40 --total_batch_size 5120 --tensor_parallel 4 --sequence_parallel true --lora_rank 16 --lora_alpha 32.0 --lora_target_modules attn.c_proj,c_fc,c_proj
===== LoRA Model Summary (Rank 3) ======
Total parameters:     42183936
Trainable parameters: 774144 (1.83516%)
Frozen parameters:    41409792
========================================
===== LoRA Model Summary (Rank 2) ======
Total parameters:     42183936
Trainable parameters: 774144 (1.83516%)
Frozen parameters:    41409792
========================================
===== LoRA Model Summary (Rank 4) ======
Total parameters:     42183936
Trainable parameters: 774144 (1.83516%)
Frozen parameters:    41409792
========================================
===== LoRA Model Summary (Rank 5) ======
Total parameters:     42183936
Trainable parameters: 774144 (1.83516%)
Frozen parameters:    41409792
========================================
===== LoRA Model Summary (Rank 1) ======
Total parameters:     42183936
Trainable parameters: 774144 (1.83516%)
Frozen parameters:    41409792
========================================
===== LoRA Model Summary (Rank 6) ======
Total parameters:     42183936
Trainable parameters: 774144 (1.83516%)
Frozen parameters:    41409792
========================================
===== LoRA Model Summary (Rank 0) ======
Total parameters:     42183936
Trainable parameters: 774144 (1.83516%)
Frozen parameters:    41409792
========================================
===== LoRA Model Summary (Rank 7) ======
Total parameters:     42183936
Trainable parameters: 774144 (1.83516%)
Frozen parameters:    41409792
========================================
E20260731 08:43:49.499005 127537231431360 main.cc:536] step    1/10 | train loss 5.211336 | lr 1.00e-04 | (6580.98 ms | 778 tok/s | peak used:  1452 MB | peak reserved:  2326 MB, DP=2, TP=4, SP=4, PP=1)
E20260731 08:43:49.841107 127537231431360 main.cc:536] step    2/10 | train loss 5.143881 | lr 1.00e-04 | (341.50 ms | 14993 tok/s | peak used:  1452 MB | peak reserved:  2326 MB, DP=2, TP=4, SP=4, PP=1)
E20260731 08:43:50.190644 127537231431360 main.cc:536] step    3/10 | train loss 5.069803 | lr 1.00e-04 | (349.48 ms | 14650 tok/s | peak used:  1452 MB | peak reserved:  2326 MB, DP=2, TP=4, SP=4, PP=1)
E20260731 08:43:50.533595 127537231431360 main.cc:536] step    4/10 | train loss 4.765105 | lr 1.00e-04 | (342.90 ms | 14932 tok/s | peak used:  1452 MB | peak reserved:  2326 MB, DP=2, TP=4, SP=4, PP=1)
E20260731 08:43:50.887609 127537231431360 main.cc:536] step    5/10 | train loss 4.897677 | lr 1.00e-04 | (353.96 ms | 14465 tok/s | peak used:  1452 MB | peak reserved:  2326 MB, DP=2, TP=4, SP=4, PP=1)
E20260731 08:43:51.237087 127537231431360 main.cc:536] step    6/10 | train loss 4.876303 | lr 1.00e-04 | (349.43 ms | 14653 tok/s | peak used:  1452 MB | peak reserved:  2326 MB, DP=2, TP=4, SP=4, PP=1)
E20260731 08:43:51.585798 127537231431360 main.cc:536] step    7/10 | train loss 4.966779 | lr 1.00e-04 | (348.65 ms | 14685 tok/s | peak used:  1452 MB | peak reserved:  2326 MB, DP=2, TP=4, SP=4, PP=1)
E20260731 08:43:51.930255 127537231431360 main.cc:536] step    8/10 | train loss 4.919632 | lr 1.00e-04 | (344.40 ms | 14866 tok/s | peak used:  1452 MB | peak reserved:  2326 MB, DP=2, TP=4, SP=4, PP=1)
E20260731 08:43:52.303910 127537231431360 main.cc:536] step    9/10 | train loss 4.959971 | lr 1.00e-04 | (373.60 ms | 13704 tok/s | peak used:  1452 MB | peak reserved:  2326 MB, DP=2, TP=4, SP=4, PP=1)
E20260731 08:43:52.785430 127537231431360 main.cc:536] step   10/10 | train loss 5.023823 | lr 1.00e-04 | (481.44 ms | 10635 tok/s | peak used:  1452 MB | peak reserved:  2326 MB, DP=2, TP=4, SP=4, PP=1)
