[LAST_CMAKE] cmake -DUSE_CUDA=ON -DUSE_NCCL=ON -DPROFILE_MODE=ON .. && make -j
[COMMAND] ./gpt2 --input_bin /data/shared/InfiniTrain-dev/data/llmc/gpt2/tinyshakespeare/tiny_shakespeare_train.bin --llmc_filepath /data/shared/InfiniTrain-dev/data/llmc/gpt2/gpt2_124M.bin --device cuda --num_iteration 50 --save_interval 10 --save /data/jym/no_resume/gpt2/no_resume
E20260616 03:50:08.857462 140125407252480 main.cc:477] step    1/50 | train loss 5.356189 | lr 1.00e-04 | (125.54 ms | 2039 tok/s | peak used:  1395 MB | peak reserved:  1440 MB, DP=1, TP=1, SP=1, PP=1)
E20260616 03:50:08.944264 140125407252480 main.cc:477] step    2/50 | train loss 5.060787 | lr 1.00e-04 | (86.50 ms | 2960 tok/s | peak used:  1395 MB | peak reserved:  1440 MB, DP=1, TP=1, SP=1, PP=1)
E20260616 03:50:09.028582 140125407252480 main.cc:477] step    3/50 | train loss 4.860480 | lr 1.00e-04 | (84.26 ms | 3038 tok/s | peak used:  1395 MB | peak reserved:  1440 MB, DP=1, TP=1, SP=1, PP=1)
E20260616 03:50:09.114450 140125407252480 main.cc:477] step    4/50 | train loss 4.961460 | lr 1.00e-04 | (85.82 ms | 2983 tok/s | peak used:  1395 MB | peak reserved:  1440 MB, DP=1, TP=1, SP=1, PP=1)
E20260616 03:50:09.195462 140125407252480 main.cc:477] step    5/50 | train loss 4.888361 | lr 1.00e-04 | (80.96 ms | 3162 tok/s | peak used:  1395 MB | peak reserved:  1440 MB, DP=1, TP=1, SP=1, PP=1)
E20260616 03:50:09.276397 140125407252480 main.cc:477] step    6/50 | train loss 5.099510 | lr 1.00e-04 | (80.89 ms | 3165 tok/s | peak used:  1395 MB | peak reserved:  1440 MB, DP=1, TP=1, SP=1, PP=1)
E20260616 03:50:09.357328 140125407252480 main.cc:477] step    7/50 | train loss 4.860972 | lr 1.00e-04 | (80.89 ms | 3165 tok/s | peak used:  1395 MB | peak reserved:  1440 MB, DP=1, TP=1, SP=1, PP=1)
E20260616 03:50:09.441242 140125407252480 main.cc:477] step    8/50 | train loss 4.945640 | lr 1.00e-04 | (83.87 ms | 3052 tok/s | peak used:  1395 MB | peak reserved:  1440 MB, DP=1, TP=1, SP=1, PP=1)
E20260616 03:50:09.522177 140125407252480 main.cc:477] step    9/50 | train loss 5.121746 | lr 1.00e-04 | (80.89 ms | 3165 tok/s | peak used:  1395 MB | peak reserved:  1440 MB, DP=1, TP=1, SP=1, PP=1)
E20260616 03:50:09.603142 140125407252480 main.cc:477] step   10/50 | train loss 5.271439 | lr 1.00e-04 | (80.92 ms | 3164 tok/s | peak used:  1395 MB | peak reserved:  1440 MB, DP=1, TP=1, SP=1, PP=1)
E20260616 03:50:10.445735 140125407252480 checkpoint.cc:84] [CKPT] Save done: dir="/data/jym/no_resume/gpt2/no_resume/checkpoint_step_000010"
E20260616 03:50:10.622860 140125407252480 main.cc:477] step   11/50 | train loss 5.080353 | lr 1.00e-04 | (82.81 ms | 3091 tok/s | peak used:  1395 MB | peak reserved:  1440 MB, DP=1, TP=1, SP=1, PP=1)
E20260616 03:50:10.704027 140125407252480 main.cc:477] step   12/50 | train loss 4.641864 | lr 1.00e-04 | (81.11 ms | 3156 tok/s | peak used:  1395 MB | peak reserved:  1440 MB, DP=1, TP=1, SP=1, PP=1)
E20260616 03:50:10.785013 140125407252480 main.cc:477] step   13/50 | train loss 4.715224 | lr 1.00e-04 | (80.93 ms | 3163 tok/s | peak used:  1395 MB | peak reserved:  1440 MB, DP=1, TP=1, SP=1, PP=1)
E20260616 03:50:10.866027 140125407252480 main.cc:477] step   14/50 | train loss 4.858471 | lr 1.00e-04 | (80.97 ms | 3162 tok/s | peak used:  1395 MB | peak reserved:  1440 MB, DP=1, TP=1, SP=1, PP=1)
E20260616 03:50:10.952842 140125407252480 main.cc:477] step   15/50 | train loss 5.047506 | lr 1.00e-04 | (86.77 ms | 2950 tok/s | peak used:  1395 MB | peak reserved:  1440 MB, DP=1, TP=1, SP=1, PP=1)
E20260616 03:50:11.033743 140125407252480 main.cc:477] step   16/50 | train loss 4.796618 | lr 1.00e-04 | (80.85 ms | 3166 tok/s | peak used:  1395 MB | peak reserved:  1440 MB, DP=1, TP=1, SP=1, PP=1)
E20260616 03:50:11.114710 140125407252480 main.cc:477] step   17/50 | train loss 5.154047 | lr 1.00e-04 | (80.92 ms | 3164 tok/s | peak used:  1395 MB | peak reserved:  1440 MB, DP=1, TP=1, SP=1, PP=1)
E20260616 03:50:11.195710 140125407252480 main.cc:477] step   18/50 | train loss 5.009338 | lr 1.00e-04 | (80.95 ms | 3162 tok/s | peak used:  1395 MB | peak reserved:  1440 MB, DP=1, TP=1, SP=1, PP=1)
E20260616 03:50:11.276694 140125407252480 main.cc:477] step   19/50 | train loss 4.679074 | lr 1.00e-04 | (80.92 ms | 3164 tok/s | peak used:  1395 MB | peak reserved:  1440 MB, DP=1, TP=1, SP=1, PP=1)
E20260616 03:50:11.357695 140125407252480 main.cc:477] step   20/50 | train loss 4.473440 | lr 1.00e-04 | (80.94 ms | 3163 tok/s | peak used:  1395 MB | peak reserved:  1440 MB, DP=1, TP=1, SP=1, PP=1)
E20260616 03:50:12.161953 140125407252480 checkpoint.cc:84] [CKPT] Save done: dir="/data/jym/no_resume/gpt2/no_resume/checkpoint_step_000020"
E20260616 03:50:12.336549 140125407252480 main.cc:477] step   21/50 | train loss 4.760530 | lr 1.00e-04 | (82.96 ms | 3086 tok/s | peak used:  1395 MB | peak reserved:  1440 MB, DP=1, TP=1, SP=1, PP=1)
E20260616 03:50:12.417722 140125407252480 main.cc:477] step   22/50 | train loss 4.650722 | lr 1.00e-04 | (81.12 ms | 3156 tok/s | peak used:  1395 MB | peak reserved:  1440 MB, DP=1, TP=1, SP=1, PP=1)
E20260616 03:50:12.498737 140125407252480 main.cc:477] step   23/50 | train loss 4.868134 | lr 1.00e-04 | (80.96 ms | 3162 tok/s | peak used:  1395 MB | peak reserved:  1440 MB, DP=1, TP=1, SP=1, PP=1)
E20260616 03:50:12.579631 140125407252480 main.cc:477] step   24/50 | train loss 4.681737 | lr 1.00e-04 | (80.84 ms | 3167 tok/s | peak used:  1395 MB | peak reserved:  1440 MB, DP=1, TP=1, SP=1, PP=1)
E20260616 03:50:12.660626 140125407252480 main.cc:477] step   25/50 | train loss 4.585910 | lr 1.00e-04 | (80.93 ms | 3163 tok/s | peak used:  1395 MB | peak reserved:  1440 MB, DP=1, TP=1, SP=1, PP=1)
E20260616 03:50:12.741587 140125407252480 main.cc:477] step   26/50 | train loss 4.715928 | lr 1.00e-04 | (80.91 ms | 3164 tok/s | peak used:  1395 MB | peak reserved:  1440 MB, DP=1, TP=1, SP=1, PP=1)
E20260616 03:50:12.822483 140125407252480 main.cc:477] step   27/50 | train loss 4.356284 | lr 1.00e-04 | (80.85 ms | 3166 tok/s | peak used:  1395 MB | peak reserved:  1440 MB, DP=1, TP=1, SP=1, PP=1)
E20260616 03:50:12.903427 140125407252480 main.cc:477] step   28/50 | train loss 4.681600 | lr 1.00e-04 | (80.89 ms | 3165 tok/s | peak used:  1395 MB | peak reserved:  1440 MB, DP=1, TP=1, SP=1, PP=1)
E20260616 03:50:12.984412 140125407252480 main.cc:477] step   29/50 | train loss 4.828083 | lr 1.00e-04 | (80.94 ms | 3163 tok/s | peak used:  1395 MB | peak reserved:  1440 MB, DP=1, TP=1, SP=1, PP=1)
E20260616 03:50:13.077155 140125407252480 main.cc:477] step   30/50 | train loss 4.538362 | lr 1.00e-04 | (92.69 ms | 2762 tok/s | peak used:  1395 MB | peak reserved:  1440 MB, DP=1, TP=1, SP=1, PP=1)
E20260616 03:50:14.337082 140125407252480 checkpoint.cc:84] [CKPT] Save done: dir="/data/jym/no_resume/gpt2/no_resume/checkpoint_step_000030"
E20260616 03:50:14.419554 140125407252480 main.cc:477] step   31/50 | train loss 4.773661 | lr 1.00e-04 | (82.33 ms | 3109 tok/s | peak used:  1395 MB | peak reserved:  1440 MB, DP=1, TP=1, SP=1, PP=1)
E20260616 03:50:14.500546 140125407252480 main.cc:477] step   32/50 | train loss 4.746777 | lr 1.00e-04 | (80.94 ms | 3163 tok/s | peak used:  1395 MB | peak reserved:  1440 MB, DP=1, TP=1, SP=1, PP=1)
E20260616 03:50:14.581396 140125407252480 main.cc:477] step   33/50 | train loss 4.573683 | lr 1.00e-04 | (80.80 ms | 3168 tok/s | peak used:  1395 MB | peak reserved:  1440 MB, DP=1, TP=1, SP=1, PP=1)
E20260616 03:50:14.661244 140125407252480 main.cc:477] step   34/50 | train loss 4.970091 | lr 1.00e-04 | (79.80 ms | 3208 tok/s | peak used:  1395 MB | peak reserved:  1440 MB, DP=1, TP=1, SP=1, PP=1)
E20260616 03:50:14.742035 140125407252480 main.cc:477] step   35/50 | train loss 5.018559 | lr 1.00e-04 | (80.74 ms | 3171 tok/s | peak used:  1395 MB | peak reserved:  1440 MB, DP=1, TP=1, SP=1, PP=1)
E20260616 03:50:14.822884 140125407252480 main.cc:477] step   36/50 | train loss 5.078460 | lr 1.00e-04 | (80.80 ms | 3168 tok/s | peak used:  1395 MB | peak reserved:  1440 MB, DP=1, TP=1, SP=1, PP=1)
E20260616 03:50:14.903719 140125407252480 main.cc:477] step   37/50 | train loss 5.006862 | lr 1.00e-04 | (80.79 ms | 3169 tok/s | peak used:  1395 MB | peak reserved:  1440 MB, DP=1, TP=1, SP=1, PP=1)
E20260616 03:50:14.984807 140125407252480 main.cc:477] step   38/50 | train loss 4.561946 | lr 1.00e-04 | (81.04 ms | 3159 tok/s | peak used:  1395 MB | peak reserved:  1440 MB, DP=1, TP=1, SP=1, PP=1)
E20260616 03:50:15.065584 140125407252480 main.cc:477] step   39/50 | train loss 4.825914 | lr 1.00e-04 | (80.72 ms | 3172 tok/s | peak used:  1395 MB | peak reserved:  1440 MB, DP=1, TP=1, SP=1, PP=1)
E20260616 03:50:15.146427 140125407252480 main.cc:477] step   40/50 | train loss 4.741742 | lr 1.00e-04 | (80.79 ms | 3169 tok/s | peak used:  1395 MB | peak reserved:  1440 MB, DP=1, TP=1, SP=1, PP=1)
E20260616 03:50:16.403799 140125407252480 checkpoint.cc:84] [CKPT] Save done: dir="/data/jym/no_resume/gpt2/no_resume/checkpoint_step_000040"
E20260616 03:50:16.514579 140125407252480 main.cc:477] step   41/50 | train loss 4.772775 | lr 1.00e-04 | (110.48 ms | 2317 tok/s | peak used:  1395 MB | peak reserved:  1440 MB, DP=1, TP=1, SP=1, PP=1)
E20260616 03:50:16.595543 140125407252480 main.cc:477] step   42/50 | train loss 4.767108 | lr 1.00e-04 | (80.91 ms | 3164 tok/s | peak used:  1395 MB | peak reserved:  1440 MB, DP=1, TP=1, SP=1, PP=1)
E20260616 03:50:16.676427 140125407252480 main.cc:477] step   43/50 | train loss 4.435562 | lr 1.00e-04 | (80.82 ms | 3168 tok/s | peak used:  1395 MB | peak reserved:  1440 MB, DP=1, TP=1, SP=1, PP=1)
E20260616 03:50:16.757245 140125407252480 main.cc:477] step   44/50 | train loss 4.350802 | lr 1.00e-04 | (80.77 ms | 3170 tok/s | peak used:  1395 MB | peak reserved:  1440 MB, DP=1, TP=1, SP=1, PP=1)
E20260616 03:50:16.838084 140125407252480 main.cc:477] step   45/50 | train loss 4.476605 | lr 1.00e-04 | (80.79 ms | 3169 tok/s | peak used:  1395 MB | peak reserved:  1440 MB, DP=1, TP=1, SP=1, PP=1)
E20260616 03:50:16.918934 140125407252480 main.cc:477] step   46/50 | train loss 4.377407 | lr 1.00e-04 | (80.80 ms | 3168 tok/s | peak used:  1395 MB | peak reserved:  1440 MB, DP=1, TP=1, SP=1, PP=1)
E20260616 03:50:17.000012 140125407252480 main.cc:477] step   47/50 | train loss 4.606427 | lr 1.00e-04 | (81.03 ms | 3159 tok/s | peak used:  1395 MB | peak reserved:  1440 MB, DP=1, TP=1, SP=1, PP=1)
E20260616 03:50:17.079749 140125407252480 main.cc:477] step   48/50 | train loss 4.547576 | lr 1.00e-04 | (79.69 ms | 3213 tok/s | peak used:  1395 MB | peak reserved:  1440 MB, DP=1, TP=1, SP=1, PP=1)
E20260616 03:50:17.160515 140125407252480 main.cc:477] step   49/50 | train loss 4.762215 | lr 1.00e-04 | (80.72 ms | 3172 tok/s | peak used:  1395 MB | peak reserved:  1440 MB, DP=1, TP=1, SP=1, PP=1)
E20260616 03:50:17.240294 140125407252480 main.cc:477] step   50/50 | train loss 4.658839 | lr 1.00e-04 | (79.73 ms | 3211 tok/s | peak used:  1395 MB | peak reserved:  1440 MB, DP=1, TP=1, SP=1, PP=1)
E20260616 03:50:18.440002 140125407252480 checkpoint.cc:84] [CKPT] Save done: dir="/data/jym/no_resume/gpt2/no_resume/checkpoint_step_000050"
E20260616 03:50:19.673937 140125407252480 checkpoint.cc:84] [CKPT] Save done: dir="/data/jym/no_resume/gpt2/no_resume/checkpoint_final"
