[LAST_CMAKE] cmake -DUSE_CUDA=ON -DUSE_NCCL=ON -DPROFILE_MODE=ON .. && make -j
[COMMAND] ./gpt2 --input_bin /data/shared/InfiniTrain-dev/data/llmc/gpt2/tinyshakespeare/tiny_shakespeare_train.bin --llmc_filepath /data/shared/InfiniTrain-dev/data/llmc/gpt2/gpt2_124M.bin --device cuda --num_iteration 50 --save_interval 10 --load /data/jym/no_resume/gpt2/no_resume/checkpoint_step_000030 --save /data/jym/base_resume/gpt2/resume
E20260616 03:53:59.638142 140459037958144 checkpoint.cc:106] [CKPT] Load done: global_step=30, consumed_batches =30, last_lr=0.0001, topology(ddp,tp,sp,pp)=(1,1,1,1)
E20260616 03:53:59.762782 140459037958144 main.cc:477] step   31/50 | train loss 4.773661 | lr 1.00e-04 | (124.33 ms | 2059 tok/s | peak used:  1395 MB | peak reserved:  1440 MB, DP=1, TP=1, SP=1, PP=1)
E20260616 03:53:59.849283 140459037958144 main.cc:477] step   32/50 | train loss 4.746778 | lr 1.00e-04 | (86.44 ms | 2962 tok/s | peak used:  1395 MB | peak reserved:  1440 MB, DP=1, TP=1, SP=1, PP=1)
E20260616 03:53:59.932432 140459037958144 main.cc:477] step   33/50 | train loss 4.573683 | lr 1.00e-04 | (83.10 ms | 3081 tok/s | peak used:  1395 MB | peak reserved:  1440 MB, DP=1, TP=1, SP=1, PP=1)
E20260616 03:54:00.013365 140459037958144 main.cc:477] step   34/50 | train loss 4.970089 | lr 1.00e-04 | (80.88 ms | 3165 tok/s | peak used:  1395 MB | peak reserved:  1440 MB, DP=1, TP=1, SP=1, PP=1)
E20260616 03:54:00.094026 140459037958144 main.cc:477] step   35/50 | train loss 5.018558 | lr 1.00e-04 | (80.62 ms | 3176 tok/s | peak used:  1395 MB | peak reserved:  1440 MB, DP=1, TP=1, SP=1, PP=1)
E20260616 03:54:00.173483 140459037958144 main.cc:477] step   36/50 | train loss 5.078459 | lr 1.00e-04 | (79.40 ms | 3224 tok/s | peak used:  1395 MB | peak reserved:  1440 MB, DP=1, TP=1, SP=1, PP=1)
E20260616 03:54:00.254035 140459037958144 main.cc:477] step   37/50 | train loss 5.006861 | lr 1.00e-04 | (80.51 ms | 3180 tok/s | peak used:  1395 MB | peak reserved:  1440 MB, DP=1, TP=1, SP=1, PP=1)
E20260616 03:54:00.337500 140459037958144 main.cc:477] step   38/50 | train loss 4.561945 | lr 1.00e-04 | (83.42 ms | 3069 tok/s | peak used:  1395 MB | peak reserved:  1440 MB, DP=1, TP=1, SP=1, PP=1)
E20260616 03:54:00.418022 140459037958144 main.cc:477] step   39/50 | train loss 4.825913 | lr 1.00e-04 | (80.48 ms | 3181 tok/s | peak used:  1395 MB | peak reserved:  1440 MB, DP=1, TP=1, SP=1, PP=1)
E20260616 03:54:00.497874 140459037958144 main.cc:477] step   40/50 | train loss 4.741745 | lr 1.00e-04 | (79.52 ms | 3219 tok/s | peak used:  1395 MB | peak reserved:  1440 MB, DP=1, TP=1, SP=1, PP=1)
E20260616 03:54:01.730886 140459037958144 checkpoint.cc:84] [CKPT] Save done: dir="/data/jym/base_resume/gpt2/resume/checkpoint_step_000040"
E20260616 03:54:01.813171 140459037958144 main.cc:477] step   41/50 | train loss 4.772775 | lr 1.00e-04 | (82.15 ms | 3116 tok/s | peak used:  1395 MB | peak reserved:  1440 MB, DP=1, TP=1, SP=1, PP=1)
E20260616 03:54:01.894038 140459037958144 main.cc:477] step   42/50 | train loss 4.767108 | lr 1.00e-04 | (80.80 ms | 3168 tok/s | peak used:  1395 MB | peak reserved:  1440 MB, DP=1, TP=1, SP=1, PP=1)
E20260616 03:54:01.974808 140459037958144 main.cc:477] step   43/50 | train loss 4.435563 | lr 1.00e-04 | (80.71 ms | 3172 tok/s | peak used:  1395 MB | peak reserved:  1440 MB, DP=1, TP=1, SP=1, PP=1)
E20260616 03:54:02.055514 140459037958144 main.cc:477] step   44/50 | train loss 4.350802 | lr 1.00e-04 | (80.65 ms | 3174 tok/s | peak used:  1395 MB | peak reserved:  1440 MB, DP=1, TP=1, SP=1, PP=1)
E20260616 03:54:02.142164 140459037958144 main.cc:477] step   45/50 | train loss 4.476607 | lr 1.00e-04 | (86.60 ms | 2956 tok/s | peak used:  1395 MB | peak reserved:  1440 MB, DP=1, TP=1, SP=1, PP=1)
E20260616 03:54:02.222837 140459037958144 main.cc:477] step   46/50 | train loss 4.377406 | lr 1.00e-04 | (80.62 ms | 3175 tok/s | peak used:  1395 MB | peak reserved:  1440 MB, DP=1, TP=1, SP=1, PP=1)
E20260616 03:54:02.303572 140459037958144 main.cc:477] step   47/50 | train loss 4.606430 | lr 1.00e-04 | (80.69 ms | 3173 tok/s | peak used:  1395 MB | peak reserved:  1440 MB, DP=1, TP=1, SP=1, PP=1)
E20260616 03:54:02.384305 140459037958144 main.cc:477] step   48/50 | train loss 4.547573 | lr 1.00e-04 | (80.68 ms | 3173 tok/s | peak used:  1395 MB | peak reserved:  1440 MB, DP=1, TP=1, SP=1, PP=1)
E20260616 03:54:02.464934 140459037958144 main.cc:477] step   49/50 | train loss 4.762214 | lr 1.00e-04 | (80.57 ms | 3177 tok/s | peak used:  1395 MB | peak reserved:  1440 MB, DP=1, TP=1, SP=1, PP=1)
E20260616 03:54:02.545584 140459037958144 main.cc:477] step   50/50 | train loss 4.658838 | lr 1.00e-04 | (80.60 ms | 3176 tok/s | peak used:  1395 MB | peak reserved:  1440 MB, DP=1, TP=1, SP=1, PP=1)
E20260616 03:54:03.781029 140459037958144 checkpoint.cc:84] [CKPT] Save done: dir="/data/jym/base_resume/gpt2/resume/checkpoint_step_000050"
E20260616 03:54:05.040224 140459037958144 checkpoint.cc:84] [CKPT] Save done: dir="/data/jym/base_resume/gpt2/resume/checkpoint_final"
