[LAST_CMAKE] cmake -DUSE_CUDA=ON -DUSE_NCCL=ON -DPROFILE_MODE=ON .. && make -j
[COMMAND] ./gpt2 --input_bin /data/shared/InfiniTrain-dev/data/llmc/gpt2/tinyshakespeare/tiny_shakespeare_train.bin --llmc_filepath /data/shared/InfiniTrain-dev/data/llmc/gpt2/gpt2_124M.bin --device cuda --dtype bfloat16 --num_iteration 50 --save_interval 10 --load /data/jym/bf16_no_resume/gpt2/no_resume/checkpoint_step_000030 --save /data/jym/bf16_resume/gpt2/resume
E20260616 04:00:15.429299 139886941122560 checkpoint.cc:106] [CKPT] Load done: global_step=30, consumed_batches =30, last_lr=0.0001, topology(ddp,tp,sp,pp)=(1,1,1,1)
E20260616 04:00:15.600166 139886941122560 main.cc:477] step   31/50 | train loss 4.785834 | lr 1.00e-04 | (170.26 ms | 1504 tok/s | peak used:  1370 MB | peak reserved:  1472 MB, DP=1, TP=1, SP=1, PP=1)
E20260616 04:00:15.686650 139886941122560 main.cc:477] step   32/50 | train loss 4.747114 | lr 1.00e-04 | (86.41 ms | 2963 tok/s | peak used:  1370 MB | peak reserved:  1472 MB, DP=1, TP=1, SP=1, PP=1)
E20260616 04:00:15.772285 139886941122560 main.cc:477] step   33/50 | train loss 4.547513 | lr 1.00e-04 | (85.58 ms | 2991 tok/s | peak used:  1370 MB | peak reserved:  1472 MB, DP=1, TP=1, SP=1, PP=1)
E20260616 04:00:15.858052 139886941122560 main.cc:477] step   34/50 | train loss 4.969773 | lr 1.00e-04 | (85.73 ms | 2986 tok/s | peak used:  1370 MB | peak reserved:  1472 MB, DP=1, TP=1, SP=1, PP=1)
E20260616 04:00:15.939091 139886941122560 main.cc:477] step   35/50 | train loss 5.020897 | lr 1.00e-04 | (81.00 ms | 3161 tok/s | peak used:  1370 MB | peak reserved:  1472 MB, DP=1, TP=1, SP=1, PP=1)
E20260616 04:00:16.020141 139886941122560 main.cc:477] step   36/50 | train loss 5.066525 | lr 1.00e-04 | (80.99 ms | 3161 tok/s | peak used:  1370 MB | peak reserved:  1472 MB, DP=1, TP=1, SP=1, PP=1)
E20260616 04:00:16.104207 139886941122560 main.cc:477] step   37/50 | train loss 4.976355 | lr 1.00e-04 | (84.03 ms | 3047 tok/s | peak used:  1370 MB | peak reserved:  1472 MB, DP=1, TP=1, SP=1, PP=1)
E20260616 04:00:16.185055 139886941122560 main.cc:477] step   38/50 | train loss 4.522574 | lr 1.00e-04 | (80.81 ms | 3168 tok/s | peak used:  1370 MB | peak reserved:  1472 MB, DP=1, TP=1, SP=1, PP=1)
E20260616 04:00:16.266042 139886941122560 main.cc:477] step   39/50 | train loss 4.801097 | lr 1.00e-04 | (80.95 ms | 3162 tok/s | peak used:  1370 MB | peak reserved:  1472 MB, DP=1, TP=1, SP=1, PP=1)
E20260616 04:00:16.347021 139886941122560 main.cc:477] step   40/50 | train loss 4.695919 | lr 1.00e-04 | (80.94 ms | 3163 tok/s | peak used:  1370 MB | peak reserved:  1472 MB, DP=1, TP=1, SP=1, PP=1)
E20260616 04:00:17.541469 139886941122560 checkpoint.cc:84] [CKPT] Save done: dir="/data/jym/bf16_resume/gpt2/resume/checkpoint_step_000040"
E20260616 04:00:17.658523 139886941122560 main.cc:477] step   41/50 | train loss 4.756169 | lr 1.00e-04 | (116.73 ms | 2193 tok/s | peak used:  1370 MB | peak reserved:  1472 MB, DP=1, TP=1, SP=1, PP=1)
E20260616 04:00:17.739778 139886941122560 main.cc:477] step   42/50 | train loss 4.733665 | lr 1.00e-04 | (81.20 ms | 3153 tok/s | peak used:  1370 MB | peak reserved:  1472 MB, DP=1, TP=1, SP=1, PP=1)
E20260616 04:00:17.820885 139886941122560 main.cc:477] step   43/50 | train loss 4.412480 | lr 1.00e-04 | (81.07 ms | 3158 tok/s | peak used:  1370 MB | peak reserved:  1472 MB, DP=1, TP=1, SP=1, PP=1)
E20260616 04:00:17.907721 139886941122560 main.cc:477] step   44/50 | train loss 4.305369 | lr 1.00e-04 | (86.80 ms | 2949 tok/s | peak used:  1370 MB | peak reserved:  1472 MB, DP=1, TP=1, SP=1, PP=1)
E20260616 04:00:17.988989 139886941122560 main.cc:477] step   45/50 | train loss 4.456561 | lr 1.00e-04 | (81.23 ms | 3152 tok/s | peak used:  1370 MB | peak reserved:  1472 MB, DP=1, TP=1, SP=1, PP=1)
E20260616 04:00:18.070229 139886941122560 main.cc:477] step   46/50 | train loss 4.352777 | lr 1.00e-04 | (81.20 ms | 3153 tok/s | peak used:  1370 MB | peak reserved:  1472 MB, DP=1, TP=1, SP=1, PP=1)
E20260616 04:00:18.151532 139886941122560 main.cc:477] step   47/50 | train loss 4.598550 | lr 1.00e-04 | (81.26 ms | 3150 tok/s | peak used:  1370 MB | peak reserved:  1472 MB, DP=1, TP=1, SP=1, PP=1)
E20260616 04:00:18.233061 139886941122560 main.cc:477] step   48/50 | train loss 4.534704 | lr 1.00e-04 | (81.48 ms | 3142 tok/s | peak used:  1370 MB | peak reserved:  1440 MB, DP=1, TP=1, SP=1, PP=1)
E20260616 04:00:18.313820 139886941122560 main.cc:477] step   49/50 | train loss 4.738717 | lr 1.00e-04 | (80.70 ms | 3172 tok/s | peak used:  1370 MB | peak reserved:  1472 MB, DP=1, TP=1, SP=1, PP=1)
E20260616 04:00:18.394755 139886941122560 main.cc:477] step   50/50 | train loss 4.651464 | lr 1.00e-04 | (80.90 ms | 3165 tok/s | peak used:  1370 MB | peak reserved:  1472 MB, DP=1, TP=1, SP=1, PP=1)
E20260616 04:00:19.545841 139886941122560 checkpoint.cc:84] [CKPT] Save done: dir="/data/jym/bf16_resume/gpt2/resume/checkpoint_step_000050"
E20260616 04:00:20.683735 139886941122560 checkpoint.cc:84] [CKPT] Save done: dir="/data/jym/bf16_resume/gpt2/resume/checkpoint_final"
