[LAST_CMAKE] cmake -DUSE_CUDA=ON -DUSE_NCCL=ON -DBUILD_TEST=ON -DPROFILE_MODE=OFF .. && make -j
[RUN_METADATA] /home/jiyiming/code/InfiniTrain_checkpoint/scripts/20260825/feat_checkpoint-consumed-micro-batches_48ca7e4/logs/run_metadata.log
[RUN_STARTED_AT] 2026-08-25 04:46:44
[GIT_BRANCH] feat/checkpoint-consumed-micro-batches
[GIT_COMMIT] 48ca7e4e4ccae8661691cf6f439d1be29dad2b1d
[GIT_COMMIT_SHORT] 48ca7e4
[COMMAND] ./gpt2 --input_bin /data1/shared/InfiniTrain-dev/data/llmc/gpt2/tinyshakespeare/tiny_shakespeare_train.bin --llmc_filepath /data1/shared/InfiniTrain-dev/data/llmc/gpt2/gpt2_124M.bin --device cuda --dtype float32 --num_iteration 10 --batch_size 80 --total_batch_size 5120 --lora_rank 8 --lora_alpha 16.0 --lora_target_modules c_attn,attn.c_proj --lora_load_path /data1/shared/InfiniTrain-dev/data/llmc/gpt2/gpt2_124M_lora_weights_rank8_alpha16.bin
===== LoRA Model Summary (Rank 0) ======
Total parameters:     163479552
Trainable parameters: 442368 (0.270595%)
Frozen parameters:    163037184
========================================
E20260825 05:14:53.656530 140120627015680 main.cc:529] step    1/10 | train loss 5.219541 | lr 1.00e-04 | (303.79 ms | 16854 tok/s | peak used:  7514 MB | peak reserved:  7712 MB, DP=1, TP=1, SP=1, PP=1)
E20260825 05:14:53.877904 140120627015680 main.cc:529] step    2/10 | train loss 5.143069 | lr 1.00e-04 | (220.87 ms | 23181 tok/s | peak used:  7514 MB | peak reserved:  7776 MB, DP=1, TP=1, SP=1, PP=1)
E20260825 05:14:54.118150 140120627015680 main.cc:529] step    3/10 | train loss 5.074582 | lr 1.00e-04 | (240.20 ms | 21315 tok/s | peak used:  7514 MB | peak reserved:  7872 MB, DP=1, TP=1, SP=1, PP=1)
E20260825 05:14:54.338044 140120627015680 main.cc:529] step    4/10 | train loss 4.774477 | lr 1.00e-04 | (219.85 ms | 23288 tok/s | peak used:  7514 MB | peak reserved:  7936 MB, DP=1, TP=1, SP=1, PP=1)
E20260825 05:14:54.557688 140120627015680 main.cc:529] step    5/10 | train loss 4.900558 | lr 1.00e-04 | (219.60 ms | 23315 tok/s | peak used:  7514 MB | peak reserved:  8032 MB, DP=1, TP=1, SP=1, PP=1)
E20260825 05:14:54.793975 140120627015680 main.cc:529] step    6/10 | train loss 4.886520 | lr 1.00e-04 | (236.25 ms | 21672 tok/s | peak used:  7514 MB | peak reserved:  8128 MB, DP=1, TP=1, SP=1, PP=1)
E20260825 05:14:55.013581 140120627015680 main.cc:529] step    7/10 | train loss 4.977930 | lr 1.00e-04 | (219.57 ms | 23319 tok/s | peak used:  7514 MB | peak reserved:  8192 MB, DP=1, TP=1, SP=1, PP=1)
E20260825 05:14:55.234512 140120627015680 main.cc:529] step    8/10 | train loss 4.925591 | lr 1.00e-04 | (220.89 ms | 23179 tok/s | peak used:  7514 MB | peak reserved:  8256 MB, DP=1, TP=1, SP=1, PP=1)
E20260825 05:14:55.454274 140120627015680 main.cc:529] step    9/10 | train loss 4.957021 | lr 1.00e-04 | (219.72 ms | 23302 tok/s | peak used:  7514 MB | peak reserved:  8320 MB, DP=1, TP=1, SP=1, PP=1)
E20260825 05:14:55.673992 140120627015680 main.cc:529] step   10/10 | train loss 5.033315 | lr 1.00e-04 | (219.68 ms | 23307 tok/s | peak used:  7514 MB | peak reserved:  8416 MB, DP=1, TP=1, SP=1, PP=1)
