[LAST_CMAKE] cmake -DUSE_CUDA=ON -DUSE_NCCL=ON -DBUILD_TEST=ON -DPROFILE_MODE=OFF .. && make -j
[RUN_METADATA] /home/jiyiming/code/InfiniTrain_checkpoint/scripts/20260825/feat_checkpoint-consumed-micro-batches_48ca7e4/logs/run_metadata.log
[RUN_STARTED_AT] 2026-08-25 04:46:44
[GIT_BRANCH] feat/checkpoint-consumed-micro-batches
[GIT_COMMIT] 48ca7e4e4ccae8661691cf6f439d1be29dad2b1d
[GIT_COMMIT_SHORT] 48ca7e4
[COMMAND] ./gpt2 --input_bin /data1/shared/InfiniTrain-dev/data/llmc/gpt2/tinyshakespeare/tiny_shakespeare_train.bin --llmc_filepath /data1/shared/InfiniTrain-dev/data/llmc/gpt2/gpt2_124M.bin --device cuda --dtype bfloat16 --nthread_per_process 8 --num_iteration 10 --batch_size 10 --total_batch_size 5120 --lora_rank 8 --lora_alpha 16.0 --lora_target_modules c_attn,attn.c_proj --lora_load_path /data1/shared/InfiniTrain-dev/data/llmc/gpt2/gpt2_124M_lora_weights_rank8_alpha16.bin
===== LoRA Model Summary (Rank 2) ======
Total parameters:     163479552
Trainable parameters: 442368 (0.270595%)
Frozen parameters:    163037184
========================================
===== LoRA Model Summary (Rank 4) ======
Total parameters:     163479552
Trainable parameters: 442368 (0.270595%)
Frozen parameters:    163037184
========================================
===== LoRA Model Summary (Rank 0) ======
Total parameters:     163479552
Trainable parameters: 442368 (0.270595%)
Frozen parameters:    163037184
========================================
===== LoRA Model Summary (Rank 3) ======
Total parameters:     163479552
Trainable parameters: 442368 (0.270595%)
Frozen parameters:    163037184
========================================
===== LoRA Model Summary (Rank 7) ======
Total parameters:     163479552
Trainable parameters: 442368 (0.270595%)
Frozen parameters:    163037184
========================================
===== LoRA Model Summary (Rank 1) ======
Total parameters:     163479552
Trainable parameters: 442368 (0.270595%)
Frozen parameters:    163037184
========================================
===== LoRA Model Summary (Rank 5) ======
Total parameters:     163479552
Trainable parameters: 442368 (0.270595%)
Frozen parameters:    163037184
========================================
===== LoRA Model Summary (Rank 6) ======
Total parameters:     163479552
Trainable parameters: 442368 (0.270595%)
Frozen parameters:    163037184
========================================
E20260825 05:17:08.134400 140692055629824 main.cc:529] step    1/10 | train loss 5.213315 | lr 1.00e-04 | (479.38 ms | 10680 tok/s | peak used:  2296 MB | peak reserved:  2432 MB, DP=8, TP=1, SP=1, PP=1)
E20260825 05:17:08.283128 140692055629824 main.cc:529] step    2/10 | train loss 5.137902 | lr 1.00e-04 | (148.14 ms | 34562 tok/s | peak used:  2529 MB | peak reserved:  2720 MB, DP=8, TP=1, SP=1, PP=1)
E20260825 05:17:08.421649 140692055629824 main.cc:529] step    3/10 | train loss 5.068576 | lr 1.00e-04 | (138.46 ms | 36978 tok/s | peak used:  2529 MB | peak reserved:  2784 MB, DP=8, TP=1, SP=1, PP=1)
E20260825 05:17:08.566560 140692055629824 main.cc:529] step    4/10 | train loss 4.765966 | lr 1.00e-04 | (144.85 ms | 35346 tok/s | peak used:  2529 MB | peak reserved:  2848 MB, DP=8, TP=1, SP=1, PP=1)
E20260825 05:17:08.704144 140692055629824 main.cc:529] step    5/10 | train loss 4.891444 | lr 1.00e-04 | (137.52 ms | 37230 tok/s | peak used:  2529 MB | peak reserved:  2880 MB, DP=8, TP=1, SP=1, PP=1)
E20260825 05:17:08.843695 140692055629824 main.cc:529] step    6/10 | train loss 4.874880 | lr 1.00e-04 | (139.50 ms | 36703 tok/s | peak used:  2529 MB | peak reserved:  2944 MB, DP=8, TP=1, SP=1, PP=1)
E20260825 05:17:08.983909 140692055629824 main.cc:529] step    7/10 | train loss 4.963623 | lr 1.00e-04 | (140.15 ms | 36531 tok/s | peak used:  2529 MB | peak reserved:  3008 MB, DP=8, TP=1, SP=1, PP=1)
E20260825 05:17:09.121823 140692055629824 main.cc:529] step    8/10 | train loss 4.914873 | lr 1.00e-04 | (137.84 ms | 37144 tok/s | peak used:  2529 MB | peak reserved:  3072 MB, DP=8, TP=1, SP=1, PP=1)
E20260825 05:17:09.261578 140692055629824 main.cc:529] step    9/10 | train loss 4.958100 | lr 1.00e-04 | (139.70 ms | 36651 tok/s | peak used:  2529 MB | peak reserved:  3104 MB, DP=8, TP=1, SP=1, PP=1)
E20260825 05:17:09.410691 140692055629824 main.cc:529] step   10/10 | train loss 5.022259 | lr 1.00e-04 | (149.05 ms | 34351 tok/s | peak used:  2529 MB | peak reserved:  3168 MB, DP=8, TP=1, SP=1, PP=1)
