[LAST_CMAKE] cmake -DUSE_CUDA=ON -DUSE_NCCL=ON -DBUILD_TEST=ON -DPROFILE_MODE=OFF .. && make -j
[RUN_METADATA] /home/jiyiming/code/InfiniTrain_checkpoint/scripts/20260825/feat_checkpoint-consumed-micro-batches_48ca7e4/logs/run_metadata.log
[RUN_STARTED_AT] 2026-08-25 04:46:44
[GIT_BRANCH] feat/checkpoint-consumed-micro-batches
[GIT_COMMIT] 48ca7e4e4ccae8661691cf6f439d1be29dad2b1d
[GIT_COMMIT_SHORT] 48ca7e4
[COMMAND] ./gpt2 --input_bin /data1/shared/InfiniTrain-dev/data/llmc/gpt2/tinyshakespeare/tiny_shakespeare_train.bin --llmc_filepath /data1/shared/InfiniTrain-dev/data/llmc/gpt2/gpt2_124M.bin --device cuda --dtype float32 --nthread_per_process 8 --num_iteration 10 --batch_size 10 --total_batch_size 5120 --pipeline_parallel 8 --lora_rank 4 --lora_alpha 8.0 --lora_target_modules c_attn,attn.c_proj,c_fc
===== LoRA Model Summary (Rank 5) ======
Total parameters:     7121664
Trainable parameters: 33792 (0.474496%)
Frozen parameters:    7087872
========================================
===== LoRA Model Summary (Rank 4) ======
Total parameters:     7121664
Trainable parameters: 33792 (0.474496%)
Frozen parameters:    7087872
========================================
===== LoRA Model Summary (Rank 6) ======
Total parameters:     7121664
Trainable parameters: 33792 (0.474496%)
Frozen parameters:    7087872
========================================
===== LoRA Model Summary (Rank 3) ======
Total parameters:     14243328
Trainable parameters: 67584 (0.474496%)
Frozen parameters:    14175744
========================================
===== LoRA Model Summary (Rank 1) ======
Total parameters:     14243328
Trainable parameters: 67584 (0.474496%)
Frozen parameters:    14175744
========================================
===== LoRA Model Summary (Rank 2) ======
Total parameters:     14243328
Trainable parameters: 67584 (0.474496%)
Frozen parameters:    14175744
========================================
===== LoRA Model Summary (Rank 0) ======
Total parameters:     53627136
Trainable parameters: 67584 (0.126026%)
Frozen parameters:    53559552
========================================
===== LoRA Model Summary (Rank 7) ======
Total parameters:     45720576
Trainable parameters: 33792 (0.0739098%)
Frozen parameters:    45686784
========================================
E20260825 05:19:57.644037 140385368121344 main.cc:529] step    1/10 | train loss 5.219545 | lr 1.00e-04 | (545.00 ms | 9394 tok/s | peak used:  1720 MB | peak reserved:  1792 MB, DP=1, TP=1, SP=1, PP=8)
E20260825 05:19:58.095992 140385368121344 main.cc:529] step    2/10 | train loss 5.143064 | lr 1.00e-04 | (451.52 ms | 11339 tok/s | peak used:  1720 MB | peak reserved:  1856 MB, DP=1, TP=1, SP=1, PP=8)
E20260825 05:19:58.209232 140385368121344 main.cc:529] step    3/10 | train loss 5.074578 | lr 1.00e-04 | (113.15 ms | 45250 tok/s | peak used:  1720 MB | peak reserved:  1888 MB, DP=1, TP=1, SP=1, PP=8)
E20260825 05:19:58.328770 140385368121344 main.cc:529] step    4/10 | train loss 4.774479 | lr 1.00e-04 | (119.47 ms | 42855 tok/s | peak used:  1720 MB | peak reserved:  1920 MB, DP=1, TP=1, SP=1, PP=8)
E20260825 05:19:58.447733 140385368121344 main.cc:529] step    5/10 | train loss 4.900561 | lr 1.00e-04 | (118.90 ms | 43061 tok/s | peak used:  1720 MB | peak reserved:  2016 MB, DP=1, TP=1, SP=1, PP=8)
E20260825 05:19:58.560391 140385368121344 main.cc:529] step    6/10 | train loss 4.886525 | lr 1.00e-04 | (112.59 ms | 45474 tok/s | peak used:  1720 MB | peak reserved:  2016 MB, DP=1, TP=1, SP=1, PP=8)
E20260825 05:19:58.673095 140385368121344 main.cc:529] step    7/10 | train loss 4.977913 | lr 1.00e-04 | (112.64 ms | 45454 tok/s | peak used:  1720 MB | peak reserved:  2048 MB, DP=1, TP=1, SP=1, PP=8)
E20260825 05:19:58.786324 140385368121344 main.cc:529] step    8/10 | train loss 4.925583 | lr 1.00e-04 | (113.17 ms | 45243 tok/s | peak used:  1720 MB | peak reserved:  2080 MB, DP=1, TP=1, SP=1, PP=8)
E20260825 05:19:58.906033 140385368121344 main.cc:529] step    9/10 | train loss 4.957021 | lr 1.00e-04 | (119.65 ms | 42792 tok/s | peak used:  1720 MB | peak reserved:  2112 MB, DP=1, TP=1, SP=1, PP=8)
E20260825 05:19:59.011561 140385368121344 main.cc:529] step   10/10 | train loss 5.033322 | lr 1.00e-04 | (105.46 ms | 48549 tok/s | peak used:  1720 MB | peak reserved:  2144 MB, DP=1, TP=1, SP=1, PP=8)
