[LAST_CMAKE] cmake -DUSE_CUDA=ON -DUSE_NCCL=ON -DBUILD_TEST=OFF -DPROFILE_MODE=ON .. && make -j
[RUN_METADATA] /workspace/Github/InfiniTrain-refactor_mha/scripts/20260723/refactor_mla_ccdf048/logs/run_metadata.log
[RUN_STARTED_AT] 2026-07-23 14:52:59
[GIT_BRANCH] refactor/mla
[GIT_COMMIT] ccdf04852c105d981754b21af99c2a2f6372171a
[GIT_COMMIT_SHORT] ccdf048
[COMMAND] ./gpt2 --input_bin /data1/shared/InfiniTrain-dev/data/llmc/gpt2/tinyshakespeare/tiny_shakespeare_train.bin --llmc_filepath /data1/shared/InfiniTrain-dev/data/llmc/gpt2/gpt2_124M.bin --device cuda --nthread_per_process 8 --num_iteration 50 --save_interval 10 --batch_size 40 --total_batch_size 5120 --tensor_parallel 2 --sequence_parallel true --pipeline_parallel 2 --virtual_pipeline_parallel 2 --save /data1/ckpt/3d_ddp2_tp2_pp2_no_resume/gpt2/no_resume --save_optimizer_state true --max_checkpoint_keep 5
E20260723 16:31:08.587692 140550657253376 main.cc:521] step    1/50 | train loss 5.219545 | lr 1.00e-04 | (1142.51 ms | 4481 tok/s | peak used:  2342 MB | peak reserved:  2400 MB, DP=2, TP=2, SP=2, PP=2)
E20260723 16:31:08.936428 140550657253376 main.cc:521] step    2/50 | train loss 5.111401 | lr 1.00e-04 | (347.54 ms | 14732 tok/s | peak used:  2342 MB | peak reserved:  2400 MB, DP=2, TP=2, SP=2, PP=2)
E20260723 16:31:09.307751 140550657253376 main.cc:521] step    3/50 | train loss 5.023347 | lr 1.00e-04 | (371.24 ms | 13792 tok/s | peak used:  2342 MB | peak reserved:  2400 MB, DP=2, TP=2, SP=2, PP=2)
E20260723 16:31:09.616610 140550657253376 main.cc:521] step    4/50 | train loss 4.688690 | lr 1.00e-04 | (308.81 ms | 16580 tok/s | peak used:  2342 MB | peak reserved:  2400 MB, DP=2, TP=2, SP=2, PP=2)
E20260723 16:31:09.972312 140550657253376 main.cc:521] step    5/50 | train loss 4.800508 | lr 1.00e-04 | (355.65 ms | 14396 tok/s | peak used:  2342 MB | peak reserved:  2400 MB, DP=2, TP=2, SP=2, PP=2)
E20260723 16:31:10.369778 140550657253376 main.cc:521] step    6/50 | train loss 4.738534 | lr 1.00e-04 | (397.42 ms | 12883 tok/s | peak used:  2342 MB | peak reserved:  2400 MB, DP=2, TP=2, SP=2, PP=2)
E20260723 16:31:10.740309 140550657253376 main.cc:521] step    7/50 | train loss 4.797225 | lr 1.00e-04 | (370.47 ms | 13820 tok/s | peak used:  2342 MB | peak reserved:  2400 MB, DP=2, TP=2, SP=2, PP=2)
E20260723 16:31:11.106755 140550657253376 main.cc:521] step    8/50 | train loss 4.689702 | lr 1.00e-04 | (366.39 ms | 13974 tok/s | peak used:  2342 MB | peak reserved:  2400 MB, DP=2, TP=2, SP=2, PP=2)
E20260723 16:31:11.463401 140550657253376 main.cc:521] step    9/50 | train loss 4.798491 | lr 1.00e-04 | (356.60 ms | 14358 tok/s | peak used:  2342 MB | peak reserved:  2400 MB, DP=2, TP=2, SP=2, PP=2)
E20260723 16:31:11.813232 140550657253376 main.cc:521] step   10/50 | train loss 4.804093 | lr 1.00e-04 | (349.77 ms | 14638 tok/s | peak used:  2342 MB | peak reserved:  2400 MB, DP=2, TP=2, SP=2, PP=2)
E20260723 16:31:12.061576 140550724366336 checkpoint.cc:207] [CKPT] Save done: dir="/data1/ckpt/3d_ddp2_tp2_pp2_no_resume/gpt2/no_resume/checkpoint_step_000010/rank_000006"
E20260723 16:31:12.070157 140550791479296 checkpoint.cc:207] [CKPT] Save done: dir="/data1/ckpt/3d_ddp2_tp2_pp2_no_resume/gpt2/no_resume/checkpoint_step_000010/rank_000005"
E20260723 16:31:12.075350 140550858592256 checkpoint.cc:207] [CKPT] Save done: dir="/data1/ckpt/3d_ddp2_tp2_pp2_no_resume/gpt2/no_resume/checkpoint_step_000010/rank_000004"
E20260723 16:31:12.086369 140550657253376 checkpoint.cc:207] [CKPT] Save done: dir="/data1/ckpt/3d_ddp2_tp2_pp2_no_resume/gpt2/no_resume/checkpoint_step_000010/rank_000007"
E20260723 16:31:12.146540 140550992818176 checkpoint.cc:207] [CKPT] Save done: dir="/data1/ckpt/3d_ddp2_tp2_pp2_no_resume/gpt2/no_resume/checkpoint_step_000010/rank_000002"
E20260723 16:31:12.151361 140551261253632 checkpoint.cc:207] [CKPT] Save done: dir="/data1/ckpt/3d_ddp2_tp2_pp2_no_resume/gpt2/no_resume/checkpoint_step_000010/rank_000000"
E20260723 16:31:12.155489 140551194140672 checkpoint.cc:207] [CKPT] Save done: dir="/data1/ckpt/3d_ddp2_tp2_pp2_no_resume/gpt2/no_resume/checkpoint_step_000010/rank_000001"
E20260723 16:31:12.158351 140550925705216 checkpoint.cc:207] [CKPT] Save done: dir="/data1/ckpt/3d_ddp2_tp2_pp2_no_resume/gpt2/no_resume/checkpoint_step_000010/rank_000003"
E20260723 16:31:12.488168 140550657253376 main.cc:521] step   11/50 | train loss 4.598698 | lr 1.00e-04 | (401.73 ms | 12745 tok/s | peak used:  2342 MB | peak reserved:  2400 MB, DP=2, TP=2, SP=2, PP=2)
E20260723 16:31:12.891604 140550657253376 main.cc:521] step   12/50 | train loss 4.725383 | lr 1.00e-04 | (403.36 ms | 12693 tok/s | peak used:  2342 MB | peak reserved:  2400 MB, DP=2, TP=2, SP=2, PP=2)
E20260723 16:31:13.261391 140550657253376 main.cc:521] step   13/50 | train loss 4.811612 | lr 1.00e-04 | (369.72 ms | 13848 tok/s | peak used:  2342 MB | peak reserved:  2400 MB, DP=2, TP=2, SP=2, PP=2)
E20260723 16:31:13.656575 140550657253376 main.cc:521] step   14/50 | train loss 4.838652 | lr 1.00e-04 | (395.09 ms | 12959 tok/s | peak used:  2342 MB | peak reserved:  2400 MB, DP=2, TP=2, SP=2, PP=2)
E20260723 16:31:14.044110 140550657253376 main.cc:521] step   15/50 | train loss 4.827898 | lr 1.00e-04 | (387.45 ms | 13214 tok/s | peak used:  2342 MB | peak reserved:  2400 MB, DP=2, TP=2, SP=2, PP=2)
E20260723 16:31:14.405857 140550657253376 main.cc:521] step   16/50 | train loss 4.772853 | lr 1.00e-04 | (361.67 ms | 14157 tok/s | peak used:  2342 MB | peak reserved:  2400 MB, DP=2, TP=2, SP=2, PP=2)
E20260723 16:31:14.771113 140550657253376 main.cc:521] step   17/50 | train loss 4.783788 | lr 1.00e-04 | (365.09 ms | 14024 tok/s | peak used:  2342 MB | peak reserved:  2400 MB, DP=2, TP=2, SP=2, PP=2)
E20260723 16:31:15.130084 140550657253376 main.cc:521] step   18/50 | train loss 4.728649 | lr 1.00e-04 | (358.91 ms | 14266 tok/s | peak used:  2342 MB | peak reserved:  2400 MB, DP=2, TP=2, SP=2, PP=2)
E20260723 16:31:15.497860 140550657253376 main.cc:521] step   19/50 | train loss 4.661249 | lr 1.00e-04 | (367.69 ms | 13925 tok/s | peak used:  2342 MB | peak reserved:  2400 MB, DP=2, TP=2, SP=2, PP=2)
E20260723 16:31:15.872963 140550657253376 main.cc:521] step   20/50 | train loss 4.680492 | lr 1.00e-04 | (375.01 ms | 13653 tok/s | peak used:  2342 MB | peak reserved:  2400 MB, DP=2, TP=2, SP=2, PP=2)
E20260723 16:31:16.157308 140550858592256 checkpoint.cc:207] [CKPT] Save done: dir="/data1/ckpt/3d_ddp2_tp2_pp2_no_resume/gpt2/no_resume/checkpoint_step_000020/rank_000004"
E20260723 16:31:16.163150 140550657253376 checkpoint.cc:207] [CKPT] Save done: dir="/data1/ckpt/3d_ddp2_tp2_pp2_no_resume/gpt2/no_resume/checkpoint_step_000020/rank_000007"
E20260723 16:31:16.172092 140550724366336 checkpoint.cc:207] [CKPT] Save done: dir="/data1/ckpt/3d_ddp2_tp2_pp2_no_resume/gpt2/no_resume/checkpoint_step_000020/rank_000006"
E20260723 16:31:16.174026 140550791479296 checkpoint.cc:207] [CKPT] Save done: dir="/data1/ckpt/3d_ddp2_tp2_pp2_no_resume/gpt2/no_resume/checkpoint_step_000020/rank_000005"
E20260723 16:31:16.205625 140550925705216 checkpoint.cc:207] [CKPT] Save done: dir="/data1/ckpt/3d_ddp2_tp2_pp2_no_resume/gpt2/no_resume/checkpoint_step_000020/rank_000003"
E20260723 16:31:16.219158 140550992818176 checkpoint.cc:207] [CKPT] Save done: dir="/data1/ckpt/3d_ddp2_tp2_pp2_no_resume/gpt2/no_resume/checkpoint_step_000020/rank_000002"
E20260723 16:31:16.221156 140551194140672 checkpoint.cc:207] [CKPT] Save done: dir="/data1/ckpt/3d_ddp2_tp2_pp2_no_resume/gpt2/no_resume/checkpoint_step_000020/rank_000001"
E20260723 16:31:16.224141 140551261253632 checkpoint.cc:207] [CKPT] Save done: dir="/data1/ckpt/3d_ddp2_tp2_pp2_no_resume/gpt2/no_resume/checkpoint_step_000020/rank_000000"
E20260723 16:31:16.568589 140550657253376 main.cc:521] step   21/50 | train loss 4.837656 | lr 1.00e-04 | (405.37 ms | 12630 tok/s | peak used:  2342 MB | peak reserved:  2400 MB, DP=2, TP=2, SP=2, PP=2)
E20260723 16:31:16.940660 140550657253376 main.cc:521] step   22/50 | train loss 4.630062 | lr 1.00e-04 | (372.01 ms | 13763 tok/s | peak used:  2342 MB | peak reserved:  2400 MB, DP=2, TP=2, SP=2, PP=2)
E20260723 16:31:17.289888 140550657253376 main.cc:521] step   23/50 | train loss 4.748735 | lr 1.00e-04 | (349.17 ms | 14663 tok/s | peak used:  2342 MB | peak reserved:  2400 MB, DP=2, TP=2, SP=2, PP=2)
E20260723 16:31:17.688176 140550657253376 main.cc:521] step   24/50 | train loss 4.707980 | lr 1.00e-04 | (398.22 ms | 12857 tok/s | peak used:  2342 MB | peak reserved:  2400 MB, DP=2, TP=2, SP=2, PP=2)
E20260723 16:31:18.028592 140550657253376 main.cc:521] step   25/50 | train loss 4.495559 | lr 1.00e-04 | (340.35 ms | 15043 tok/s | peak used:  2342 MB | peak reserved:  2400 MB, DP=2, TP=2, SP=2, PP=2)
E20260723 16:31:18.375676 140550657253376 main.cc:521] step   26/50 | train loss 4.538972 | lr 1.00e-04 | (347.02 ms | 14754 tok/s | peak used:  2342 MB | peak reserved:  2400 MB, DP=2, TP=2, SP=2, PP=2)
E20260723 16:31:18.756017 140550657253376 main.cc:521] step   27/50 | train loss 4.641394 | lr 1.00e-04 | (380.29 ms | 13464 tok/s | peak used:  2342 MB | peak reserved:  2400 MB, DP=2, TP=2, SP=2, PP=2)
E20260723 16:31:19.140073 140550657253376 main.cc:521] step   28/50 | train loss 4.584627 | lr 1.00e-04 | (384.01 ms | 13333 tok/s | peak used:  2342 MB | peak reserved:  2400 MB, DP=2, TP=2, SP=2, PP=2)
E20260723 16:31:19.533888 140550657253376 main.cc:521] step   29/50 | train loss 4.503596 | lr 1.00e-04 | (393.75 ms | 13003 tok/s | peak used:  2342 MB | peak reserved:  2400 MB, DP=2, TP=2, SP=2, PP=2)
E20260723 16:31:19.903899 140550657253376 main.cc:521] step   30/50 | train loss 4.653382 | lr 1.00e-04 | (369.95 ms | 13840 tok/s | peak used:  2342 MB | peak reserved:  2400 MB, DP=2, TP=2, SP=2, PP=2)
E20260723 16:31:20.188028 140550791479296 checkpoint.cc:207] [CKPT] Save done: dir="/data1/ckpt/3d_ddp2_tp2_pp2_no_resume/gpt2/no_resume/checkpoint_step_000030/rank_000005"
E20260723 16:31:20.201903 140550657253376 checkpoint.cc:207] [CKPT] Save done: dir="/data1/ckpt/3d_ddp2_tp2_pp2_no_resume/gpt2/no_resume/checkpoint_step_000030/rank_000007"
E20260723 16:31:20.208934 140550724366336 checkpoint.cc:207] [CKPT] Save done: dir="/data1/ckpt/3d_ddp2_tp2_pp2_no_resume/gpt2/no_resume/checkpoint_step_000030/rank_000006"
E20260723 16:31:20.209160 140550858592256 checkpoint.cc:207] [CKPT] Save done: dir="/data1/ckpt/3d_ddp2_tp2_pp2_no_resume/gpt2/no_resume/checkpoint_step_000030/rank_000004"
E20260723 16:31:20.228104 140551261253632 checkpoint.cc:207] [CKPT] Save done: dir="/data1/ckpt/3d_ddp2_tp2_pp2_no_resume/gpt2/no_resume/checkpoint_step_000030/rank_000000"
E20260723 16:31:20.242346 140550925705216 checkpoint.cc:207] [CKPT] Save done: dir="/data1/ckpt/3d_ddp2_tp2_pp2_no_resume/gpt2/no_resume/checkpoint_step_000030/rank_000003"
E20260723 16:31:20.248722 140551194140672 checkpoint.cc:207] [CKPT] Save done: dir="/data1/ckpt/3d_ddp2_tp2_pp2_no_resume/gpt2/no_resume/checkpoint_step_000030/rank_000001"
E20260723 16:31:20.251800 140550992818176 checkpoint.cc:207] [CKPT] Save done: dir="/data1/ckpt/3d_ddp2_tp2_pp2_no_resume/gpt2/no_resume/checkpoint_step_000030/rank_000002"
E20260723 16:31:20.552507 140550657253376 main.cc:521] step   31/50 | train loss 4.646862 | lr 1.00e-04 | (350.53 ms | 14606 tok/s | peak used:  2342 MB | peak reserved:  2400 MB, DP=2, TP=2, SP=2, PP=2)
E20260723 16:31:20.879351 140550657253376 main.cc:521] step   32/50 | train loss 4.360770 | lr 1.00e-04 | (326.76 ms | 15669 tok/s | peak used:  2342 MB | peak reserved:  2400 MB, DP=2, TP=2, SP=2, PP=2)
E20260723 16:31:21.236296 140550657253376 main.cc:521] step   33/50 | train loss 4.689915 | lr 1.00e-04 | (356.88 ms | 14346 tok/s | peak used:  2342 MB | peak reserved:  2400 MB, DP=2, TP=2, SP=2, PP=2)
E20260723 16:31:21.602906 140550657253376 main.cc:521] step   34/50 | train loss 4.652094 | lr 1.00e-04 | (366.46 ms | 13971 tok/s | peak used:  2342 MB | peak reserved:  2400 MB, DP=2, TP=2, SP=2, PP=2)
E20260723 16:31:22.001552 140550657253376 main.cc:521] step   35/50 | train loss 4.543900 | lr 1.00e-04 | (398.59 ms | 12845 tok/s | peak used:  2342 MB | peak reserved:  2400 MB, DP=2, TP=2, SP=2, PP=2)
E20260723 16:31:22.382782 140550657253376 main.cc:521] step   36/50 | train loss 4.832331 | lr 1.00e-04 | (381.17 ms | 13432 tok/s | peak used:  2342 MB | peak reserved:  2400 MB, DP=2, TP=2, SP=2, PP=2)
E20260723 16:31:22.758256 140550657253376 main.cc:521] step   37/50 | train loss 4.862926 | lr 1.00e-04 | (375.40 ms | 13639 tok/s | peak used:  2342 MB | peak reserved:  2400 MB, DP=2, TP=2, SP=2, PP=2)
E20260723 16:31:23.120846 140550657253376 main.cc:521] step   38/50 | train loss 4.823746 | lr 1.00e-04 | (362.53 ms | 14123 tok/s | peak used:  2342 MB | peak reserved:  2400 MB, DP=2, TP=2, SP=2, PP=2)
E20260723 16:31:23.479760 140550657253376 main.cc:521] step   39/50 | train loss 4.853214 | lr 1.00e-04 | (358.86 ms | 14267 tok/s | peak used:  2342 MB | peak reserved:  2400 MB, DP=2, TP=2, SP=2, PP=2)
E20260723 16:31:23.835457 140550657253376 main.cc:521] step   40/50 | train loss 4.824492 | lr 1.00e-04 | (355.63 ms | 14397 tok/s | peak used:  2342 MB | peak reserved:  2400 MB, DP=2, TP=2, SP=2, PP=2)
E20260723 16:31:24.117440 140550791479296 checkpoint.cc:207] [CKPT] Save done: dir="/data1/ckpt/3d_ddp2_tp2_pp2_no_resume/gpt2/no_resume/checkpoint_step_000040/rank_000005"
E20260723 16:31:24.134132 140550858592256 checkpoint.cc:207] [CKPT] Save done: dir="/data1/ckpt/3d_ddp2_tp2_pp2_no_resume/gpt2/no_resume/checkpoint_step_000040/rank_000004"
E20260723 16:31:24.137063 140550657253376 checkpoint.cc:207] [CKPT] Save done: dir="/data1/ckpt/3d_ddp2_tp2_pp2_no_resume/gpt2/no_resume/checkpoint_step_000040/rank_000007"
E20260723 16:31:24.137757 140550724366336 checkpoint.cc:207] [CKPT] Save done: dir="/data1/ckpt/3d_ddp2_tp2_pp2_no_resume/gpt2/no_resume/checkpoint_step_000040/rank_000006"
E20260723 16:31:24.162971 140551261253632 checkpoint.cc:207] [CKPT] Save done: dir="/data1/ckpt/3d_ddp2_tp2_pp2_no_resume/gpt2/no_resume/checkpoint_step_000040/rank_000000"
E20260723 16:31:24.164868 140551194140672 checkpoint.cc:207] [CKPT] Save done: dir="/data1/ckpt/3d_ddp2_tp2_pp2_no_resume/gpt2/no_resume/checkpoint_step_000040/rank_000001"
E20260723 16:31:24.174746 140550925705216 checkpoint.cc:207] [CKPT] Save done: dir="/data1/ckpt/3d_ddp2_tp2_pp2_no_resume/gpt2/no_resume/checkpoint_step_000040/rank_000003"
E20260723 16:31:24.177459 140550992818176 checkpoint.cc:207] [CKPT] Save done: dir="/data1/ckpt/3d_ddp2_tp2_pp2_no_resume/gpt2/no_resume/checkpoint_step_000040/rank_000002"
E20260723 16:31:24.497996 140550657253376 main.cc:521] step   41/50 | train loss 4.772593 | lr 1.00e-04 | (360.89 ms | 14187 tok/s | peak used:  2342 MB | peak reserved:  2400 MB, DP=2, TP=2, SP=2, PP=2)
E20260723 16:31:24.840538 140550657253376 main.cc:521] step   42/50 | train loss 4.772711 | lr 1.00e-04 | (342.45 ms | 14951 tok/s | peak used:  2342 MB | peak reserved:  2400 MB, DP=2, TP=2, SP=2, PP=2)
E20260723 16:31:25.187799 140550657253376 main.cc:521] step   43/50 | train loss 4.795121 | lr 1.00e-04 | (347.21 ms | 14746 tok/s | peak used:  2342 MB | peak reserved:  2400 MB, DP=2, TP=2, SP=2, PP=2)
E20260723 16:31:25.537265 140550657253376 main.cc:521] step   44/50 | train loss 4.681509 | lr 1.00e-04 | (349.41 ms | 14653 tok/s | peak used:  2342 MB | peak reserved:  2400 MB, DP=2, TP=2, SP=2, PP=2)
E20260723 16:31:25.883310 140550657253376 main.cc:521] step   45/50 | train loss 4.522458 | lr 1.00e-04 | (345.98 ms | 14798 tok/s | peak used:  2342 MB | peak reserved:  2400 MB, DP=2, TP=2, SP=2, PP=2)
E20260723 16:31:26.213955 140550657253376 main.cc:521] step   46/50 | train loss 4.545523 | lr 1.00e-04 | (330.57 ms | 15488 tok/s | peak used:  2342 MB | peak reserved:  2400 MB, DP=2, TP=2, SP=2, PP=2)
E20260723 16:31:26.696093 140550657253376 main.cc:521] step   47/50 | train loss 4.618790 | lr 1.00e-04 | (482.06 ms | 10621 tok/s | peak used:  2342 MB | peak reserved:  2400 MB, DP=2, TP=2, SP=2, PP=2)
E20260723 16:31:27.027506 140550657253376 main.cc:521] step   48/50 | train loss 4.626948 | lr 1.00e-04 | (331.33 ms | 15453 tok/s | peak used:  2342 MB | peak reserved:  2400 MB, DP=2, TP=2, SP=2, PP=2)
E20260723 16:31:27.390436 140550657253376 main.cc:521] step   49/50 | train loss 4.614967 | lr 1.00e-04 | (362.88 ms | 14109 tok/s | peak used:  2342 MB | peak reserved:  2400 MB, DP=2, TP=2, SP=2, PP=2)
E20260723 16:31:27.771439 140550657253376 main.cc:521] step   50/50 | train loss 4.526660 | lr 1.00e-04 | (380.93 ms | 13441 tok/s | peak used:  2342 MB | peak reserved:  2400 MB, DP=2, TP=2, SP=2, PP=2)
E20260723 16:31:28.049096 140550724366336 checkpoint.cc:207] [CKPT] Save done: dir="/data1/ckpt/3d_ddp2_tp2_pp2_no_resume/gpt2/no_resume/checkpoint_step_000050/rank_000006"
E20260723 16:31:28.052794 140550858592256 checkpoint.cc:207] [CKPT] Save done: dir="/data1/ckpt/3d_ddp2_tp2_pp2_no_resume/gpt2/no_resume/checkpoint_step_000050/rank_000004"
E20260723 16:31:28.057121 140550791479296 checkpoint.cc:207] [CKPT] Save done: dir="/data1/ckpt/3d_ddp2_tp2_pp2_no_resume/gpt2/no_resume/checkpoint_step_000050/rank_000005"
E20260723 16:31:28.068516 140550657253376 checkpoint.cc:207] [CKPT] Save done: dir="/data1/ckpt/3d_ddp2_tp2_pp2_no_resume/gpt2/no_resume/checkpoint_step_000050/rank_000007"
E20260723 16:31:28.096286 140551261253632 checkpoint.cc:207] [CKPT] Save done: dir="/data1/ckpt/3d_ddp2_tp2_pp2_no_resume/gpt2/no_resume/checkpoint_step_000050/rank_000000"
E20260723 16:31:28.100769 140551194140672 checkpoint.cc:207] [CKPT] Save done: dir="/data1/ckpt/3d_ddp2_tp2_pp2_no_resume/gpt2/no_resume/checkpoint_step_000050/rank_000001"
E20260723 16:31:28.107047 140550992818176 checkpoint.cc:207] [CKPT] Save done: dir="/data1/ckpt/3d_ddp2_tp2_pp2_no_resume/gpt2/no_resume/checkpoint_step_000050/rank_000002"
E20260723 16:31:28.108732 140550925705216 checkpoint.cc:207] [CKPT] Save done: dir="/data1/ckpt/3d_ddp2_tp2_pp2_no_resume/gpt2/no_resume/checkpoint_step_000050/rank_000003"
