[LAST_CMAKE] cmake -DUSE_CUDA=ON -DUSE_NCCL=ON -DBUILD_TEST=OFF -DPROFILE_MODE=ON .. && make -j
[RUN_METADATA] /workspace/Github/InfiniTrain-refactor_mha/scripts/20260723/refactor_mla_ccdf048/logs/run_metadata.log
[RUN_STARTED_AT] 2026-07-23 14:52:59
[GIT_BRANCH] refactor/mla
[GIT_COMMIT] ccdf04852c105d981754b21af99c2a2f6372171a
[GIT_COMMIT_SHORT] ccdf048
[COMMAND] ./gpt2 --input_bin /data1/shared/InfiniTrain-dev/data/llmc/gpt2/tinyshakespeare/tiny_shakespeare_train.bin --llmc_filepath /data1/shared/InfiniTrain-dev/data/llmc/gpt2/gpt2_124M.bin --device cuda --dtype bfloat16 --num_iteration 50 --save_interval 10 --save /data1/ckpt/bfloat16_no_resume/gpt2/no_resume
E20260723 16:27:15.713616 140331846717440 main.cc:521] step    1/50 | train loss 5.336104 | lr 1.00e-04 | (187.63 ms | 1364 tok/s | peak used:  1397 MB | peak reserved:  1472 MB, DP=1, TP=1, SP=1, PP=1)
E20260723 16:27:15.813259 140331846717440 main.cc:521] step    2/50 | train loss 5.031670 | lr 1.00e-04 | (98.52 ms | 2598 tok/s | peak used:  1397 MB | peak reserved:  1472 MB, DP=1, TP=1, SP=1, PP=1)
E20260723 16:27:15.901682 140331846717440 main.cc:521] step    3/50 | train loss 4.874242 | lr 1.00e-04 | (88.37 ms | 2897 tok/s | peak used:  1397 MB | peak reserved:  1504 MB, DP=1, TP=1, SP=1, PP=1)
E20260723 16:27:15.988528 140331846717440 main.cc:521] step    4/50 | train loss 4.934619 | lr 1.00e-04 | (86.81 ms | 2949 tok/s | peak used:  1397 MB | peak reserved:  1504 MB, DP=1, TP=1, SP=1, PP=1)
E20260723 16:27:16.128527 140331846717440 main.cc:521] step    5/50 | train loss 4.928989 | lr 1.00e-04 | (139.96 ms | 1829 tok/s | peak used:  1397 MB | peak reserved:  1504 MB, DP=1, TP=1, SP=1, PP=1)
E20260723 16:27:16.242653 140331846717440 main.cc:521] step    6/50 | train loss 5.063723 | lr 1.00e-04 | (114.09 ms | 2244 tok/s | peak used:  1397 MB | peak reserved:  1504 MB, DP=1, TP=1, SP=1, PP=1)
E20260723 16:27:16.342560 140331846717440 main.cc:521] step    7/50 | train loss 4.826561 | lr 1.00e-04 | (99.87 ms | 2563 tok/s | peak used:  1397 MB | peak reserved:  1504 MB, DP=1, TP=1, SP=1, PP=1)
E20260723 16:27:16.428677 140331846717440 main.cc:521] step    8/50 | train loss 4.886226 | lr 1.00e-04 | (86.08 ms | 2974 tok/s | peak used:  1397 MB | peak reserved:  1504 MB, DP=1, TP=1, SP=1, PP=1)
E20260723 16:27:16.513462 140331846717440 main.cc:521] step    9/50 | train loss 5.101178 | lr 1.00e-04 | (84.75 ms | 3021 tok/s | peak used:  1397 MB | peak reserved:  1504 MB, DP=1, TP=1, SP=1, PP=1)
E20260723 16:27:16.598480 140331846717440 main.cc:521] step   10/50 | train loss 5.215880 | lr 1.00e-04 | (84.98 ms | 3013 tok/s | peak used:  1397 MB | peak reserved:  1504 MB, DP=1, TP=1, SP=1, PP=1)
E20260723 16:27:17.325567 140331846717440 checkpoint.cc:207] [CKPT] Save done: dir="/data1/ckpt/bfloat16_no_resume/gpt2/no_resume/checkpoint_step_000010"
E20260723 16:27:17.447020 140331846717440 main.cc:521] step   11/50 | train loss 5.058126 | lr 1.00e-04 | (121.34 ms | 2110 tok/s | peak used:  1397 MB | peak reserved:  1504 MB, DP=1, TP=1, SP=1, PP=1)
E20260723 16:27:17.539389 140331846717440 main.cc:521] step   12/50 | train loss 4.609498 | lr 1.00e-04 | (92.32 ms | 2773 tok/s | peak used:  1397 MB | peak reserved:  1504 MB, DP=1, TP=1, SP=1, PP=1)
E20260723 16:27:17.630072 140331846717440 main.cc:521] step   13/50 | train loss 4.655823 | lr 1.00e-04 | (90.64 ms | 2824 tok/s | peak used:  1397 MB | peak reserved:  1504 MB, DP=1, TP=1, SP=1, PP=1)
E20260723 16:27:17.715176 140331846717440 main.cc:521] step   14/50 | train loss 4.843148 | lr 1.00e-04 | (85.06 ms | 3009 tok/s | peak used:  1397 MB | peak reserved:  1504 MB, DP=1, TP=1, SP=1, PP=1)
E20260723 16:27:17.802813 140331846717440 main.cc:521] step   15/50 | train loss 4.998733 | lr 1.00e-04 | (87.60 ms | 2922 tok/s | peak used:  1397 MB | peak reserved:  1504 MB, DP=1, TP=1, SP=1, PP=1)
E20260723 16:27:17.951141 140331846717440 main.cc:521] step   16/50 | train loss 4.777394 | lr 1.00e-04 | (148.29 ms | 1726 tok/s | peak used:  1397 MB | peak reserved:  1504 MB, DP=1, TP=1, SP=1, PP=1)
E20260723 16:27:18.057246 140331846717440 main.cc:521] step   17/50 | train loss 5.110177 | lr 1.00e-04 | (106.07 ms | 2414 tok/s | peak used:  1397 MB | peak reserved:  1504 MB, DP=1, TP=1, SP=1, PP=1)
E20260723 16:27:18.167340 140331846717440 main.cc:521] step   18/50 | train loss 4.981051 | lr 1.00e-04 | (110.05 ms | 2326 tok/s | peak used:  1397 MB | peak reserved:  1504 MB, DP=1, TP=1, SP=1, PP=1)
E20260723 16:27:18.252267 140331846717440 main.cc:521] step   19/50 | train loss 4.649672 | lr 1.00e-04 | (84.88 ms | 3016 tok/s | peak used:  1397 MB | peak reserved:  1504 MB, DP=1, TP=1, SP=1, PP=1)
E20260723 16:27:18.340357 140331846717440 main.cc:521] step   20/50 | train loss 4.415936 | lr 1.00e-04 | (88.04 ms | 2908 tok/s | peak used:  1397 MB | peak reserved:  1504 MB, DP=1, TP=1, SP=1, PP=1)
E20260723 16:27:19.038374 140331846717440 checkpoint.cc:207] [CKPT] Save done: dir="/data1/ckpt/bfloat16_no_resume/gpt2/no_resume/checkpoint_step_000020"
E20260723 16:27:19.153888 140331846717440 main.cc:521] step   21/50 | train loss 4.749965 | lr 1.00e-04 | (115.41 ms | 2218 tok/s | peak used:  1397 MB | peak reserved:  1504 MB, DP=1, TP=1, SP=1, PP=1)
E20260723 16:27:19.286903 140331846717440 main.cc:521] step   22/50 | train loss 4.641573 | lr 1.00e-04 | (132.97 ms | 1925 tok/s | peak used:  1397 MB | peak reserved:  1504 MB, DP=1, TP=1, SP=1, PP=1)
E20260723 16:27:19.372801 140331846717440 main.cc:521] step   23/50 | train loss 4.848743 | lr 1.00e-04 | (85.84 ms | 2982 tok/s | peak used:  1397 MB | peak reserved:  1504 MB, DP=1, TP=1, SP=1, PP=1)
E20260723 16:27:19.457605 140331846717440 main.cc:521] step   24/50 | train loss 4.641184 | lr 1.00e-04 | (84.77 ms | 3020 tok/s | peak used:  1397 MB | peak reserved:  1504 MB, DP=1, TP=1, SP=1, PP=1)
E20260723 16:27:19.542132 140331846717440 main.cc:521] step   25/50 | train loss 4.573247 | lr 1.00e-04 | (84.49 ms | 3030 tok/s | peak used:  1397 MB | peak reserved:  1504 MB, DP=1, TP=1, SP=1, PP=1)
E20260723 16:27:19.647394 140331846717440 main.cc:521] step   26/50 | train loss 4.693907 | lr 1.00e-04 | (105.22 ms | 2433 tok/s | peak used:  1397 MB | peak reserved:  1504 MB, DP=1, TP=1, SP=1, PP=1)
E20260723 16:27:19.757738 140331846717440 main.cc:521] step   27/50 | train loss 4.348706 | lr 1.00e-04 | (110.30 ms | 2321 tok/s | peak used:  1397 MB | peak reserved:  1504 MB, DP=1, TP=1, SP=1, PP=1)
E20260723 16:27:19.897420 140331846717440 main.cc:521] step   28/50 | train loss 4.656130 | lr 1.00e-04 | (139.64 ms | 1833 tok/s | peak used:  1397 MB | peak reserved:  1504 MB, DP=1, TP=1, SP=1, PP=1)
E20260723 16:27:19.983901 140331846717440 main.cc:521] step   29/50 | train loss 4.823268 | lr 1.00e-04 | (86.43 ms | 2962 tok/s | peak used:  1397 MB | peak reserved:  1504 MB, DP=1, TP=1, SP=1, PP=1)
E20260723 16:27:20.068555 140331846717440 main.cc:521] step   30/50 | train loss 4.519781 | lr 1.00e-04 | (84.62 ms | 3025 tok/s | peak used:  1397 MB | peak reserved:  1504 MB, DP=1, TP=1, SP=1, PP=1)
E20260723 16:27:20.758028 140331846717440 checkpoint.cc:207] [CKPT] Save done: dir="/data1/ckpt/bfloat16_no_resume/gpt2/no_resume/checkpoint_step_000030"
E20260723 16:27:20.879330 140331846717440 main.cc:521] step   31/50 | train loss 4.769024 | lr 1.00e-04 | (121.19 ms | 2112 tok/s | peak used:  1397 MB | peak reserved:  1504 MB, DP=1, TP=1, SP=1, PP=1)
E20260723 16:27:20.999931 140331846717440 main.cc:521] step   32/50 | train loss 4.741747 | lr 1.00e-04 | (120.56 ms | 2123 tok/s | peak used:  1397 MB | peak reserved:  1504 MB, DP=1, TP=1, SP=1, PP=1)
E20260723 16:27:21.087619 140331846717440 main.cc:521] step   33/50 | train loss 4.531989 | lr 1.00e-04 | (87.65 ms | 2921 tok/s | peak used:  1397 MB | peak reserved:  1504 MB, DP=1, TP=1, SP=1, PP=1)
E20260723 16:27:21.172436 140331846717440 main.cc:521] step   34/50 | train loss 4.970401 | lr 1.00e-04 | (84.78 ms | 3020 tok/s | peak used:  1397 MB | peak reserved:  1504 MB, DP=1, TP=1, SP=1, PP=1)
E20260723 16:27:21.257099 140331846717440 main.cc:521] step   35/50 | train loss 5.020825 | lr 1.00e-04 | (84.62 ms | 3025 tok/s | peak used:  1397 MB | peak reserved:  1504 MB, DP=1, TP=1, SP=1, PP=1)
E20260723 16:27:21.341991 140331846717440 main.cc:521] step   36/50 | train loss 5.064852 | lr 1.00e-04 | (84.85 ms | 3017 tok/s | peak used:  1397 MB | peak reserved:  1504 MB, DP=1, TP=1, SP=1, PP=1)
E20260723 16:27:21.435239 140331846717440 main.cc:521] step   37/50 | train loss 4.962562 | lr 1.00e-04 | (93.20 ms | 2747 tok/s | peak used:  1397 MB | peak reserved:  1504 MB, DP=1, TP=1, SP=1, PP=1)
E20260723 16:27:21.549939 140331846717440 main.cc:521] step   38/50 | train loss 4.541131 | lr 1.00e-04 | (114.66 ms | 2233 tok/s | peak used:  1397 MB | peak reserved:  1504 MB, DP=1, TP=1, SP=1, PP=1)
E20260723 16:27:21.656430 140331846717440 main.cc:521] step   39/50 | train loss 4.831185 | lr 1.00e-04 | (106.45 ms | 2405 tok/s | peak used:  1397 MB | peak reserved:  1504 MB, DP=1, TP=1, SP=1, PP=1)
E20260723 16:27:21.763346 140331846717440 main.cc:521] step   40/50 | train loss 4.721007 | lr 1.00e-04 | (106.88 ms | 2395 tok/s | peak used:  1397 MB | peak reserved:  1504 MB, DP=1, TP=1, SP=1, PP=1)
E20260723 16:27:22.473469 140331846717440 checkpoint.cc:207] [CKPT] Save done: dir="/data1/ckpt/bfloat16_no_resume/gpt2/no_resume/checkpoint_step_000040"
E20260723 16:27:22.691218 140331846717440 main.cc:521] step   41/50 | train loss 4.762024 | lr 1.00e-04 | (139.34 ms | 1837 tok/s | peak used:  1397 MB | peak reserved:  1504 MB, DP=1, TP=1, SP=1, PP=1)
E20260723 16:27:22.797483 140331846717440 main.cc:521] step   42/50 | train loss 4.731551 | lr 1.00e-04 | (106.20 ms | 2411 tok/s | peak used:  1397 MB | peak reserved:  1504 MB, DP=1, TP=1, SP=1, PP=1)
E20260723 16:27:22.907978 140331846717440 main.cc:521] step   43/50 | train loss 4.426754 | lr 1.00e-04 | (110.43 ms | 2318 tok/s | peak used:  1397 MB | peak reserved:  1504 MB, DP=1, TP=1, SP=1, PP=1)
E20260723 16:27:23.000853 140331846717440 main.cc:521] step   44/50 | train loss 4.303699 | lr 1.00e-04 | (92.83 ms | 2758 tok/s | peak used:  1397 MB | peak reserved:  1504 MB, DP=1, TP=1, SP=1, PP=1)
E20260723 16:27:23.088205 140331846717440 main.cc:521] step   45/50 | train loss 4.457271 | lr 1.00e-04 | (87.31 ms | 2932 tok/s | peak used:  1397 MB | peak reserved:  1504 MB, DP=1, TP=1, SP=1, PP=1)
E20260723 16:27:23.182213 140331846717440 main.cc:521] step   46/50 | train loss 4.347295 | lr 1.00e-04 | (93.96 ms | 2724 tok/s | peak used:  1397 MB | peak reserved:  1504 MB, DP=1, TP=1, SP=1, PP=1)
E20260723 16:27:23.268317 140331846717440 main.cc:521] step   47/50 | train loss 4.592598 | lr 1.00e-04 | (86.05 ms | 2975 tok/s | peak used:  1397 MB | peak reserved:  1504 MB, DP=1, TP=1, SP=1, PP=1)
E20260723 16:27:23.385809 140331846717440 main.cc:521] step   48/50 | train loss 4.519339 | lr 1.00e-04 | (117.45 ms | 2180 tok/s | peak used:  1397 MB | peak reserved:  1504 MB, DP=1, TP=1, SP=1, PP=1)
E20260723 16:27:23.500530 140331846717440 main.cc:521] step   49/50 | train loss 4.741037 | lr 1.00e-04 | (114.68 ms | 2232 tok/s | peak used:  1397 MB | peak reserved:  1504 MB, DP=1, TP=1, SP=1, PP=1)
E20260723 16:27:23.593769 140331846717440 main.cc:521] step   50/50 | train loss 4.630132 | lr 1.00e-04 | (93.20 ms | 2747 tok/s | peak used:  1397 MB | peak reserved:  1504 MB, DP=1, TP=1, SP=1, PP=1)
E20260723 16:27:24.320932 140331846717440 checkpoint.cc:207] [CKPT] Save done: dir="/data1/ckpt/bfloat16_no_resume/gpt2/no_resume/checkpoint_step_000050"
