[LAST_CMAKE] cmake -DUSE_CUDA=ON -DUSE_NCCL=ON -DBUILD_TEST=ON -DPROFILE_MODE=OFF .. && make -j
[RUN_METADATA] /workspace/Github/InfiniTrain-refactor_mha/scripts/20260723/refactor_mla_ccdf048/logs/run_metadata.log
[RUN_STARTED_AT] 2026-07-23 14:52:59
[GIT_BRANCH] refactor/mla
[GIT_COMMIT] ccdf04852c105d981754b21af99c2a2f6372171a
[GIT_COMMIT_SHORT] ccdf048
[COMMAND] ./gpt2 --input_bin /data1/shared/InfiniTrain-dev/data/llmc/gpt2/tinyshakespeare/tiny_shakespeare_train.bin --llmc_filepath /data1/shared/InfiniTrain-dev/data/llmc/gpt2/gpt2_124M.bin --device cuda --num_iteration 50 --save_interval 10 --load /data1/ckpt/no_resume/gpt2/no_resume/checkpoint_step_000030 --save /data1/ckpt/base_resume/gpt2/resume
E20260723 15:28:15.804264 140491441152000 checkpoint.cc:241] [CKPT] Load done: global_step=30, consumed_batches =30, topology(ddp,tp,sp,pp)=(1,1,1,1)
E20260723 15:28:15.879881 140491441152000 main.cc:521] step   31/50 | train loss 4.773661 | lr 1.00e-04 | (74.85 ms | 3420 tok/s | peak used:  1422 MB | peak reserved:  1504 MB, DP=1, TP=1, SP=1, PP=1)
E20260723 15:28:15.907847 140491441152000 main.cc:521] step   32/50 | train loss 4.746778 | lr 1.00e-04 | (27.89 ms | 9181 tok/s | peak used:  1422 MB | peak reserved:  1568 MB, DP=1, TP=1, SP=1, PP=1)
E20260723 15:28:15.938651 140491441152000 main.cc:521] step   33/50 | train loss 4.573682 | lr 1.00e-04 | (30.76 ms | 8322 tok/s | peak used:  1422 MB | peak reserved:  1568 MB, DP=1, TP=1, SP=1, PP=1)
E20260723 15:28:15.969953 140491441152000 main.cc:521] step   34/50 | train loss 4.970091 | lr 1.00e-04 | (31.26 ms | 8188 tok/s | peak used:  1422 MB | peak reserved:  1600 MB, DP=1, TP=1, SP=1, PP=1)
E20260723 15:28:16.000776 140491441152000 main.cc:521] step   35/50 | train loss 5.018558 | lr 1.00e-04 | (30.79 ms | 8316 tok/s | peak used:  1422 MB | peak reserved:  1600 MB, DP=1, TP=1, SP=1, PP=1)
E20260723 15:28:16.033350 140491441152000 main.cc:521] step   36/50 | train loss 5.078458 | lr 1.00e-04 | (32.52 ms | 7872 tok/s | peak used:  1422 MB | peak reserved:  1632 MB, DP=1, TP=1, SP=1, PP=1)
E20260723 15:28:16.063931 140491441152000 main.cc:521] step   37/50 | train loss 5.006862 | lr 1.00e-04 | (30.53 ms | 8385 tok/s | peak used:  1422 MB | peak reserved:  1664 MB, DP=1, TP=1, SP=1, PP=1)
E20260723 15:28:16.092958 140491441152000 main.cc:521] step   38/50 | train loss 4.561944 | lr 1.00e-04 | (28.99 ms | 8831 tok/s | peak used:  1422 MB | peak reserved:  1696 MB, DP=1, TP=1, SP=1, PP=1)
E20260723 15:28:16.120503 140491441152000 main.cc:521] step   39/50 | train loss 4.825913 | lr 1.00e-04 | (27.51 ms | 9306 tok/s | peak used:  1422 MB | peak reserved:  1760 MB, DP=1, TP=1, SP=1, PP=1)
E20260723 15:28:16.147969 140491441152000 main.cc:521] step   40/50 | train loss 4.741745 | lr 1.00e-04 | (27.43 ms | 9334 tok/s | peak used:  1422 MB | peak reserved:  1792 MB, DP=1, TP=1, SP=1, PP=1)
E20260723 15:28:16.868120 140491441152000 checkpoint.cc:207] [CKPT] Save done: dir="/data1/ckpt/base_resume/gpt2/resume/checkpoint_step_000040"
E20260723 15:28:16.896690 140491441152000 main.cc:521] step   41/50 | train loss 4.772776 | lr 1.00e-04 | (28.45 ms | 8999 tok/s | peak used:  1422 MB | peak reserved:  1856 MB, DP=1, TP=1, SP=1, PP=1)
E20260723 15:28:16.924276 140491441152000 main.cc:521] step   42/50 | train loss 4.767108 | lr 1.00e-04 | (27.54 ms | 9294 tok/s | peak used:  1422 MB | peak reserved:  1920 MB, DP=1, TP=1, SP=1, PP=1)
E20260723 15:28:16.951737 140491441152000 main.cc:521] step   43/50 | train loss 4.435562 | lr 1.00e-04 | (27.42 ms | 9336 tok/s | peak used:  1422 MB | peak reserved:  1952 MB, DP=1, TP=1, SP=1, PP=1)
E20260723 15:28:16.979207 140491441152000 main.cc:521] step   44/50 | train loss 4.350804 | lr 1.00e-04 | (27.43 ms | 9332 tok/s | peak used:  1422 MB | peak reserved:  2016 MB, DP=1, TP=1, SP=1, PP=1)
E20260723 15:28:17.006616 140491441152000 main.cc:521] step   45/50 | train loss 4.476606 | lr 1.00e-04 | (27.37 ms | 9353 tok/s | peak used:  1422 MB | peak reserved:  2048 MB, DP=1, TP=1, SP=1, PP=1)
E20260723 15:28:17.034075 140491441152000 main.cc:521] step   46/50 | train loss 4.377407 | lr 1.00e-04 | (27.42 ms | 9336 tok/s | peak used:  1422 MB | peak reserved:  2112 MB, DP=1, TP=1, SP=1, PP=1)
E20260723 15:28:17.061577 140491441152000 main.cc:521] step   47/50 | train loss 4.606429 | lr 1.00e-04 | (27.45 ms | 9326 tok/s | peak used:  1422 MB | peak reserved:  2112 MB, DP=1, TP=1, SP=1, PP=1)
E20260723 15:28:17.089112 140491441152000 main.cc:521] step   48/50 | train loss 4.547575 | lr 1.00e-04 | (27.50 ms | 9310 tok/s | peak used:  1422 MB | peak reserved:  2176 MB, DP=1, TP=1, SP=1, PP=1)
E20260723 15:28:17.116510 140491441152000 main.cc:521] step   49/50 | train loss 4.762214 | lr 1.00e-04 | (27.36 ms | 9358 tok/s | peak used:  1422 MB | peak reserved:  2208 MB, DP=1, TP=1, SP=1, PP=1)
E20260723 15:28:17.144026 140491441152000 main.cc:521] step   50/50 | train loss 4.658837 | lr 1.00e-04 | (27.48 ms | 9316 tok/s | peak used:  1422 MB | peak reserved:  2208 MB, DP=1, TP=1, SP=1, PP=1)
E20260723 15:28:17.824146 140491441152000 checkpoint.cc:207] [CKPT] Save done: dir="/data1/ckpt/base_resume/gpt2/resume/checkpoint_step_000050"
