[LAST_CMAKE] cmake -DUSE_CUDA=ON -DUSE_NCCL=ON -DBUILD_TEST=OFF -DPROFILE_MODE=ON .. && make -j
[RUN_METADATA] /workspace/Github/InfiniTrain-refactor_mha/scripts/20260723/refactor_mla_ccdf048/logs/run_metadata.log
[RUN_STARTED_AT] 2026-07-23 14:52:59
[GIT_BRANCH] refactor/mla
[GIT_COMMIT] ccdf04852c105d981754b21af99c2a2f6372171a
[GIT_COMMIT_SHORT] ccdf048
[COMMAND] ./gpt2 --input_bin /data1/shared/InfiniTrain-dev/data/llmc/gpt2/tinyshakespeare/tiny_shakespeare_train.bin --llmc_filepath /data1/shared/InfiniTrain-dev/data/llmc/gpt2/gpt2_124M.bin --device cuda --num_iteration 50 --save_interval 10 --save /data1/ckpt/no_resume/gpt2/no_resume
E20260723 16:23:21.662590 139768439169024 main.cc:521] step    1/50 | train loss 5.356189 | lr 1.00e-04 | (135.13 ms | 1895 tok/s | peak used:  1422 MB | peak reserved:  1472 MB, DP=1, TP=1, SP=1, PP=1)
E20260723 16:23:21.756478 139768439169024 main.cc:521] step    2/50 | train loss 5.060788 | lr 1.00e-04 | (92.63 ms | 2764 tok/s | peak used:  1422 MB | peak reserved:  1472 MB, DP=1, TP=1, SP=1, PP=1)
E20260723 16:23:21.842523 139768439169024 main.cc:521] step    3/50 | train loss 4.860481 | lr 1.00e-04 | (86.00 ms | 2977 tok/s | peak used:  1422 MB | peak reserved:  1440 MB, DP=1, TP=1, SP=1, PP=1)
E20260723 16:23:21.946448 139768439169024 main.cc:521] step    4/50 | train loss 4.961461 | lr 1.00e-04 | (103.88 ms | 2464 tok/s | peak used:  1422 MB | peak reserved:  1472 MB, DP=1, TP=1, SP=1, PP=1)
E20260723 16:23:22.073897 139768439169024 main.cc:521] step    5/50 | train loss 4.888362 | lr 1.00e-04 | (127.41 ms | 2009 tok/s | peak used:  1422 MB | peak reserved:  1472 MB, DP=1, TP=1, SP=1, PP=1)
E20260723 16:23:22.198523 139768439169024 main.cc:521] step    6/50 | train loss 5.099513 | lr 1.00e-04 | (124.58 ms | 2055 tok/s | peak used:  1422 MB | peak reserved:  1472 MB, DP=1, TP=1, SP=1, PP=1)
E20260723 16:23:22.287541 139768439169024 main.cc:521] step    7/50 | train loss 4.860971 | lr 1.00e-04 | (88.97 ms | 2878 tok/s | peak used:  1422 MB | peak reserved:  1472 MB, DP=1, TP=1, SP=1, PP=1)
E20260723 16:23:22.372494 139768439169024 main.cc:521] step    8/50 | train loss 4.945642 | lr 1.00e-04 | (84.91 ms | 3015 tok/s | peak used:  1422 MB | peak reserved:  1472 MB, DP=1, TP=1, SP=1, PP=1)
E20260723 16:23:22.457376 139768439169024 main.cc:521] step    9/50 | train loss 5.121746 | lr 1.00e-04 | (84.84 ms | 3017 tok/s | peak used:  1422 MB | peak reserved:  1472 MB, DP=1, TP=1, SP=1, PP=1)
E20260723 16:23:22.549030 139768439169024 main.cc:521] step   10/50 | train loss 5.271435 | lr 1.00e-04 | (91.61 ms | 2794 tok/s | peak used:  1422 MB | peak reserved:  1472 MB, DP=1, TP=1, SP=1, PP=1)
E20260723 16:23:23.301830 139768439169024 checkpoint.cc:207] [CKPT] Save done: dir="/data1/ckpt/no_resume/gpt2/no_resume/checkpoint_step_000010"
E20260723 16:23:23.393035 139768439169024 main.cc:521] step   11/50 | train loss 5.080354 | lr 1.00e-04 | (91.08 ms | 2811 tok/s | peak used:  1422 MB | peak reserved:  1472 MB, DP=1, TP=1, SP=1, PP=1)
E20260723 16:23:23.478066 139768439169024 main.cc:521] step   12/50 | train loss 4.641865 | lr 1.00e-04 | (84.99 ms | 3012 tok/s | peak used:  1422 MB | peak reserved:  1472 MB, DP=1, TP=1, SP=1, PP=1)
E20260723 16:23:23.563073 139768439169024 main.cc:521] step   13/50 | train loss 4.715224 | lr 1.00e-04 | (84.97 ms | 3013 tok/s | peak used:  1422 MB | peak reserved:  1472 MB, DP=1, TP=1, SP=1, PP=1)
E20260723 16:23:23.653843 139768439169024 main.cc:521] step   14/50 | train loss 4.858470 | lr 1.00e-04 | (90.73 ms | 2821 tok/s | peak used:  1422 MB | peak reserved:  1472 MB, DP=1, TP=1, SP=1, PP=1)
E20260723 16:23:23.745897 139768439169024 main.cc:521] step   15/50 | train loss 5.047505 | lr 1.00e-04 | (92.02 ms | 2782 tok/s | peak used:  1422 MB | peak reserved:  1472 MB, DP=1, TP=1, SP=1, PP=1)
E20260723 16:23:23.884852 139768439169024 main.cc:521] step   16/50 | train loss 4.796619 | lr 1.00e-04 | (138.92 ms | 1843 tok/s | peak used:  1422 MB | peak reserved:  1472 MB, DP=1, TP=1, SP=1, PP=1)
E20260723 16:23:23.997582 139768439169024 main.cc:521] step   17/50 | train loss 5.154045 | lr 1.00e-04 | (112.67 ms | 2272 tok/s | peak used:  1422 MB | peak reserved:  1472 MB, DP=1, TP=1, SP=1, PP=1)
E20260723 16:23:24.083606 139768439169024 main.cc:521] step   18/50 | train loss 5.009339 | lr 1.00e-04 | (85.97 ms | 2978 tok/s | peak used:  1422 MB | peak reserved:  1472 MB, DP=1, TP=1, SP=1, PP=1)
E20260723 16:23:24.169578 139768439169024 main.cc:521] step   19/50 | train loss 4.679074 | lr 1.00e-04 | (85.92 ms | 2979 tok/s | peak used:  1422 MB | peak reserved:  1472 MB, DP=1, TP=1, SP=1, PP=1)
E20260723 16:23:24.255589 139768439169024 main.cc:521] step   20/50 | train loss 4.473440 | lr 1.00e-04 | (85.96 ms | 2978 tok/s | peak used:  1422 MB | peak reserved:  1472 MB, DP=1, TP=1, SP=1, PP=1)
E20260723 16:23:25.007365 139768439169024 checkpoint.cc:207] [CKPT] Save done: dir="/data1/ckpt/no_resume/gpt2/no_resume/checkpoint_step_000020"
E20260723 16:23:25.107294 139768439169024 main.cc:521] step   21/50 | train loss 4.760531 | lr 1.00e-04 | (99.82 ms | 2565 tok/s | peak used:  1422 MB | peak reserved:  1472 MB, DP=1, TP=1, SP=1, PP=1)
E20260723 16:23:25.196976 139768439169024 main.cc:521] step   22/50 | train loss 4.650720 | lr 1.00e-04 | (89.64 ms | 2856 tok/s | peak used:  1422 MB | peak reserved:  1472 MB, DP=1, TP=1, SP=1, PP=1)
E20260723 16:23:25.282951 139768439169024 main.cc:521] step   23/50 | train loss 4.868134 | lr 1.00e-04 | (85.94 ms | 2979 tok/s | peak used:  1422 MB | peak reserved:  1472 MB, DP=1, TP=1, SP=1, PP=1)
E20260723 16:23:25.368951 139768439169024 main.cc:521] step   24/50 | train loss 4.681738 | lr 1.00e-04 | (85.96 ms | 2978 tok/s | peak used:  1422 MB | peak reserved:  1472 MB, DP=1, TP=1, SP=1, PP=1)
E20260723 16:23:25.455111 139768439169024 main.cc:521] step   25/50 | train loss 4.585907 | lr 1.00e-04 | (86.11 ms | 2973 tok/s | peak used:  1422 MB | peak reserved:  1472 MB, DP=1, TP=1, SP=1, PP=1)
E20260723 16:23:25.552454 139768439169024 main.cc:521] step   26/50 | train loss 4.715929 | lr 1.00e-04 | (97.30 ms | 2631 tok/s | peak used:  1422 MB | peak reserved:  1472 MB, DP=1, TP=1, SP=1, PP=1)
E20260723 16:23:25.669389 139768439169024 main.cc:521] step   27/50 | train loss 4.356284 | lr 1.00e-04 | (116.90 ms | 2190 tok/s | peak used:  1422 MB | peak reserved:  1472 MB, DP=1, TP=1, SP=1, PP=1)
E20260723 16:23:25.800877 139768439169024 main.cc:521] step   28/50 | train loss 4.681600 | lr 1.00e-04 | (131.45 ms | 1948 tok/s | peak used:  1422 MB | peak reserved:  1472 MB, DP=1, TP=1, SP=1, PP=1)
E20260723 16:23:25.886797 139768439169024 main.cc:521] step   29/50 | train loss 4.828084 | lr 1.00e-04 | (85.88 ms | 2981 tok/s | peak used:  1422 MB | peak reserved:  1472 MB, DP=1, TP=1, SP=1, PP=1)
E20260723 16:23:25.972789 139768439169024 main.cc:521] step   30/50 | train loss 4.538361 | lr 1.00e-04 | (85.95 ms | 2978 tok/s | peak used:  1422 MB | peak reserved:  1472 MB, DP=1, TP=1, SP=1, PP=1)
E20260723 16:23:26.798567 139768439169024 checkpoint.cc:207] [CKPT] Save done: dir="/data1/ckpt/no_resume/gpt2/no_resume/checkpoint_step_000030"
E20260723 16:23:26.913943 139768439169024 main.cc:521] step   31/50 | train loss 4.773659 | lr 1.00e-04 | (115.27 ms | 2221 tok/s | peak used:  1422 MB | peak reserved:  1472 MB, DP=1, TP=1, SP=1, PP=1)
E20260723 16:23:27.014567 139768439169024 main.cc:521] step   32/50 | train loss 4.746778 | lr 1.00e-04 | (100.58 ms | 2545 tok/s | peak used:  1422 MB | peak reserved:  1472 MB, DP=1, TP=1, SP=1, PP=1)
E20260723 16:23:27.100577 139768439169024 main.cc:521] step   33/50 | train loss 4.573684 | lr 1.00e-04 | (85.97 ms | 2978 tok/s | peak used:  1422 MB | peak reserved:  1472 MB, DP=1, TP=1, SP=1, PP=1)
E20260723 16:23:27.186643 139768439169024 main.cc:521] step   34/50 | train loss 4.970090 | lr 1.00e-04 | (86.03 ms | 2976 tok/s | peak used:  1422 MB | peak reserved:  1472 MB, DP=1, TP=1, SP=1, PP=1)
E20260723 16:23:27.272707 139768439169024 main.cc:521] step   35/50 | train loss 5.018559 | lr 1.00e-04 | (86.02 ms | 2976 tok/s | peak used:  1422 MB | peak reserved:  1472 MB, DP=1, TP=1, SP=1, PP=1)
E20260723 16:23:27.392436 139768439169024 main.cc:521] step   36/50 | train loss 5.078457 | lr 1.00e-04 | (119.69 ms | 2139 tok/s | peak used:  1422 MB | peak reserved:  1472 MB, DP=1, TP=1, SP=1, PP=1)
E20260723 16:23:27.503238 139768439169024 main.cc:521] step   37/50 | train loss 5.006862 | lr 1.00e-04 | (110.74 ms | 2312 tok/s | peak used:  1422 MB | peak reserved:  1472 MB, DP=1, TP=1, SP=1, PP=1)
E20260723 16:23:27.592137 139768439169024 main.cc:521] step   38/50 | train loss 4.561946 | lr 1.00e-04 | (88.86 ms | 2881 tok/s | peak used:  1422 MB | peak reserved:  1472 MB, DP=1, TP=1, SP=1, PP=1)
E20260723 16:23:27.677968 139768439169024 main.cc:521] step   39/50 | train loss 4.825915 | lr 1.00e-04 | (85.79 ms | 2984 tok/s | peak used:  1422 MB | peak reserved:  1472 MB, DP=1, TP=1, SP=1, PP=1)
E20260723 16:23:27.764896 139768439169024 main.cc:521] step   40/50 | train loss 4.741746 | lr 1.00e-04 | (85.89 ms | 2981 tok/s | peak used:  1422 MB | peak reserved:  1472 MB, DP=1, TP=1, SP=1, PP=1)
E20260723 16:23:28.567184 139768439169024 checkpoint.cc:207] [CKPT] Save done: dir="/data1/ckpt/no_resume/gpt2/no_resume/checkpoint_step_000040"
E20260723 16:23:28.874781 139768439169024 main.cc:521] step   41/50 | train loss 4.772775 | lr 1.00e-04 | (95.80 ms | 2672 tok/s | peak used:  1422 MB | peak reserved:  1472 MB, DP=1, TP=1, SP=1, PP=1)
E20260723 16:23:28.960087 139768439169024 main.cc:521] step   42/50 | train loss 4.767108 | lr 1.00e-04 | (85.25 ms | 3003 tok/s | peak used:  1422 MB | peak reserved:  1472 MB, DP=1, TP=1, SP=1, PP=1)
E20260723 16:23:29.086314 139768439169024 main.cc:521] step   43/50 | train loss 4.435563 | lr 1.00e-04 | (126.17 ms | 2029 tok/s | peak used:  1422 MB | peak reserved:  1472 MB, DP=1, TP=1, SP=1, PP=1)
E20260723 16:23:29.198533 139768439169024 main.cc:521] step   44/50 | train loss 4.350802 | lr 1.00e-04 | (112.18 ms | 2282 tok/s | peak used:  1422 MB | peak reserved:  1472 MB, DP=1, TP=1, SP=1, PP=1)
E20260723 16:23:29.292127 139768439169024 main.cc:521] step   45/50 | train loss 4.476605 | lr 1.00e-04 | (93.55 ms | 2736 tok/s | peak used:  1422 MB | peak reserved:  1472 MB, DP=1, TP=1, SP=1, PP=1)
E20260723 16:23:29.377051 139768439169024 main.cc:521] step   46/50 | train loss 4.377408 | lr 1.00e-04 | (84.88 ms | 3016 tok/s | peak used:  1422 MB | peak reserved:  1472 MB, DP=1, TP=1, SP=1, PP=1)
E20260723 16:23:29.461915 139768439169024 main.cc:521] step   47/50 | train loss 4.606428 | lr 1.00e-04 | (84.83 ms | 3018 tok/s | peak used:  1422 MB | peak reserved:  1472 MB, DP=1, TP=1, SP=1, PP=1)
E20260723 16:23:29.546694 139768439169024 main.cc:521] step   48/50 | train loss 4.547575 | lr 1.00e-04 | (84.74 ms | 3021 tok/s | peak used:  1422 MB | peak reserved:  1472 MB, DP=1, TP=1, SP=1, PP=1)
E20260723 16:23:29.638301 139768439169024 main.cc:521] step   49/50 | train loss 4.762215 | lr 1.00e-04 | (91.57 ms | 2796 tok/s | peak used:  1422 MB | peak reserved:  1472 MB, DP=1, TP=1, SP=1, PP=1)
E20260723 16:23:29.747824 139768439169024 main.cc:521] step   50/50 | train loss 4.658838 | lr 1.00e-04 | (109.49 ms | 2338 tok/s | peak used:  1422 MB | peak reserved:  1472 MB, DP=1, TP=1, SP=1, PP=1)
E20260723 16:23:30.508675 139768439169024 checkpoint.cc:207] [CKPT] Save done: dir="/data1/ckpt/no_resume/gpt2/no_resume/checkpoint_step_000050"
