[LAST_CMAKE] cmake -DUSE_CUDA=ON -DUSE_NCCL=ON -DBUILD_TEST=ON -DPROFILE_MODE=OFF .. && make -j
[RUN_METADATA] /workspace/Github/InfiniTrain-refactor_mha/scripts/20260723/refactor_mla_ccdf048/logs/run_metadata.log
[RUN_STARTED_AT] 2026-07-23 14:52:59
[GIT_BRANCH] refactor/mla
[GIT_COMMIT] ccdf04852c105d981754b21af99c2a2f6372171a
[GIT_COMMIT_SHORT] ccdf048
[COMMAND] ./gpt2 --input_bin /data1/shared/InfiniTrain-dev/data/llmc/gpt2/tinyshakespeare/tiny_shakespeare_train.bin --llmc_filepath /data1/shared/InfiniTrain-dev/data/llmc/gpt2/gpt2_124M.bin --device cuda --dtype bfloat16 --num_iteration 50 --save_interval 10 --load /data1/ckpt/bfloat16_no_resume/gpt2/no_resume/checkpoint_step_000030 --save /data1/ckpt/bfloat16_resume/gpt2/resume
E20260723 15:31:38.706849 140030783770624 checkpoint.cc:241] [CKPT] Load done: global_step=30, consumed_batches =30, topology(ddp,tp,sp,pp)=(1,1,1,1)
E20260723 15:31:38.843129 140030783770624 main.cc:521] step   31/50 | train loss 4.762428 | lr 1.00e-04 | (135.34 ms | 1892 tok/s | peak used:  1397 MB | peak reserved:  1536 MB, DP=1, TP=1, SP=1, PP=1)
E20260723 15:31:38.880492 140030783770624 main.cc:521] step   32/50 | train loss 4.744664 | lr 1.00e-04 | (37.28 ms | 6867 tok/s | peak used:  1397 MB | peak reserved:  1632 MB, DP=1, TP=1, SP=1, PP=1)
E20260723 15:31:38.912121 140030783770624 main.cc:521] step   33/50 | train loss 4.550317 | lr 1.00e-04 | (31.59 ms | 8105 tok/s | peak used:  1397 MB | peak reserved:  1792 MB, DP=1, TP=1, SP=1, PP=1)
E20260723 15:31:38.942384 140030783770624 main.cc:521] step   34/50 | train loss 4.951771 | lr 1.00e-04 | (30.22 ms | 8470 tok/s | peak used:  1397 MB | peak reserved:  1920 MB, DP=1, TP=1, SP=1, PP=1)
E20260723 15:31:38.976241 140030783770624 main.cc:521] step   35/50 | train loss 5.017432 | lr 1.00e-04 | (33.82 ms | 7570 tok/s | peak used:  1397 MB | peak reserved:  2016 MB, DP=1, TP=1, SP=1, PP=1)
E20260723 15:31:39.062915 140030783770624 main.cc:521] step   36/50 | train loss 5.072519 | lr 1.00e-04 | (86.62 ms | 2955 tok/s | peak used:  1397 MB | peak reserved:  2048 MB, DP=1, TP=1, SP=1, PP=1)
E20260723 15:31:39.098821 140030783770624 main.cc:521] step   37/50 | train loss 4.977303 | lr 1.00e-04 | (35.87 ms | 7138 tok/s | peak used:  1397 MB | peak reserved:  2080 MB, DP=1, TP=1, SP=1, PP=1)
E20260723 15:31:39.129081 140030783770624 main.cc:521] step   38/50 | train loss 4.535417 | lr 1.00e-04 | (30.22 ms | 8470 tok/s | peak used:  1397 MB | peak reserved:  2112 MB, DP=1, TP=1, SP=1, PP=1)
E20260723 15:31:39.160367 140030783770624 main.cc:521] step   39/50 | train loss 4.825303 | lr 1.00e-04 | (31.25 ms | 8192 tok/s | peak used:  1397 MB | peak reserved:  2112 MB, DP=1, TP=1, SP=1, PP=1)
E20260723 15:31:39.190540 140030783770624 main.cc:521] step   40/50 | train loss 4.696074 | lr 1.00e-04 | (30.13 ms | 8495 tok/s | peak used:  1397 MB | peak reserved:  2176 MB, DP=1, TP=1, SP=1, PP=1)
E20260723 15:31:39.866953 140030783770624 checkpoint.cc:207] [CKPT] Save done: dir="/data1/ckpt/bfloat16_resume/gpt2/resume/checkpoint_step_000040"
E20260723 15:31:39.898439 140030783770624 main.cc:521] step   41/50 | train loss 4.778049 | lr 1.00e-04 | (31.36 ms | 8164 tok/s | peak used:  1397 MB | peak reserved:  2176 MB, DP=1, TP=1, SP=1, PP=1)
E20260723 15:31:39.928921 140030783770624 main.cc:521] step   42/50 | train loss 4.746033 | lr 1.00e-04 | (30.44 ms | 8411 tok/s | peak used:  1397 MB | peak reserved:  2240 MB, DP=1, TP=1, SP=1, PP=1)
E20260723 15:31:39.959033 140030783770624 main.cc:521] step   43/50 | train loss 4.407964 | lr 1.00e-04 | (30.07 ms | 8513 tok/s | peak used:  1397 MB | peak reserved:  2240 MB, DP=1, TP=1, SP=1, PP=1)
E20260723 15:31:39.989057 140030783770624 main.cc:521] step   44/50 | train loss 4.305903 | lr 1.00e-04 | (29.99 ms | 8537 tok/s | peak used:  1397 MB | peak reserved:  2240 MB, DP=1, TP=1, SP=1, PP=1)
E20260723 15:31:40.019232 140030783770624 main.cc:521] step   45/50 | train loss 4.461187 | lr 1.00e-04 | (30.14 ms | 8494 tok/s | peak used:  1397 MB | peak reserved:  2240 MB, DP=1, TP=1, SP=1, PP=1)
E20260723 15:31:40.049218 140030783770624 main.cc:521] step   46/50 | train loss 4.331697 | lr 1.00e-04 | (29.95 ms | 8548 tok/s | peak used:  1397 MB | peak reserved:  2240 MB, DP=1, TP=1, SP=1, PP=1)
E20260723 15:31:40.079177 140030783770624 main.cc:521] step   47/50 | train loss 4.608240 | lr 1.00e-04 | (29.91 ms | 8558 tok/s | peak used:  1397 MB | peak reserved:  2240 MB, DP=1, TP=1, SP=1, PP=1)
E20260723 15:31:40.111918 140030783770624 main.cc:521] step   48/50 | train loss 4.505596 | lr 1.00e-04 | (32.70 ms | 7828 tok/s | peak used:  1397 MB | peak reserved:  2240 MB, DP=1, TP=1, SP=1, PP=1)
E20260723 15:31:40.147118 140030783770624 main.cc:521] step   49/50 | train loss 4.737190 | lr 1.00e-04 | (35.16 ms | 7282 tok/s | peak used:  1397 MB | peak reserved:  2272 MB, DP=1, TP=1, SP=1, PP=1)
E20260723 15:31:40.186973 140030783770624 main.cc:521] step   50/50 | train loss 4.627032 | lr 1.00e-04 | (39.82 ms | 6430 tok/s | peak used:  1397 MB | peak reserved:  2336 MB, DP=1, TP=1, SP=1, PP=1)
E20260723 15:31:40.861764 140030783770624 checkpoint.cc:207] [CKPT] Save done: dir="/data1/ckpt/bfloat16_resume/gpt2/resume/checkpoint_step_000050"
