[LAST_CMAKE] cmake -DUSE_CUDA=ON -DUSE_NCCL=ON -DBUILD_TEST=OFF -DPROFILE_MODE=ON .. && make -j
[RUN_METADATA] /workspace/Github/InfiniTrain-refactor_mha/scripts/20260723/refactor_mla_ccdf048/logs/run_metadata.log
[RUN_STARTED_AT] 2026-07-23 14:52:59
[GIT_BRANCH] refactor/mla
[GIT_COMMIT] ccdf04852c105d981754b21af99c2a2f6372171a
[GIT_COMMIT_SHORT] ccdf048
[COMMAND] ./gpt2 --input_bin /data1/shared/InfiniTrain-dev/data/llmc/gpt2/tinyshakespeare/tiny_shakespeare_train.bin --llmc_filepath /data1/shared/InfiniTrain-dev/data/llmc/gpt2/gpt2_124M.bin --device cuda --num_iteration 50 --save_interval 10 --load /data1/ckpt/no_resume/gpt2/no_resume/checkpoint_step_000030 --save /data1/ckpt/base_resume/gpt2/resume
E20260723 16:25:52.790716 140463701970944 checkpoint.cc:241] [CKPT] Load done: global_step=30, consumed_batches =30, topology(ddp,tp,sp,pp)=(1,1,1,1)
E20260723 16:25:52.989281 140463701970944 main.cc:521] step   31/50 | train loss 4.773659 | lr 1.00e-04 | (197.42 ms | 1297 tok/s | peak used:  1422 MB | peak reserved:  1472 MB, DP=1, TP=1, SP=1, PP=1)
E20260723 16:25:53.083322 140463701970944 main.cc:521] step   32/50 | train loss 4.746778 | lr 1.00e-04 | (93.96 ms | 2725 tok/s | peak used:  1422 MB | peak reserved:  1472 MB, DP=1, TP=1, SP=1, PP=1)
E20260723 16:25:53.176876 140463701970944 main.cc:521] step   33/50 | train loss 4.573682 | lr 1.00e-04 | (93.51 ms | 2738 tok/s | peak used:  1422 MB | peak reserved:  1440 MB, DP=1, TP=1, SP=1, PP=1)
E20260723 16:25:53.286680 140463701970944 main.cc:521] step   34/50 | train loss 4.970088 | lr 1.00e-04 | (109.77 ms | 2332 tok/s | peak used:  1422 MB | peak reserved:  1472 MB, DP=1, TP=1, SP=1, PP=1)
E20260723 16:25:53.398074 140463701970944 main.cc:521] step   35/50 | train loss 5.018559 | lr 1.00e-04 | (111.35 ms | 2299 tok/s | peak used:  1422 MB | peak reserved:  1472 MB, DP=1, TP=1, SP=1, PP=1)
E20260723 16:25:53.495670 140463701970944 main.cc:521] step   36/50 | train loss 5.078459 | lr 1.00e-04 | (97.54 ms | 2624 tok/s | peak used:  1422 MB | peak reserved:  1472 MB, DP=1, TP=1, SP=1, PP=1)
E20260723 16:25:53.583859 140463701970944 main.cc:521] step   37/50 | train loss 5.006863 | lr 1.00e-04 | (88.15 ms | 2904 tok/s | peak used:  1422 MB | peak reserved:  1472 MB, DP=1, TP=1, SP=1, PP=1)
E20260723 16:25:53.669134 140463701970944 main.cc:521] step   38/50 | train loss 4.561944 | lr 1.00e-04 | (85.23 ms | 3004 tok/s | peak used:  1422 MB | peak reserved:  1472 MB, DP=1, TP=1, SP=1, PP=1)
E20260723 16:25:53.754397 140463701970944 main.cc:521] step   39/50 | train loss 4.825912 | lr 1.00e-04 | (85.22 ms | 3004 tok/s | peak used:  1422 MB | peak reserved:  1472 MB, DP=1, TP=1, SP=1, PP=1)
E20260723 16:25:53.858960 140463701970944 main.cc:521] step   40/50 | train loss 4.741746 | lr 1.00e-04 | (104.52 ms | 2449 tok/s | peak used:  1422 MB | peak reserved:  1472 MB, DP=1, TP=1, SP=1, PP=1)
E20260723 16:25:54.570036 140463701970944 checkpoint.cc:207] [CKPT] Save done: dir="/data1/ckpt/base_resume/gpt2/resume/checkpoint_step_000040"
E20260723 16:25:54.689139 140463701970944 main.cc:521] step   41/50 | train loss 4.772775 | lr 1.00e-04 | (118.99 ms | 2151 tok/s | peak used:  1422 MB | peak reserved:  1472 MB, DP=1, TP=1, SP=1, PP=1)
E20260723 16:25:54.774587 140463701970944 main.cc:521] step   42/50 | train loss 4.767108 | lr 1.00e-04 | (85.41 ms | 2997 tok/s | peak used:  1422 MB | peak reserved:  1472 MB, DP=1, TP=1, SP=1, PP=1)
E20260723 16:25:54.859903 140463701970944 main.cc:521] step   43/50 | train loss 4.435562 | lr 1.00e-04 | (85.27 ms | 3002 tok/s | peak used:  1422 MB | peak reserved:  1472 MB, DP=1, TP=1, SP=1, PP=1)
E20260723 16:25:54.950961 140463701970944 main.cc:521] step   44/50 | train loss 4.350802 | lr 1.00e-04 | (91.02 ms | 2813 tok/s | peak used:  1422 MB | peak reserved:  1472 MB, DP=1, TP=1, SP=1, PP=1)
E20260723 16:25:55.052293 140463701970944 main.cc:521] step   45/50 | train loss 4.476607 | lr 1.00e-04 | (101.29 ms | 2527 tok/s | peak used:  1422 MB | peak reserved:  1472 MB, DP=1, TP=1, SP=1, PP=1)
E20260723 16:25:55.180391 140463701970944 main.cc:521] step   46/50 | train loss 4.377408 | lr 1.00e-04 | (128.06 ms | 1999 tok/s | peak used:  1422 MB | peak reserved:  1472 MB, DP=1, TP=1, SP=1, PP=1)
E20260723 16:25:55.290621 140463701970944 main.cc:521] step   47/50 | train loss 4.606428 | lr 1.00e-04 | (110.17 ms | 2324 tok/s | peak used:  1422 MB | peak reserved:  1472 MB, DP=1, TP=1, SP=1, PP=1)
E20260723 16:25:55.376734 140463701970944 main.cc:521] step   48/50 | train loss 4.547575 | lr 1.00e-04 | (86.07 ms | 2974 tok/s | peak used:  1422 MB | peak reserved:  1472 MB, DP=1, TP=1, SP=1, PP=1)
E20260723 16:25:55.462718 140463701970944 main.cc:521] step   49/50 | train loss 4.762215 | lr 1.00e-04 | (85.94 ms | 2979 tok/s | peak used:  1422 MB | peak reserved:  1472 MB, DP=1, TP=1, SP=1, PP=1)
E20260723 16:25:55.548778 140463701970944 main.cc:521] step   50/50 | train loss 4.658839 | lr 1.00e-04 | (86.02 ms | 2976 tok/s | peak used:  1422 MB | peak reserved:  1472 MB, DP=1, TP=1, SP=1, PP=1)
E20260723 16:25:56.317451 140463701970944 checkpoint.cc:207] [CKPT] Save done: dir="/data1/ckpt/base_resume/gpt2/resume/checkpoint_step_000050"
