[LAST_CMAKE] cmake -DUSE_CUDA=ON -DUSE_NCCL=ON -DBUILD_TEST=OFF -DPROFILE_MODE=ON .. && make -j
[COMMAND] ./gpt2 --input_bin /data1/shared/InfiniTrain-dev/data/llmc/gpt2/tinyshakespeare/tiny_shakespeare_train.bin --llmc_filepath /data1/shared/InfiniTrain-dev/data/llmc/gpt2/gpt2_124M.bin --device cuda --num_iteration 50 --save_interval 10 --load /data1/ckpt/no_resume/gpt2/no_resume/checkpoint_step_000030 --save /data1/ckpt/base_resume/gpt2/resume
E20260702 18:06:20.905925 140379989917696 checkpoint.cc:241] [CKPT] Load done: global_step=30, consumed_batches =30, topology(ddp,tp,sp,pp)=(1,1,1,1)
E20260702 18:06:21.037831 140379989917696 main.cc:521] step   31/50 | train loss 4.773660 | lr 1.00e-04 | (131.32 ms | 1949 tok/s | peak used:  1395 MB | peak reserved:  1440 MB, DP=1, TP=1, SP=1, PP=1)
E20260702 18:06:21.125792 140379989917696 main.cc:521] step   32/50 | train loss 4.746777 | lr 1.00e-04 | (87.90 ms | 2912 tok/s | peak used:  1395 MB | peak reserved:  1440 MB, DP=1, TP=1, SP=1, PP=1)
E20260702 18:06:21.212463 140379989917696 main.cc:521] step   33/50 | train loss 4.573681 | lr 1.00e-04 | (86.63 ms | 2955 tok/s | peak used:  1395 MB | peak reserved:  1440 MB, DP=1, TP=1, SP=1, PP=1)
E20260702 18:06:21.335908 140379989917696 main.cc:521] step   34/50 | train loss 4.970088 | lr 1.00e-04 | (123.40 ms | 2074 tok/s | peak used:  1395 MB | peak reserved:  1440 MB, DP=1, TP=1, SP=1, PP=1)
E20260702 18:06:21.432602 140379989917696 main.cc:521] step   35/50 | train loss 5.018560 | lr 1.00e-04 | (96.65 ms | 2649 tok/s | peak used:  1395 MB | peak reserved:  1440 MB, DP=1, TP=1, SP=1, PP=1)
E20260702 18:06:21.529014 140379989917696 main.cc:521] step   36/50 | train loss 5.078461 | lr 1.00e-04 | (96.36 ms | 2657 tok/s | peak used:  1395 MB | peak reserved:  1440 MB, DP=1, TP=1, SP=1, PP=1)
E20260702 18:06:21.619823 140379989917696 main.cc:521] step   37/50 | train loss 5.006860 | lr 1.00e-04 | (90.77 ms | 2820 tok/s | peak used:  1395 MB | peak reserved:  1440 MB, DP=1, TP=1, SP=1, PP=1)
E20260702 18:06:21.729585 140379989917696 main.cc:521] step   38/50 | train loss 4.561944 | lr 1.00e-04 | (109.72 ms | 2333 tok/s | peak used:  1395 MB | peak reserved:  1440 MB, DP=1, TP=1, SP=1, PP=1)
E20260702 18:06:21.827856 140379989917696 main.cc:521] step   39/50 | train loss 4.825914 | lr 1.00e-04 | (98.23 ms | 2606 tok/s | peak used:  1395 MB | peak reserved:  1440 MB, DP=1, TP=1, SP=1, PP=1)
E20260702 18:06:21.928848 140379989917696 main.cc:521] step   40/50 | train loss 4.741745 | lr 1.00e-04 | (100.95 ms | 2536 tok/s | peak used:  1395 MB | peak reserved:  1440 MB, DP=1, TP=1, SP=1, PP=1)
E20260702 18:06:22.747133 140379989917696 checkpoint.cc:207] [CKPT] Save done: dir="/data1/ckpt/base_resume/gpt2/resume/checkpoint_step_000040"
E20260702 18:06:22.840899 140379989917696 main.cc:521] step   41/50 | train loss 4.772774 | lr 1.00e-04 | (93.66 ms | 2733 tok/s | peak used:  1395 MB | peak reserved:  1440 MB, DP=1, TP=1, SP=1, PP=1)
E20260702 18:06:22.948208 140379989917696 main.cc:521] step   42/50 | train loss 4.767108 | lr 1.00e-04 | (107.26 ms | 2387 tok/s | peak used:  1395 MB | peak reserved:  1440 MB, DP=1, TP=1, SP=1, PP=1)
E20260702 18:06:23.044226 140379989917696 main.cc:521] step   43/50 | train loss 4.435562 | lr 1.00e-04 | (95.98 ms | 2667 tok/s | peak used:  1395 MB | peak reserved:  1440 MB, DP=1, TP=1, SP=1, PP=1)
E20260702 18:06:23.132731 140379989917696 main.cc:521] step   44/50 | train loss 4.350803 | lr 1.00e-04 | (88.46 ms | 2894 tok/s | peak used:  1395 MB | peak reserved:  1440 MB, DP=1, TP=1, SP=1, PP=1)
E20260702 18:06:23.219912 140379989917696 main.cc:521] step   45/50 | train loss 4.476606 | lr 1.00e-04 | (87.14 ms | 2938 tok/s | peak used:  1395 MB | peak reserved:  1440 MB, DP=1, TP=1, SP=1, PP=1)
E20260702 18:06:23.310061 140379989917696 main.cc:521] step   46/50 | train loss 4.377408 | lr 1.00e-04 | (90.11 ms | 2841 tok/s | peak used:  1395 MB | peak reserved:  1440 MB, DP=1, TP=1, SP=1, PP=1)
E20260702 18:06:23.391508 140379989917696 main.cc:521] step   47/50 | train loss 4.606430 | lr 1.00e-04 | (81.41 ms | 3145 tok/s | peak used:  1395 MB | peak reserved:  1440 MB, DP=1, TP=1, SP=1, PP=1)
E20260702 18:06:23.506627 140379989917696 main.cc:521] step   48/50 | train loss 4.547575 | lr 1.00e-04 | (115.07 ms | 2225 tok/s | peak used:  1395 MB | peak reserved:  1440 MB, DP=1, TP=1, SP=1, PP=1)
E20260702 18:06:23.606193 140379989917696 main.cc:521] step   49/50 | train loss 4.762215 | lr 1.00e-04 | (99.52 ms | 2572 tok/s | peak used:  1395 MB | peak reserved:  1440 MB, DP=1, TP=1, SP=1, PP=1)
E20260702 18:06:23.691300 140379989917696 main.cc:521] step   50/50 | train loss 4.658837 | lr 1.00e-04 | (85.07 ms | 3009 tok/s | peak used:  1395 MB | peak reserved:  1440 MB, DP=1, TP=1, SP=1, PP=1)
E20260702 18:06:24.437519 140379989917696 checkpoint.cc:207] [CKPT] Save done: dir="/data1/ckpt/base_resume/gpt2/resume/checkpoint_step_000050"
